[0.000000] (-) TimerEvent: {}
[0.001102] (-) JobUnselected: {'identifier': 'arm_demo'}
[0.007484] (-) JobUnselected: {'identifier': 'lebai_driver'}
[0.007635] (-) JobUnselected: {'identifier': 'lebai_interfaces'}
[0.007692] (-) JobUnselected: {'identifier': 'lebai_lm3_moveit_config'}
[0.007739] (-) JobUnselected: {'identifier': 'lebai_lm3_support'}
[0.007780] (-) JobUnselected: {'identifier': 'lebai_resources'}
[0.007819] (-) JobUnselected: {'identifier': 'lebai_tutorials'}
[0.007948] (grab_demo) JobQueued: {'identifier': 'grab_demo', 'dependencies': OrderedDict()}
[0.008025] (grab_demo) JobStarted: {'identifier': 'grab_demo'}
[0.019764] (grab_demo) JobProgress: {'identifier': 'grab_demo', 'progress': 'cmake'}
[0.022637] (grab_demo) JobProgress: {'identifier': 'grab_demo', 'progress': 'build'}
[0.024431] (grab_demo) Command: {'cmd': ['/usr/bin/cmake', '--build', '/home/dxf/wheeltec_lebai_humble_2024_7_17/build/grab_demo', '--', '-j6', '-l6'], 'cwd': '/home/dxf/wheeltec_lebai_humble_2024_7_17/build/grab_demo', 'env': OrderedDict([('SERVER_SCRIPT_PRODUCT', '/home/dxf/.trae-cn-server/bin/stable-50bad69080a46729d475d67c6fb73df1f0db72cc/product.json'), ('LESSOPEN', '| /usr/bin/lesspipe %s'), ('ARCH', 'aarch64'), ('SERVER_PACKAGE_NAME', 'Trae%20CN-linux-arm64-1075923943938_5.tar.gz'), ('LANGUAGE', 'zh_CN:en_US:en'), ('USER', 'dxf'), ('SSH_CLIENT', '192.168.0.66 59617 22'), ('LC_TIME', 'zh_CN.UTF-8'), ('DISTRO_COMMIT', '50bad69080a46729d475d67c6fb73df1f0db72cc'), ('XDG_SESSION_TYPE', 'tty'), ('GIT_ASKPASS', '/home/dxf/.trae-cn-server/bin/stable-50bad69080a46729d475d67c6fb73df1f0db72cc/extensions/git/dist/askpass.sh'), ('SERVER_LISTEN_FLAG', '--port=0'), ('MANAGER_LOGS_DIR', '/home/dxf/.trae-cn-server/manager-logs/1762494541861_630850'), ('SCRIPT_ID', 'd910a785e1d4e6a55e859ec1'), ('SHLVL', '1'), ('LD_LIBRARY_PATH', '/usr/local/opencv410/lib:/usr/local/lib:/opt/ros/humble/opt/rviz_ogre_vendor/lib:/opt/ros/humble/lib/aarch64-linux-gnu:/opt/ros/humble/lib:/usr/local/cuda-12.6/lib64:'), ('BROWSER', '/home/dxf/.trae-cn-server/bin/stable-50bad69080a46729d475d67c6fb73df1f0db72cc/bin/helpers/browser.sh'), ('MOTD_SHOWN', 'pam'), ('HOME', '/home/dxf'), ('OLDPWD', '/home/dxf/wheeltec_lebai_humble_2024_7_17'), ('TERM_PROGRAM_VERSION', '1.104.3'), ('SERVER_APP_NAME', 'Trae CN'), ('VSCODE_IPC_HOOK_CLI', '/run/user/1000/vscode-ipc-6e41cdda-3812-4663-a75b-bbf36d611538.sock'), ('OS_RELEASE_ID', 'ubuntu'), ('ROS_PYTHON_VERSION', '3'), ('TRAE_RESOLVE_TYPE', 'ssh'), ('VSCODE_GIT_ASKPASS_MAIN', '/home/dxf/.trae-cn-server/bin/stable-50bad69080a46729d475d67c6fb73df1f0db72cc/extensions/git/dist/askpass-main.js'), ('SERVER_DOWNLOAD_PREFIX', 'https://lf-cdn.trae.com.cn/obj/trae-com-cn/pkg/server/releases/stable/50bad69080a46729d475d67c6fb73df1f0db72cc/linux/'), ('LC_MONETARY', 'zh_CN.UTF-8'), ('VSCODE_GIT_ASKPASS_NODE', '/home/dxf/.trae-cn-server/bin/stable-50bad69080a46729d475d67c6fb73df1f0db72cc/node'), ('SERVER_DIR', '/home/dxf/.trae-cn-server/bin/stable-50bad69080a46729d475d67c6fb73df1f0db72cc'), ('DBUS_SESSION_BUS_ADDRESS', 'unix:path=/run/user/1000/bus'), ('COLORTERM', 'truecolor'), ('ROS_DISTRO', 'humble'), ('LOGNAME', 'dxf'), ('_', '/usr/bin/colcon'), ('ROS_VERSION', '2'), ('PKG_CONFIG_PATH', '/usr/local/opencv410/lib/pkgconfig:'), ('TRAE_REMOTE_SKIP_REMOTE_CHECK', ''), ('XDG_SESSION_CLASS', 'user'), ('TERM', 'xterm-256color'), ('DISTRO_VERSION', '1.104.3'), ('XDG_SESSION_ID', '27'), ('SERVER_INITIAL_EXTENSIONS', ''), ('EXTRACT_RETRY_COUNT', '0'), ('ROS_LOCALHOST_ONLY', '0'), ('vscode_base_dir', '/home/dxf/.trae-cn-server'), ('PATH', '/home/dxf/.trae-cn-server/bin/stable-50bad69080a46729d475d67c6fb73df1f0db72cc/bin/remote-cli:/opt/ros/humble/bin:/usr/local/cuda-12.6/bin:/usr/local/sbin:/usr/local/bin:/usr/sbin:/usr/bin:/sbin:/bin:/usr/games:/usr/local/games:/snap/bin'), ('PLATFORM', 'linux'), ('DISTRO_QUALITY', 'stable'), ('PAPERSIZE', 'a4'), ('LC_ADDRESS', 'zh_CN.UTF-8'), ('XDG_RUNTIME_DIR', '/run/user/1000'), ('SERVER_SCRIPT', '/home/dxf/.trae-cn-server/bin/stable-50bad69080a46729d475d67c6fb73df1f0db72cc/index_trae.js'), ('LANG', 'zh_CN.UTF-8'), ('SERVER_PIDFILE', '/home/dxf/.trae-cn-server/.stable-50bad69080a46729d475d67c6fb73df1f0db72cc.pid'), ('LC_TELEPHONE', 'zh_CN.UTF-8'), ('SERVER_LOGS_DIR', '/home/dxf/.trae-cn-server/logs'), ('LS_COLORS', ''), ('DOWNLOAD_RETRY_COUNT', '0'), ('VSCODE_GIT_IPC_HANDLE', '/run/user/1000/vscode-git-e29e9b3e5a.sock'), ('TERM_PROGRAM', 'vscode'), ('AMENT_PREFIX_PATH', '/opt/ros/humble'), ('SHELL', '/bin/bash'), ('LC_NAME', 'zh_CN.UTF-8'), ('SERVER_HOST', '127.0.0.1'), ('LESSCLOSE', '/usr/bin/lesspipe %s %s'), ('SERVER_LOGFILE', '/home/dxf/.trae-cn-server/.stable-50bad69080a46729d475d67c6fb73df1f0db72cc.log'), ('LC_MEASUREMENT', 'zh_CN.UTF-8'), ('DISTRO_VSCODIUM_RELEASE', ''), ('TMP_DIR', '/run/user/1000'), ('OpenCV_DIR', '/usr/local/opencv410/lib/cmake/opencv4'), ('LC_IDENTIFICATION', 'zh_CN.UTF-8'), ('SERVER_TOKENFILE', '/home/dxf/.trae-cn-server/.stable-50bad69080a46729d475d67c6fb73df1f0db72cc.token'), ('VSCODE_GIT_ASKPASS_EXTRA_ARGS', ''), ('VSCODE_NONCE', '41bd1c8f-00c5-46cc-82d6-8c246f4d7799'), ('TRAE_REMOTE_EXTENSION_REGION', 'cn'), ('SERVER_EXTENSIONS_DIR', '/home/dxf/.trae-cn-server/extensions'), ('PWD', '/home/dxf/wheeltec_lebai_humble_2024_7_17/build/grab_demo'), ('SERVER_APP_VERSION', ''), ('TERM_PRODUCT', 'Trae'), ('SSH_CONNECTION', '192.168.0.66 59617 192.168.0.100 22'), ('XDG_DATA_DIRS', '/usr/share/gnome:/usr/local/share:/usr/share:/var/lib/snapd/desktop'), ('SERVER_ARCH', 'arm64'), ('PYTHONPATH', '/opt/ros/humble/lib/python3.10/site-packages:/opt/ros/humble/local/lib/python3.10/dist-packages'), ('LC_NUMERIC', 'zh_CN.UTF-8'), ('LC_PAPER', 'zh_CN.UTF-8'), ('TRAE_DETECT_REGION', 'CN'), ('COLCON', '1'), ('SERVER_APP_QUALITY', 'dev'), ('SERVER_DATA_DIR', '/home/dxf/.trae-cn-server'), ('REMOTE_VERSION', '1075923943938_5'), ('CMAKE_PREFIX_PATH', '/usr/local/opencv410::/opt/ros/humble')]), 'shell': False}
[0.085936] (-) TimerEvent: {}
[0.186665] (-) TimerEvent: {}
[0.287364] (-) TimerEvent: {}
[0.388080] (-) TimerEvent: {}
[0.498633] (grab_demo) StdoutLine: {'line': b'[  2%] Built target grab_demo__cpp\n'}
[0.499522] (-) TimerEvent: {}
[0.607116] (-) TimerEvent: {}
[0.701862] (grab_demo) StdoutLine: {'line': b'[  6%] Built target hsv_range\n'}
[0.707321] (-) TimerEvent: {}
[0.808043] (-) TimerEvent: {}
[0.814030] (grab_demo) StdoutLine: {'line': b'[ 10%] Built target aruco_dectet\n'}
[0.908395] (-) TimerEvent: {}
[0.936564] (grab_demo) StdoutLine: {'line': b'[ 14%] Built target camera_info_node\n'}
[1.008588] (-) TimerEvent: {}
[1.115770] (-) TimerEvent: {}
[1.123700] (grab_demo) StdoutLine: {'line': b'[ 21%] Built target grab_demo__rosidl_typesupport_cpp\n'}
[1.215931] (-) TimerEvent: {}
[1.262674] (grab_demo) StdoutLine: {'line': b'[ 27%] Built target grab_demo__rosidl_typesupport_fastrtps_cpp\n'}
[1.316468] (-) TimerEvent: {}
[1.358747] (grab_demo) StdoutLine: {'line': b'[ 34%] Built target grab_demo__rosidl_typesupport_introspection_cpp\n'}
[1.416619] (-) TimerEvent: {}
[1.517585] (-) TimerEvent: {}
[1.618499] (-) TimerEvent: {}
[1.621922] (grab_demo) StdoutLine: {'line': b'[ 38%] Built target grab_service_node\n'}
[1.718661] (-) TimerEvent: {}
[1.756044] (grab_demo) StdoutLine: {'line': b'[ 42%] Built target start_grab\n'}
[1.818814] (-) TimerEvent: {}
[1.848997] (grab_demo) StdoutLine: {'line': b'[ 46%] Built target nav_grab\n'}
[1.918985] (-) TimerEvent: {}
[1.945091] (grab_demo) StdoutLine: {'line': b'[ 48%] \x1b[32mBuilding CXX object CMakeFiles/hand_eye.dir/src/hand_eye.cpp.o\x1b[0m\n'}
[2.019142] (-) TimerEvent: {}
[2.119865] (-) TimerEvent: {}
[2.220607] (-) TimerEvent: {}
[2.327214] (-) TimerEvent: {}
[2.427996] (-) TimerEvent: {}
[2.528857] (-) TimerEvent: {}
[2.629592] (-) TimerEvent: {}
[2.730284] (-) TimerEvent: {}
[2.831905] (-) TimerEvent: {}
[2.933655] (-) TimerEvent: {}
[3.034385] (-) TimerEvent: {}
[3.135146] (-) TimerEvent: {}
[3.235878] (-) TimerEvent: {}
[3.336631] (-) TimerEvent: {}
[3.437361] (-) TimerEvent: {}
[3.538116] (-) TimerEvent: {}
[3.638922] (-) TimerEvent: {}
[3.739674] (-) TimerEvent: {}
[3.840527] (-) TimerEvent: {}
[3.941505] (-) TimerEvent: {}
[4.042186] (-) TimerEvent: {}
[4.143116] (-) TimerEvent: {}
[4.243823] (-) TimerEvent: {}
[4.344507] (-) TimerEvent: {}
[4.445182] (-) TimerEvent: {}
[4.546042] (-) TimerEvent: {}
[4.648824] (-) TimerEvent: {}
[4.750752] (-) TimerEvent: {}
[4.853869] (-) TimerEvent: {}
[4.955843] (-) TimerEvent: {}
[5.057776] (-) TimerEvent: {}
[5.158468] (-) TimerEvent: {}
[5.259169] (-) TimerEvent: {}
[5.359887] (-) TimerEvent: {}
[5.460619] (-) TimerEvent: {}
[5.561350] (-) TimerEvent: {}
[5.662110] (-) TimerEvent: {}
[5.762836] (-) TimerEvent: {}
[5.863546] (-) TimerEvent: {}
[5.964957] (-) TimerEvent: {}
[6.065657] (-) TimerEvent: {}
[6.166371] (-) TimerEvent: {}
[6.267092] (-) TimerEvent: {}
[6.367798] (-) TimerEvent: {}
[6.468547] (-) TimerEvent: {}
[6.569270] (-) TimerEvent: {}
[6.669992] (-) TimerEvent: {}
[6.770706] (-) TimerEvent: {}
[6.871845] (-) TimerEvent: {}
[6.972701] (-) TimerEvent: {}
[7.073438] (-) TimerEvent: {}
[7.174637] (-) TimerEvent: {}
[7.275361] (-) TimerEvent: {}
[7.379680] (-) TimerEvent: {}
[7.482497] (-) TimerEvent: {}
[7.583230] (-) TimerEvent: {}
[7.684257] (-) TimerEvent: {}
[7.785234] (-) TimerEvent: {}
[7.886169] (-) TimerEvent: {}
[7.986951] (-) TimerEvent: {}
[8.087972] (-) TimerEvent: {}
[8.190197] (-) TimerEvent: {}
[8.290859] (-) TimerEvent: {}
[8.391628] (-) TimerEvent: {}
[8.492311] (-) TimerEvent: {}
[8.593096] (-) TimerEvent: {}
[8.693785] (-) TimerEvent: {}
[8.794434] (-) TimerEvent: {}
[8.895145] (-) TimerEvent: {}
[8.995847] (-) TimerEvent: {}
[9.096510] (-) TimerEvent: {}
[9.197263] (-) TimerEvent: {}
[9.297956] (-) TimerEvent: {}
[9.400122] (-) TimerEvent: {}
[9.501635] (-) TimerEvent: {}
[9.603117] (-) TimerEvent: {}
[9.704754] (-) TimerEvent: {}
[9.805457] (-) TimerEvent: {}
[9.906695] (-) TimerEvent: {}
[10.011835] (-) TimerEvent: {}
[10.112510] (-) TimerEvent: {}
[10.213212] (-) TimerEvent: {}
[10.313884] (-) TimerEvent: {}
[10.415899] (-) TimerEvent: {}
[10.516623] (-) TimerEvent: {}
[10.617301] (-) TimerEvent: {}
[10.717975] (-) TimerEvent: {}
[10.818656] (-) TimerEvent: {}
[10.919356] (-) TimerEvent: {}
[11.020002] (-) TimerEvent: {}
[11.120922] (-) TimerEvent: {}
[11.221598] (-) TimerEvent: {}
[11.322244] (-) TimerEvent: {}
[11.422919] (-) TimerEvent: {}
[11.523612] (-) TimerEvent: {}
[11.624321] (-) TimerEvent: {}
[11.725021] (-) TimerEvent: {}
[11.825736] (-) TimerEvent: {}
[11.926649] (-) TimerEvent: {}
[12.028025] (-) TimerEvent: {}
[12.128738] (-) TimerEvent: {}
[12.230263] (-) TimerEvent: {}
[12.331032] (-) TimerEvent: {}
[12.431761] (-) TimerEvent: {}
[12.532750] (-) TimerEvent: {}
[12.633489] (-) TimerEvent: {}
[12.734267] (-) TimerEvent: {}
[12.835158] (-) TimerEvent: {}
[12.935881] (-) TimerEvent: {}
[13.036723] (-) TimerEvent: {}
[13.137479] (-) TimerEvent: {}
[13.238220] (-) TimerEvent: {}
[13.342533] (-) TimerEvent: {}
[13.443244] (-) TimerEvent: {}
[13.544374] (-) TimerEvent: {}
[13.645037] (-) TimerEvent: {}
[13.745692] (-) TimerEvent: {}
[13.846988] (-) TimerEvent: {}
[13.948708] (-) TimerEvent: {}
[14.050316] (-) TimerEvent: {}
[14.151678] (-) TimerEvent: {}
[14.253050] (-) TimerEvent: {}
[14.353743] (-) TimerEvent: {}
[14.454939] (-) TimerEvent: {}
[14.555658] (-) TimerEvent: {}
[14.656322] (-) TimerEvent: {}
[14.757022] (-) TimerEvent: {}
[14.857794] (-) TimerEvent: {}
[14.959929] (-) TimerEvent: {}
[15.060844] (-) TimerEvent: {}
[15.161609] (-) TimerEvent: {}
[15.262344] (-) TimerEvent: {}
[15.363232] (-) TimerEvent: {}
[15.464109] (-) TimerEvent: {}
[15.564847] (-) TimerEvent: {}
[15.665671] (-) TimerEvent: {}
[15.766412] (-) TimerEvent: {}
[15.867105] (-) TimerEvent: {}
[15.971171] (-) TimerEvent: {}
[16.075176] (-) TimerEvent: {}
[16.176376] (-) TimerEvent: {}
[16.277085] (-) TimerEvent: {}
[16.377801] (-) TimerEvent: {}
[16.479298] (-) TimerEvent: {}
[16.580033] (-) TimerEvent: {}
[16.680758] (-) TimerEvent: {}
[16.783170] (-) TimerEvent: {}
[16.883919] (-) TimerEvent: {}
[16.988479] (-) TimerEvent: {}
[17.089202] (-) TimerEvent: {}
[17.191001] (-) TimerEvent: {}
[17.291655] (-) TimerEvent: {}
[17.392474] (-) TimerEvent: {}
[17.493170] (-) TimerEvent: {}
[17.594017] (-) TimerEvent: {}
[17.694663] (-) TimerEvent: {}
[17.795414] (-) TimerEvent: {}
[17.896117] (-) TimerEvent: {}
[17.996815] (-) TimerEvent: {}
[18.097491] (-) TimerEvent: {}
[18.198149] (-) TimerEvent: {}
[18.298801] (-) TimerEvent: {}
[18.399452] (-) TimerEvent: {}
[18.500100] (-) TimerEvent: {}
[18.600740] (-) TimerEvent: {}
[18.701418] (-) TimerEvent: {}
[18.802082] (-) TimerEvent: {}
[18.902752] (-) TimerEvent: {}
[19.003427] (-) TimerEvent: {}
[19.104082] (-) TimerEvent: {}
[19.205454] (-) TimerEvent: {}
[19.306955] (-) TimerEvent: {}
[19.408163] (-) TimerEvent: {}
[19.508822] (-) TimerEvent: {}
[19.609491] (-) TimerEvent: {}
[19.710140] (-) TimerEvent: {}
[19.810809] (-) TimerEvent: {}
[19.911519] (-) TimerEvent: {}
[20.012215] (-) TimerEvent: {}
[20.114164] (-) TimerEvent: {}
[20.215948] (-) TimerEvent: {}
[20.316818] (-) TimerEvent: {}
[20.419136] (-) TimerEvent: {}
[20.519909] (-) TimerEvent: {}
[20.621586] (-) TimerEvent: {}
[20.722492] (-) TimerEvent: {}
[20.823367] (-) TimerEvent: {}
[20.924109] (-) TimerEvent: {}
[21.026386] (-) TimerEvent: {}
[21.127897] (-) TimerEvent: {}
[21.228585] (-) TimerEvent: {}
[21.329297] (-) TimerEvent: {}
[21.430042] (-) TimerEvent: {}
[21.530796] (-) TimerEvent: {}
[21.631565] (-) TimerEvent: {}
[21.732326] (-) TimerEvent: {}
[21.833259] (-) TimerEvent: {}
[21.934560] (-) TimerEvent: {}
[22.035737] (-) TimerEvent: {}
[22.136541] (-) TimerEvent: {}
[22.237503] (-) TimerEvent: {}
[22.338320] (-) TimerEvent: {}
[22.439308] (-) TimerEvent: {}
[22.539983] (-) TimerEvent: {}
[22.641093] (-) TimerEvent: {}
[22.742025] (-) TimerEvent: {}
[22.842704] (-) TimerEvent: {}
[22.947695] (-) TimerEvent: {}
[23.049952] (-) TimerEvent: {}
[23.150843] (-) TimerEvent: {}
[23.251640] (-) TimerEvent: {}
[23.352299] (-) TimerEvent: {}
[23.452981] (-) TimerEvent: {}
[23.554500] (-) TimerEvent: {}
[23.655554] (-) TimerEvent: {}
[23.756318] (-) TimerEvent: {}
[23.857874] (-) TimerEvent: {}
[23.959415] (-) TimerEvent: {}
[24.060805] (-) TimerEvent: {}
[24.161553] (-) TimerEvent: {}
[24.262269] (-) TimerEvent: {}
[24.362963] (-) TimerEvent: {}
[24.463654] (-) TimerEvent: {}
[24.564370] (-) TimerEvent: {}
[24.665804] (-) TimerEvent: {}
[24.766578] (-) TimerEvent: {}
[24.867525] (-) TimerEvent: {}
[24.969888] (-) TimerEvent: {}
[25.070707] (-) TimerEvent: {}
[25.172186] (-) TimerEvent: {}
[25.273565] (-) TimerEvent: {}
[25.375122] (-) TimerEvent: {}
[25.476406] (-) TimerEvent: {}
[25.577144] (-) TimerEvent: {}
[25.677906] (-) TimerEvent: {}
[25.783314] (-) TimerEvent: {}
[25.884745] (-) TimerEvent: {}
[25.986326] (-) TimerEvent: {}
[26.088115] (-) TimerEvent: {}
[26.189219] (-) TimerEvent: {}
[26.290555] (-) TimerEvent: {}
[26.391627] (-) TimerEvent: {}
[26.493288] (-) TimerEvent: {}
[26.594080] (-) TimerEvent: {}
[26.695283] (-) TimerEvent: {}
[26.795994] (-) TimerEvent: {}
[26.899376] (-) TimerEvent: {}
[27.001789] (-) TimerEvent: {}
[27.102951] (-) TimerEvent: {}
[27.204761] (-) TimerEvent: {}
[27.309451] (-) TimerEvent: {}
[27.410406] (-) TimerEvent: {}
[27.511382] (-) TimerEvent: {}
[27.612561] (-) TimerEvent: {}
[27.713485] (-) TimerEvent: {}
[27.814405] (-) TimerEvent: {}
[27.915110] (-) TimerEvent: {}
[28.015764] (-) TimerEvent: {}
[28.116744] (-) TimerEvent: {}
[28.217424] (-) TimerEvent: {}
[28.318111] (-) TimerEvent: {}
[28.418845] (-) TimerEvent: {}
[28.519657] (-) TimerEvent: {}
[28.620313] (-) TimerEvent: {}
[28.721749] (-) TimerEvent: {}
[28.822382] (-) TimerEvent: {}
[28.923123] (-) TimerEvent: {}
[29.024231] (-) TimerEvent: {}
[29.125417] (-) TimerEvent: {}
[29.226143] (-) TimerEvent: {}
[29.326918] (-) TimerEvent: {}
[29.427732] (-) TimerEvent: {}
[29.528474] (-) TimerEvent: {}
[29.629358] (-) TimerEvent: {}
[29.730146] (-) TimerEvent: {}
[29.830912] (-) TimerEvent: {}
[29.931685] (-) TimerEvent: {}
[30.037689] (-) TimerEvent: {}
[30.142632] (-) TimerEvent: {}
[30.243424] (-) TimerEvent: {}
[30.345104] (-) TimerEvent: {}
[30.445886] (-) TimerEvent: {}
[30.546543] (-) TimerEvent: {}
[30.647292] (-) TimerEvent: {}
[30.748009] (-) TimerEvent: {}
[30.848696] (-) TimerEvent: {}
[30.949415] (-) TimerEvent: {}
[31.050165] (-) TimerEvent: {}
[31.154672] (-) TimerEvent: {}
[31.255442] (-) TimerEvent: {}
[31.356156] (-) TimerEvent: {}
[31.459238] (-) TimerEvent: {}
[31.559929] (-) TimerEvent: {}
[31.660603] (-) TimerEvent: {}
[31.761930] (-) TimerEvent: {}
[31.869405] (-) TimerEvent: {}
[31.970119] (-) TimerEvent: {}
[32.070799] (-) TimerEvent: {}
[32.171549] (-) TimerEvent: {}
[32.276473] (-) TimerEvent: {}
[32.377186] (-) TimerEvent: {}
[32.477916] (-) TimerEvent: {}
[32.578654] (-) TimerEvent: {}
[32.679392] (-) TimerEvent: {}
[32.780197] (-) TimerEvent: {}
[32.881333] (-) TimerEvent: {}
[32.982091] (-) TimerEvent: {}
[33.083488] (-) TimerEvent: {}
[33.184524] (-) TimerEvent: {}
[33.286340] (-) TimerEvent: {}
[33.387108] (-) TimerEvent: {}
[33.488147] (-) TimerEvent: {}
[33.589166] (-) TimerEvent: {}
[33.689966] (-) TimerEvent: {}
[33.791485] (-) TimerEvent: {}
[33.895277] (-) TimerEvent: {}
[33.997039] (-) TimerEvent: {}
[34.097849] (-) TimerEvent: {}
[34.198868] (-) TimerEvent: {}
[34.299701] (-) TimerEvent: {}
[34.400720] (-) TimerEvent: {}
[34.502088] (-) TimerEvent: {}
[34.602864] (-) TimerEvent: {}
[34.704511] (-) TimerEvent: {}
[34.805593] (-) TimerEvent: {}
[34.910044] (-) TimerEvent: {}
[35.011430] (-) TimerEvent: {}
[35.112440] (-) TimerEvent: {}
[35.216998] (-) TimerEvent: {}
[35.322327] (-) TimerEvent: {}
[35.423140] (-) TimerEvent: {}
[35.527145] (-) TimerEvent: {}
[35.628106] (-) TimerEvent: {}
[35.729042] (-) TimerEvent: {}
[35.829780] (-) TimerEvent: {}
[35.930521] (-) TimerEvent: {}
[36.031304] (-) TimerEvent: {}
[36.132328] (-) TimerEvent: {}
[36.233335] (-) TimerEvent: {}
[36.334678] (-) TimerEvent: {}
[36.440094] (-) TimerEvent: {}
[36.541037] (-) TimerEvent: {}
[36.642039] (-) TimerEvent: {}
[36.742923] (-) TimerEvent: {}
[36.843589] (-) TimerEvent: {}
[36.944255] (-) TimerEvent: {}
[37.048204] (-) TimerEvent: {}
[37.148945] (-) TimerEvent: {}
[37.249703] (-) TimerEvent: {}
[37.351207] (-) TimerEvent: {}
[37.452387] (-) TimerEvent: {}
[37.553677] (-) TimerEvent: {}
[37.654811] (-) TimerEvent: {}
[37.756734] (-) TimerEvent: {}
[37.857478] (-) TimerEvent: {}
[37.958156] (-) TimerEvent: {}
[38.058859] (-) TimerEvent: {}
[38.159580] (-) TimerEvent: {}
[38.260294] (-) TimerEvent: {}
[38.361015] (-) TimerEvent: {}
[38.461901] (-) TimerEvent: {}
[38.562687] (-) TimerEvent: {}
[38.663605] (-) TimerEvent: {}
[38.764323] (-) TimerEvent: {}
[38.864933] (-) TimerEvent: {}
[38.966768] (-) TimerEvent: {}
[39.067584] (-) TimerEvent: {}
[39.168319] (-) TimerEvent: {}
[39.269157] (-) TimerEvent: {}
[39.370403] (-) TimerEvent: {}
[39.471287] (-) TimerEvent: {}
[39.572198] (-) TimerEvent: {}
[39.673173] (-) TimerEvent: {}
[39.774071] (-) TimerEvent: {}
[39.874963] (-) TimerEvent: {}
[39.975745] (-) TimerEvent: {}
[40.076595] (-) TimerEvent: {}
[40.177344] (-) TimerEvent: {}
[40.278151] (-) TimerEvent: {}
[40.378921] (-) TimerEvent: {}
[40.479841] (-) TimerEvent: {}
[40.580560] (-) TimerEvent: {}
[40.681258] (-) TimerEvent: {}
[40.782022] (-) TimerEvent: {}
[40.883344] (-) TimerEvent: {}
[40.984070] (-) TimerEvent: {}
[41.084833] (-) TimerEvent: {}
[41.186811] (-) TimerEvent: {}
[41.288014] (-) TimerEvent: {}
[41.391826] (-) TimerEvent: {}
[41.492567] (-) TimerEvent: {}
[41.593310] (-) TimerEvent: {}
[41.694236] (-) TimerEvent: {}
[41.794993] (-) TimerEvent: {}
[41.895674] (-) TimerEvent: {}
[41.997776] (-) TimerEvent: {}
[42.099478] (-) TimerEvent: {}
[42.200168] (-) TimerEvent: {}
[42.301479] (-) TimerEvent: {}
[42.402443] (-) TimerEvent: {}
[42.503279] (-) TimerEvent: {}
[42.605229] (-) TimerEvent: {}
[42.706602] (-) TimerEvent: {}
[42.807640] (-) TimerEvent: {}
[42.908327] (-) TimerEvent: {}
[43.008988] (-) TimerEvent: {}
[43.109772] (-) TimerEvent: {}
[43.210691] (-) TimerEvent: {}
[43.312767] (-) TimerEvent: {}
[43.414633] (-) TimerEvent: {}
[43.515460] (-) TimerEvent: {}
[43.616143] (-) TimerEvent: {}
[43.716804] (-) TimerEvent: {}
[43.817506] (-) TimerEvent: {}
[43.918187] (-) TimerEvent: {}
[44.022101] (-) TimerEvent: {}
[44.123960] (-) TimerEvent: {}
[44.224906] (-) TimerEvent: {}
[44.330228] (-) TimerEvent: {}
[44.431108] (-) TimerEvent: {}
[44.535852] (-) TimerEvent: {}
[44.638349] (-) TimerEvent: {}
[44.739353] (-) TimerEvent: {}
[44.840490] (-) TimerEvent: {}
[44.941520] (-) TimerEvent: {}
[45.042908] (-) TimerEvent: {}
[45.143675] (-) TimerEvent: {}
[45.244951] (-) TimerEvent: {}
[45.346005] (-) TimerEvent: {}
[45.447211] (-) TimerEvent: {}
[45.548414] (-) TimerEvent: {}
[45.649592] (-) TimerEvent: {}
[45.751120] (-) TimerEvent: {}
[45.851830] (-) TimerEvent: {}
[45.952541] (-) TimerEvent: {}
[46.054115] (-) TimerEvent: {}
[46.154800] (-) TimerEvent: {}
[46.256233] (-) TimerEvent: {}
[46.357610] (-) TimerEvent: {}
[46.458660] (-) TimerEvent: {}
[46.560221] (-) TimerEvent: {}
[46.661681] (-) TimerEvent: {}
[46.762739] (-) TimerEvent: {}
[46.863522] (-) TimerEvent: {}
[46.964238] (-) TimerEvent: {}
[47.064947] (-) TimerEvent: {}
[47.165651] (-) TimerEvent: {}
[47.266351] (-) TimerEvent: {}
[47.367099] (-) TimerEvent: {}
[47.467923] (-) TimerEvent: {}
[47.568650] (-) TimerEvent: {}
[47.669451] (-) TimerEvent: {}
[47.770200] (-) TimerEvent: {}
[47.870908] (-) TimerEvent: {}
[47.971666] (-) TimerEvent: {}
[48.072378] (-) TimerEvent: {}
[48.173138] (-) TimerEvent: {}
[48.274235] (-) TimerEvent: {}
[48.375524] (-) TimerEvent: {}
[48.476243] (-) TimerEvent: {}
[48.577019] (-) TimerEvent: {}
[48.677822] (-) TimerEvent: {}
[48.778547] (-) TimerEvent: {}
[48.879343] (-) TimerEvent: {}
[48.980443] (-) TimerEvent: {}
[49.081722] (-) TimerEvent: {}
[49.182590] (-) TimerEvent: {}
[49.283526] (-) TimerEvent: {}
[49.384348] (-) TimerEvent: {}
[49.485087] (-) TimerEvent: {}
[49.587216] (-) TimerEvent: {}
[49.688191] (-) TimerEvent: {}
[49.789536] (-) TimerEvent: {}
[49.890193] (-) TimerEvent: {}
[49.990812] (-) TimerEvent: {}
[50.099141] (-) TimerEvent: {}
[50.199827] (-) TimerEvent: {}
[50.300499] (-) TimerEvent: {}
[50.401148] (-) TimerEvent: {}
[50.501827] (-) TimerEvent: {}
[50.602498] (-) TimerEvent: {}
[50.703196] (-) TimerEvent: {}
[50.803900] (-) TimerEvent: {}
[50.904674] (-) TimerEvent: {}
[51.005358] (-) TimerEvent: {}
[51.106053] (-) TimerEvent: {}
[51.206740] (-) TimerEvent: {}
[51.307441] (-) TimerEvent: {}
[51.408151] (-) TimerEvent: {}
[51.508926] (-) TimerEvent: {}
[51.612225] (-) TimerEvent: {}
[51.713026] (-) TimerEvent: {}
[51.815414] (-) TimerEvent: {}
[51.919139] (-) TimerEvent: {}
[52.021778] (-) TimerEvent: {}
[52.123140] (-) TimerEvent: {}
[52.223814] (-) TimerEvent: {}
[52.324541] (-) TimerEvent: {}
[52.425181] (-) TimerEvent: {}
[52.525877] (-) TimerEvent: {}
[52.626589] (-) TimerEvent: {}
[52.727355] (-) TimerEvent: {}
[52.828033] (-) TimerEvent: {}
[52.928715] (-) TimerEvent: {}
[53.029393] (-) TimerEvent: {}
[53.130068] (-) TimerEvent: {}
[53.230739] (-) TimerEvent: {}
[53.331510] (-) TimerEvent: {}
[53.432227] (-) TimerEvent: {}
[53.549719] (-) TimerEvent: {}
[53.650434] (-) TimerEvent: {}
[53.751312] (-) TimerEvent: {}
[53.852024] (-) TimerEvent: {}
[53.952718] (-) TimerEvent: {}
[54.053372] (-) TimerEvent: {}
[54.154065] (-) TimerEvent: {}
[54.254725] (-) TimerEvent: {}
[54.355401] (-) TimerEvent: {}
[54.456217] (-) TimerEvent: {}
[54.556994] (-) TimerEvent: {}
[54.657730] (-) TimerEvent: {}
[54.758460] (-) TimerEvent: {}
[54.859238] (-) TimerEvent: {}
[54.962518] (-) TimerEvent: {}
[55.063281] (-) TimerEvent: {}
[55.163991] (-) TimerEvent: {}
[55.264713] (-) TimerEvent: {}
[55.365452] (-) TimerEvent: {}
[55.466204] (-) TimerEvent: {}
[55.567167] (-) TimerEvent: {}
[55.667942] (-) TimerEvent: {}
[55.770505] (-) TimerEvent: {}
[55.871267] (-) TimerEvent: {}
[55.973077] (-) TimerEvent: {}
[56.074004] (-) TimerEvent: {}
[56.179662] (-) TimerEvent: {}
[56.280443] (-) TimerEvent: {}
[56.381166] (-) TimerEvent: {}
[56.482293] (-) TimerEvent: {}
[56.583297] (-) TimerEvent: {}
[56.683999] (-) TimerEvent: {}
[56.785025] (-) TimerEvent: {}
[56.885902] (-) TimerEvent: {}
[56.986654] (-) TimerEvent: {}
[57.088053] (-) TimerEvent: {}
[57.189085] (-) TimerEvent: {}
[57.290123] (-) TimerEvent: {}
[57.390808] (-) TimerEvent: {}
[57.497250] (-) TimerEvent: {}
[57.597917] (-) TimerEvent: {}
[57.698584] (-) TimerEvent: {}
[57.799281] (-) TimerEvent: {}
[57.900024] (-) TimerEvent: {}
[58.000720] (-) TimerEvent: {}
[58.101650] (-) TimerEvent: {}
[58.202350] (-) TimerEvent: {}
[58.303090] (-) TimerEvent: {}
[58.403940] (-) TimerEvent: {}
[58.509461] (-) TimerEvent: {}
[58.610211] (-) TimerEvent: {}
[58.710902] (-) TimerEvent: {}
[58.811636] (-) TimerEvent: {}
[58.912459] (-) TimerEvent: {}
[59.013372] (-) TimerEvent: {}
[59.114364] (-) TimerEvent: {}
[59.215429] (-) TimerEvent: {}
[59.316357] (-) TimerEvent: {}
[59.417233] (-) TimerEvent: {}
[59.518074] (-) TimerEvent: {}
[59.619086] (-) TimerEvent: {}
[59.720544] (-) TimerEvent: {}
[59.821441] (-) TimerEvent: {}
[59.922221] (-) TimerEvent: {}
[60.022960] (-) TimerEvent: {}
[60.124019] (-) TimerEvent: {}
[60.225211] (-) TimerEvent: {}
[60.326866] (-) TimerEvent: {}
[60.427952] (-) TimerEvent: {}
[60.529151] (-) TimerEvent: {}
[60.630023] (-) TimerEvent: {}
[60.731674] (-) TimerEvent: {}
[60.833342] (-) TimerEvent: {}
[60.934305] (-) TimerEvent: {}
[61.035078] (-) TimerEvent: {}
[61.135835] (-) TimerEvent: {}
[61.236562] (-) TimerEvent: {}
[61.337309] (-) TimerEvent: {}
[61.438103] (-) TimerEvent: {}
[61.538840] (-) TimerEvent: {}
[61.639532] (-) TimerEvent: {}
[61.740334] (-) TimerEvent: {}
[61.841349] (-) TimerEvent: {}
[61.942279] (-) TimerEvent: {}
[62.043259] (-) TimerEvent: {}
[62.143967] (-) TimerEvent: {}
[62.245810] (-) TimerEvent: {}
[62.346489] (-) TimerEvent: {}
[62.447248] (-) TimerEvent: {}
[62.548206] (-) TimerEvent: {}
[62.649737] (-) TimerEvent: {}
[62.750430] (-) TimerEvent: {}
[62.851359] (-) TimerEvent: {}
[62.952054] (-) TimerEvent: {}
[63.052756] (-) TimerEvent: {}
[63.153494] (-) TimerEvent: {}
[63.254309] (-) TimerEvent: {}
[63.355081] (-) TimerEvent: {}
[63.455873] (-) TimerEvent: {}
[63.556690] (-) TimerEvent: {}
[63.657497] (-) TimerEvent: {}
[63.758421] (-) TimerEvent: {}
[63.859361] (-) TimerEvent: {}
[63.960164] (-) TimerEvent: {}
[64.060916] (-) TimerEvent: {}
[64.161638] (-) TimerEvent: {}
[64.262344] (-) TimerEvent: {}
[64.363117] (-) TimerEvent: {}
[64.465197] (-) TimerEvent: {}
[64.565948] (-) TimerEvent: {}
[64.666653] (-) TimerEvent: {}
[64.767402] (-) TimerEvent: {}
[64.868093] (-) TimerEvent: {}
[64.968877] (-) TimerEvent: {}
[65.069582] (-) TimerEvent: {}
[65.170305] (-) TimerEvent: {}
[65.271199] (-) TimerEvent: {}
[65.371906] (-) TimerEvent: {}
[65.472631] (-) TimerEvent: {}
[65.573296] (-) TimerEvent: {}
[65.673990] (-) TimerEvent: {}
[65.774720] (-) TimerEvent: {}
[65.875796] (-) TimerEvent: {}
[65.976582] (-) TimerEvent: {}
[66.077421] (-) TimerEvent: {}
[66.178240] (-) TimerEvent: {}
[66.279084] (-) TimerEvent: {}
[66.380164] (-) TimerEvent: {}
[66.480983] (-) TimerEvent: {}
[66.581851] (-) TimerEvent: {}
[66.685399] (-) TimerEvent: {}
[66.786148] (-) TimerEvent: {}
[66.886876] (-) TimerEvent: {}
[66.987681] (-) TimerEvent: {}
[67.088394] (-) TimerEvent: {}
[67.189079] (-) TimerEvent: {}
[67.289821] (-) TimerEvent: {}
[67.390521] (-) TimerEvent: {}
[67.491331] (-) TimerEvent: {}
[67.592312] (-) TimerEvent: {}
[67.693098] (-) TimerEvent: {}
[67.793837] (-) TimerEvent: {}
[67.894524] (-) TimerEvent: {}
[67.995469] (-) TimerEvent: {}
[68.096212] (-) TimerEvent: {}
[68.196947] (-) TimerEvent: {}
[68.297672] (-) TimerEvent: {}
[68.398348] (-) TimerEvent: {}
[68.499829] (-) TimerEvent: {}
[68.600518] (-) TimerEvent: {}
[68.701289] (-) TimerEvent: {}
[68.802713] (-) TimerEvent: {}
[68.903756] (-) TimerEvent: {}
[69.005289] (-) TimerEvent: {}
[69.106709] (-) TimerEvent: {}
[69.207730] (-) TimerEvent: {}
[69.308529] (-) TimerEvent: {}
[69.409237] (-) TimerEvent: {}
[69.510021] (-) TimerEvent: {}
[69.610822] (-) TimerEvent: {}
[69.711583] (-) TimerEvent: {}
[69.812305] (-) TimerEvent: {}
[69.913155] (-) TimerEvent: {}
[70.013859] (-) TimerEvent: {}
[70.115087] (-) TimerEvent: {}
[70.219172] (-) TimerEvent: {}
[70.319981] (-) TimerEvent: {}
[70.420714] (-) TimerEvent: {}
[70.521505] (-) TimerEvent: {}
[70.622681] (-) TimerEvent: {}
[70.724810] (-) TimerEvent: {}
[70.825535] (-) TimerEvent: {}
[70.926220] (-) TimerEvent: {}
[71.026881] (-) TimerEvent: {}
[71.128246] (-) TimerEvent: {}
[71.228943] (-) TimerEvent: {}
[71.329642] (-) TimerEvent: {}
[71.430377] (-) TimerEvent: {}
[71.531123] (-) TimerEvent: {}
[71.631884] (-) TimerEvent: {}
[71.732612] (-) TimerEvent: {}
[71.833312] (-) TimerEvent: {}
[71.934091] (-) TimerEvent: {}
[72.034791] (-) TimerEvent: {}
[72.135761] (-) TimerEvent: {}
[72.237381] (-) TimerEvent: {}
[72.338157] (-) TimerEvent: {}
[72.439139] (-) TimerEvent: {}
[72.539985] (-) TimerEvent: {}
[72.640791] (-) TimerEvent: {}
[72.741536] (-) TimerEvent: {}
[72.842296] (-) TimerEvent: {}
[72.943077] (-) TimerEvent: {}
[73.043856] (-) TimerEvent: {}
[73.144570] (-) TimerEvent: {}
[73.246030] (-) TimerEvent: {}
[73.346802] (-) TimerEvent: {}
[73.447474] (-) TimerEvent: {}
[73.548357] (-) TimerEvent: {}
[73.649132] (-) TimerEvent: {}
[73.749899] (-) TimerEvent: {}
[73.850667] (-) TimerEvent: {}
[73.951565] (-) TimerEvent: {}
[74.052379] (-) TimerEvent: {}
[74.153244] (-) TimerEvent: {}
[74.254037] (-) TimerEvent: {}
[74.356072] (-) TimerEvent: {}
[74.457469] (-) TimerEvent: {}
[74.559308] (-) TimerEvent: {}
[74.660869] (-) TimerEvent: {}
[74.761619] (-) TimerEvent: {}
[74.862687] (-) TimerEvent: {}
[74.963435] (-) TimerEvent: {}
[75.067153] (-) TimerEvent: {}
[75.168215] (-) TimerEvent: {}
[75.269088] (-) TimerEvent: {}
[75.369981] (-) TimerEvent: {}
[75.470737] (-) TimerEvent: {}
[75.571626] (-) TimerEvent: {}
[75.672361] (-) TimerEvent: {}
[75.773122] (-) TimerEvent: {}
[75.873911] (-) TimerEvent: {}
[75.974640] (-) TimerEvent: {}
[76.075412] (-) TimerEvent: {}
[76.176148] (-) TimerEvent: {}
[76.277010] (-) TimerEvent: {}
[76.377721] (-) TimerEvent: {}
[76.478444] (-) TimerEvent: {}
[76.579138] (-) TimerEvent: {}
[76.679870] (-) TimerEvent: {}
[76.780633] (-) TimerEvent: {}
[76.881380] (-) TimerEvent: {}
[76.982153] (-) TimerEvent: {}
[77.083361] (-) TimerEvent: {}
[77.184998] (-) TimerEvent: {}
[77.285712] (-) TimerEvent: {}
[77.386433] (-) TimerEvent: {}
[77.487314] (-) TimerEvent: {}
[77.587999] (-) TimerEvent: {}
[77.688730] (-) TimerEvent: {}
[77.789431] (-) TimerEvent: {}
[77.890149] (-) TimerEvent: {}
[77.990995] (-) TimerEvent: {}
[78.091971] (-) TimerEvent: {}
[78.192682] (-) TimerEvent: {}
[78.293386] (-) TimerEvent: {}
[78.394042] (-) TimerEvent: {}
[78.494647] (-) TimerEvent: {}
[78.598445] (-) TimerEvent: {}
[78.699113] (-) TimerEvent: {}
[78.799755] (-) TimerEvent: {}
[78.900458] (-) TimerEvent: {}
[79.001207] (-) TimerEvent: {}
[79.103141] (-) TimerEvent: {}
[79.204437] (-) TimerEvent: {}
[79.306028] (-) TimerEvent: {}
[79.406909] (-) TimerEvent: {}
[79.507579] (-) TimerEvent: {}
[79.608295] (-) TimerEvent: {}
[79.709668] (-) TimerEvent: {}
[79.811060] (-) TimerEvent: {}
[79.911904] (-) TimerEvent: {}
[80.012870] (-) TimerEvent: {}
[80.113615] (-) TimerEvent: {}
[80.214384] (-) TimerEvent: {}
[80.315280] (-) TimerEvent: {}
[80.416122] (-) TimerEvent: {}
[80.516924] (-) TimerEvent: {}
[80.617713] (-) TimerEvent: {}
[80.719276] (-) TimerEvent: {}
[80.821153] (-) TimerEvent: {}
[80.921859] (-) TimerEvent: {}
[81.022576] (-) TimerEvent: {}
[81.123796] (-) TimerEvent: {}
[81.224511] (-) TimerEvent: {}
[81.326664] (-) TimerEvent: {}
[81.427989] (-) TimerEvent: {}
[81.528768] (-) TimerEvent: {}
[81.630828] (-) TimerEvent: {}
[81.731790] (-) TimerEvent: {}
[81.832625] (-) TimerEvent: {}
[81.933364] (-) TimerEvent: {}
[82.034181] (-) TimerEvent: {}
[82.134944] (-) TimerEvent: {}
[82.235709] (-) TimerEvent: {}
[82.336500] (-) TimerEvent: {}
[82.437272] (-) TimerEvent: {}
[82.538110] (-) TimerEvent: {}
[82.638792] (-) TimerEvent: {}
[82.743450] (-) TimerEvent: {}
[82.844428] (-) TimerEvent: {}
[82.947331] (-) TimerEvent: {}
[83.059116] (-) TimerEvent: {}
[83.171108] (-) TimerEvent: {}
[83.271828] (-) TimerEvent: {}
[83.375152] (-) TimerEvent: {}
[83.475921] (-) TimerEvent: {}
[83.576612] (-) TimerEvent: {}
[83.677397] (-) TimerEvent: {}
[83.778718] (-) TimerEvent: {}
[83.880141] (-) TimerEvent: {}
[83.981387] (-) TimerEvent: {}
[84.082759] (-) TimerEvent: {}
[84.184070] (-) TimerEvent: {}
[84.285456] (-) TimerEvent: {}
[84.386951] (-) TimerEvent: {}
[84.489539] (-) TimerEvent: {}
[84.590343] (-) TimerEvent: {}
[84.691279] (-) TimerEvent: {}
[84.791993] (-) TimerEvent: {}
[84.895143] (-) TimerEvent: {}
[84.995824] (-) TimerEvent: {}
[85.096581] (-) TimerEvent: {}
[85.197590] (-) TimerEvent: {}
[85.298412] (-) TimerEvent: {}
[85.399105] (-) TimerEvent: {}
[85.499839] (-) TimerEvent: {}
[85.600606] (-) TimerEvent: {}
[85.701388] (-) TimerEvent: {}
[85.802152] (-) TimerEvent: {}
[85.903059] (-) TimerEvent: {}
[86.003921] (-) TimerEvent: {}
[86.104752] (-) TimerEvent: {}
[86.205440] (-) TimerEvent: {}
[86.306126] (-) TimerEvent: {}
[86.407011] (-) TimerEvent: {}
[86.508349] (-) TimerEvent: {}
[86.609049] (-) TimerEvent: {}
[86.710185] (-) TimerEvent: {}
[86.811335] (-) TimerEvent: {}
[86.912043] (-) TimerEvent: {}
[87.012715] (-) TimerEvent: {}
[87.113390] (-) TimerEvent: {}
[87.214048] (-) TimerEvent: {}
[87.314710] (-) TimerEvent: {}
[87.415403] (-) TimerEvent: {}
[87.516304] (-) TimerEvent: {}
[87.617153] (-) TimerEvent: {}
[87.718185] (-) TimerEvent: {}
[87.819029] (-) TimerEvent: {}
[87.920013] (-) TimerEvent: {}
[88.020736] (-) TimerEvent: {}
[88.121466] (-) TimerEvent: {}
[88.222217] (-) TimerEvent: {}
[88.323338] (-) TimerEvent: {}
[88.424055] (-) TimerEvent: {}
[88.524734] (-) TimerEvent: {}
[88.625514] (-) TimerEvent: {}
[88.726743] (-) TimerEvent: {}
[88.828264] (-) TimerEvent: {}
[88.929236] (-) TimerEvent: {}
[89.030033] (-) TimerEvent: {}
[89.130758] (-) TimerEvent: {}
[89.231859] (-) TimerEvent: {}
[89.332656] (-) TimerEvent: {}
[89.433374] (-) TimerEvent: {}
[89.534105] (-) TimerEvent: {}
[89.634943] (-) TimerEvent: {}
[89.735646] (-) TimerEvent: {}
[89.837179] (-) TimerEvent: {}
[89.938486] (-) TimerEvent: {}
[90.039868] (-) TimerEvent: {}
[90.141264] (-) TimerEvent: {}
[90.249306] (-) TimerEvent: {}
[90.350054] (-) TimerEvent: {}
[90.450793] (-) TimerEvent: {}
[90.552106] (-) TimerEvent: {}
[90.653118] (-) TimerEvent: {}
[90.754041] (-) TimerEvent: {}
[90.855081] (-) TimerEvent: {}
[90.956435] (-) TimerEvent: {}
[91.057615] (-) TimerEvent: {}
[91.159548] (-) TimerEvent: {}
[91.260295] (-) TimerEvent: {}
[91.361164] (-) TimerEvent: {}
[91.462183] (-) TimerEvent: {}
[91.563168] (-) TimerEvent: {}
[91.664112] (-) TimerEvent: {}
[91.764874] (-) TimerEvent: {}
[91.865634] (-) TimerEvent: {}
[91.966913] (-) TimerEvent: {}
[92.067784] (-) TimerEvent: {}
[92.169054] (-) TimerEvent: {}
[92.269759] (-) TimerEvent: {}
[92.370402] (-) TimerEvent: {}
[92.471123] (-) TimerEvent: {}
[92.572221] (-) TimerEvent: {}
[92.673273] (-) TimerEvent: {}
[92.773987] (-) TimerEvent: {}
[92.874647] (-) TimerEvent: {}
[92.975361] (-) TimerEvent: {}
[93.076112] (-) TimerEvent: {}
[93.176903] (-) TimerEvent: {}
[93.277638] (-) TimerEvent: {}
[93.378407] (-) TimerEvent: {}
[93.483455] (-) TimerEvent: {}
[93.584329] (-) TimerEvent: {}
[93.685890] (-) TimerEvent: {}
[93.786791] (-) TimerEvent: {}
[93.887484] (-) TimerEvent: {}
[93.988884] (-) TimerEvent: {}
[94.089841] (-) TimerEvent: {}
[94.190539] (-) TimerEvent: {}
[94.291229] (-) TimerEvent: {}
[94.392106] (-) TimerEvent: {}
[94.493026] (-) TimerEvent: {}
[94.593810] (-) TimerEvent: {}
[94.694472] (-) TimerEvent: {}
[94.795265] (-) TimerEvent: {}
[94.896471] (-) TimerEvent: {}
[94.997617] (-) TimerEvent: {}
[95.098430] (-) TimerEvent: {}
[95.200087] (-) TimerEvent: {}
[95.300946] (-) TimerEvent: {}
[95.407121] (-) TimerEvent: {}
[95.508742] (-) TimerEvent: {}
[95.609441] (-) TimerEvent: {}
[95.710133] (-) TimerEvent: {}
[95.810849] (-) TimerEvent: {}
[95.911656] (-) TimerEvent: {}
[96.012354] (-) TimerEvent: {}
[96.113148] (-) TimerEvent: {}
[96.214191] (-) TimerEvent: {}
[96.315321] (-) TimerEvent: {}
[96.416122] (-) TimerEvent: {}
[96.517957] (-) TimerEvent: {}
[96.618692] (-) TimerEvent: {}
[96.720030] (-) TimerEvent: {}
[96.821288] (-) TimerEvent: {}
[96.922259] (-) TimerEvent: {}
[97.023422] (-) TimerEvent: {}
[97.124095] (-) TimerEvent: {}
[97.225120] (-) TimerEvent: {}
[97.325929] (-) TimerEvent: {}
[97.426802] (-) TimerEvent: {}
[97.528215] (-) TimerEvent: {}
[97.629011] (-) TimerEvent: {}
[97.729730] (-) TimerEvent: {}
[97.831336] (-) TimerEvent: {}
[97.932325] (-) TimerEvent: {}
[98.033276] (-) TimerEvent: {}
[98.134268] (-) TimerEvent: {}
[98.235956] (-) TimerEvent: {}
[98.337686] (-) TimerEvent: {}
[98.451117] (-) TimerEvent: {}
[98.551860] (-) TimerEvent: {}
[98.652577] (-) TimerEvent: {}
[98.753999] (-) TimerEvent: {}
[98.855254] (-) TimerEvent: {}
[98.955925] (-) TimerEvent: {}
[99.056592] (-) TimerEvent: {}
[99.157435] (-) TimerEvent: {}
[99.258344] (-) TimerEvent: {}
[99.359148] (-) TimerEvent: {}
[99.459850] (-) TimerEvent: {}
[99.560818] (-) TimerEvent: {}
[99.662025] (-) TimerEvent: {}
[99.763135] (-) TimerEvent: {}
[99.863835] (-) TimerEvent: {}
[99.964586] (-) TimerEvent: {}
[100.065835] (-) TimerEvent: {}
[100.166572] (-) TimerEvent: {}
[100.269917] (-) TimerEvent: {}
[100.370692] (-) TimerEvent: {}
[100.471804] (-) TimerEvent: {}
[100.572540] (-) TimerEvent: {}
[100.673388] (-) TimerEvent: {}
[100.774240] (-) TimerEvent: {}
[100.876294] (-) TimerEvent: {}
[100.979160] (-) TimerEvent: {}
[101.080023] (-) TimerEvent: {}
[101.186137] (-) TimerEvent: {}
[101.289221] (-) TimerEvent: {}
[101.390262] (-) TimerEvent: {}
[101.491398] (-) TimerEvent: {}
[101.592796] (-) TimerEvent: {}
[101.693559] (-) TimerEvent: {}
[101.795400] (-) TimerEvent: {}
[101.896647] (-) TimerEvent: {}
[101.997751] (-) TimerEvent: {}
[102.099246] (-) TimerEvent: {}
[102.200628] (-) TimerEvent: {}
[102.302146] (-) TimerEvent: {}
[102.402889] (-) TimerEvent: {}
[102.504276] (-) TimerEvent: {}
[102.604929] (-) TimerEvent: {}
[102.705592] (-) TimerEvent: {}
[102.806245] (-) TimerEvent: {}
[102.907250] (-) TimerEvent: {}
[103.009225] (-) TimerEvent: {}
[103.110423] (-) TimerEvent: {}
[103.211650] (-) TimerEvent: {}
[103.312796] (-) TimerEvent: {}
[103.413821] (-) TimerEvent: {}
[103.514927] (-) TimerEvent: {}
[103.616097] (-) TimerEvent: {}
[103.722783] (-) TimerEvent: {}
[103.823526] (-) TimerEvent: {}
[103.927232] (-) TimerEvent: {}
[104.027940] (-) TimerEvent: {}
[104.128601] (-) TimerEvent: {}
[104.232287] (-) TimerEvent: {}
[104.333021] (-) TimerEvent: {}
[104.433759] (-) TimerEvent: {}
[104.534456] (-) TimerEvent: {}
[104.635420] (-) TimerEvent: {}
[104.736305] (-) TimerEvent: {}
[104.837178] (-) TimerEvent: {}
[104.938244] (-) TimerEvent: {}
[105.039088] (-) TimerEvent: {}
[105.139756] (-) TimerEvent: {}
[105.256111] (-) TimerEvent: {}
[105.357201] (-) TimerEvent: {}
[105.457938] (-) TimerEvent: {}
[105.562580] (-) TimerEvent: {}
[105.663294] (-) TimerEvent: {}
[105.764173] (-) TimerEvent: {}
[105.864922] (-) TimerEvent: {}
[105.966205] (-) TimerEvent: {}
[106.066879] (-) TimerEvent: {}
[106.167906] (-) TimerEvent: {}
[106.268714] (-) TimerEvent: {}
[106.369623] (-) TimerEvent: {}
[106.470452] (-) TimerEvent: {}
[106.571349] (-) TimerEvent: {}
[106.672113] (-) TimerEvent: {}
[106.772796] (-) TimerEvent: {}
[106.873693] (-) TimerEvent: {}
[106.974421] (-) TimerEvent: {}
[107.075140] (-) TimerEvent: {}
[107.175818] (-) TimerEvent: {}
[107.276539] (-) TimerEvent: {}
[107.377246] (-) TimerEvent: {}
[107.477999] (-) TimerEvent: {}
[107.578825] (-) TimerEvent: {}
[107.679721] (-) TimerEvent: {}
[107.780578] (-) TimerEvent: {}
[107.881527] (-) TimerEvent: {}
[107.982469] (-) TimerEvent: {}
[108.083292] (-) TimerEvent: {}
[108.184112] (-) TimerEvent: {}
[108.284878] (-) TimerEvent: {}
[108.385786] (-) TimerEvent: {}
[108.490443] (-) TimerEvent: {}
[108.591239] (-) TimerEvent: {}
[108.691954] (-) TimerEvent: {}
[108.792682] (-) TimerEvent: {}
[108.893519] (-) TimerEvent: {}
[108.995350] (-) TimerEvent: {}
[109.096783] (-) TimerEvent: {}
[109.197606] (-) TimerEvent: {}
[109.298567] (-) TimerEvent: {}
[109.400233] (-) TimerEvent: {}
[109.501344] (-) TimerEvent: {}
[109.602334] (-) TimerEvent: {}
[109.703048] (-) TimerEvent: {}
[109.804648] (-) TimerEvent: {}
[109.905572] (-) TimerEvent: {}
[110.006773] (-) TimerEvent: {}
[110.108170] (-) TimerEvent: {}
[110.209221] (-) TimerEvent: {}
[110.309876] (-) TimerEvent: {}
[110.410663] (-) TimerEvent: {}
[110.511343] (-) TimerEvent: {}
[110.612010] (-) TimerEvent: {}
[110.713442] (-) TimerEvent: {}
[110.814703] (-) TimerEvent: {}
[110.915390] (-) TimerEvent: {}
[111.016239] (-) TimerEvent: {}
[111.119255] (-) TimerEvent: {}
[111.220508] (-) TimerEvent: {}
[111.321329] (-) TimerEvent: {}
[111.422431] (-) TimerEvent: {}
[111.523190] (-) TimerEvent: {}
[111.623874] (-) TimerEvent: {}
[111.725347] (-) TimerEvent: {}
[111.826599] (-) TimerEvent: {}
[111.927308] (-) TimerEvent: {}
[112.028052] (-) TimerEvent: {}
[112.128878] (-) TimerEvent: {}
[112.229569] (-) TimerEvent: {}
[112.330275] (-) TimerEvent: {}
[112.431688] (-) TimerEvent: {}
[112.532511] (-) TimerEvent: {}
[112.633217] (-) TimerEvent: {}
[112.733935] (-) TimerEvent: {}
[112.834623] (-) TimerEvent: {}
[112.935467] (-) TimerEvent: {}
[113.036214] (-) TimerEvent: {}
[113.136908] (-) TimerEvent: {}
[113.237715] (-) TimerEvent: {}
[113.339275] (-) TimerEvent: {}
[113.440109] (-) TimerEvent: {}
[113.540803] (-) TimerEvent: {}
[113.641515] (-) TimerEvent: {}
[113.742344] (-) TimerEvent: {}
[113.843231] (-) TimerEvent: {}
[113.944106] (-) TimerEvent: {}
[114.044783] (-) TimerEvent: {}
[114.145433] (-) TimerEvent: {}
[114.246100] (-) TimerEvent: {}
[114.346869] (-) TimerEvent: {}
[114.447555] (-) TimerEvent: {}
[114.548213] (-) TimerEvent: {}
[114.648961] (-) TimerEvent: {}
[114.750076] (-) TimerEvent: {}
[114.850798] (-) TimerEvent: {}
[114.951513] (-) TimerEvent: {}
[115.052270] (-) TimerEvent: {}
[115.153054] (-) TimerEvent: {}
[115.253751] (-) TimerEvent: {}
[115.354422] (-) TimerEvent: {}
[115.455135] (-) TimerEvent: {}
[115.555874] (-) TimerEvent: {}
[115.659205] (-) TimerEvent: {}
[115.760024] (-) TimerEvent: {}
[115.860835] (-) TimerEvent: {}
[115.961897] (-) TimerEvent: {}
[116.062774] (-) TimerEvent: {}
[116.163570] (-) TimerEvent: {}
[116.264363] (-) TimerEvent: {}
[116.365110] (-) TimerEvent: {}
[116.466342] (-) TimerEvent: {}
[116.567940] (-) TimerEvent: {}
[116.668726] (-) TimerEvent: {}
[116.770167] (-) TimerEvent: {}
[116.871375] (-) TimerEvent: {}
[116.972337] (-) TimerEvent: {}
[117.073133] (-) TimerEvent: {}
[117.174352] (-) TimerEvent: {}
[117.275072] (-) TimerEvent: {}
[117.376289] (-) TimerEvent: {}
[117.477268] (-) TimerEvent: {}
[117.577962] (-) TimerEvent: {}
[117.678779] (-) TimerEvent: {}
[117.781116] (-) TimerEvent: {}
[117.881816] (-) TimerEvent: {}
[117.982551] (-) TimerEvent: {}
[118.083361] (-) TimerEvent: {}
[118.184065] (-) TimerEvent: {}
[118.285340] (-) TimerEvent: {}
[118.386100] (-) TimerEvent: {}
[118.487285] (-) TimerEvent: {}
[118.587994] (-) TimerEvent: {}
[118.689100] (-) TimerEvent: {}
[118.789985] (-) TimerEvent: {}
[118.890645] (-) TimerEvent: {}
[118.991348] (-) TimerEvent: {}
[119.092005] (-) TimerEvent: {}
[119.192856] (-) TimerEvent: {}
[119.293535] (-) TimerEvent: {}
[119.394177] (-) TimerEvent: {}
[119.494841] (-) TimerEvent: {}
[119.595558] (-) TimerEvent: {}
[119.696225] (-) TimerEvent: {}
[119.796925] (-) TimerEvent: {}
[119.897596] (-) TimerEvent: {}
[119.998317] (-) TimerEvent: {}
[120.099077] (-) TimerEvent: {}
[120.199755] (-) TimerEvent: {}
[120.300683] (-) TimerEvent: {}
[120.401971] (-) TimerEvent: {}
[120.503441] (-) TimerEvent: {}
[120.604089] (-) TimerEvent: {}
[120.704731] (-) TimerEvent: {}
[120.805355] (-) TimerEvent: {}
[120.906111] (-) TimerEvent: {}
[121.006756] (-) TimerEvent: {}
[121.107440] (-) TimerEvent: {}
[121.208246] (-) TimerEvent: {}
[121.308869] (-) TimerEvent: {}
[121.409727] (-) TimerEvent: {}
[121.510446] (-) TimerEvent: {}
[121.611102] (-) TimerEvent: {}
[121.711981] (-) TimerEvent: {}
[121.812657] (-) TimerEvent: {}
[121.913570] (-) TimerEvent: {}
[122.014254] (-) TimerEvent: {}
[122.114999] (-) TimerEvent: {}
[122.215667] (-) TimerEvent: {}
[122.316343] (-) TimerEvent: {}
[122.417257] (-) TimerEvent: {}
[122.518473] (-) TimerEvent: {}
[122.619337] (-) TimerEvent: {}
[122.720159] (-) TimerEvent: {}
[122.820907] (-) TimerEvent: {}
[122.924101] (-) TimerEvent: {}
[123.024889] (-) TimerEvent: {}
[123.125979] (-) TimerEvent: {}
[123.227033] (-) TimerEvent: {}
[123.327757] (-) TimerEvent: {}
[123.428430] (-) TimerEvent: {}
[123.529112] (-) TimerEvent: {}
[123.629840] (-) TimerEvent: {}
[123.731169] (-) TimerEvent: {}
[123.831877] (-) TimerEvent: {}
[123.932875] (-) TimerEvent: {}
[124.033595] (-) TimerEvent: {}
[124.134264] (-) TimerEvent: {}
[124.235418] (-) TimerEvent: {}
[124.336282] (-) TimerEvent: {}
[124.437666] (-) TimerEvent: {}
[124.538394] (-) TimerEvent: {}
[124.639485] (-) TimerEvent: {}
[124.740246] (-) TimerEvent: {}
[124.840954] (-) TimerEvent: {}
[124.942079] (-) TimerEvent: {}
[125.042893] (-) TimerEvent: {}
[125.144700] (-) TimerEvent: {}
[125.245439] (-) TimerEvent: {}
[125.346068] (-) TimerEvent: {}
[125.446793] (-) TimerEvent: {}
[125.547562] (-) TimerEvent: {}
[125.648489] (-) TimerEvent: {}
[125.749348] (-) TimerEvent: {}
[125.850646] (-) TimerEvent: {}
[125.951537] (-) TimerEvent: {}
[126.052246] (-) TimerEvent: {}
[126.163590] (-) TimerEvent: {}
[126.265285] (-) TimerEvent: {}
[126.365948] (-) TimerEvent: {}
[126.467566] (-) TimerEvent: {}
[126.568325] (-) TimerEvent: {}
[126.669008] (-) TimerEvent: {}
[126.769983] (-) TimerEvent: {}
[126.870772] (-) TimerEvent: {}
[126.971570] (-) TimerEvent: {}
[127.072364] (-) TimerEvent: {}
[127.173117] (-) TimerEvent: {}
[127.273808] (-) TimerEvent: {}
[127.374781] (-) TimerEvent: {}
[127.482734] (-) TimerEvent: {}
[127.586247] (-) TimerEvent: {}
[127.686946] (-) TimerEvent: {}
[127.787656] (-) TimerEvent: {}
[127.888340] (-) TimerEvent: {}
[127.989335] (-) TimerEvent: {}
[128.090123] (-) TimerEvent: {}
[128.190836] (-) TimerEvent: {}
[128.291920] (-) TimerEvent: {}
[128.392955] (-) TimerEvent: {}
[128.493765] (-) TimerEvent: {}
[128.594727] (-) TimerEvent: {}
[128.695394] (-) TimerEvent: {}
[128.796065] (-) TimerEvent: {}
[128.896856] (-) TimerEvent: {}
[128.997578] (-) TimerEvent: {}
[129.098352] (-) TimerEvent: {}
[129.199052] (-) TimerEvent: {}
[129.299918] (-) TimerEvent: {}
[129.400849] (-) TimerEvent: {}
[129.501660] (-) TimerEvent: {}
[129.602359] (-) TimerEvent: {}
[129.703060] (-) TimerEvent: {}
[129.803763] (-) TimerEvent: {}
[129.904570] (-) TimerEvent: {}
[130.011164] (-) TimerEvent: {}
[130.111894] (-) TimerEvent: {}
[130.212530] (-) TimerEvent: {}
[130.317725] (-) TimerEvent: {}
[130.418446] (-) TimerEvent: {}
[130.519260] (-) TimerEvent: {}
[130.620465] (-) TimerEvent: {}
[130.721943] (-) TimerEvent: {}
[130.823722] (-) TimerEvent: {}
[130.924601] (-) TimerEvent: {}
[131.025670] (-) TimerEvent: {}
[131.126473] (-) TimerEvent: {}
[131.227253] (-) TimerEvent: {}
[131.327916] (-) TimerEvent: {}
[131.428587] (-) TimerEvent: {}
[131.529278] (-) TimerEvent: {}
[131.629997] (-) TimerEvent: {}
[131.730613] (-) TimerEvent: {}
[131.831274] (-) TimerEvent: {}
[131.932012] (-) TimerEvent: {}
[132.032751] (-) TimerEvent: {}
[132.133401] (-) TimerEvent: {}
[132.234032] (-) TimerEvent: {}
[132.334734] (-) TimerEvent: {}
[132.435451] (-) TimerEvent: {}
[132.537583] (-) TimerEvent: {}
[132.638299] (-) TimerEvent: {}
[132.739155] (-) TimerEvent: {}
[132.840023] (-) TimerEvent: {}
[132.940930] (-) TimerEvent: {}
[133.041631] (-) TimerEvent: {}
[133.142312] (-) TimerEvent: {}
[133.243867] (-) TimerEvent: {}
[133.344578] (-) TimerEvent: {}
[133.445668] (-) TimerEvent: {}
[133.547136] (-) TimerEvent: {}
[133.647806] (-) TimerEvent: {}
[133.748505] (-) TimerEvent: {}
[133.851160] (-) TimerEvent: {}
[133.952084] (-) TimerEvent: {}
[134.052818] (-) TimerEvent: {}
[134.153509] (-) TimerEvent: {}
[134.254939] (-) TimerEvent: {}
[134.355680] (-) TimerEvent: {}
[134.457562] (-) TimerEvent: {}
[134.558275] (-) TimerEvent: {}
[134.659388] (-) TimerEvent: {}
[134.760314] (-) TimerEvent: {}
[134.861452] (-) TimerEvent: {}
[134.962239] (-) TimerEvent: {}
[135.063548] (-) TimerEvent: {}
[135.164242] (-) TimerEvent: {}
[135.264931] (-) TimerEvent: {}
[135.365746] (-) TimerEvent: {}
[135.466442] (-) TimerEvent: {}
[135.567416] (-) TimerEvent: {}
[135.668060] (-) TimerEvent: {}
[135.768758] (-) TimerEvent: {}
[135.869467] (-) TimerEvent: {}
[135.970280] (-) TimerEvent: {}
[136.071085] (-) TimerEvent: {}
[136.171764] (-) TimerEvent: {}
[136.272489] (-) TimerEvent: {}
[136.373389] (-) TimerEvent: {}
[136.474056] (-) TimerEvent: {}
[136.574778] (-) TimerEvent: {}
[136.676789] (-) TimerEvent: {}
[136.777492] (-) TimerEvent: {}
[136.878349] (-) TimerEvent: {}
[136.979228] (-) TimerEvent: {}
[137.080000] (-) TimerEvent: {}
[137.180688] (-) TimerEvent: {}
[137.281486] (-) TimerEvent: {}
[137.382223] (-) TimerEvent: {}
[137.482859] (-) TimerEvent: {}
[137.583510] (-) TimerEvent: {}
[137.684883] (-) TimerEvent: {}
[137.785877] (-) TimerEvent: {}
[137.886697] (-) TimerEvent: {}
[137.987479] (-) TimerEvent: {}
[138.088168] (-) TimerEvent: {}
[138.188886] (-) TimerEvent: {}
[138.290159] (-) TimerEvent: {}
[138.391167] (-) TimerEvent: {}
[138.491851] (-) TimerEvent: {}
[138.592591] (-) TimerEvent: {}
[138.693382] (-) TimerEvent: {}
[138.794232] (-) TimerEvent: {}
[138.895063] (-) TimerEvent: {}
[138.996199] (-) TimerEvent: {}
[139.096909] (-) TimerEvent: {}
[139.197537] (-) TimerEvent: {}
[139.298434] (-) TimerEvent: {}
[139.399355] (-) TimerEvent: {}
[139.500002] (-) TimerEvent: {}
[139.600658] (-) TimerEvent: {}
[139.701312] (-) TimerEvent: {}
[139.801953] (-) TimerEvent: {}
[139.902742] (-) TimerEvent: {}
[140.003438] (-) TimerEvent: {}
[140.104687] (-) TimerEvent: {}
[140.205852] (-) TimerEvent: {}
[140.306477] (-) TimerEvent: {}
[140.407131] (-) TimerEvent: {}
[140.507757] (-) TimerEvent: {}
[140.608386] (-) TimerEvent: {}
[140.711293] (-) TimerEvent: {}
[140.812781] (-) TimerEvent: {}
[140.913874] (-) TimerEvent: {}
[141.014628] (-) TimerEvent: {}
[141.116241] (-) TimerEvent: {}
[141.216974] (-) TimerEvent: {}
[141.318292] (-) TimerEvent: {}
[141.419124] (-) TimerEvent: {}
[141.519885] (-) TimerEvent: {}
[141.620684] (-) TimerEvent: {}
[141.721699] (-) TimerEvent: {}
[141.822442] (-) TimerEvent: {}
[141.923158] (-) TimerEvent: {}
[142.023830] (-) TimerEvent: {}
[142.124548] (-) TimerEvent: {}
[142.225220] (-) TimerEvent: {}
[142.325908] (-) TimerEvent: {}
[142.426671] (-) TimerEvent: {}
[142.528284] (-) TimerEvent: {}
[142.629097] (-) TimerEvent: {}
[142.729761] (-) TimerEvent: {}
[142.831604] (-) TimerEvent: {}
[142.932395] (-) TimerEvent: {}
[143.033165] (-) TimerEvent: {}
[143.134232] (-) TimerEvent: {}
[143.234893] (-) TimerEvent: {}
[143.335584] (-) TimerEvent: {}
[143.436529] (-) TimerEvent: {}
[143.537598] (-) TimerEvent: {}
[143.638325] (-) TimerEvent: {}
[143.739095] (-) TimerEvent: {}
[143.839773] (-) TimerEvent: {}
[143.940604] (-) TimerEvent: {}
[144.041228] (-) TimerEvent: {}
[144.141863] (-) TimerEvent: {}
[144.242497] (-) TimerEvent: {}
[144.343181] (-) TimerEvent: {}
[144.443869] (-) TimerEvent: {}
[144.545559] (-) TimerEvent: {}
[144.646388] (-) TimerEvent: {}
[144.747133] (-) TimerEvent: {}
[144.847772] (-) TimerEvent: {}
[144.948453] (-) TimerEvent: {}
[145.049651] (-) TimerEvent: {}
[145.150365] (-) TimerEvent: {}
[145.251047] (-) TimerEvent: {}
[145.351813] (-) TimerEvent: {}
[145.452533] (-) TimerEvent: {}
[145.553241] (-) TimerEvent: {}
[145.654004] (-) TimerEvent: {}
[145.754865] (-) TimerEvent: {}
[145.856108] (-) TimerEvent: {}
[145.956852] (-) TimerEvent: {}
[146.057612] (-) TimerEvent: {}
[146.158798] (-) TimerEvent: {}
[146.260487] (-) TimerEvent: {}
[146.361169] (-) TimerEvent: {}
[146.461871] (-) TimerEvent: {}
[146.562564] (-) TimerEvent: {}
[146.663260] (-) TimerEvent: {}
[146.763956] (-) TimerEvent: {}
[146.864760] (-) TimerEvent: {}
[146.965503] (-) TimerEvent: {}
[147.066245] (-) TimerEvent: {}
[147.167002] (-) TimerEvent: {}
[147.267674] (-) TimerEvent: {}
[147.368456] (-) TimerEvent: {}
[147.469337] (-) TimerEvent: {}
[147.570217] (-) TimerEvent: {}
[147.671083] (-) TimerEvent: {}
[147.771858] (-) TimerEvent: {}
[147.872644] (-) TimerEvent: {}
[147.973384] (-) TimerEvent: {}
[148.074055] (-) TimerEvent: {}
[148.174743] (-) TimerEvent: {}
[148.275881] (-) TimerEvent: {}
[148.377128] (-) TimerEvent: {}
[148.477800] (-) TimerEvent: {}
[148.578505] (-) TimerEvent: {}
[148.679231] (-) TimerEvent: {}
[148.780147] (-) TimerEvent: {}
[148.880808] (-) TimerEvent: {}
[148.983490] (-) TimerEvent: {}
[149.084915] (-) TimerEvent: {}
[149.187229] (-) TimerEvent: {}
[149.289267] (-) TimerEvent: {}
[149.390027] (-) TimerEvent: {}
[149.491125] (-) TimerEvent: {}
[149.592079] (-) TimerEvent: {}
[149.692899] (-) TimerEvent: {}
[149.795061] (-) TimerEvent: {}
[149.896404] (-) TimerEvent: {}
[149.997382] (-) TimerEvent: {}
[150.098317] (-) TimerEvent: {}
[150.199121] (-) TimerEvent: {}
[150.301475] (-) TimerEvent: {}
[150.402148] (-) TimerEvent: {}
[150.502935] (-) TimerEvent: {}
[150.603604] (-) TimerEvent: {}
[150.704310] (-) TimerEvent: {}
[150.805002] (-) TimerEvent: {}
[150.905638] (-) TimerEvent: {}
[151.006289] (-) TimerEvent: {}
[151.106957] (-) TimerEvent: {}
[151.207619] (-) TimerEvent: {}
[151.308345] (-) TimerEvent: {}
[151.409115] (-) TimerEvent: {}
[151.509754] (-) TimerEvent: {}
[151.610383] (-) TimerEvent: {}
[151.712817] (-) TimerEvent: {}
[151.813489] (-) TimerEvent: {}
[151.914103] (-) TimerEvent: {}
[152.015995] (-) TimerEvent: {}
[152.116682] (-) TimerEvent: {}
[152.217358] (-) TimerEvent: {}
[152.318014] (-) TimerEvent: {}
[152.418688] (-) TimerEvent: {}
[152.519850] (-) TimerEvent: {}
[152.620554] (-) TimerEvent: {}
[152.721302] (-) TimerEvent: {}
[152.822397] (-) TimerEvent: {}
[152.837350] (grab_demo) StdoutLine: {'line': b'[ 51%] \x1b[32m\x1b[1mLinking CXX executable hand_eye\x1b[0m\n'}
[152.922625] (-) TimerEvent: {}
[153.023487] (-) TimerEvent: {}
[153.124136] (-) TimerEvent: {}
[153.224869] (-) TimerEvent: {}
[153.325757] (-) TimerEvent: {}
[153.426482] (-) TimerEvent: {}
[153.527148] (-) TimerEvent: {}
[153.627956] (-) TimerEvent: {}
[153.728764] (-) TimerEvent: {}
[153.830009] (-) TimerEvent: {}
[153.930692] (-) TimerEvent: {}
[154.031523] (-) TimerEvent: {}
[154.132344] (-) TimerEvent: {}
[154.233190] (-) TimerEvent: {}
[154.334028] (-) TimerEvent: {}
[154.434908] (-) TimerEvent: {}
[154.535798] (-) TimerEvent: {}
[154.636569] (-) TimerEvent: {}
[154.737390] (-) TimerEvent: {}
[154.838134] (-) TimerEvent: {}
[154.938875] (-) TimerEvent: {}
[155.039679] (-) TimerEvent: {}
[155.140386] (-) TimerEvent: {}
[155.241182] (-) TimerEvent: {}
[155.341832] (-) TimerEvent: {}
[155.442515] (-) TimerEvent: {}
[155.543526] (-) TimerEvent: {}
[155.644238] (-) TimerEvent: {}
[155.744852] (-) TimerEvent: {}
[155.845556] (-) TimerEvent: {}
[155.947651] (-) TimerEvent: {}
[156.029108] (grab_demo) StdoutLine: {'line': b'[ 51%] Built target hand_eye\n'}
[156.048488] (-) TimerEvent: {}
[156.149184] (-) TimerEvent: {}
[156.205420] (grab_demo) StdoutLine: {'line': b'[ 55%] Built target charuco_dectet_node\n'}
[156.249647] (-) TimerEvent: {}
[156.305944] (grab_demo) StdoutLine: {'line': b'[ 55%] Built target ament_cmake_python_copy_grab_demo\n'}
[156.349847] (-) TimerEvent: {}
[156.375346] (grab_demo) StdoutLine: {'line': b'[ 61%] Built target grab_demo__rosidl_generator_c\n'}
[156.450047] (-) TimerEvent: {}
[156.550945] (-) TimerEvent: {}
[156.651636] (-) TimerEvent: {}
[156.752297] (-) TimerEvent: {}
[156.852993] (-) TimerEvent: {}
[156.953647] (-) TimerEvent: {}
[157.054309] (-) TimerEvent: {}
[157.154946] (-) TimerEvent: {}
[157.255594] (-) TimerEvent: {}
[157.356204] (-) TimerEvent: {}
[157.456810] (-) TimerEvent: {}
[157.490768] (grab_demo) StdoutLine: {'line': b'running egg_info\n'}
[157.494026] (grab_demo) StdoutLine: {'line': b'writing grab_demo.egg-info/PKG-INFO\n'}
[157.495585] (grab_demo) StdoutLine: {'line': b'writing dependency_links to grab_demo.egg-info/dependency_links.txt\n'}
[157.496878] (grab_demo) StdoutLine: {'line': b'writing top-level names to grab_demo.egg-info/top_level.txt\n'}
[157.510764] (grab_demo) StdoutLine: {'line': b"reading manifest file 'grab_demo.egg-info/SOURCES.txt'\n"}
[157.513732] (grab_demo) StdoutLine: {'line': b"writing manifest file 'grab_demo.egg-info/SOURCES.txt'\n"}
[157.557004] (-) TimerEvent: {}
[157.597832] (grab_demo) StdoutLine: {'line': b'[ 61%] Built target ament_cmake_python_build_grab_demo_egg\n'}
[157.657194] (-) TimerEvent: {}
[157.698846] (grab_demo) StdoutLine: {'line': b'[ 68%] Built target grab_demo__rosidl_typesupport_c\n'}
[157.757369] (-) TimerEvent: {}
[157.821969] (grab_demo) StdoutLine: {'line': b'[ 74%] Built target grab_demo__rosidl_typesupport_introspection_c\n'}
[157.857550] (-) TimerEvent: {}
[157.893983] (grab_demo) StdoutLine: {'line': b'[ 80%] Built target grab_demo__rosidl_typesupport_fastrtps_c\n'}
[157.948328] (grab_demo) StdoutLine: {'line': b'[ 80%] Built target grab_demo\n'}
[157.957736] (-) TimerEvent: {}
[157.999616] (grab_demo) StdoutLine: {'line': b'[ 82%] Built target grab_demo__py\n'}
[158.057910] (-) TimerEvent: {}
[158.063492] (grab_demo) StdoutLine: {'line': b'[ 87%] Built target grab_demo__rosidl_generator_py\n'}
[158.131513] (grab_demo) StdoutLine: {'line': b'[ 91%] Built target grab_demo__rosidl_typesupport_fastrtps_c__pyext\n'}
[158.158245] (-) TimerEvent: {}
[158.192051] (grab_demo) StdoutLine: {'line': b'[ 95%] Built target grab_demo__rosidl_typesupport_c__pyext\n'}
[158.255675] (grab_demo) StdoutLine: {'line': b'[100%] Built target grab_demo__rosidl_typesupport_introspection_c__pyext\n'}
[158.258355] (-) TimerEvent: {}
[158.362166] (-) TimerEvent: {}
[158.402914] (grab_demo) CommandEnded: {'returncode': 0}
[158.465020] (-) TimerEvent: {}
[158.488026] (grab_demo) JobProgress: {'identifier': 'grab_demo', 'progress': 'install'}
[158.538009] (grab_demo) Command: {'cmd': ['/usr/bin/cmake', '--install', '/home/dxf/wheeltec_lebai_humble_2024_7_17/build/grab_demo'], 'cwd': '/home/dxf/wheeltec_lebai_humble_2024_7_17/build/grab_demo', 'env': OrderedDict([('SERVER_SCRIPT_PRODUCT', '/home/dxf/.trae-cn-server/bin/stable-50bad69080a46729d475d67c6fb73df1f0db72cc/product.json'), ('LESSOPEN', '| /usr/bin/lesspipe %s'), ('ARCH', 'aarch64'), ('SERVER_PACKAGE_NAME', 'Trae%20CN-linux-arm64-1075923943938_5.tar.gz'), ('LANGUAGE', 'zh_CN:en_US:en'), ('USER', 'dxf'), ('SSH_CLIENT', '192.168.0.66 59617 22'), ('LC_TIME', 'zh_CN.UTF-8'), ('DISTRO_COMMIT', '50bad69080a46729d475d67c6fb73df1f0db72cc'), ('XDG_SESSION_TYPE', 'tty'), ('GIT_ASKPASS', '/home/dxf/.trae-cn-server/bin/stable-50bad69080a46729d475d67c6fb73df1f0db72cc/extensions/git/dist/askpass.sh'), ('SERVER_LISTEN_FLAG', '--port=0'), ('MANAGER_LOGS_DIR', '/home/dxf/.trae-cn-server/manager-logs/1762494541861_630850'), ('SCRIPT_ID', 'd910a785e1d4e6a55e859ec1'), ('SHLVL', '1'), ('LD_LIBRARY_PATH', '/usr/local/opencv410/lib:/usr/local/lib:/opt/ros/humble/opt/rviz_ogre_vendor/lib:/opt/ros/humble/lib/aarch64-linux-gnu:/opt/ros/humble/lib:/usr/local/cuda-12.6/lib64:'), ('BROWSER', '/home/dxf/.trae-cn-server/bin/stable-50bad69080a46729d475d67c6fb73df1f0db72cc/bin/helpers/browser.sh'), ('MOTD_SHOWN', 'pam'), ('HOME', '/home/dxf'), ('OLDPWD', '/home/dxf/wheeltec_lebai_humble_2024_7_17'), ('TERM_PROGRAM_VERSION', '1.104.3'), ('SERVER_APP_NAME', 'Trae CN'), ('VSCODE_IPC_HOOK_CLI', '/run/user/1000/vscode-ipc-6e41cdda-3812-4663-a75b-bbf36d611538.sock'), ('OS_RELEASE_ID', 'ubuntu'), ('ROS_PYTHON_VERSION', '3'), ('TRAE_RESOLVE_TYPE', 'ssh'), ('VSCODE_GIT_ASKPASS_MAIN', '/home/dxf/.trae-cn-server/bin/stable-50bad69080a46729d475d67c6fb73df1f0db72cc/extensions/git/dist/askpass-main.js'), ('SERVER_DOWNLOAD_PREFIX', 'https://lf-cdn.trae.com.cn/obj/trae-com-cn/pkg/server/releases/stable/50bad69080a46729d475d67c6fb73df1f0db72cc/linux/'), ('LC_MONETARY', 'zh_CN.UTF-8'), ('VSCODE_GIT_ASKPASS_NODE', '/home/dxf/.trae-cn-server/bin/stable-50bad69080a46729d475d67c6fb73df1f0db72cc/node'), ('SERVER_DIR', '/home/dxf/.trae-cn-server/bin/stable-50bad69080a46729d475d67c6fb73df1f0db72cc'), ('DBUS_SESSION_BUS_ADDRESS', 'unix:path=/run/user/1000/bus'), ('COLORTERM', 'truecolor'), ('ROS_DISTRO', 'humble'), ('LOGNAME', 'dxf'), ('_', '/usr/bin/colcon'), ('ROS_VERSION', '2'), ('PKG_CONFIG_PATH', '/usr/local/opencv410/lib/pkgconfig:'), ('TRAE_REMOTE_SKIP_REMOTE_CHECK', ''), ('XDG_SESSION_CLASS', 'user'), ('TERM', 'xterm-256color'), ('DISTRO_VERSION', '1.104.3'), ('XDG_SESSION_ID', '27'), ('SERVER_INITIAL_EXTENSIONS', ''), ('EXTRACT_RETRY_COUNT', '0'), ('ROS_LOCALHOST_ONLY', '0'), ('vscode_base_dir', '/home/dxf/.trae-cn-server'), ('PATH', '/home/dxf/.trae-cn-server/bin/stable-50bad69080a46729d475d67c6fb73df1f0db72cc/bin/remote-cli:/opt/ros/humble/bin:/usr/local/cuda-12.6/bin:/usr/local/sbin:/usr/local/bin:/usr/sbin:/usr/bin:/sbin:/bin:/usr/games:/usr/local/games:/snap/bin'), ('PLATFORM', 'linux'), ('DISTRO_QUALITY', 'stable'), ('PAPERSIZE', 'a4'), ('LC_ADDRESS', 'zh_CN.UTF-8'), ('XDG_RUNTIME_DIR', '/run/user/1000'), ('SERVER_SCRIPT', '/home/dxf/.trae-cn-server/bin/stable-50bad69080a46729d475d67c6fb73df1f0db72cc/index_trae.js'), ('LANG', 'zh_CN.UTF-8'), ('SERVER_PIDFILE', '/home/dxf/.trae-cn-server/.stable-50bad69080a46729d475d67c6fb73df1f0db72cc.pid'), ('LC_TELEPHONE', 'zh_CN.UTF-8'), ('SERVER_LOGS_DIR', '/home/dxf/.trae-cn-server/logs'), ('LS_COLORS', ''), ('DOWNLOAD_RETRY_COUNT', '0'), ('VSCODE_GIT_IPC_HANDLE', '/run/user/1000/vscode-git-e29e9b3e5a.sock'), ('TERM_PROGRAM', 'vscode'), ('AMENT_PREFIX_PATH', '/opt/ros/humble'), ('SHELL', '/bin/bash'), ('LC_NAME', 'zh_CN.UTF-8'), ('SERVER_HOST', '127.0.0.1'), ('LESSCLOSE', '/usr/bin/lesspipe %s %s'), ('SERVER_LOGFILE', '/home/dxf/.trae-cn-server/.stable-50bad69080a46729d475d67c6fb73df1f0db72cc.log'), ('LC_MEASUREMENT', 'zh_CN.UTF-8'), ('DISTRO_VSCODIUM_RELEASE', ''), ('TMP_DIR', '/run/user/1000'), ('OpenCV_DIR', '/usr/local/opencv410/lib/cmake/opencv4'), ('LC_IDENTIFICATION', 'zh_CN.UTF-8'), ('SERVER_TOKENFILE', '/home/dxf/.trae-cn-server/.stable-50bad69080a46729d475d67c6fb73df1f0db72cc.token'), ('VSCODE_GIT_ASKPASS_EXTRA_ARGS', ''), ('VSCODE_NONCE', '41bd1c8f-00c5-46cc-82d6-8c246f4d7799'), ('TRAE_REMOTE_EXTENSION_REGION', 'cn'), ('SERVER_EXTENSIONS_DIR', '/home/dxf/.trae-cn-server/extensions'), ('PWD', '/home/dxf/wheeltec_lebai_humble_2024_7_17/build/grab_demo'), ('SERVER_APP_VERSION', ''), ('TERM_PRODUCT', 'Trae'), ('SSH_CONNECTION', '192.168.0.66 59617 192.168.0.100 22'), ('XDG_DATA_DIRS', '/usr/share/gnome:/usr/local/share:/usr/share:/var/lib/snapd/desktop'), ('SERVER_ARCH', 'arm64'), ('PYTHONPATH', '/opt/ros/humble/lib/python3.10/site-packages:/opt/ros/humble/local/lib/python3.10/dist-packages'), ('LC_NUMERIC', 'zh_CN.UTF-8'), ('LC_PAPER', 'zh_CN.UTF-8'), ('TRAE_DETECT_REGION', 'CN'), ('COLCON', '1'), ('SERVER_APP_QUALITY', 'dev'), ('SERVER_DATA_DIR', '/home/dxf/.trae-cn-server'), ('REMOTE_VERSION', '1075923943938_5'), ('CMAKE_PREFIX_PATH', '/usr/local/opencv410::/opt/ros/humble')]), 'shell': False}
[158.565341] (-) TimerEvent: {}
[158.580595] (grab_demo) StdoutLine: {'line': b'-- Install configuration: "Debug"\n'}
[158.582197] (grab_demo) StdoutLine: {'line': b'-- Up-to-date: /home/dxf/wheeltec_lebai_humble_2024_7_17/install/grab_demo/share/ament_index/resource_index/rosidl_interfaces/grab_demo\n'}
[158.582565] (grab_demo) StdoutLine: {'line': b'-- Up-to-date: /home/dxf/wheeltec_lebai_humble_2024_7_17/install/grab_demo/include/grab_demo/grab_demo\n'}
[158.582866] (grab_demo) StdoutLine: {'line': b'-- Up-to-date: /home/dxf/wheeltec_lebai_humble_2024_7_17/install/grab_demo/include/grab_demo/grab_demo/msg\n'}
[158.583270] (grab_demo) StdoutLine: {'line': b'-- Up-to-date: /home/dxf/wheeltec_lebai_humble_2024_7_17/install/grab_demo/include/grab_demo/grab_demo/msg/rosidl_generator_c__visibility_control.h\n'}
[158.583555] (grab_demo) StdoutLine: {'line': b'-- Up-to-date: /home/dxf/wheeltec_lebai_humble_2024_7_17/install/grab_demo/include/grab_demo/grab_demo/srv\n'}
[158.583818] (grab_demo) StdoutLine: {'line': b'-- Up-to-date: /home/dxf/wheeltec_lebai_humble_2024_7_17/install/grab_demo/include/grab_demo/grab_demo/srv/grab_object.h\n'}
[158.584082] (grab_demo) StdoutLine: {'line': b'-- Up-to-date: /home/dxf/wheeltec_lebai_humble_2024_7_17/install/grab_demo/include/grab_demo/grab_demo/srv/detail\n'}
[158.584242] (grab_demo) StdoutLine: {'line': b'-- Up-to-date: /home/dxf/wheeltec_lebai_humble_2024_7_17/install/grab_demo/include/grab_demo/grab_demo/srv/detail/grab_object__struct.h\n'}
[158.584393] (grab_demo) StdoutLine: {'line': b'-- Up-to-date: /home/dxf/wheeltec_lebai_humble_2024_7_17/install/grab_demo/include/grab_demo/grab_demo/srv/detail/grab_object__type_support.h\n'}
[158.584541] (grab_demo) StdoutLine: {'line': b'-- Up-to-date: /home/dxf/wheeltec_lebai_humble_2024_7_17/install/grab_demo/include/grab_demo/grab_demo/srv/detail/grab_object__functions.c\n'}
[158.585253] (grab_demo) StdoutLine: {'line': b'-- Up-to-date: /home/dxf/wheeltec_lebai_humble_2024_7_17/install/grab_demo/include/grab_demo/grab_demo/srv/detail/grab_object__functions.h\n'}
[158.585545] (grab_demo) StdoutLine: {'line': b'-- Up-to-date: /home/dxf/wheeltec_lebai_humble_2024_7_17/install/grab_demo/share/grab_demo/environment/library_path.sh\n'}
[158.585758] (grab_demo) StdoutLine: {'line': b'-- Up-to-date: /home/dxf/wheeltec_lebai_humble_2024_7_17/install/grab_demo/share/grab_demo/environment/library_path.dsv\n'}
[158.587345] (grab_demo) StdoutLine: {'line': b'-- Up-to-date: /home/dxf/wheeltec_lebai_humble_2024_7_17/install/grab_demo/lib/libgrab_demo__rosidl_generator_c.so\n'}
[158.587589] (grab_demo) StdoutLine: {'line': b'-- Up-to-date: /home/dxf/wheeltec_lebai_humble_2024_7_17/install/grab_demo/include/grab_demo/grab_demo\n'}
[158.587905] (grab_demo) StdoutLine: {'line': b'-- Up-to-date: /home/dxf/wheeltec_lebai_humble_2024_7_17/install/grab_demo/include/grab_demo/grab_demo/msg\n'}
[158.588087] (grab_demo) StdoutLine: {'line': b'-- Up-to-date: /home/dxf/wheeltec_lebai_humble_2024_7_17/install/grab_demo/include/grab_demo/grab_demo/msg/rosidl_typesupport_fastrtps_c__visibility_control.h\n'}
[158.588448] (grab_demo) StdoutLine: {'line': b'-- Up-to-date: /home/dxf/wheeltec_lebai_humble_2024_7_17/install/grab_demo/include/grab_demo/grab_demo/srv\n'}
[158.588727] (grab_demo) StdoutLine: {'line': b'-- Up-to-date: /home/dxf/wheeltec_lebai_humble_2024_7_17/install/grab_demo/include/grab_demo/grab_demo/srv/detail\n'}
[158.589095] (grab_demo) StdoutLine: {'line': b'-- Up-to-date: /home/dxf/wheeltec_lebai_humble_2024_7_17/install/grab_demo/include/grab_demo/grab_demo/srv/detail/grab_object__rosidl_typesupport_fastrtps_c.h\n'}
[158.589554] (grab_demo) StdoutLine: {'line': b'-- Up-to-date: /home/dxf/wheeltec_lebai_humble_2024_7_17/install/grab_demo/lib/libgrab_demo__rosidl_typesupport_fastrtps_c.so\n'}
[158.590323] (grab_demo) StdoutLine: {'line': b'-- Up-to-date: /home/dxf/wheeltec_lebai_humble_2024_7_17/install/grab_demo/include/grab_demo/grab_demo\n'}
[158.590817] (grab_demo) StdoutLine: {'line': b'-- Up-to-date: /home/dxf/wheeltec_lebai_humble_2024_7_17/install/grab_demo/include/grab_demo/grab_demo/msg\n'}
[158.591084] (grab_demo) StdoutLine: {'line': b'-- Up-to-date: /home/dxf/wheeltec_lebai_humble_2024_7_17/install/grab_demo/include/grab_demo/grab_demo/msg/rosidl_generator_cpp__visibility_control.hpp\n'}
[158.591248] (grab_demo) StdoutLine: {'line': b'-- Up-to-date: /home/dxf/wheeltec_lebai_humble_2024_7_17/install/grab_demo/include/grab_demo/grab_demo/srv\n'}
[158.591711] (grab_demo) StdoutLine: {'line': b'-- Up-to-date: /home/dxf/wheeltec_lebai_humble_2024_7_17/install/grab_demo/include/grab_demo/grab_demo/srv/detail\n'}
[158.591871] (grab_demo) StdoutLine: {'line': b'-- Up-to-date: /home/dxf/wheeltec_lebai_humble_2024_7_17/install/grab_demo/include/grab_demo/grab_demo/srv/detail/grab_object__traits.hpp\n'}
[158.592017] (grab_demo) StdoutLine: {'line': b'-- Up-to-date: /home/dxf/wheeltec_lebai_humble_2024_7_17/install/grab_demo/include/grab_demo/grab_demo/srv/detail/grab_object__type_support.hpp\n'}
[158.592260] (grab_demo) StdoutLine: {'line': b'-- Up-to-date: /home/dxf/wheeltec_lebai_humble_2024_7_17/install/grab_demo/include/grab_demo/grab_demo/srv/detail/grab_object__builder.hpp\n'}
[158.592403] (grab_demo) StdoutLine: {'line': b'-- Up-to-date: /home/dxf/wheeltec_lebai_humble_2024_7_17/install/grab_demo/include/grab_demo/grab_demo/srv/detail/grab_object__struct.hpp\n'}
[158.592546] (grab_demo) StdoutLine: {'line': b'-- Up-to-date: /home/dxf/wheeltec_lebai_humble_2024_7_17/install/grab_demo/include/grab_demo/grab_demo/srv/grab_object.hpp\n'}
[158.592768] (grab_demo) StdoutLine: {'line': b'-- Up-to-date: /home/dxf/wheeltec_lebai_humble_2024_7_17/install/grab_demo/include/grab_demo/grab_demo\n'}
[158.592973] (grab_demo) StdoutLine: {'line': b'-- Up-to-date: /home/dxf/wheeltec_lebai_humble_2024_7_17/install/grab_demo/include/grab_demo/grab_demo/msg\n'}
[158.593119] (grab_demo) StdoutLine: {'line': b'-- Up-to-date: /home/dxf/wheeltec_lebai_humble_2024_7_17/install/grab_demo/include/grab_demo/grab_demo/msg/rosidl_typesupport_fastrtps_cpp__visibility_control.h\n'}
[158.593462] (grab_demo) StdoutLine: {'line': b'-- Up-to-date: /home/dxf/wheeltec_lebai_humble_2024_7_17/install/grab_demo/include/grab_demo/grab_demo/srv\n'}
[158.593898] (grab_demo) StdoutLine: {'line': b'-- Up-to-date: /home/dxf/wheeltec_lebai_humble_2024_7_17/install/grab_demo/include/grab_demo/grab_demo/srv/detail\n'}
[158.594223] (grab_demo) StdoutLine: {'line': b'-- Up-to-date: /home/dxf/wheeltec_lebai_humble_2024_7_17/install/grab_demo/include/grab_demo/grab_demo/srv/detail/dds_fastrtps\n'}
[158.594400] (grab_demo) StdoutLine: {'line': b'-- Up-to-date: /home/dxf/wheeltec_lebai_humble_2024_7_17/install/grab_demo/include/grab_demo/grab_demo/srv/detail/grab_object__rosidl_typesupport_fastrtps_cpp.hpp\n'}
[158.594562] (grab_demo) StdoutLine: {'line': b'-- Up-to-date: /home/dxf/wheeltec_lebai_humble_2024_7_17/install/grab_demo/lib/libgrab_demo__rosidl_typesupport_fastrtps_cpp.so\n'}
[158.594852] (grab_demo) StdoutLine: {'line': b'-- Up-to-date: /home/dxf/wheeltec_lebai_humble_2024_7_17/install/grab_demo/include/grab_demo/grab_demo\n'}
[158.595083] (grab_demo) StdoutLine: {'line': b'-- Up-to-date: /home/dxf/wheeltec_lebai_humble_2024_7_17/install/grab_demo/include/grab_demo/grab_demo/msg\n'}
[158.595270] (grab_demo) StdoutLine: {'line': b'-- Up-to-date: /home/dxf/wheeltec_lebai_humble_2024_7_17/install/grab_demo/include/grab_demo/grab_demo/msg/rosidl_typesupport_introspection_c__visibility_control.h\n'}
[158.595419] (grab_demo) StdoutLine: {'line': b'-- Up-to-date: /home/dxf/wheeltec_lebai_humble_2024_7_17/install/grab_demo/include/grab_demo/grab_demo/srv\n'}
[158.595561] (grab_demo) StdoutLine: {'line': b'-- Up-to-date: /home/dxf/wheeltec_lebai_humble_2024_7_17/install/grab_demo/include/grab_demo/grab_demo/srv/detail\n'}
[158.595809] (grab_demo) StdoutLine: {'line': b'-- Up-to-date: /home/dxf/wheeltec_lebai_humble_2024_7_17/install/grab_demo/include/grab_demo/grab_demo/srv/detail/grab_object__type_support.c\n'}
[158.595952] (grab_demo) StdoutLine: {'line': b'-- Up-to-date: /home/dxf/wheeltec_lebai_humble_2024_7_17/install/grab_demo/include/grab_demo/grab_demo/srv/detail/grab_object__rosidl_typesupport_introspection_c.h\n'}
[158.596095] (grab_demo) StdoutLine: {'line': b'-- Up-to-date: /home/dxf/wheeltec_lebai_humble_2024_7_17/install/grab_demo/lib/libgrab_demo__rosidl_typesupport_introspection_c.so\n'}
[158.596232] (grab_demo) StdoutLine: {'line': b'-- Up-to-date: /home/dxf/wheeltec_lebai_humble_2024_7_17/install/grab_demo/lib/libgrab_demo__rosidl_typesupport_c.so\n'}
[158.596531] (grab_demo) StdoutLine: {'line': b'-- Up-to-date: /home/dxf/wheeltec_lebai_humble_2024_7_17/install/grab_demo/include/grab_demo/grab_demo\n'}
[158.596856] (grab_demo) StdoutLine: {'line': b'-- Up-to-date: /home/dxf/wheeltec_lebai_humble_2024_7_17/install/grab_demo/include/grab_demo/grab_demo/srv\n'}
[158.597091] (grab_demo) StdoutLine: {'line': b'-- Up-to-date: /home/dxf/wheeltec_lebai_humble_2024_7_17/install/grab_demo/include/grab_demo/grab_demo/srv/detail\n'}
[158.597404] (grab_demo) StdoutLine: {'line': b'-- Up-to-date: /home/dxf/wheeltec_lebai_humble_2024_7_17/install/grab_demo/include/grab_demo/grab_demo/srv/detail/grab_object__rosidl_typesupport_introspection_cpp.hpp\n'}
[158.597563] (grab_demo) StdoutLine: {'line': b'-- Up-to-date: /home/dxf/wheeltec_lebai_humble_2024_7_17/install/grab_demo/include/grab_demo/grab_demo/srv/detail/grab_object__type_support.cpp\n'}
[158.598355] (grab_demo) StdoutLine: {'line': b'-- Up-to-date: /home/dxf/wheeltec_lebai_humble_2024_7_17/install/grab_demo/lib/libgrab_demo__rosidl_typesupport_introspection_cpp.so\n'}
[158.599297] (grab_demo) StdoutLine: {'line': b'-- Up-to-date: /home/dxf/wheeltec_lebai_humble_2024_7_17/install/grab_demo/lib/libgrab_demo__rosidl_typesupport_cpp.so\n'}
[158.600236] (grab_demo) StdoutLine: {'line': b'-- Up-to-date: /home/dxf/wheeltec_lebai_humble_2024_7_17/install/grab_demo/share/grab_demo/environment/pythonpath.sh\n'}
[158.600551] (grab_demo) StdoutLine: {'line': b'-- Up-to-date: /home/dxf/wheeltec_lebai_humble_2024_7_17/install/grab_demo/share/grab_demo/environment/pythonpath.dsv\n'}
[158.600814] (grab_demo) StdoutLine: {'line': b'-- Up-to-date: /home/dxf/wheeltec_lebai_humble_2024_7_17/install/grab_demo/local/lib/python3.10/dist-packages/grab_demo-0.0.0-py3.10.egg-info\n'}
[158.601006] (grab_demo) StdoutLine: {'line': b'-- Installing: /home/dxf/wheeltec_lebai_humble_2024_7_17/install/grab_demo/local/lib/python3.10/dist-packages/grab_demo-0.0.0-py3.10.egg-info/dependency_links.txt\n'}
[158.601380] (grab_demo) StdoutLine: {'line': b'-- Installing: /home/dxf/wheeltec_lebai_humble_2024_7_17/install/grab_demo/local/lib/python3.10/dist-packages/grab_demo-0.0.0-py3.10.egg-info/PKG-INFO\n'}
[158.601763] (grab_demo) StdoutLine: {'line': b'-- Installing: /home/dxf/wheeltec_lebai_humble_2024_7_17/install/grab_demo/local/lib/python3.10/dist-packages/grab_demo-0.0.0-py3.10.egg-info/top_level.txt\n'}
[158.602172] (grab_demo) StdoutLine: {'line': b'-- Installing: /home/dxf/wheeltec_lebai_humble_2024_7_17/install/grab_demo/local/lib/python3.10/dist-packages/grab_demo-0.0.0-py3.10.egg-info/SOURCES.txt\n'}
[158.602503] (grab_demo) StdoutLine: {'line': b'-- Up-to-date: /home/dxf/wheeltec_lebai_humble_2024_7_17/install/grab_demo/local/lib/python3.10/dist-packages/grab_demo\n'}
[158.602843] (grab_demo) StdoutLine: {'line': b'-- Up-to-date: /home/dxf/wheeltec_lebai_humble_2024_7_17/install/grab_demo/local/lib/python3.10/dist-packages/grab_demo/libgrab_demo__rosidl_generator_py.so\n'}
[158.604094] (grab_demo) StdoutLine: {'line': b'-- Up-to-date: /home/dxf/wheeltec_lebai_humble_2024_7_17/install/grab_demo/local/lib/python3.10/dist-packages/grab_demo/_grab_demo_s.ep.rosidl_typesupport_c.c\n'}
[158.604359] (grab_demo) StdoutLine: {'line': b'-- Up-to-date: /home/dxf/wheeltec_lebai_humble_2024_7_17/install/grab_demo/local/lib/python3.10/dist-packages/grab_demo/__init__.py\n'}
[158.604554] (grab_demo) StdoutLine: {'line': b'-- Up-to-date: /home/dxf/wheeltec_lebai_humble_2024_7_17/install/grab_demo/local/lib/python3.10/dist-packages/grab_demo/_grab_demo_s.ep.rosidl_typesupport_introspection_c.c\n'}
[158.604733] (grab_demo) StdoutLine: {'line': b'-- Up-to-date: /home/dxf/wheeltec_lebai_humble_2024_7_17/install/grab_demo/local/lib/python3.10/dist-packages/grab_demo/_grab_demo_s.ep.rosidl_typesupport_fastrtps_c.c\n'}
[158.605183] (grab_demo) StdoutLine: {'line': b'-- Up-to-date: /home/dxf/wheeltec_lebai_humble_2024_7_17/install/grab_demo/local/lib/python3.10/dist-packages/grab_demo/grab_demo_s__rosidl_typesupport_introspection_c.cpython-310-aarch64-linux-gnu.so\n'}
[158.605445] (grab_demo) StdoutLine: {'line': b'-- Up-to-date: /home/dxf/wheeltec_lebai_humble_2024_7_17/install/grab_demo/local/lib/python3.10/dist-packages/grab_demo/grab_demo_s__rosidl_typesupport_c.cpython-310-aarch64-linux-gnu.so\n'}
[158.605607] (grab_demo) StdoutLine: {'line': b'-- Up-to-date: /home/dxf/wheeltec_lebai_humble_2024_7_17/install/grab_demo/local/lib/python3.10/dist-packages/grab_demo/srv\n'}
[158.605754] (grab_demo) StdoutLine: {'line': b'-- Up-to-date: /home/dxf/wheeltec_lebai_humble_2024_7_17/install/grab_demo/local/lib/python3.10/dist-packages/grab_demo/srv/__init__.py\n'}
[158.605900] (grab_demo) StdoutLine: {'line': b'-- Up-to-date: /home/dxf/wheeltec_lebai_humble_2024_7_17/install/grab_demo/local/lib/python3.10/dist-packages/grab_demo/srv/_grab_object.py\n'}
[158.606042] (grab_demo) StdoutLine: {'line': b'-- Up-to-date: /home/dxf/wheeltec_lebai_humble_2024_7_17/install/grab_demo/local/lib/python3.10/dist-packages/grab_demo/srv/_grab_object_s.c\n'}
[158.606177] (grab_demo) StdoutLine: {'line': b'-- Up-to-date: /home/dxf/wheeltec_lebai_humble_2024_7_17/install/grab_demo/local/lib/python3.10/dist-packages/grab_demo/grab_demo_s__rosidl_typesupport_fastrtps_c.cpython-310-aarch64-linux-gnu.so\n'}
[158.665511] (-) TimerEvent: {}
[158.687718] (grab_demo) StdoutLine: {'line': b"Listing '/home/dxf/wheeltec_lebai_humble_2024_7_17/install/grab_demo/local/lib/python3.10/dist-packages/grab_demo'...\n"}
[158.688271] (grab_demo) StdoutLine: {'line': b"Listing '/home/dxf/wheeltec_lebai_humble_2024_7_17/install/grab_demo/local/lib/python3.10/dist-packages/grab_demo/srv'...\n"}
[158.702065] (grab_demo) StdoutLine: {'line': b'-- Up-to-date: /home/dxf/wheeltec_lebai_humble_2024_7_17/install/grab_demo/local/lib/python3.10/dist-packages/grab_demo/grab_demo_s__rosidl_typesupport_fastrtps_c.cpython-310-aarch64-linux-gnu.so\n'}
[158.703360] (grab_demo) StdoutLine: {'line': b'-- Up-to-date: /home/dxf/wheeltec_lebai_humble_2024_7_17/install/grab_demo/local/lib/python3.10/dist-packages/grab_demo/grab_demo_s__rosidl_typesupport_introspection_c.cpython-310-aarch64-linux-gnu.so\n'}
[158.705140] (grab_demo) StdoutLine: {'line': b'-- Up-to-date: /home/dxf/wheeltec_lebai_humble_2024_7_17/install/grab_demo/local/lib/python3.10/dist-packages/grab_demo/grab_demo_s__rosidl_typesupport_c.cpython-310-aarch64-linux-gnu.so\n'}
[158.711488] (grab_demo) StdoutLine: {'line': b'-- Up-to-date: /home/dxf/wheeltec_lebai_humble_2024_7_17/install/grab_demo/lib/libgrab_demo__rosidl_generator_py.so\n'}
[158.713107] (grab_demo) StdoutLine: {'line': b'-- Up-to-date: /home/dxf/wheeltec_lebai_humble_2024_7_17/install/grab_demo/share/grab_demo/srv/GrabObject.idl\n'}
[158.713439] (grab_demo) StdoutLine: {'line': b'-- Up-to-date: /home/dxf/wheeltec_lebai_humble_2024_7_17/install/grab_demo/share/grab_demo/srv/GrabObject.srv\n'}
[158.713693] (grab_demo) StdoutLine: {'line': b'-- Up-to-date: /home/dxf/wheeltec_lebai_humble_2024_7_17/install/grab_demo/share/grab_demo/srv/GrabObject_Request.msg\n'}
[158.713871] (grab_demo) StdoutLine: {'line': b'-- Up-to-date: /home/dxf/wheeltec_lebai_humble_2024_7_17/install/grab_demo/share/grab_demo/srv/GrabObject_Response.msg\n'}
[158.717738] (grab_demo) StdoutLine: {'line': b'-- Up-to-date: /home/dxf/wheeltec_lebai_humble_2024_7_17/install/grab_demo/lib/grab_demo/charuco_dectet_node\n'}
[158.718701] (grab_demo) StdoutLine: {'line': b'-- Installing: /home/dxf/wheeltec_lebai_humble_2024_7_17/install/grab_demo/lib/grab_demo/hand_eye\n'}
[158.765725] (-) TimerEvent: {}
[158.780348] (grab_demo) StdoutLine: {'line': b'-- Set runtime path of "/home/dxf/wheeltec_lebai_humble_2024_7_17/install/grab_demo/lib/grab_demo/hand_eye" to ""\n'}
[158.781294] (grab_demo) StdoutLine: {'line': b'-- Up-to-date: /home/dxf/wheeltec_lebai_humble_2024_7_17/install/grab_demo/lib/grab_demo/hsv_range\n'}
[158.784045] (grab_demo) StdoutLine: {'line': b'-- Up-to-date: /home/dxf/wheeltec_lebai_humble_2024_7_17/install/grab_demo/lib/grab_demo/aruco_dectet\n'}
[158.785372] (grab_demo) StdoutLine: {'line': b'-- Up-to-date: /home/dxf/wheeltec_lebai_humble_2024_7_17/install/grab_demo/lib/grab_demo/grab_service_node\n'}
[158.786945] (grab_demo) StdoutLine: {'line': b'-- Up-to-date: /home/dxf/wheeltec_lebai_humble_2024_7_17/install/grab_demo/lib/grab_demo/start_grab\n'}
[158.789948] (grab_demo) StdoutLine: {'line': b'-- Up-to-date: /home/dxf/wheeltec_lebai_humble_2024_7_17/install/grab_demo/lib/grab_demo/camera_info_node\n'}
[158.792490] (grab_demo) StdoutLine: {'line': b'-- Up-to-date: /home/dxf/wheeltec_lebai_humble_2024_7_17/install/grab_demo/lib/grab_demo/nav_grab\n'}
[158.793088] (grab_demo) StdoutLine: {'line': b'-- Up-to-date: /home/dxf/wheeltec_lebai_humble_2024_7_17/install/grab_demo/share/grab_demo/launch\n'}
[158.793494] (grab_demo) StdoutLine: {'line': b'-- Up-to-date: /home/dxf/wheeltec_lebai_humble_2024_7_17/install/grab_demo/share/grab_demo/launch/__pycache__\n'}
[158.794186] (grab_demo) StdoutLine: {'line': b'-- Up-to-date: /home/dxf/wheeltec_lebai_humble_2024_7_17/install/grab_demo/share/grab_demo/launch/__pycache__/start_grab.launch.cpython-310.pyc\n'}
[158.794515] (grab_demo) StdoutLine: {'line': b'-- Up-to-date: /home/dxf/wheeltec_lebai_humble_2024_7_17/install/grab_demo/share/grab_demo/launch/start_grab.launch.py\n'}
[158.794787] (grab_demo) StdoutLine: {'line': b'-- Up-to-date: /home/dxf/wheeltec_lebai_humble_2024_7_17/install/grab_demo/share/grab_demo/launch/hand_eye.launch.py\n'}
[158.794988] (grab_demo) StdoutLine: {'line': b'-- Up-to-date: /home/dxf/wheeltec_lebai_humble_2024_7_17/install/grab_demo/share/grab_demo/launch/color_grab.launch.py\n'}
[158.795155] (grab_demo) StdoutLine: {'line': b'-- Up-to-date: /home/dxf/wheeltec_lebai_humble_2024_7_17/install/grab_demo/share/grab_demo/launch/aruco_grab.launch.py\n'}
[158.795525] (grab_demo) StdoutLine: {'line': b'-- Up-to-date: /home/dxf/wheeltec_lebai_humble_2024_7_17/install/grab_demo/share/ament_index/resource_index/package_run_dependencies/grab_demo\n'}
[158.795917] (grab_demo) StdoutLine: {'line': b'-- Up-to-date: /home/dxf/wheeltec_lebai_humble_2024_7_17/install/grab_demo/share/ament_index/resource_index/parent_prefix_path/grab_demo\n'}
[158.796560] (grab_demo) StdoutLine: {'line': b'-- Up-to-date: /home/dxf/wheeltec_lebai_humble_2024_7_17/install/grab_demo/share/grab_demo/environment/ament_prefix_path.sh\n'}
[158.797249] (grab_demo) StdoutLine: {'line': b'-- Up-to-date: /home/dxf/wheeltec_lebai_humble_2024_7_17/install/grab_demo/share/grab_demo/environment/ament_prefix_path.dsv\n'}
[158.797438] (grab_demo) StdoutLine: {'line': b'-- Up-to-date: /home/dxf/wheeltec_lebai_humble_2024_7_17/install/grab_demo/share/grab_demo/environment/path.sh\n'}
[158.797623] (grab_demo) StdoutLine: {'line': b'-- Up-to-date: /home/dxf/wheeltec_lebai_humble_2024_7_17/install/grab_demo/share/grab_demo/environment/path.dsv\n'}
[158.797788] (grab_demo) StdoutLine: {'line': b'-- Up-to-date: /home/dxf/wheeltec_lebai_humble_2024_7_17/install/grab_demo/share/grab_demo/local_setup.bash\n'}
[158.797941] (grab_demo) StdoutLine: {'line': b'-- Up-to-date: /home/dxf/wheeltec_lebai_humble_2024_7_17/install/grab_demo/share/grab_demo/local_setup.sh\n'}
[158.798233] (grab_demo) StdoutLine: {'line': b'-- Up-to-date: /home/dxf/wheeltec_lebai_humble_2024_7_17/install/grab_demo/share/grab_demo/local_setup.zsh\n'}
[158.798409] (grab_demo) StdoutLine: {'line': b'-- Up-to-date: /home/dxf/wheeltec_lebai_humble_2024_7_17/install/grab_demo/share/grab_demo/local_setup.dsv\n'}
[158.798569] (grab_demo) StdoutLine: {'line': b'-- Installing: /home/dxf/wheeltec_lebai_humble_2024_7_17/install/grab_demo/share/grab_demo/package.dsv\n'}
[158.798911] (grab_demo) StdoutLine: {'line': b'-- Up-to-date: /home/dxf/wheeltec_lebai_humble_2024_7_17/install/grab_demo/share/ament_index/resource_index/packages/grab_demo\n'}
[158.799921] (grab_demo) StdoutLine: {'line': b'-- Up-to-date: /home/dxf/wheeltec_lebai_humble_2024_7_17/install/grab_demo/share/grab_demo/cmake/export_grab_demo__rosidl_generator_cExport.cmake\n'}
[158.800287] (grab_demo) StdoutLine: {'line': b'-- Up-to-date: /home/dxf/wheeltec_lebai_humble_2024_7_17/install/grab_demo/share/grab_demo/cmake/export_grab_demo__rosidl_generator_cExport-debug.cmake\n'}
[158.804425] (grab_demo) StdoutLine: {'line': b'-- Up-to-date: /home/dxf/wheeltec_lebai_humble_2024_7_17/install/grab_demo/share/grab_demo/cmake/export_grab_demo__rosidl_typesupport_fastrtps_cExport.cmake\n'}
[158.805466] (grab_demo) StdoutLine: {'line': b'-- Up-to-date: /home/dxf/wheeltec_lebai_humble_2024_7_17/install/grab_demo/share/grab_demo/cmake/export_grab_demo__rosidl_typesupport_fastrtps_cExport-debug.cmake\n'}
[158.806043] (grab_demo) StdoutLine: {'line': b'-- Up-to-date: /home/dxf/wheeltec_lebai_humble_2024_7_17/install/grab_demo/share/grab_demo/cmake/export_grab_demo__rosidl_generator_cppExport.cmake\n'}
[158.806699] (grab_demo) StdoutLine: {'line': b'-- Up-to-date: /home/dxf/wheeltec_lebai_humble_2024_7_17/install/grab_demo/share/grab_demo/cmake/export_grab_demo__rosidl_typesupport_fastrtps_cppExport.cmake\n'}
[158.807080] (grab_demo) StdoutLine: {'line': b'-- Up-to-date: /home/dxf/wheeltec_lebai_humble_2024_7_17/install/grab_demo/share/grab_demo/cmake/export_grab_demo__rosidl_typesupport_fastrtps_cppExport-debug.cmake\n'}
[158.807753] (grab_demo) StdoutLine: {'line': b'-- Up-to-date: /home/dxf/wheeltec_lebai_humble_2024_7_17/install/grab_demo/share/grab_demo/cmake/grab_demo__rosidl_typesupport_introspection_cExport.cmake\n'}
[158.808342] (grab_demo) StdoutLine: {'line': b'-- Up-to-date: /home/dxf/wheeltec_lebai_humble_2024_7_17/install/grab_demo/share/grab_demo/cmake/grab_demo__rosidl_typesupport_introspection_cExport-debug.cmake\n'}
[158.808729] (grab_demo) StdoutLine: {'line': b'-- Up-to-date: /home/dxf/wheeltec_lebai_humble_2024_7_17/install/grab_demo/share/grab_demo/cmake/grab_demo__rosidl_typesupport_cExport.cmake\n'}
[158.809328] (grab_demo) StdoutLine: {'line': b'-- Up-to-date: /home/dxf/wheeltec_lebai_humble_2024_7_17/install/grab_demo/share/grab_demo/cmake/grab_demo__rosidl_typesupport_cExport-debug.cmake\n'}
[158.809680] (grab_demo) StdoutLine: {'line': b'-- Up-to-date: /home/dxf/wheeltec_lebai_humble_2024_7_17/install/grab_demo/share/grab_demo/cmake/grab_demo__rosidl_typesupport_introspection_cppExport.cmake\n'}
[158.810308] (grab_demo) StdoutLine: {'line': b'-- Up-to-date: /home/dxf/wheeltec_lebai_humble_2024_7_17/install/grab_demo/share/grab_demo/cmake/grab_demo__rosidl_typesupport_introspection_cppExport-debug.cmake\n'}
[158.810730] (grab_demo) StdoutLine: {'line': b'-- Up-to-date: /home/dxf/wheeltec_lebai_humble_2024_7_17/install/grab_demo/share/grab_demo/cmake/grab_demo__rosidl_typesupport_cppExport.cmake\n'}
[158.811110] (grab_demo) StdoutLine: {'line': b'-- Up-to-date: /home/dxf/wheeltec_lebai_humble_2024_7_17/install/grab_demo/share/grab_demo/cmake/grab_demo__rosidl_typesupport_cppExport-debug.cmake\n'}
[158.812375] (grab_demo) StdoutLine: {'line': b'-- Up-to-date: /home/dxf/wheeltec_lebai_humble_2024_7_17/install/grab_demo/share/grab_demo/cmake/export_grab_demo__rosidl_generator_pyExport.cmake\n'}
[158.813158] (grab_demo) StdoutLine: {'line': b'-- Up-to-date: /home/dxf/wheeltec_lebai_humble_2024_7_17/install/grab_demo/share/grab_demo/cmake/export_grab_demo__rosidl_generator_pyExport-debug.cmake\n'}
[158.813576] (grab_demo) StdoutLine: {'line': b'-- Up-to-date: /home/dxf/wheeltec_lebai_humble_2024_7_17/install/grab_demo/share/grab_demo/cmake/rosidl_cmake-extras.cmake\n'}
[158.814186] (grab_demo) StdoutLine: {'line': b'-- Up-to-date: /home/dxf/wheeltec_lebai_humble_2024_7_17/install/grab_demo/share/grab_demo/cmake/ament_cmake_export_include_directories-extras.cmake\n'}
[158.814901] (grab_demo) StdoutLine: {'line': b'-- Up-to-date: /home/dxf/wheeltec_lebai_humble_2024_7_17/install/grab_demo/share/grab_demo/cmake/ament_cmake_export_libraries-extras.cmake\n'}
[158.815488] (grab_demo) StdoutLine: {'line': b'-- Up-to-date: /home/dxf/wheeltec_lebai_humble_2024_7_17/install/grab_demo/share/grab_demo/cmake/ament_cmake_export_targets-extras.cmake\n'}
[158.816371] (grab_demo) StdoutLine: {'line': b'-- Up-to-date: /home/dxf/wheeltec_lebai_humble_2024_7_17/install/grab_demo/share/grab_demo/cmake/rosidl_cmake_export_typesupport_targets-extras.cmake\n'}
[158.818201] (grab_demo) StdoutLine: {'line': b'-- Up-to-date: /home/dxf/wheeltec_lebai_humble_2024_7_17/install/grab_demo/share/grab_demo/cmake/ament_cmake_export_dependencies-extras.cmake\n'}
[158.819413] (grab_demo) StdoutLine: {'line': b'-- Up-to-date: /home/dxf/wheeltec_lebai_humble_2024_7_17/install/grab_demo/share/grab_demo/cmake/rosidl_cmake_export_typesupport_libraries-extras.cmake\n'}
[158.820349] (grab_demo) StdoutLine: {'line': b'-- Up-to-date: /home/dxf/wheeltec_lebai_humble_2024_7_17/install/grab_demo/share/grab_demo/cmake/grab_demoConfig.cmake\n'}
[158.821500] (grab_demo) StdoutLine: {'line': b'-- Up-to-date: /home/dxf/wheeltec_lebai_humble_2024_7_17/install/grab_demo/share/grab_demo/cmake/grab_demoConfig-version.cmake\n'}
[158.822502] (grab_demo) StdoutLine: {'line': b'-- Up-to-date: /home/dxf/wheeltec_lebai_humble_2024_7_17/install/grab_demo/share/grab_demo/package.xml\n'}
[158.829838] (grab_demo) CommandEnded: {'returncode': 0}
[158.867468] (-) TimerEvent: {}
[158.968353] (-) TimerEvent: {}
[159.031010] (grab_demo) JobEnded: {'identifier': 'grab_demo', 'rc': 0}
[159.042747] (-) EventReactorShutdown: {}
