[0.042s] Invoking command in '/home/dxf/wheeltec_lebai_humble_2024_7_17/build/grab_demo': CMAKE_PREFIX_PATH=${CMAKE_PREFIX_PATH}:/opt/ros/humble /usr/bin/cmake --build /home/dxf/wheeltec_lebai_humble_2024_7_17/build/grab_demo -- -j6 -l6
[0.586s] [35m[1mConsolidate compiler generated dependencies of target hand_eye[0m
[0.625s] [  2%] Built target grab_demo__cpp
[0.728s] [  8%] Built target grab_demo__rosidl_generator_c
[0.744s] [ 12%] Built target hsv_range
[0.748s] [ 17%] Built target charuco_dectet_node
[0.767s] [ 21%] Built target aruco_dectet
[0.770s] [ 21%] Built target ament_cmake_python_copy_grab_demo
[0.773s] [ 23%] [32mBuilding CXX object CMakeFiles/hand_eye.dir/src/hand_eye.cpp.o[0m
[0.851s] [ 29%] Built target grab_demo__rosidl_typesupport_fastrtps_c
[0.860s] [ 36%] Built target grab_demo__rosidl_typesupport_cpp
[0.869s] [ 40%] Built target camera_info_node
[0.882s] [ 46%] Built target grab_demo__rosidl_typesupport_fastrtps_cpp
[0.939s] [ 53%] Built target grab_demo__rosidl_typesupport_introspection_c
[0.987s] [ 59%] Built target grab_demo__rosidl_typesupport_c
[0.998s] [ 65%] Built target grab_demo__rosidl_typesupport_introspection_cpp
[1.008s] [ 70%] Built target grab_service_node
[1.064s] [ 70%] Built target grab_demo
[1.116s] [ 74%] Built target nav_grab
[1.225s] [ 76%] Built target grab_demo__py
[1.234s] [ 80%] Built target start_grab
[1.340s] [ 85%] Built target grab_demo__rosidl_generator_py
[1.417s] [ 89%] Built target grab_demo__rosidl_typesupport_fastrtps_c__pyext
[1.449s] [ 93%] Built target grab_demo__rosidl_typesupport_introspection_c__pyext
[1.469s] [ 97%] Built target grab_demo__rosidl_typesupport_c__pyext
[2.312s] running egg_info
[2.315s] writing grab_demo.egg-info/PKG-INFO
[2.316s] writing dependency_links to grab_demo.egg-info/dependency_links.txt
[2.316s] writing top-level names to grab_demo.egg-info/top_level.txt
[2.324s] reading manifest file 'grab_demo.egg-info/SOURCES.txt'
[2.326s] writing manifest file 'grab_demo.egg-info/SOURCES.txt'
[2.431s] [ 97%] Built target ament_cmake_python_build_grab_demo_egg
