[0.000000] (-) TimerEvent: {}
[0.002074] (-) JobUnselected: {'identifier': 'arm_demo'}
[0.002675] (-) JobUnselected: {'identifier': 'lebai_driver'}
[0.003282] (-) JobUnselected: {'identifier': 'lebai_interfaces'}
[0.003693] (-) JobUnselected: {'identifier': 'lebai_lm3_moveit_config'}
[0.003959] (-) JobUnselected: {'identifier': 'lebai_lm3_support'}
[0.004182] (-) JobUnselected: {'identifier': 'lebai_resources'}
[0.004374] (-) JobUnselected: {'identifier': 'lebai_tutorials'}
[0.004442] (grab_demo) JobQueued: {'identifier': 'grab_demo', 'dependencies': OrderedDict()}
[0.004551] (grab_demo) JobStarted: {'identifier': 'grab_demo'}
[0.036371] (grab_demo) JobProgress: {'identifier': 'grab_demo', 'progress': 'cmake'}
[0.041752] (grab_demo) JobProgress: {'identifier': 'grab_demo', 'progress': 'build'}
[0.043530] (grab_demo) Command: {'cmd': ['/usr/bin/cmake', '--build', '/home/dxf/wheeltec_lebai_humble_2024_7_17/build/grab_demo', '--', '-j6', '-l6'], 'cwd': '/home/dxf/wheeltec_lebai_humble_2024_7_17/build/grab_demo', 'env': OrderedDict([('PYTHON_BASIC_REPL', '1'), ('LESSOPEN', '| /usr/bin/lesspipe %s'), ('LANGUAGE', 'zh_CN:en_US:en'), ('USER', 'dxf'), ('SSH_CLIENT', '192.168.0.66 60207 22'), ('LC_TIME', 'zh_CN.UTF-8'), ('XDG_SESSION_TYPE', 'tty'), ('GIT_ASKPASS', '/home/dxf/.vscode-server/cli/servers/Stable-6f17636121051a53c88d3e605c491d22af2ba755/server/extensions/git/dist/askpass.sh'), ('SHLVL', '1'), ('LD_LIBRARY_PATH', '/usr/local/opencv410/lib:/usr/local/lib:/opt/ros/humble/opt/rviz_ogre_vendor/lib:/opt/ros/humble/lib/aarch64-linux-gnu:/opt/ros/humble/lib:/usr/local/cuda-12.6/lib64:'), ('BROWSER', '/home/dxf/.vscode-server/cli/servers/Stable-6f17636121051a53c88d3e605c491d22af2ba755/server/bin/helpers/browser.sh'), ('MOTD_SHOWN', 'pam'), ('HOME', '/home/dxf'), ('OLDPWD', '/home/dxf/wheeltec_lebai_humble_2024_7_17'), ('TERM_PROGRAM_VERSION', '1.103.2'), ('VSCODE_IPC_HOOK_CLI', '/run/user/1000/vscode-ipc-d63cba8e-f3ce-4f67-8a6f-20badae61c3e.sock'), ('ROS_PYTHON_VERSION', '3'), ('VSCODE_GIT_ASKPASS_MAIN', '/home/dxf/.vscode-server/cli/servers/Stable-6f17636121051a53c88d3e605c491d22af2ba755/server/extensions/git/dist/askpass-main.js'), ('LC_MONETARY', 'zh_CN.UTF-8'), ('VSCODE_GIT_ASKPASS_NODE', '/home/dxf/.vscode-server/cli/servers/Stable-6f17636121051a53c88d3e605c491d22af2ba755/server/node'), ('SSL_CERT_FILE', '/usr/lib/ssl/certs/ca-certificates.crt'), ('PYDEVD_DISABLE_FILE_VALIDATION', '1'), ('BUNDLED_DEBUGPY_PATH', '/home/dxf/.vscode-server/extensions/ms-python.debugpy-2025.14.1-linux-arm64/bundled/libs/debugpy'), ('DBUS_SESSION_BUS_ADDRESS', 'unix:path=/run/user/1000/bus'), ('COLORTERM', 'truecolor'), ('ROS_DISTRO', 'humble'), ('LOGNAME', 'dxf'), ('_', '/usr/bin/colcon'), ('ROS_VERSION', '2'), ('PKG_CONFIG_PATH', '/usr/local/opencv410/lib/pkgconfig:'), ('XDG_SESSION_CLASS', 'user'), ('TERM', 'xterm-256color'), ('XDG_SESSION_ID', '29'), ('ROS_LOCALHOST_ONLY', '0'), ('PATH', '/home/dxf/.vscode-server/cli/servers/Stable-6f17636121051a53c88d3e605c491d22af2ba755/server/bin/remote-cli:/opt/ros/humble/bin:/usr/local/cuda-12.6/bin:/usr/local/sbin:/usr/local/bin:/usr/sbin:/usr/bin:/sbin:/bin:/usr/games:/usr/local/games:/snap/bin:/home/dxf/.vscode-server/extensions/ms-python.debugpy-2025.14.1-linux-arm64/bundled/scripts/noConfigScripts'), ('PAPERSIZE', 'a4'), ('LC_ADDRESS', 'zh_CN.UTF-8'), ('XDG_RUNTIME_DIR', '/run/user/1000'), ('SSL_CERT_DIR', '/usr/lib/ssl/certs'), ('DISPLAY', 'localhost:10.0'), ('VSCODE_DEBUGPY_ADAPTER_ENDPOINTS', '/home/dxf/.vscode-server/extensions/ms-python.debugpy-2025.14.1-linux-arm64/.noConfigDebugAdapterEndpoints/endpoint-8b23ef7f21be4a2f.txt'), ('LANG', 'zh_CN.UTF-8'), ('PYTHONSTARTUP', '/home/dxf/.vscode-server/data/User/workspaceStorage/4ecfe97e1d690ce6b205eecd25d67bdf/ms-python.python/pythonrc.py'), ('LC_TELEPHONE', 'zh_CN.UTF-8'), ('LS_COLORS', ''), ('VSCODE_GIT_IPC_HANDLE', '/run/user/1000/vscode-git-42a3dc7ec5.sock'), ('TERM_PROGRAM', 'vscode'), ('AMENT_PREFIX_PATH', '/opt/ros/humble'), ('SHELL', '/bin/bash'), ('LC_NAME', 'zh_CN.UTF-8'), ('LESSCLOSE', '/usr/bin/lesspipe %s %s'), ('LC_MEASUREMENT', 'zh_CN.UTF-8'), ('OpenCV_DIR', '/usr/local/opencv410/lib/cmake/opencv4'), ('LC_IDENTIFICATION', 'zh_CN.UTF-8'), ('VSCODE_GIT_ASKPASS_EXTRA_ARGS', ''), ('PWD', '/home/dxf/wheeltec_lebai_humble_2024_7_17/build/grab_demo'), ('SSH_CONNECTION', '192.168.0.66 60207 192.168.0.100 22'), ('XDG_DATA_DIRS', '/usr/share/gnome:/usr/local/share:/usr/share:/var/lib/snapd/desktop'), ('PYTHONPATH', '/opt/ros/humble/lib/python3.10/site-packages:/opt/ros/humble/local/lib/python3.10/dist-packages'), ('LC_NUMERIC', 'zh_CN.UTF-8'), ('LC_PAPER', 'zh_CN.UTF-8'), ('COLCON', '1'), ('CMAKE_PREFIX_PATH', '/usr/local/opencv410::/opt/ros/humble')]), 'shell': False}
[0.098290] (-) TimerEvent: {}
[0.199354] (-) TimerEvent: {}
[0.300124] (-) TimerEvent: {}
[0.400882] (-) TimerEvent: {}
[0.501969] (-) TimerEvent: {}
[0.590002] (grab_demo) StdoutLine: {'line': b'\x1b[35m\x1b[1mConsolidate compiler generated dependencies of target hand_eye\x1b[0m\n'}
[0.602353] (-) TimerEvent: {}
[0.628866] (grab_demo) StdoutLine: {'line': b'[  2%] Built target grab_demo__cpp\n'}
[0.702597] (-) TimerEvent: {}
[0.732073] (grab_demo) StdoutLine: {'line': b'[  8%] Built target grab_demo__rosidl_generator_c\n'}
[0.747948] (grab_demo) StdoutLine: {'line': b'[ 12%] Built target hsv_range\n'}
[0.752692] (grab_demo) StdoutLine: {'line': b'[ 17%] Built target charuco_dectet_node\n'}
[0.771322] (grab_demo) StdoutLine: {'line': b'[ 21%] Built target aruco_dectet\n'}
[0.774495] (grab_demo) StdoutLine: {'line': b'[ 21%] Built target ament_cmake_python_copy_grab_demo\n'}
[0.777045] (grab_demo) StdoutLine: {'line': b'[ 23%] \x1b[32mBuilding CXX object CMakeFiles/hand_eye.dir/src/hand_eye.cpp.o\x1b[0m\n'}
[0.802744] (-) TimerEvent: {}
[0.855301] (grab_demo) StdoutLine: {'line': b'[ 29%] Built target grab_demo__rosidl_typesupport_fastrtps_c\n'}
[0.864331] (grab_demo) StdoutLine: {'line': b'[ 36%] Built target grab_demo__rosidl_typesupport_cpp\n'}
[0.873207] (grab_demo) StdoutLine: {'line': b'[ 40%] Built target camera_info_node\n'}
[0.886388] (grab_demo) StdoutLine: {'line': b'[ 46%] Built target grab_demo__rosidl_typesupport_fastrtps_cpp\n'}
[0.903064] (-) TimerEvent: {}
[0.942474] (grab_demo) StdoutLine: {'line': b'[ 53%] Built target grab_demo__rosidl_typesupport_introspection_c\n'}
[0.990443] (grab_demo) StdoutLine: {'line': b'[ 59%] Built target grab_demo__rosidl_typesupport_c\n'}
[1.001691] (grab_demo) StdoutLine: {'line': b'[ 65%] Built target grab_demo__rosidl_typesupport_introspection_cpp\n'}
[1.003171] (-) TimerEvent: {}
[1.012567] (grab_demo) StdoutLine: {'line': b'[ 70%] Built target grab_service_node\n'}
[1.068128] (grab_demo) StdoutLine: {'line': b'[ 70%] Built target grab_demo\n'}
[1.103469] (-) TimerEvent: {}
[1.119914] (grab_demo) StdoutLine: {'line': b'[ 74%] Built target nav_grab\n'}
[1.203639] (-) TimerEvent: {}
[1.229246] (grab_demo) StdoutLine: {'line': b'[ 76%] Built target grab_demo__py\n'}
[1.237747] (grab_demo) StdoutLine: {'line': b'[ 80%] Built target start_grab\n'}
[1.303972] (-) TimerEvent: {}
[1.344421] (grab_demo) StdoutLine: {'line': b'[ 85%] Built target grab_demo__rosidl_generator_py\n'}
[1.404241] (-) TimerEvent: {}
[1.420762] (grab_demo) StdoutLine: {'line': b'[ 89%] Built target grab_demo__rosidl_typesupport_fastrtps_c__pyext\n'}
[1.453648] (grab_demo) StdoutLine: {'line': b'[ 93%] Built target grab_demo__rosidl_typesupport_introspection_c__pyext\n'}
[1.472794] (grab_demo) StdoutLine: {'line': b'[ 97%] Built target grab_demo__rosidl_typesupport_c__pyext\n'}
[1.504423] (-) TimerEvent: {}
[1.606196] (-) TimerEvent: {}
[1.707707] (-) TimerEvent: {}
[1.809207] (-) TimerEvent: {}
[1.910657] (-) TimerEvent: {}
[2.012162] (-) TimerEvent: {}
[2.113655] (-) TimerEvent: {}
[2.215250] (-) TimerEvent: {}
[2.315916] (-) TimerEvent: {}
[2.316718] (grab_demo) StdoutLine: {'line': b'running egg_info\n'}
[2.319057] (grab_demo) StdoutLine: {'line': b'writing grab_demo.egg-info/PKG-INFO\n'}
[2.320222] (grab_demo) StdoutLine: {'line': b'writing dependency_links to grab_demo.egg-info/dependency_links.txt\n'}
[2.320843] (grab_demo) StdoutLine: {'line': b'writing top-level names to grab_demo.egg-info/top_level.txt\n'}
[2.327579] (grab_demo) StdoutLine: {'line': b"reading manifest file 'grab_demo.egg-info/SOURCES.txt'\n"}
[2.330235] (grab_demo) StdoutLine: {'line': b"writing manifest file 'grab_demo.egg-info/SOURCES.txt'\n"}
[2.416516] (-) TimerEvent: {}
[2.434832] (grab_demo) StdoutLine: {'line': b'[ 97%] Built target ament_cmake_python_build_grab_demo_egg\n'}
[2.516668] (-) TimerEvent: {}
[2.617467] (-) TimerEvent: {}
[2.718346] (-) TimerEvent: {}
[2.819160] (-) TimerEvent: {}
[2.919915] (-) TimerEvent: {}
[3.020671] (-) TimerEvent: {}
[3.121421] (-) TimerEvent: {}
[3.222183] (-) TimerEvent: {}
[3.323425] (-) TimerEvent: {}
[3.424954] (-) TimerEvent: {}
[3.526190] (-) TimerEvent: {}
[3.626978] (-) TimerEvent: {}
[3.727831] (-) TimerEvent: {}
[3.828679] (-) TimerEvent: {}
[3.929418] (-) TimerEvent: {}
[4.030160] (-) TimerEvent: {}
[4.131294] (-) TimerEvent: {}
[4.232307] (-) TimerEvent: {}
[4.333261] (-) TimerEvent: {}
[4.433979] (-) TimerEvent: {}
[4.534638] (-) TimerEvent: {}
[4.635344] (-) TimerEvent: {}
[4.736050] (-) TimerEvent: {}
[4.836854] (-) TimerEvent: {}
[4.938399] (-) TimerEvent: {}
[5.039192] (-) TimerEvent: {}
[5.139921] (-) TimerEvent: {}
[5.240661] (-) TimerEvent: {}
[5.341474] (-) TimerEvent: {}
[5.442217] (-) TimerEvent: {}
[5.542979] (-) TimerEvent: {}
[5.643736] (-) TimerEvent: {}
[5.745816] (-) TimerEvent: {}
[5.847387] (-) TimerEvent: {}
[5.948597] (-) TimerEvent: {}
[6.049971] (-) TimerEvent: {}
[6.150865] (-) TimerEvent: {}
[6.251665] (-) TimerEvent: {}
[6.352903] (-) TimerEvent: {}
[6.454386] (-) TimerEvent: {}
[6.555388] (-) TimerEvent: {}
[6.656377] (-) TimerEvent: {}
[6.757150] (-) TimerEvent: {}
[6.858143] (-) TimerEvent: {}
[6.959204] (-) TimerEvent: {}
[7.059982] (-) TimerEvent: {}
[7.160812] (-) TimerEvent: {}
[7.261588] (-) TimerEvent: {}
[7.362618] (-) TimerEvent: {}
[7.463509] (-) TimerEvent: {}
[7.564541] (-) TimerEvent: {}
[7.665300] (-) TimerEvent: {}
[7.766099] (-) TimerEvent: {}
[7.867297] (-) TimerEvent: {}
[7.968577] (-) TimerEvent: {}
[8.070149] (-) TimerEvent: {}
[8.171399] (-) TimerEvent: {}
[8.272308] (-) TimerEvent: {}
[8.373328] (-) TimerEvent: {}
[8.474058] (-) TimerEvent: {}
[8.574839] (-) TimerEvent: {}
[8.675560] (-) TimerEvent: {}
[8.776553] (-) TimerEvent: {}
[8.877335] (-) TimerEvent: {}
[8.978095] (-) TimerEvent: {}
[9.079148] (-) TimerEvent: {}
[9.186179] (-) TimerEvent: {}
[9.287144] (-) TimerEvent: {}
[9.387958] (-) TimerEvent: {}
[9.488952] (-) TimerEvent: {}
[9.589808] (-) TimerEvent: {}
[9.690545] (-) TimerEvent: {}
[9.791345] (-) TimerEvent: {}
[9.892501] (-) TimerEvent: {}
[9.996567] (-) TimerEvent: {}
[10.097272] (-) TimerEvent: {}
[10.198090] (-) TimerEvent: {}
[10.299052] (-) TimerEvent: {}
[10.399918] (-) TimerEvent: {}
[10.500868] (-) TimerEvent: {}
[10.602103] (-) TimerEvent: {}
[10.703090] (-) TimerEvent: {}
[10.804205] (-) TimerEvent: {}
[10.905370] (-) TimerEvent: {}
[11.006112] (-) TimerEvent: {}
[11.106916] (-) TimerEvent: {}
[11.207686] (-) TimerEvent: {}
[11.308478] (-) TimerEvent: {}
[11.409321] (-) TimerEvent: {}
[11.513734] (-) TimerEvent: {}
[11.614688] (-) TimerEvent: {}
[11.716473] (-) TimerEvent: {}
[11.817650] (-) TimerEvent: {}
[11.918932] (-) TimerEvent: {}
[12.019881] (-) TimerEvent: {}
[12.121038] (-) TimerEvent: {}
[12.222122] (-) TimerEvent: {}
[12.323175] (-) TimerEvent: {}
[12.424047] (-) TimerEvent: {}
[12.525275] (-) TimerEvent: {}
[12.626402] (-) TimerEvent: {}
[12.727316] (-) TimerEvent: {}
[12.828057] (-) TimerEvent: {}
[12.928795] (-) TimerEvent: {}
[13.029509] (-) TimerEvent: {}
[13.130218] (-) TimerEvent: {}
[13.230989] (-) TimerEvent: {}
[13.331745] (-) TimerEvent: {}
[13.432539] (-) TimerEvent: {}
[13.533300] (-) TimerEvent: {}
[13.634037] (-) TimerEvent: {}
[13.734776] (-) TimerEvent: {}
[13.835591] (-) TimerEvent: {}
[13.936311] (-) TimerEvent: {}
[14.037063] (-) TimerEvent: {}
[14.137829] (-) TimerEvent: {}
[14.238618] (-) TimerEvent: {}
[14.339532] (-) TimerEvent: {}
[14.440398] (-) TimerEvent: {}
[14.541634] (-) TimerEvent: {}
[14.642917] (-) TimerEvent: {}
[14.745776] (-) TimerEvent: {}
[14.846991] (-) TimerEvent: {}
[14.947740] (-) TimerEvent: {}
[15.048495] (-) TimerEvent: {}
[15.149254] (-) TimerEvent: {}
[15.249997] (-) TimerEvent: {}
[15.350870] (-) TimerEvent: {}
[15.451712] (-) TimerEvent: {}
[15.552749] (-) TimerEvent: {}
[15.653558] (-) TimerEvent: {}
[15.754397] (-) TimerEvent: {}
[15.855219] (-) TimerEvent: {}
[15.955974] (-) TimerEvent: {}
[16.056791] (-) TimerEvent: {}
[16.157954] (-) TimerEvent: {}
[16.258746] (-) TimerEvent: {}
[16.359546] (-) TimerEvent: {}
[16.460294] (-) TimerEvent: {}
[16.561058] (-) TimerEvent: {}
[16.661846] (-) TimerEvent: {}
[16.762675] (-) TimerEvent: {}
[16.864122] (-) TimerEvent: {}
