[2.327s] DEBUG:colcon:Command line arguments: ['/usr/bin/colcon', 'list', '-p', '--base-paths', '/home/dxf/wheeltec_lebai_humble_2024_7_17', '--log-base', '/dev/null']
[2.328s] DEBUG:colcon:Parsed command line arguments: Namespace(log_base=None, log_level=None, verb_name='list', build_base='build', ignore_user_meta=False, metas=['./colcon.meta'], base_paths=['/home/dxf/wheeltec_lebai_humble_2024_7_17', '--log-base', '/dev/null'], packages_ignore=None, packages_ignore_regex=None, paths=None, packages_up_to=None, packages_up_to_regex=None, packages_above=None, packages_above_and_dependencies=None, packages_above_depth=None, packages_select_by_dep=None, packages_skip_by_dep=None, packages_skip_up_to=None, packages_select_build_failed=False, packages_skip_build_finished=False, packages_select_test_failures=False, packages_skip_test_passed=False, packages_select=None, packages_skip=None, packages_select_regex=None, packages_skip_regex=None, packages_start=None, packages_end=None, allow_overriding=[], topological_order=False, names_only=False, paths_only=True, topological_graph=False, topological_graph_dot=False, topological_graph_density=False, topological_graph_legend=False, topological_graph_dot_cluster=False, topological_graph_dot_include_skipped=False, verb_parser=<colcon_defaults.argument_parser.defaults.DefaultArgumentsDecorator object at 0xffffbb01c550>, verb_extension=<colcon_package_information.verb.list.ListVerb object at 0xffffbafdb700>, main=<bound method ListVerb.main of <colcon_package_information.verb.list.ListVerb object at 0xffffbafdb700>>)
[4.276s] Level 1:colcon.colcon_core.package_discovery:discover_packages(colcon_meta) check parameters
[4.277s] Level 1:colcon.colcon_core.package_discovery:discover_packages(recursive) check parameters
[4.277s] Level 1:colcon.colcon_core.package_discovery:discover_packages(ignore) check parameters
[4.277s] Level 1:colcon.colcon_core.package_discovery:discover_packages(path) check parameters
[4.277s] Level 1:colcon.colcon_core.package_discovery:discover_packages(recursive) discover
[4.277s] INFO:colcon.colcon_core.package_discovery:Crawling recursively for packages in '/home/dxf/wheeltec_lebai_humble_2024_7_17', '/home/dxf/wheeltec_lebai_humble_2024_7_17/--log-base', '/dev/null'
[4.278s] Level 1:colcon.colcon_core.package_identification:_identify(/home/dxf/wheeltec_lebai_humble_2024_7_17) by extensions ['ignore', 'ignore_ament_install']
[4.278s] Level 1:colcon.colcon_core.package_identification:_identify(/home/dxf/wheeltec_lebai_humble_2024_7_17) by extension 'ignore'
[4.278s] Level 1:colcon.colcon_core.package_identification:_identify(/home/dxf/wheeltec_lebai_humble_2024_7_17) by extension 'ignore_ament_install'
[4.278s] Level 1:colcon.colcon_core.package_identification:_identify(/home/dxf/wheeltec_lebai_humble_2024_7_17) by extensions ['colcon_pkg']
[4.282s] Level 1:colcon.colcon_core.package_identification:_identify(/home/dxf/wheeltec_lebai_humble_2024_7_17) by extension 'colcon_pkg'
[4.283s] Level 1:colcon.colcon_core.package_identification:_identify(/home/dxf/wheeltec_lebai_humble_2024_7_17) by extensions ['colcon_meta']
[4.283s] Level 1:colcon.colcon_core.package_identification:_identify(/home/dxf/wheeltec_lebai_humble_2024_7_17) by extension 'colcon_meta'
[4.291s] Level 1:colcon.colcon_core.package_identification:_identify(/home/dxf/wheeltec_lebai_humble_2024_7_17) by extensions ['ros']
[4.292s] Level 1:colcon.colcon_core.package_identification:_identify(/home/dxf/wheeltec_lebai_humble_2024_7_17) by extension 'ros'
[4.361s] Level 1:colcon.colcon_core.package_identification:_identify(/home/dxf/wheeltec_lebai_humble_2024_7_17) by extensions ['cmake', 'python']
[4.361s] Level 1:colcon.colcon_core.package_identification:_identify(/home/dxf/wheeltec_lebai_humble_2024_7_17) by extension 'cmake'
[4.361s] Level 1:colcon.colcon_core.package_identification:_identify(/home/dxf/wheeltec_lebai_humble_2024_7_17) by extension 'python'
[4.362s] Level 1:colcon.colcon_core.package_identification:_identify(/home/dxf/wheeltec_lebai_humble_2024_7_17) by extensions ['python_setup_py']
[4.362s] Level 1:colcon.colcon_core.package_identification:_identify(/home/dxf/wheeltec_lebai_humble_2024_7_17) by extension 'python_setup_py'
[4.362s] Level 1:colcon.colcon_core.package_identification:_identify(/home/dxf/wheeltec_lebai_humble_2024_7_17/build) by extensions ['ignore', 'ignore_ament_install']
[4.362s] Level 1:colcon.colcon_core.package_identification:_identify(/home/dxf/wheeltec_lebai_humble_2024_7_17/build) by extension 'ignore'
[4.363s] Level 1:colcon.colcon_core.package_identification:_identify(/home/dxf/wheeltec_lebai_humble_2024_7_17/build) ignored
[4.364s] Level 1:colcon.colcon_core.package_identification:_identify(/home/dxf/wheeltec_lebai_humble_2024_7_17/install) by extensions ['ignore', 'ignore_ament_install']
[4.365s] Level 1:colcon.colcon_core.package_identification:_identify(/home/dxf/wheeltec_lebai_humble_2024_7_17/install) by extension 'ignore'
[4.365s] Level 1:colcon.colcon_core.package_identification:_identify(/home/dxf/wheeltec_lebai_humble_2024_7_17/install) ignored
[4.366s] Level 1:colcon.colcon_core.package_identification:_identify(/home/dxf/wheeltec_lebai_humble_2024_7_17/log) by extensions ['ignore', 'ignore_ament_install']
[4.366s] Level 1:colcon.colcon_core.package_identification:_identify(/home/dxf/wheeltec_lebai_humble_2024_7_17/log) by extension 'ignore'
[4.366s] Level 1:colcon.colcon_core.package_identification:_identify(/home/dxf/wheeltec_lebai_humble_2024_7_17/log) ignored
[4.366s] Level 1:colcon.colcon_core.package_identification:_identify(/home/dxf/wheeltec_lebai_humble_2024_7_17/src) by extensions ['ignore', 'ignore_ament_install']
[4.367s] Level 1:colcon.colcon_core.package_identification:_identify(/home/dxf/wheeltec_lebai_humble_2024_7_17/src) by extension 'ignore'
[4.367s] Level 1:colcon.colcon_core.package_identification:_identify(/home/dxf/wheeltec_lebai_humble_2024_7_17/src) by extension 'ignore_ament_install'
[4.367s] Level 1:colcon.colcon_core.package_identification:_identify(/home/dxf/wheeltec_lebai_humble_2024_7_17/src) by extensions ['colcon_pkg']
[4.367s] Level 1:colcon.colcon_core.package_identification:_identify(/home/dxf/wheeltec_lebai_humble_2024_7_17/src) by extension 'colcon_pkg'
[4.367s] Level 1:colcon.colcon_core.package_identification:_identify(/home/dxf/wheeltec_lebai_humble_2024_7_17/src) by extensions ['colcon_meta']
[4.367s] Level 1:colcon.colcon_core.package_identification:_identify(/home/dxf/wheeltec_lebai_humble_2024_7_17/src) by extension 'colcon_meta'
[4.367s] Level 1:colcon.colcon_core.package_identification:_identify(/home/dxf/wheeltec_lebai_humble_2024_7_17/src) by extensions ['ros']
[4.367s] Level 1:colcon.colcon_core.package_identification:_identify(/home/dxf/wheeltec_lebai_humble_2024_7_17/src) by extension 'ros'
[4.368s] Level 1:colcon.colcon_core.package_identification:_identify(/home/dxf/wheeltec_lebai_humble_2024_7_17/src) by extensions ['cmake', 'python']
[4.368s] Level 1:colcon.colcon_core.package_identification:_identify(/home/dxf/wheeltec_lebai_humble_2024_7_17/src) by extension 'cmake'
[4.368s] Level 1:colcon.colcon_core.package_identification:_identify(/home/dxf/wheeltec_lebai_humble_2024_7_17/src) by extension 'python'
[4.368s] Level 1:colcon.colcon_core.package_identification:_identify(/home/dxf/wheeltec_lebai_humble_2024_7_17/src) by extensions ['python_setup_py']
[4.368s] Level 1:colcon.colcon_core.package_identification:_identify(/home/dxf/wheeltec_lebai_humble_2024_7_17/src) by extension 'python_setup_py'
[4.368s] Level 1:colcon.colcon_core.package_identification:_identify(/home/dxf/wheeltec_lebai_humble_2024_7_17/src/arm_demo) by extensions ['ignore', 'ignore_ament_install']
[4.369s] Level 1:colcon.colcon_core.package_identification:_identify(/home/dxf/wheeltec_lebai_humble_2024_7_17/src/arm_demo) by extension 'ignore'
[4.369s] Level 1:colcon.colcon_core.package_identification:_identify(/home/dxf/wheeltec_lebai_humble_2024_7_17/src/arm_demo) by extension 'ignore_ament_install'
[4.369s] Level 1:colcon.colcon_core.package_identification:_identify(/home/dxf/wheeltec_lebai_humble_2024_7_17/src/arm_demo) by extensions ['colcon_pkg']
[4.369s] Level 1:colcon.colcon_core.package_identification:_identify(/home/dxf/wheeltec_lebai_humble_2024_7_17/src/arm_demo) by extension 'colcon_pkg'
[4.369s] Level 1:colcon.colcon_core.package_identification:_identify(/home/dxf/wheeltec_lebai_humble_2024_7_17/src/arm_demo) by extensions ['colcon_meta']
[4.369s] Level 1:colcon.colcon_core.package_identification:_identify(/home/dxf/wheeltec_lebai_humble_2024_7_17/src/arm_demo) by extension 'colcon_meta'
[4.376s] Level 1:colcon.colcon_core.package_identification:_identify(/home/dxf/wheeltec_lebai_humble_2024_7_17/src/arm_demo) by extensions ['ros']
[4.376s] Level 1:colcon.colcon_core.package_identification:_identify(/home/dxf/wheeltec_lebai_humble_2024_7_17/src/arm_demo) by extension 'ros'
[4.391s] DEBUG:colcon.colcon_core.package_identification:Package '/home/dxf/wheeltec_lebai_humble_2024_7_17/src/arm_demo' with type 'ros.ament_cmake' and name 'arm_demo'
[4.391s] Level 1:colcon.colcon_core.package_identification:_identify(/home/dxf/wheeltec_lebai_humble_2024_7_17/src/grab_demo) by extensions ['ignore', 'ignore_ament_install']
[4.393s] Level 1:colcon.colcon_core.package_identification:_identify(/home/dxf/wheeltec_lebai_humble_2024_7_17/src/grab_demo) by extension 'ignore'
[4.393s] Level 1:colcon.colcon_core.package_identification:_identify(/home/dxf/wheeltec_lebai_humble_2024_7_17/src/grab_demo) by extension 'ignore_ament_install'
[4.393s] Level 1:colcon.colcon_core.package_identification:_identify(/home/dxf/wheeltec_lebai_humble_2024_7_17/src/grab_demo) by extensions ['colcon_pkg']
[4.393s] Level 1:colcon.colcon_core.package_identification:_identify(/home/dxf/wheeltec_lebai_humble_2024_7_17/src/grab_demo) by extension 'colcon_pkg'
[4.393s] Level 1:colcon.colcon_core.package_identification:_identify(/home/dxf/wheeltec_lebai_humble_2024_7_17/src/grab_demo) by extensions ['colcon_meta']
[4.394s] Level 1:colcon.colcon_core.package_identification:_identify(/home/dxf/wheeltec_lebai_humble_2024_7_17/src/grab_demo) by extension 'colcon_meta'
[4.394s] Level 1:colcon.colcon_core.package_identification:_identify(/home/dxf/wheeltec_lebai_humble_2024_7_17/src/grab_demo) by extensions ['ros']
[4.394s] Level 1:colcon.colcon_core.package_identification:_identify(/home/dxf/wheeltec_lebai_humble_2024_7_17/src/grab_demo) by extension 'ros'
[4.396s] DEBUG:colcon.colcon_core.package_identification:Package '/home/dxf/wheeltec_lebai_humble_2024_7_17/src/grab_demo' with type 'ros.ament_cmake' and name 'grab_demo'
[4.397s] Level 1:colcon.colcon_core.package_identification:_identify(/home/dxf/wheeltec_lebai_humble_2024_7_17/src/lebai-ros-sdk-humble-dev) by extensions ['ignore', 'ignore_ament_install']
[4.397s] Level 1:colcon.colcon_core.package_identification:_identify(/home/dxf/wheeltec_lebai_humble_2024_7_17/src/lebai-ros-sdk-humble-dev) by extension 'ignore'
[4.397s] Level 1:colcon.colcon_core.package_identification:_identify(/home/dxf/wheeltec_lebai_humble_2024_7_17/src/lebai-ros-sdk-humble-dev) by extension 'ignore_ament_install'
[4.397s] Level 1:colcon.colcon_core.package_identification:_identify(/home/dxf/wheeltec_lebai_humble_2024_7_17/src/lebai-ros-sdk-humble-dev) by extensions ['colcon_pkg']
[4.397s] Level 1:colcon.colcon_core.package_identification:_identify(/home/dxf/wheeltec_lebai_humble_2024_7_17/src/lebai-ros-sdk-humble-dev) by extension 'colcon_pkg'
[4.398s] Level 1:colcon.colcon_core.package_identification:_identify(/home/dxf/wheeltec_lebai_humble_2024_7_17/src/lebai-ros-sdk-humble-dev) by extensions ['colcon_meta']
[4.398s] Level 1:colcon.colcon_core.package_identification:_identify(/home/dxf/wheeltec_lebai_humble_2024_7_17/src/lebai-ros-sdk-humble-dev) by extension 'colcon_meta'
[4.399s] Level 1:colcon.colcon_core.package_identification:_identify(/home/dxf/wheeltec_lebai_humble_2024_7_17/src/lebai-ros-sdk-humble-dev) by extensions ['ros']
[4.399s] Level 1:colcon.colcon_core.package_identification:_identify(/home/dxf/wheeltec_lebai_humble_2024_7_17/src/lebai-ros-sdk-humble-dev) by extension 'ros'
[4.399s] Level 1:colcon.colcon_core.package_identification:_identify(/home/dxf/wheeltec_lebai_humble_2024_7_17/src/lebai-ros-sdk-humble-dev) by extensions ['cmake', 'python']
[4.400s] Level 1:colcon.colcon_core.package_identification:_identify(/home/dxf/wheeltec_lebai_humble_2024_7_17/src/lebai-ros-sdk-humble-dev) by extension 'cmake'
[4.400s] Level 1:colcon.colcon_core.package_identification:_identify(/home/dxf/wheeltec_lebai_humble_2024_7_17/src/lebai-ros-sdk-humble-dev) by extension 'python'
[4.400s] Level 1:colcon.colcon_core.package_identification:_identify(/home/dxf/wheeltec_lebai_humble_2024_7_17/src/lebai-ros-sdk-humble-dev) by extensions ['python_setup_py']
[4.400s] Level 1:colcon.colcon_core.package_identification:_identify(/home/dxf/wheeltec_lebai_humble_2024_7_17/src/lebai-ros-sdk-humble-dev) by extension 'python_setup_py'
[4.401s] Level 1:colcon.colcon_core.package_identification:_identify(/home/dxf/wheeltec_lebai_humble_2024_7_17/src/lebai-ros-sdk-humble-dev/lebai_driver) by extensions ['ignore', 'ignore_ament_install']
[4.401s] Level 1:colcon.colcon_core.package_identification:_identify(/home/dxf/wheeltec_lebai_humble_2024_7_17/src/lebai-ros-sdk-humble-dev/lebai_driver) by extension 'ignore'
[4.401s] Level 1:colcon.colcon_core.package_identification:_identify(/home/dxf/wheeltec_lebai_humble_2024_7_17/src/lebai-ros-sdk-humble-dev/lebai_driver) by extension 'ignore_ament_install'
[4.401s] Level 1:colcon.colcon_core.package_identification:_identify(/home/dxf/wheeltec_lebai_humble_2024_7_17/src/lebai-ros-sdk-humble-dev/lebai_driver) by extensions ['colcon_pkg']
[4.401s] Level 1:colcon.colcon_core.package_identification:_identify(/home/dxf/wheeltec_lebai_humble_2024_7_17/src/lebai-ros-sdk-humble-dev/lebai_driver) by extension 'colcon_pkg'
[4.401s] Level 1:colcon.colcon_core.package_identification:_identify(/home/dxf/wheeltec_lebai_humble_2024_7_17/src/lebai-ros-sdk-humble-dev/lebai_driver) by extensions ['colcon_meta']
[4.401s] Level 1:colcon.colcon_core.package_identification:_identify(/home/dxf/wheeltec_lebai_humble_2024_7_17/src/lebai-ros-sdk-humble-dev/lebai_driver) by extension 'colcon_meta'
[4.402s] Level 1:colcon.colcon_core.package_identification:_identify(/home/dxf/wheeltec_lebai_humble_2024_7_17/src/lebai-ros-sdk-humble-dev/lebai_driver) by extensions ['ros']
[4.402s] Level 1:colcon.colcon_core.package_identification:_identify(/home/dxf/wheeltec_lebai_humble_2024_7_17/src/lebai-ros-sdk-humble-dev/lebai_driver) by extension 'ros'
[4.404s] DEBUG:colcon.colcon_core.package_identification:Package '/home/dxf/wheeltec_lebai_humble_2024_7_17/src/lebai-ros-sdk-humble-dev/lebai_driver' with type 'ros.ament_python' and name 'lebai_driver'
[4.406s] Level 1:colcon.colcon_core.package_identification:_identify(/home/dxf/wheeltec_lebai_humble_2024_7_17/src/lebai-ros-sdk-humble-dev/lebai_interfaces) by extensions ['ignore', 'ignore_ament_install']
[4.406s] Level 1:colcon.colcon_core.package_identification:_identify(/home/dxf/wheeltec_lebai_humble_2024_7_17/src/lebai-ros-sdk-humble-dev/lebai_interfaces) by extension 'ignore'
[4.407s] Level 1:colcon.colcon_core.package_identification:_identify(/home/dxf/wheeltec_lebai_humble_2024_7_17/src/lebai-ros-sdk-humble-dev/lebai_interfaces) by extension 'ignore_ament_install'
[4.407s] Level 1:colcon.colcon_core.package_identification:_identify(/home/dxf/wheeltec_lebai_humble_2024_7_17/src/lebai-ros-sdk-humble-dev/lebai_interfaces) by extensions ['colcon_pkg']
[4.407s] Level 1:colcon.colcon_core.package_identification:_identify(/home/dxf/wheeltec_lebai_humble_2024_7_17/src/lebai-ros-sdk-humble-dev/lebai_interfaces) by extension 'colcon_pkg'
[4.407s] Level 1:colcon.colcon_core.package_identification:_identify(/home/dxf/wheeltec_lebai_humble_2024_7_17/src/lebai-ros-sdk-humble-dev/lebai_interfaces) by extensions ['colcon_meta']
[4.407s] Level 1:colcon.colcon_core.package_identification:_identify(/home/dxf/wheeltec_lebai_humble_2024_7_17/src/lebai-ros-sdk-humble-dev/lebai_interfaces) by extension 'colcon_meta'
[4.408s] Level 1:colcon.colcon_core.package_identification:_identify(/home/dxf/wheeltec_lebai_humble_2024_7_17/src/lebai-ros-sdk-humble-dev/lebai_interfaces) by extensions ['ros']
[4.408s] Level 1:colcon.colcon_core.package_identification:_identify(/home/dxf/wheeltec_lebai_humble_2024_7_17/src/lebai-ros-sdk-humble-dev/lebai_interfaces) by extension 'ros'
[4.412s] DEBUG:colcon.colcon_core.package_identification:Package '/home/dxf/wheeltec_lebai_humble_2024_7_17/src/lebai-ros-sdk-humble-dev/lebai_interfaces' with type 'ros.ament_cmake' and name 'lebai_interfaces'
[4.412s] Level 1:colcon.colcon_core.package_identification:_identify(/home/dxf/wheeltec_lebai_humble_2024_7_17/src/lebai-ros-sdk-humble-dev/lebai_lm3_moveit_config) by extensions ['ignore', 'ignore_ament_install']
[4.413s] Level 1:colcon.colcon_core.package_identification:_identify(/home/dxf/wheeltec_lebai_humble_2024_7_17/src/lebai-ros-sdk-humble-dev/lebai_lm3_moveit_config) by extension 'ignore'
[4.413s] Level 1:colcon.colcon_core.package_identification:_identify(/home/dxf/wheeltec_lebai_humble_2024_7_17/src/lebai-ros-sdk-humble-dev/lebai_lm3_moveit_config) by extension 'ignore_ament_install'
[4.413s] Level 1:colcon.colcon_core.package_identification:_identify(/home/dxf/wheeltec_lebai_humble_2024_7_17/src/lebai-ros-sdk-humble-dev/lebai_lm3_moveit_config) by extensions ['colcon_pkg']
[4.413s] Level 1:colcon.colcon_core.package_identification:_identify(/home/dxf/wheeltec_lebai_humble_2024_7_17/src/lebai-ros-sdk-humble-dev/lebai_lm3_moveit_config) by extension 'colcon_pkg'
[4.413s] Level 1:colcon.colcon_core.package_identification:_identify(/home/dxf/wheeltec_lebai_humble_2024_7_17/src/lebai-ros-sdk-humble-dev/lebai_lm3_moveit_config) by extensions ['colcon_meta']
[4.413s] Level 1:colcon.colcon_core.package_identification:_identify(/home/dxf/wheeltec_lebai_humble_2024_7_17/src/lebai-ros-sdk-humble-dev/lebai_lm3_moveit_config) by extension 'colcon_meta'
[4.414s] Level 1:colcon.colcon_core.package_identification:_identify(/home/dxf/wheeltec_lebai_humble_2024_7_17/src/lebai-ros-sdk-humble-dev/lebai_lm3_moveit_config) by extensions ['ros']
[4.414s] Level 1:colcon.colcon_core.package_identification:_identify(/home/dxf/wheeltec_lebai_humble_2024_7_17/src/lebai-ros-sdk-humble-dev/lebai_lm3_moveit_config) by extension 'ros'
[4.417s] DEBUG:colcon.colcon_core.package_identification:Package '/home/dxf/wheeltec_lebai_humble_2024_7_17/src/lebai-ros-sdk-humble-dev/lebai_lm3_moveit_config' with type 'ros.ament_cmake' and name 'lebai_lm3_moveit_config'
[4.418s] Level 1:colcon.colcon_core.package_identification:_identify(/home/dxf/wheeltec_lebai_humble_2024_7_17/src/lebai-ros-sdk-humble-dev/lebai_lm3_support) by extensions ['ignore', 'ignore_ament_install']
[4.419s] Level 1:colcon.colcon_core.package_identification:_identify(/home/dxf/wheeltec_lebai_humble_2024_7_17/src/lebai-ros-sdk-humble-dev/lebai_lm3_support) by extension 'ignore'
[4.419s] Level 1:colcon.colcon_core.package_identification:_identify(/home/dxf/wheeltec_lebai_humble_2024_7_17/src/lebai-ros-sdk-humble-dev/lebai_lm3_support) by extension 'ignore_ament_install'
[4.419s] Level 1:colcon.colcon_core.package_identification:_identify(/home/dxf/wheeltec_lebai_humble_2024_7_17/src/lebai-ros-sdk-humble-dev/lebai_lm3_support) by extensions ['colcon_pkg']
[4.419s] Level 1:colcon.colcon_core.package_identification:_identify(/home/dxf/wheeltec_lebai_humble_2024_7_17/src/lebai-ros-sdk-humble-dev/lebai_lm3_support) by extension 'colcon_pkg'
[4.419s] Level 1:colcon.colcon_core.package_identification:_identify(/home/dxf/wheeltec_lebai_humble_2024_7_17/src/lebai-ros-sdk-humble-dev/lebai_lm3_support) by extensions ['colcon_meta']
[4.422s] Level 1:colcon.colcon_core.package_identification:_identify(/home/dxf/wheeltec_lebai_humble_2024_7_17/src/lebai-ros-sdk-humble-dev/lebai_lm3_support) by extension 'colcon_meta'
[4.422s] Level 1:colcon.colcon_core.package_identification:_identify(/home/dxf/wheeltec_lebai_humble_2024_7_17/src/lebai-ros-sdk-humble-dev/lebai_lm3_support) by extensions ['ros']
[4.423s] Level 1:colcon.colcon_core.package_identification:_identify(/home/dxf/wheeltec_lebai_humble_2024_7_17/src/lebai-ros-sdk-humble-dev/lebai_lm3_support) by extension 'ros'
[4.425s] DEBUG:colcon.colcon_core.package_identification:Package '/home/dxf/wheeltec_lebai_humble_2024_7_17/src/lebai-ros-sdk-humble-dev/lebai_lm3_support' with type 'ros.ament_cmake' and name 'lebai_lm3_support'
[4.425s] Level 1:colcon.colcon_core.package_identification:_identify(/home/dxf/wheeltec_lebai_humble_2024_7_17/src/lebai-ros-sdk-humble-dev/lebai_resources) by extensions ['ignore', 'ignore_ament_install']
[4.425s] Level 1:colcon.colcon_core.package_identification:_identify(/home/dxf/wheeltec_lebai_humble_2024_7_17/src/lebai-ros-sdk-humble-dev/lebai_resources) by extension 'ignore'
[4.426s] Level 1:colcon.colcon_core.package_identification:_identify(/home/dxf/wheeltec_lebai_humble_2024_7_17/src/lebai-ros-sdk-humble-dev/lebai_resources) by extension 'ignore_ament_install'
[4.426s] Level 1:colcon.colcon_core.package_identification:_identify(/home/dxf/wheeltec_lebai_humble_2024_7_17/src/lebai-ros-sdk-humble-dev/lebai_resources) by extensions ['colcon_pkg']
[4.426s] Level 1:colcon.colcon_core.package_identification:_identify(/home/dxf/wheeltec_lebai_humble_2024_7_17/src/lebai-ros-sdk-humble-dev/lebai_resources) by extension 'colcon_pkg'
[4.426s] Level 1:colcon.colcon_core.package_identification:_identify(/home/dxf/wheeltec_lebai_humble_2024_7_17/src/lebai-ros-sdk-humble-dev/lebai_resources) by extensions ['colcon_meta']
[4.426s] Level 1:colcon.colcon_core.package_identification:_identify(/home/dxf/wheeltec_lebai_humble_2024_7_17/src/lebai-ros-sdk-humble-dev/lebai_resources) by extension 'colcon_meta'
[4.426s] Level 1:colcon.colcon_core.package_identification:_identify(/home/dxf/wheeltec_lebai_humble_2024_7_17/src/lebai-ros-sdk-humble-dev/lebai_resources) by extensions ['ros']
[4.426s] Level 1:colcon.colcon_core.package_identification:_identify(/home/dxf/wheeltec_lebai_humble_2024_7_17/src/lebai-ros-sdk-humble-dev/lebai_resources) by extension 'ros'
[4.428s] DEBUG:colcon.colcon_core.package_identification:Package '/home/dxf/wheeltec_lebai_humble_2024_7_17/src/lebai-ros-sdk-humble-dev/lebai_resources' with type 'ros.ament_cmake' and name 'lebai_resources'
[4.428s] Level 1:colcon.colcon_core.package_identification:_identify(/home/dxf/wheeltec_lebai_humble_2024_7_17/src/lebai-ros-sdk-humble-dev/lebai_tutorials) by extensions ['ignore', 'ignore_ament_install']
[4.429s] Level 1:colcon.colcon_core.package_identification:_identify(/home/dxf/wheeltec_lebai_humble_2024_7_17/src/lebai-ros-sdk-humble-dev/lebai_tutorials) by extension 'ignore'
[4.429s] Level 1:colcon.colcon_core.package_identification:_identify(/home/dxf/wheeltec_lebai_humble_2024_7_17/src/lebai-ros-sdk-humble-dev/lebai_tutorials) by extension 'ignore_ament_install'
[4.429s] Level 1:colcon.colcon_core.package_identification:_identify(/home/dxf/wheeltec_lebai_humble_2024_7_17/src/lebai-ros-sdk-humble-dev/lebai_tutorials) by extensions ['colcon_pkg']
[4.429s] Level 1:colcon.colcon_core.package_identification:_identify(/home/dxf/wheeltec_lebai_humble_2024_7_17/src/lebai-ros-sdk-humble-dev/lebai_tutorials) by extension 'colcon_pkg'
[4.429s] Level 1:colcon.colcon_core.package_identification:_identify(/home/dxf/wheeltec_lebai_humble_2024_7_17/src/lebai-ros-sdk-humble-dev/lebai_tutorials) by extensions ['colcon_meta']
[4.429s] Level 1:colcon.colcon_core.package_identification:_identify(/home/dxf/wheeltec_lebai_humble_2024_7_17/src/lebai-ros-sdk-humble-dev/lebai_tutorials) by extension 'colcon_meta'
[4.429s] Level 1:colcon.colcon_core.package_identification:_identify(/home/dxf/wheeltec_lebai_humble_2024_7_17/src/lebai-ros-sdk-humble-dev/lebai_tutorials) by extensions ['ros']
[4.429s] Level 1:colcon.colcon_core.package_identification:_identify(/home/dxf/wheeltec_lebai_humble_2024_7_17/src/lebai-ros-sdk-humble-dev/lebai_tutorials) by extension 'ros'
[4.431s] DEBUG:colcon.colcon_core.package_identification:Package '/home/dxf/wheeltec_lebai_humble_2024_7_17/src/lebai-ros-sdk-humble-dev/lebai_tutorials' with type 'ros.ament_cmake' and name 'lebai_tutorials'
[4.431s] Level 1:colcon.colcon_core.package_discovery:discover_packages(recursive) using defaults
