-- The C compiler identification is GNU 11.4.0
-- The CXX compiler identification is GNU 11.4.0
-- Detecting C compiler ABI info
-- Detecting C compiler ABI info - done
-- Check for working C compiler: /usr/bin/cc - skipped
-- Detecting C compile features
-- Detecting C compile features - done
-- Detecting CXX compiler ABI info
-- Detecting CXX compiler ABI info - done
-- Check for working CXX compiler: /usr/bin/c++ - skipped
-- Detecting CXX compile features
-- Detecting CXX compile features - done
-- Found ament_cmake: 1.3.12 (/opt/ros/humble/share/ament_cmake/cmake)
-- Found Python3: /usr/bin/python3 (found version "3.10.12") found components: Interpreter 
-- Found rclcpp: 16.0.15 (/opt/ros/humble/share/rclcpp/cmake)
-- Found rosidl_generator_c: 3.1.7 (/opt/ros/humble/share/rosidl_generator_c/cmake)
-- Found rosidl_adapter: 3.1.7 (/opt/ros/humble/share/rosidl_adapter/cmake)
-- Found rosidl_generator_cpp: 3.1.7 (/opt/ros/humble/share/rosidl_generator_cpp/cmake)
-- Using all available rosidl_typesupport_c: rosidl_typesupport_fastrtps_c;rosidl_typesupport_introspection_c
-- Using all available rosidl_typesupport_cpp: rosidl_typesupport_fastrtps_cpp;rosidl_typesupport_introspection_cpp
-- Found rmw_implementation_cmake: 6.1.2 (/opt/ros/humble/share/rmw_implementation_cmake/cmake)
-- Found rmw_fastrtps_cpp: 6.2.8 (/opt/ros/humble/share/rmw_fastrtps_cpp/cmake)
-- Found OpenSSL: /usr/lib/aarch64-linux-gnu/libcrypto.so (found version "3.0.2")  
-- Found FastRTPS: /opt/ros/humble/include  
-- Using RMW implementation 'rmw_fastrtps_cpp' as default
-- Looking for pthread.h
-- Looking for pthread.h - found
-- Performing Test CMAKE_HAVE_LIBC_PTHREAD
-- Performing Test CMAKE_HAVE_LIBC_PTHREAD - Success
-- Found Threads: TRUE  
-- Found rclcpp_components: 16.0.15 (/opt/ros/humble/share/rclcpp_components/cmake)
-- Found moveit_ros_planning_interface: 2.5.9 (/opt/ros/humble/share/moveit_ros_planning_interface/cmake)
-- Found Boost: /usr/lib/aarch64-linux-gnu/cmake/Boost-1.74.0/BoostConfig.cmake (found version "1.74.0") found components: date_time filesystem program_options system thread 
-- Found Boost: /usr/lib/aarch64-linux-gnu/cmake/Boost-1.74.0/BoostConfig.cmake (found version "1.74.0") found components: chrono date_time filesystem iostreams program_options regex serialization system thread 
-- Found parameter_traits: 0.5.0 (/opt/ros/humble/share/parameter_traits/cmake)
-- Found rclcpp_lifecycle: 16.0.15 (/opt/ros/humble/share/rclcpp_lifecycle/cmake)
-- Found Boost: /usr/lib/aarch64-linux-gnu/cmake/Boost-1.74.0/BoostConfig.cmake (found version "1.74.0") found components: filesystem 
-- library: /usr/lib/aarch64-linux-gnu/libcurl.so
-- Found Eigen3: TRUE (found version "3.4.0") 
-- Ensuring Eigen3 include directory is part of orocos-kdl CMake target
-- Found Boost: /usr/lib/aarch64-linux-gnu/cmake/Boost-1.74.0/BoostConfig.cmake (found version "1.74.0") found components: system filesystem date_time program_options thread chrono 
-- Found Boost: /usr/lib/aarch64-linux-gnu/cmake/Boost-1.74.0/BoostConfig.cmake (found version "1.74.0") found components: thread system filesystem regex date_time program_options 
-- Found Boost: /usr/lib/aarch64-linux-gnu/cmake/Boost-1.74.0/BoostConfig.cmake (found version "1.74.0") found components: system filesystem date_time program_options thread 
-- Found moveit_common: 2.5.9 (/opt/ros/humble/share/moveit_common/cmake)
[0marm_demo: You did not request a specific build type: Choosing 'Release' for maximum performance[0m
-- Configuring done
-- Generating done
-- Build files have been written to: /home/dxf/wheeltec_lebai_humble_2024_7_17/build/arm_demo
[ 50%] [32mBuilding CXX object CMakeFiles/fk_demo.dir/src/fk_demo.cpp.o[0m
[ 50%] [32mBuilding CXX object CMakeFiles/ik_demo.dir/src/ik_demo.cpp.o[0m
[ 75%] [32m[1mLinking CXX executable fk_demo[0m
[100%] [32m[1mLinking CXX executable ik_demo[0m
[100%] Built target fk_demo
[100%] Built target ik_demo
-- Install configuration: "Release"
-- Installing: /home/dxf/wheeltec_lebai_humble_2024_7_17/install/arm_demo/lib/arm_demo/fk_demo
-- Set runtime path of "/home/dxf/wheeltec_lebai_humble_2024_7_17/install/arm_demo/lib/arm_demo/fk_demo" to ""
-- Installing: /home/dxf/wheeltec_lebai_humble_2024_7_17/install/arm_demo/lib/arm_demo/ik_demo
-- Set runtime path of "/home/dxf/wheeltec_lebai_humble_2024_7_17/install/arm_demo/lib/arm_demo/ik_demo" to ""
-- Installing: /home/dxf/wheeltec_lebai_humble_2024_7_17/install/arm_demo/share/arm_demo/launch
-- Installing: /home/dxf/wheeltec_lebai_humble_2024_7_17/install/arm_demo/share/arm_demo/launch/ik_demo.launch.py
-- Installing: /home/dxf/wheeltec_lebai_humble_2024_7_17/install/arm_demo/share/arm_demo/launch/fk_demo.launch.py
-- Installing: /home/dxf/wheeltec_lebai_humble_2024_7_17/install/arm_demo/share/ament_index/resource_index/package_run_dependencies/arm_demo
-- Installing: /home/dxf/wheeltec_lebai_humble_2024_7_17/install/arm_demo/share/ament_index/resource_index/parent_prefix_path/arm_demo
-- Installing: /home/dxf/wheeltec_lebai_humble_2024_7_17/install/arm_demo/share/arm_demo/environment/ament_prefix_path.sh
-- Installing: /home/dxf/wheeltec_lebai_humble_2024_7_17/install/arm_demo/share/arm_demo/environment/ament_prefix_path.dsv
-- Installing: /home/dxf/wheeltec_lebai_humble_2024_7_17/install/arm_demo/share/arm_demo/environment/path.sh
-- Installing: /home/dxf/wheeltec_lebai_humble_2024_7_17/install/arm_demo/share/arm_demo/environment/path.dsv
-- Installing: /home/dxf/wheeltec_lebai_humble_2024_7_17/install/arm_demo/share/arm_demo/local_setup.bash
-- Installing: /home/dxf/wheeltec_lebai_humble_2024_7_17/install/arm_demo/share/arm_demo/local_setup.sh
-- Installing: /home/dxf/wheeltec_lebai_humble_2024_7_17/install/arm_demo/share/arm_demo/local_setup.zsh
-- Installing: /home/dxf/wheeltec_lebai_humble_2024_7_17/install/arm_demo/share/arm_demo/local_setup.dsv
-- Installing: /home/dxf/wheeltec_lebai_humble_2024_7_17/install/arm_demo/share/arm_demo/package.dsv
-- Installing: /home/dxf/wheeltec_lebai_humble_2024_7_17/install/arm_demo/share/ament_index/resource_index/packages/arm_demo
-- Installing: /home/dxf/wheeltec_lebai_humble_2024_7_17/install/arm_demo/share/arm_demo/cmake/arm_demoConfig.cmake
-- Installing: /home/dxf/wheeltec_lebai_humble_2024_7_17/install/arm_demo/share/arm_demo/cmake/arm_demoConfig-version.cmake
-- Installing: /home/dxf/wheeltec_lebai_humble_2024_7_17/install/arm_demo/share/arm_demo/package.xml
