[0.101s] Invoking command in '/home/dxf/wheeltec_lebai_humble_2024_7_17/build/arm_demo': CMAKE_PREFIX_PATH=${CMAKE_PREFIX_PATH}:/home/dxf/WHEELTEC_S300Pro_mini_ros2_arm_src_2025_9_15/install/opencv_tests:/home/dxf/WHEELTEC_S300Pro_mini/install/wheeltec_robot_keyboard:/home/dxf/WHEELTEC_S300Pro_mini/install/simple_follower_ros2:/home/dxf/WHEELTEC_S300Pro_mini/install/ollama_ros_chat:/home/dxf/WHEELTEC_S300Pro_mini/install/nav2_waypoint_cycle:/home/dxf/WHEELTEC_S300Pro_mini/install/auto_recharge_ros2:/opt/ros/humble /usr/bin/cmake /home/dxf/wheeltec_lebai_humble_2024_7_17/src/arm_demo -DCMAKE_INSTALL_PREFIX=/home/dxf/wheeltec_lebai_humble_2024_7_17/install/arm_demo
[0.898s] -- The C compiler identification is GNU 11.4.0
[0.898s] -- The CXX compiler identification is GNU 11.4.0
[0.899s] -- Detecting C compiler ABI info
[0.899s] -- Detecting C compiler ABI info - done
[0.899s] -- Check for working C compiler: /usr/bin/cc - skipped
[0.899s] -- Detecting C compile features
[0.899s] -- Detecting C compile features - done
[0.899s] -- Detecting CXX compiler ABI info
[0.899s] -- Detecting CXX compiler ABI info - done
[0.899s] -- Check for working CXX compiler: /usr/bin/c++ - skipped
[0.900s] -- Detecting CXX compile features
[0.900s] -- Detecting CXX compile features - done
[0.900s] -- Found ament_cmake: 1.3.12 (/opt/ros/humble/share/ament_cmake/cmake)
[1.518s] -- Found Python3: /usr/bin/python3 (found version "3.10.12") found components: Interpreter 
[2.066s] -- Found rclcpp: 16.0.15 (/opt/ros/humble/share/rclcpp/cmake)
[2.328s] -- Found rosidl_generator_c: 3.1.7 (/opt/ros/humble/share/rosidl_generator_c/cmake)
[2.374s] -- Found rosidl_adapter: 3.1.7 (/opt/ros/humble/share/rosidl_adapter/cmake)
[2.427s] -- Found rosidl_generator_cpp: 3.1.7 (/opt/ros/humble/share/rosidl_generator_cpp/cmake)
[2.498s] -- Using all available rosidl_typesupport_c: rosidl_typesupport_fastrtps_c;rosidl_typesupport_introspection_c
[2.596s] -- Using all available rosidl_typesupport_cpp: rosidl_typesupport_fastrtps_cpp;rosidl_typesupport_introspection_cpp
[2.886s] -- Found rmw_implementation_cmake: 6.1.2 (/opt/ros/humble/share/rmw_implementation_cmake/cmake)
[2.911s] -- Found rmw_fastrtps_cpp: 6.2.8 (/opt/ros/humble/share/rmw_fastrtps_cpp/cmake)
[3.270s] -- Found OpenSSL: /usr/lib/aarch64-linux-gnu/libcrypto.so (found version "3.0.2")  
[3.365s] -- Found FastRTPS: /opt/ros/humble/include  
[3.490s] -- Using RMW implementation 'rmw_fastrtps_cpp' as default
[3.558s] -- Looking for pthread.h
[3.766s] -- Looking for pthread.h - found
[3.767s] -- Performing Test CMAKE_HAVE_LIBC_PTHREAD
[3.959s] -- Performing Test CMAKE_HAVE_LIBC_PTHREAD - Success
[3.966s] -- Found Threads: TRUE  
[4.160s] -- Found rclcpp_components: 16.0.15 (/opt/ros/humble/share/rclcpp_components/cmake)
[4.299s] -- Found moveit_ros_planning_interface: 2.5.9 (/opt/ros/humble/share/moveit_ros_planning_interface/cmake)
[4.485s] -- Found Boost: /usr/lib/aarch64-linux-gnu/cmake/Boost-1.74.0/BoostConfig.cmake (found version "1.74.0") found components: date_time filesystem program_options system thread 
[5.212s] -- Found Boost: /usr/lib/aarch64-linux-gnu/cmake/Boost-1.74.0/BoostConfig.cmake (found version "1.74.0") found components: chrono date_time filesystem iostreams program_options regex serialization system thread 
[5.468s] -- Found parameter_traits: 0.5.0 (/opt/ros/humble/share/parameter_traits/cmake)
[5.552s] -- Found rclcpp_lifecycle: 16.0.15 (/opt/ros/humble/share/rclcpp_lifecycle/cmake)
[5.654s] -- Found Boost: /usr/lib/aarch64-linux-gnu/cmake/Boost-1.74.0/BoostConfig.cmake (found version "1.74.0") found components: filesystem 
[5.953s] -- library: /usr/lib/aarch64-linux-gnu/libcurl.so
[6.083s] -- Found Eigen3: TRUE (found version "3.4.0") 
[6.083s] -- Ensuring Eigen3 include directory is part of orocos-kdl CMake target
[6.597s] -- Found Boost: /usr/lib/aarch64-linux-gnu/cmake/Boost-1.74.0/BoostConfig.cmake (found version "1.74.0") found components: system filesystem date_time program_options thread chrono 
[6.695s] -- Found Boost: /usr/lib/aarch64-linux-gnu/cmake/Boost-1.74.0/BoostConfig.cmake (found version "1.74.0") found components: thread system filesystem regex date_time program_options 
[6.777s] -- Found Boost: /usr/lib/aarch64-linux-gnu/cmake/Boost-1.74.0/BoostConfig.cmake (found version "1.74.0") found components: system filesystem date_time program_options thread 
[6.870s] -- Found moveit_common: 2.5.9 (/opt/ros/humble/share/moveit_common/cmake)
[7.067s] [0marm_demo: You did not request a specific build type: Choosing 'Release' for maximum performance[0m
[7.091s] -- Configuring done
[7.205s] -- Generating done
[7.232s] -- Build files have been written to: /home/dxf/wheeltec_lebai_humble_2024_7_17/build/arm_demo
[7.274s] Invoked command in '/home/dxf/wheeltec_lebai_humble_2024_7_17/build/arm_demo' returned '0': CMAKE_PREFIX_PATH=${CMAKE_PREFIX_PATH}:/home/dxf/WHEELTEC_S300Pro_mini_ros2_arm_src_2025_9_15/install/opencv_tests:/home/dxf/WHEELTEC_S300Pro_mini/install/wheeltec_robot_keyboard:/home/dxf/WHEELTEC_S300Pro_mini/install/simple_follower_ros2:/home/dxf/WHEELTEC_S300Pro_mini/install/ollama_ros_chat:/home/dxf/WHEELTEC_S300Pro_mini/install/nav2_waypoint_cycle:/home/dxf/WHEELTEC_S300Pro_mini/install/auto_recharge_ros2:/opt/ros/humble /usr/bin/cmake /home/dxf/wheeltec_lebai_humble_2024_7_17/src/arm_demo -DCMAKE_INSTALL_PREFIX=/home/dxf/wheeltec_lebai_humble_2024_7_17/install/arm_demo
[7.277s] Invoking command in '/home/dxf/wheeltec_lebai_humble_2024_7_17/build/arm_demo': CMAKE_PREFIX_PATH=${CMAKE_PREFIX_PATH}:/home/dxf/WHEELTEC_S300Pro_mini_ros2_arm_src_2025_9_15/install/opencv_tests:/home/dxf/WHEELTEC_S300Pro_mini/install/wheeltec_robot_keyboard:/home/dxf/WHEELTEC_S300Pro_mini/install/simple_follower_ros2:/home/dxf/WHEELTEC_S300Pro_mini/install/ollama_ros_chat:/home/dxf/WHEELTEC_S300Pro_mini/install/nav2_waypoint_cycle:/home/dxf/WHEELTEC_S300Pro_mini/install/auto_recharge_ros2:/opt/ros/humble /usr/bin/cmake --build /home/dxf/wheeltec_lebai_humble_2024_7_17/build/arm_demo -- -j6 -l6
[7.428s] [ 50%] [32mBuilding CXX object CMakeFiles/fk_demo.dir/src/fk_demo.cpp.o[0m
[7.428s] [ 50%] [32mBuilding CXX object CMakeFiles/ik_demo.dir/src/ik_demo.cpp.o[0m
[50.499s] [ 75%] [32m[1mLinking CXX executable fk_demo[0m
[51.477s] [100%] [32m[1mLinking CXX executable ik_demo[0m
[51.508s] [100%] Built target fk_demo
[52.141s] [100%] Built target ik_demo
[52.192s] Invoked command in '/home/dxf/wheeltec_lebai_humble_2024_7_17/build/arm_demo' returned '0': CMAKE_PREFIX_PATH=${CMAKE_PREFIX_PATH}:/home/dxf/WHEELTEC_S300Pro_mini_ros2_arm_src_2025_9_15/install/opencv_tests:/home/dxf/WHEELTEC_S300Pro_mini/install/wheeltec_robot_keyboard:/home/dxf/WHEELTEC_S300Pro_mini/install/simple_follower_ros2:/home/dxf/WHEELTEC_S300Pro_mini/install/ollama_ros_chat:/home/dxf/WHEELTEC_S300Pro_mini/install/nav2_waypoint_cycle:/home/dxf/WHEELTEC_S300Pro_mini/install/auto_recharge_ros2:/opt/ros/humble /usr/bin/cmake --build /home/dxf/wheeltec_lebai_humble_2024_7_17/build/arm_demo -- -j6 -l6
[52.196s] Invoking command in '/home/dxf/wheeltec_lebai_humble_2024_7_17/build/arm_demo': CMAKE_PREFIX_PATH=${CMAKE_PREFIX_PATH}:/home/dxf/WHEELTEC_S300Pro_mini_ros2_arm_src_2025_9_15/install/opencv_tests:/home/dxf/WHEELTEC_S300Pro_mini/install/wheeltec_robot_keyboard:/home/dxf/WHEELTEC_S300Pro_mini/install/simple_follower_ros2:/home/dxf/WHEELTEC_S300Pro_mini/install/ollama_ros_chat:/home/dxf/WHEELTEC_S300Pro_mini/install/nav2_waypoint_cycle:/home/dxf/WHEELTEC_S300Pro_mini/install/auto_recharge_ros2:/opt/ros/humble /usr/bin/cmake --install /home/dxf/wheeltec_lebai_humble_2024_7_17/build/arm_demo
[52.218s] -- Install configuration: "Release"
[52.218s] -- Installing: /home/dxf/wheeltec_lebai_humble_2024_7_17/install/arm_demo/lib/arm_demo/fk_demo
[52.219s] -- Set runtime path of "/home/dxf/wheeltec_lebai_humble_2024_7_17/install/arm_demo/lib/arm_demo/fk_demo" to ""
[52.219s] -- Installing: /home/dxf/wheeltec_lebai_humble_2024_7_17/install/arm_demo/lib/arm_demo/ik_demo
[52.219s] -- Set runtime path of "/home/dxf/wheeltec_lebai_humble_2024_7_17/install/arm_demo/lib/arm_demo/ik_demo" to ""
[52.220s] -- Installing: /home/dxf/wheeltec_lebai_humble_2024_7_17/install/arm_demo/share/arm_demo/launch
[52.220s] -- Installing: /home/dxf/wheeltec_lebai_humble_2024_7_17/install/arm_demo/share/arm_demo/launch/ik_demo.launch.py
[52.220s] -- Installing: /home/dxf/wheeltec_lebai_humble_2024_7_17/install/arm_demo/share/arm_demo/launch/fk_demo.launch.py
[52.221s] -- Installing: /home/dxf/wheeltec_lebai_humble_2024_7_17/install/arm_demo/share/ament_index/resource_index/package_run_dependencies/arm_demo
[52.223s] -- Installing: /home/dxf/wheeltec_lebai_humble_2024_7_17/install/arm_demo/share/ament_index/resource_index/parent_prefix_path/arm_demo
[52.223s] -- Installing: /home/dxf/wheeltec_lebai_humble_2024_7_17/install/arm_demo/share/arm_demo/environment/ament_prefix_path.sh
[52.224s] -- Installing: /home/dxf/wheeltec_lebai_humble_2024_7_17/install/arm_demo/share/arm_demo/environment/ament_prefix_path.dsv
[52.224s] -- Installing: /home/dxf/wheeltec_lebai_humble_2024_7_17/install/arm_demo/share/arm_demo/environment/path.sh
[52.225s] -- Installing: /home/dxf/wheeltec_lebai_humble_2024_7_17/install/arm_demo/share/arm_demo/environment/path.dsv
[52.225s] -- Installing: /home/dxf/wheeltec_lebai_humble_2024_7_17/install/arm_demo/share/arm_demo/local_setup.bash
[52.225s] -- Installing: /home/dxf/wheeltec_lebai_humble_2024_7_17/install/arm_demo/share/arm_demo/local_setup.sh
[52.226s] -- Installing: /home/dxf/wheeltec_lebai_humble_2024_7_17/install/arm_demo/share/arm_demo/local_setup.zsh
[52.226s] -- Installing: /home/dxf/wheeltec_lebai_humble_2024_7_17/install/arm_demo/share/arm_demo/local_setup.dsv
[52.227s] -- Installing: /home/dxf/wheeltec_lebai_humble_2024_7_17/install/arm_demo/share/arm_demo/package.dsv
[52.227s] -- Installing: /home/dxf/wheeltec_lebai_humble_2024_7_17/install/arm_demo/share/ament_index/resource_index/packages/arm_demo
[52.228s] -- Installing: /home/dxf/wheeltec_lebai_humble_2024_7_17/install/arm_demo/share/arm_demo/cmake/arm_demoConfig.cmake
[52.228s] -- Installing: /home/dxf/wheeltec_lebai_humble_2024_7_17/install/arm_demo/share/arm_demo/cmake/arm_demoConfig-version.cmake
[52.228s] -- Installing: /home/dxf/wheeltec_lebai_humble_2024_7_17/install/arm_demo/share/arm_demo/package.xml
[52.234s] Invoked command in '/home/dxf/wheeltec_lebai_humble_2024_7_17/build/arm_demo' returned '0': CMAKE_PREFIX_PATH=${CMAKE_PREFIX_PATH}:/home/dxf/WHEELTEC_S300Pro_mini_ros2_arm_src_2025_9_15/install/opencv_tests:/home/dxf/WHEELTEC_S300Pro_mini/install/wheeltec_robot_keyboard:/home/dxf/WHEELTEC_S300Pro_mini/install/simple_follower_ros2:/home/dxf/WHEELTEC_S300Pro_mini/install/ollama_ros_chat:/home/dxf/WHEELTEC_S300Pro_mini/install/nav2_waypoint_cycle:/home/dxf/WHEELTEC_S300Pro_mini/install/auto_recharge_ros2:/opt/ros/humble /usr/bin/cmake --install /home/dxf/wheeltec_lebai_humble_2024_7_17/build/arm_demo
