[0.000000] (-) TimerEvent: {}
[0.000328] (-) JobUnselected: {'identifier': 'arm_demo'}
[0.000834] (-) JobUnselected: {'identifier': 'lebai_driver'}
[0.001098] (-) JobUnselected: {'identifier': 'lebai_interfaces'}
[0.001371] (-) JobUnselected: {'identifier': 'lebai_lm3_moveit_config'}
[0.001473] (-) JobUnselected: {'identifier': 'lebai_lm3_support'}
[0.001549] (-) JobUnselected: {'identifier': 'lebai_resources'}
[0.001616] (-) JobUnselected: {'identifier': 'lebai_tutorials'}
[0.001687] (grab_demo) JobQueued: {'identifier': 'grab_demo', 'dependencies': OrderedDict()}
[0.001794] (grab_demo) JobStarted: {'identifier': 'grab_demo'}
[0.028667] (grab_demo) JobProgress: {'identifier': 'grab_demo', 'progress': 'cmake'}
[0.030668] (grab_demo) JobProgress: {'identifier': 'grab_demo', 'progress': 'build'}
[0.032648] (grab_demo) Command: {'cmd': ['/usr/bin/cmake', '--build', '/home/dxf/wheeltec_lebai_humble_2024_7_17/build/grab_demo', '--', '-j6', '-l6'], 'cwd': '/home/dxf/wheeltec_lebai_humble_2024_7_17/build/grab_demo', 'env': OrderedDict([('LESSOPEN', '| /usr/bin/lesspipe %s'), ('VSCODE_CWD', '/home/dxf'), ('VSCODE_ESM_ENTRYPOINT', 'vs/workbench/api/node/extensionHostProcess'), ('LANGUAGE', 'zh_CN:en_US:en'), ('USER', 'dxf'), ('SSH_CLIENT', '192.168.0.66 55755 22'), ('LC_TIME', 'zh_CN.UTF-8'), ('VSCODE_NLS_CONFIG', '{"userLocale":"zh-cn","osLocale":"zh-cn","resolvedLanguage":"zh-cn","defaultMessagesFile":"/home/dxf/.cursor-server/bin/5c17eb2968a37f66bc6662f48d6356a100b67be0/out/nls.messages.json","languagePack":{"translationsConfigFile":"/home/dxf/.cursor-server/data/clp/6fe284ae87274d9cb2cdffc89b193492.zh-cn/tcf.json","messagesFile":"/home/dxf/.cursor-server/data/clp/6fe284ae87274d9cb2cdffc89b193492.zh-cn/5c17eb2968a37f66bc6662f48d6356a100b67be0/nls.messages.json","corruptMarkerFile":"/home/dxf/.cursor-server/data/clp/6fe284ae87274d9cb2cdffc89b193492.zh-cn/corrupted.info"},"locale":"zh-cn","availableLanguages":{"*":"zh-cn"},"_languagePackId":"6fe284ae87274d9cb2cdffc89b193492.zh-cn","_languagePackSupport":true,"_translationsConfigFile":"/home/dxf/.cursor-server/data/clp/6fe284ae87274d9cb2cdffc89b193492.zh-cn/tcf.json","_cacheRoot":"/home/dxf/.cursor-server/data/clp/6fe284ae87274d9cb2cdffc89b193492.zh-cn","_resolvedLanguagePackCoreLocation":"/home/dxf/.cursor-server/data/clp/6fe284ae87274d9cb2cdffc89b193492.zh-cn/5c17eb2968a37f66bc6662f48d6356a100b67be0","_corruptedFile":"/home/dxf/.cursor-server/data/clp/6fe284ae87274d9cb2cdffc89b193492.zh-cn/corrupted.info"}'), ('VSCODE_HANDLES_UNCAUGHT_ERRORS', 'true'), ('XDG_SESSION_TYPE', 'tty'), ('SHLVL', '0'), ('LD_LIBRARY_PATH', '/usr/local/opencv410/lib:/usr/local/lib:/usr/local/cuda-12.6/lib64:/usr/local/opencv410/lib:/usr/local/lib:/home/dxf/WHEELTEC_S300Pro_mini/install/yesense_interface/lib:/home/dxf/WHEELTEC_S300Pro_mini/install/wheeltec_rrt_msg/lib:/home/dxf/WHEELTEC_S300Pro_mini/install/wheeltec_robot_rrt/lib:/home/dxf/WHEELTEC_S300Pro_mini/install/wheeltec_mic_msg/lib:/home/dxf/WHEELTEC_S300Pro_mini/install/usb_cam/lib:/home/dxf/WHEELTEC_S300Pro_mini/install/turn_on_wheeltec_robot/lib:/home/dxf/WHEELTEC_S300Pro_mini/install/serial/lib:/home/dxf/WHEELTEC_S300Pro_mini/install/robot_interfaces/lib:/home/dxf/WHEELTEC_S300Pro_mini/install/orb_slam2_ros/lib:/home/dxf/WHEELTEC_S300Pro_mini/install/openslam_gmapping/lib:/home/dxf/WHEELTEC_S300Pro_mini/install/ollama_ros_msgs/lib:/home/dxf/WHEELTEC_S300Pro_mini/install/lslidar_msgs/lib:/home/dxf/WHEELTEC_S300Pro_mini/install/bodyreader_msg/lib:/home/dxf/WHEELTEC_S300Pro_mini/install/astra_camera/lib:/home/dxf/WHEELTEC_S300Pro_mini/install/astra_camera_msgs/lib:/home/dxf/WHEELTEC_S300Pro_mini/install/aruco_ros/lib:/home/dxf/WHEELTEC_S300Pro_mini/install/aruco_msgs/lib:/home/dxf/WHEELTEC_S300Pro_mini/install/aruco/lib:/opt/ros/humble/opt/rviz_ogre_vendor/lib:/opt/ros/humble/lib/aarch64-linux-gnu:/opt/ros/humble/lib:/usr/local/cuda-12.6/lib64:'), ('BROWSER', '/home/dxf/.cursor-server/bin/5c17eb2968a37f66bc6662f48d6356a100b67be0/bin/helpers/browser.sh'), ('MOTD_SHOWN', 'pam'), ('HOME', '/home/dxf'), ('OLDPWD', '/home/dxf/wheeltec_lebai_humble_2024_7_17'), ('VSCODE_IPC_HOOK_CLI', '/run/user/1000/vscode-ipc-540e1153-c3c9-4bd3-a392-a29dd083c6e4.sock'), ('ROS_PYTHON_VERSION', '3'), ('LC_MONETARY', 'zh_CN.UTF-8'), ('NO_COLOR', '1'), ('DBUS_SESSION_BUS_ADDRESS', 'unix:path=/run/user/1000/bus'), ('VSCODE_L10N_BUNDLE_LOCATION', 'vscode-local:/Users/liquanyan/.cursor/extensions/ms-ceintl.vscode-language-pack-zh-hans-1.99.0-universal/translations/extensions/vscode.json-language-features.i18n.json'), ('COLCON_PREFIX_PATH', '/home/dxf/WHEELTEC_S300Pro_mini/install'), ('ROS_DISTRO', 'humble'), ('LOGNAME', 'dxf'), ('FORCE_COLOR', '0'), ('VSCODE_HANDLES_SIGPIPE', 'true'), ('_', '/usr/bin/colcon'), ('ROS_VERSION', '2'), ('PKG_CONFIG_PATH', '/usr/local/opencv410/lib/pkgconfig:/usr/local/opencv410/lib/pkgconfig:'), ('XDG_SESSION_CLASS', 'user'), ('TERM', 'dumb'), ('XDG_SESSION_ID', '7'), ('ROS_LOCALHOST_ONLY', '0'), ('COMPOSER_NO_INTERACTION', '1'), ('PATH', '/usr/local/cuda-12.6/bin:/home/dxf/.cursor-server/bin/5c17eb2968a37f66bc6662f48d6356a100b67be0/bin/remote-cli:/opt/ros/humble/bin:/usr/local/cuda-12.6/bin:/home/dxf/.cursor-server/bin/5c17eb2968a37f66bc6662f48d6356a100b67be0/bin/remote-cli:/usr/local/sbin:/usr/local/bin:/usr/sbin:/usr/bin:/sbin:/bin:/usr/games:/usr/local/games:/snap/bin'), ('VSCODE_AGENT_FOLDER', '/home/dxf/.cursor-server'), ('PAPERSIZE', 'a4'), ('LC_ADDRESS', 'zh_CN.UTF-8'), ('XDG_RUNTIME_DIR', '/run/user/1000'), ('CURSOR_AGENT', '1'), ('DISPLAY', 'localhost:11.0'), ('LANG', 'zh_CN.UTF-8'), ('LC_TELEPHONE', 'zh_CN.UTF-8'), ('LS_COLORS', ''), ('AMENT_PREFIX_PATH', '/home/dxf/WHEELTEC_S300Pro_mini/install/yesense_std_ros2:/home/dxf/WHEELTEC_S300Pro_mini/install/yesense_interface:/home/dxf/WHEELTEC_S300Pro_mini/install/wheeltec_ultrasonic:/home/dxf/WHEELTEC_S300Pro_mini/install/wheeltec_slam_toolbox:/home/dxf/WHEELTEC_S300Pro_mini/install/wheeltec_rviz2:/home/dxf/WHEELTEC_S300Pro_mini/install/wheeltec_rrt_msg:/home/dxf/WHEELTEC_S300Pro_mini/install/wheeltec_robot_rtab:/home/dxf/WHEELTEC_S300Pro_mini/install/wheeltec_robot_rrt:/home/dxf/WHEELTEC_S300Pro_mini/install/wheeltec_robot_keyboard:/home/dxf/WHEELTEC_S300Pro_mini/install/wheeltec_robot_kcf:/home/dxf/WHEELTEC_S300Pro_mini/install/wheeltec_path_follow:/home/dxf/WHEELTEC_S300Pro_mini/install/wheeltec_nav2:/home/dxf/WHEELTEC_S300Pro_mini/install/wheeltec_mic_ros2:/home/dxf/WHEELTEC_S300Pro_mini/install/wheeltec_mic_msg:/home/dxf/WHEELTEC_S300Pro_mini/install/wheeltec_joy:/home/dxf/WHEELTEC_S300Pro_mini/install/wheeltec_cartographer:/home/dxf/WHEELTEC_S300Pro_mini/install/web_video_server:/home/dxf/WHEELTEC_S300Pro_mini/install/usb_cam:/home/dxf/WHEELTEC_S300Pro_mini/install/simple_follower_ros2:/home/dxf/WHEELTEC_S300Pro_mini/install/turn_on_wheeltec_robot:/home/dxf/WHEELTEC_S300Pro_mini/install/slam_gmapping:/home/dxf/WHEELTEC_S300Pro_mini/install/bodyreader:/home/dxf/WHEELTEC_S300Pro_mini/install/serial:/home/dxf/WHEELTEC_S300Pro_mini/install/robot_interfaces:/home/dxf/WHEELTEC_S300Pro_mini/install/rm_description:/home/dxf/WHEELTEC_S300Pro_mini/install/qt_ros_test:/home/dxf/WHEELTEC_S300Pro_mini/install/orb_slam2_ros:/home/dxf/WHEELTEC_S300Pro_mini/install/openslam_gmapping:/home/dxf/WHEELTEC_S300Pro_mini/install/ollama_ros_chat:/home/dxf/WHEELTEC_S300Pro_mini/install/ollama_ros_msgs:/home/dxf/WHEELTEC_S300Pro_mini/install/nav2_waypoint_cycle:/home/dxf/WHEELTEC_S300Pro_mini/install/lslidar_driver:/home/dxf/WHEELTEC_S300Pro_mini/install/lslidar_msgs:/home/dxf/WHEELTEC_S300Pro_mini/install/ldlidar_stl_ros2:/home/dxf/WHEELTEC_S300Pro_mini/install/ldlidar_sl_ros2:/home/dxf/WHEELTEC_S300Pro_mini/install/double_lidar_fusion:/home/dxf/WHEELTEC_S300Pro_mini/install/bodyreader_msg:/home/dxf/WHEELTEC_S300Pro_mini/install/auto_recharge_ros2:/home/dxf/WHEELTEC_S300Pro_mini/install/astra_camera:/home/dxf/WHEELTEC_S300Pro_mini/install/astra_camera_msgs:/home/dxf/WHEELTEC_S300Pro_mini/install/aruco_ros:/home/dxf/WHEELTEC_S300Pro_mini/install/aruco_msgs:/home/dxf/WHEELTEC_S300Pro_mini/install/aruco:/opt/ros/humble'), ('SHELL', '/bin/bash'), ('LC_NAME', 'zh_CN.UTF-8'), ('VSCODE_SERVER_SHUTDOWN_TIMEOUT', '300'), ('LESSCLOSE', '/usr/bin/lesspipe %s %s'), ('LC_MEASUREMENT', 'zh_CN.UTF-8'), ('OpenCV_DIR', '/usr/local/opencv410/lib/cmake/opencv4'), ('LC_IDENTIFICATION', 'zh_CN.UTF-8'), ('PWD', '/home/dxf/wheeltec_lebai_humble_2024_7_17/build/grab_demo'), ('SSH_CONNECTION', '192.168.0.66 55755 192.168.0.100 22'), ('XDG_DATA_DIRS', '/usr/share/gnome:/usr/local/share:/usr/share:/var/lib/snapd/desktop'), ('PYTHONPATH', '/home/dxf/WHEELTEC_S300Pro_mini/install/yesense_interface/local/lib/python3.10/dist-packages:/home/dxf/WHEELTEC_S300Pro_mini/install/wheeltec_rrt_msg/local/lib/python3.10/dist-packages:/home/dxf/WHEELTEC_S300Pro_mini/install/wheeltec_robot_keyboard/lib/python3.10/site-packages:/home/dxf/WHEELTEC_S300Pro_mini/install/wheeltec_mic_msg/local/lib/python3.10/dist-packages:/home/dxf/WHEELTEC_S300Pro_mini/install/simple_follower_ros2/lib/python3.10/site-packages:/home/dxf/WHEELTEC_S300Pro_mini/install/turn_on_wheeltec_robot/local/lib/python3.10/dist-packages:/home/dxf/WHEELTEC_S300Pro_mini/install/robot_interfaces/local/lib/python3.10/dist-packages:/home/dxf/WHEELTEC_S300Pro_mini/install/orb_slam2_ros/local/lib/python3.10/dist-packages:/home/dxf/WHEELTEC_S300Pro_mini/install/ollama_ros_chat/lib/python3.10/site-packages:/home/dxf/WHEELTEC_S300Pro_mini/install/ollama_ros_msgs/local/lib/python3.10/dist-packages:/home/dxf/WHEELTEC_S300Pro_mini/install/nav2_waypoint_cycle/lib/python3.10/site-packages:/home/dxf/WHEELTEC_S300Pro_mini/install/lslidar_msgs/local/lib/python3.10/dist-packages:/home/dxf/WHEELTEC_S300Pro_mini/install/bodyreader_msg/local/lib/python3.10/dist-packages:/home/dxf/WHEELTEC_S300Pro_mini/install/auto_recharge_ros2/lib/python3.10/site-packages:/home/dxf/WHEELTEC_S300Pro_mini/install/astra_camera_msgs/local/lib/python3.10/dist-packages:/home/dxf/WHEELTEC_S300Pro_mini/install/aruco_msgs/local/lib/python3.10/dist-packages:/opt/ros/humble/lib/python3.10/site-packages:/opt/ros/humble/local/lib/python3.10/dist-packages'), ('LC_NUMERIC', 'zh_CN.UTF-8'), ('LC_PAPER', 'zh_CN.UTF-8'), ('COLCON', '1'), ('CMAKE_PREFIX_PATH', '/usr/local/opencv410:/usr/local/opencv410:/home/dxf/WHEELTEC_S300Pro_mini/install/yesense_std_ros2:/home/dxf/WHEELTEC_S300Pro_mini/install/yesense_interface:/home/dxf/WHEELTEC_S300Pro_mini/install/wheeltec_ultrasonic:/home/dxf/WHEELTEC_S300Pro_mini/install/wheeltec_slam_toolbox:/home/dxf/WHEELTEC_S300Pro_mini/install/wheeltec_rviz2:/home/dxf/WHEELTEC_S300Pro_mini/install/wheeltec_rrt_msg:/home/dxf/WHEELTEC_S300Pro_mini/install/wheeltec_robot_rtab:/home/dxf/WHEELTEC_S300Pro_mini/install/wheeltec_robot_rrt:/home/dxf/WHEELTEC_S300Pro_mini/install/wheeltec_robot_kcf:/home/dxf/WHEELTEC_S300Pro_mini/install/wheeltec_path_follow:/home/dxf/WHEELTEC_S300Pro_mini/install/wheeltec_nav2:/home/dxf/WHEELTEC_S300Pro_mini/install/wheeltec_mic_ros2:/home/dxf/WHEELTEC_S300Pro_mini/install/wheeltec_mic_msg:/home/dxf/WHEELTEC_S300Pro_mini/install/wheeltec_joy:/home/dxf/WHEELTEC_S300Pro_mini/install/wheeltec_cartographer:/home/dxf/WHEELTEC_S300Pro_mini/install/web_video_server:/home/dxf/WHEELTEC_S300Pro_mini/install/usb_cam:/home/dxf/WHEELTEC_S300Pro_mini/install/turn_on_wheeltec_robot:/home/dxf/WHEELTEC_S300Pro_mini/install/slam_gmapping:/home/dxf/WHEELTEC_S300Pro_mini/install/bodyreader:/home/dxf/WHEELTEC_S300Pro_mini/install/serial:/home/dxf/WHEELTEC_S300Pro_mini/install/robot_interfaces:/home/dxf/WHEELTEC_S300Pro_mini/install/rm_description:/home/dxf/WHEELTEC_S300Pro_mini/install/qt_ros_test:/home/dxf/WHEELTEC_S300Pro_mini/install/orb_slam2_ros:/home/dxf/WHEELTEC_S300Pro_mini/install/openslam_gmapping:/home/dxf/WHEELTEC_S300Pro_mini/install/ollama_ros_msgs:/home/dxf/WHEELTEC_S300Pro_mini/install/lslidar_driver:/home/dxf/WHEELTEC_S300Pro_mini/install/lslidar_msgs:/home/dxf/WHEELTEC_S300Pro_mini/install/ldlidar_stl_ros2:/home/dxf/WHEELTEC_S300Pro_mini/install/ldlidar_sl_ros2:/home/dxf/WHEELTEC_S300Pro_mini/install/double_lidar_fusion:/home/dxf/WHEELTEC_S300Pro_mini/install/bodyreader_msg:/home/dxf/WHEELTEC_S300Pro_mini/install/astra_camera:/home/dxf/WHEELTEC_S300Pro_mini/install/astra_camera_msgs:/home/dxf/WHEELTEC_S300Pro_mini/install/aruco_ros:/home/dxf/WHEELTEC_S300Pro_mini/install/aruco_msgs:/home/dxf/WHEELTEC_S300Pro_mini/install/aruco:/home/dxf/WHEELTEC_S300Pro_mini/install/wheeltec_robot_keyboard:/home/dxf/WHEELTEC_S300Pro_mini/install/simple_follower_ros2:/home/dxf/WHEELTEC_S300Pro_mini/install/ollama_ros_chat:/home/dxf/WHEELTEC_S300Pro_mini/install/nav2_waypoint_cycle:/home/dxf/WHEELTEC_S300Pro_mini/install/auto_recharge_ros2:/opt/ros/humble')]), 'shell': False}
[0.099294] (-) TimerEvent: {}
[0.199743] (-) TimerEvent: {}
[0.202329] (grab_demo) StdoutLine: {'line': b'[  6%] Built target grab_demo__rosidl_generator_c\n'}
[0.212868] (grab_demo) StdoutLine: {'line': b'[  8%] Built target grab_demo__cpp\n'}
[0.222511] (grab_demo) StdoutLine: {'line': b'[ 12%] Built target hsv_range\n'}
[0.234083] (grab_demo) StdoutLine: {'line': b'[ 14%] Building CXX object CMakeFiles/charuco_dectet_node.dir/src/charuco_dectet_node.cpp.o\n'}
[0.242978] (grab_demo) StdoutLine: {'line': b'[ 17%] Built target ament_cmake_python_copy_grab_demo\n'}
[0.243421] (grab_demo) StdoutLine: {'line': b'[ 19%] Built target hand_eye\n'}
[0.299935] (-) TimerEvent: {}
[0.304237] (grab_demo) StdoutLine: {'line': b'[ 21%] Building CXX object CMakeFiles/aruco_dectet.dir/src/aruco_dectet.cpp.o\n'}
[0.314657] (grab_demo) StdoutLine: {'line': b'[ 27%] Built target grab_demo__rosidl_typesupport_fastrtps_c\n'}
[0.319664] (grab_demo) StdoutLine: {'line': b'[ 34%] Built target grab_demo__rosidl_typesupport_cpp\n'}
[0.338744] (grab_demo) StdoutLine: {'line': b'[ 38%] Built target camera_info_node\n'}
[0.345017] (grab_demo) StdoutLine: {'line': b'[ 44%] Built target grab_demo__rosidl_typesupport_fastrtps_cpp\n'}
[0.400124] (-) TimerEvent: {}
[0.400643] (grab_demo) StdoutLine: {'line': b'[ 51%] Built target grab_demo__rosidl_typesupport_c\n'}
[0.407308] (grab_demo) StdoutLine: {'line': b'[ 57%] Built target grab_demo__rosidl_typesupport_introspection_c\n'}
[0.428393] (grab_demo) StdoutLine: {'line': b'[ 63%] Built target grab_demo__rosidl_typesupport_introspection_cpp\n'}
[0.500301] (-) TimerEvent: {}
[0.546237] (grab_demo) StdoutLine: {'line': b'[ 68%] Built target nav_grab\n'}
[0.555736] (grab_demo) StdoutLine: {'line': b'[ 76%] Built target grab_service_node\n'}
[0.556187] (grab_demo) StdoutLine: {'line': b'[ 76%] Built target start_grab\n'}
[0.600495] (-) TimerEvent: {}
[0.631554] (grab_demo) StdoutLine: {'line': b'[ 76%] Built target grab_demo\n'}
[0.700687] (-) TimerEvent: {}
[0.714879] (grab_demo) StdoutLine: {'line': b'[ 78%] Built target grab_demo__py\n'}
[0.794537] (grab_demo) StdoutLine: {'line': b'[ 82%] Built target grab_demo__rosidl_generator_py\n'}
[0.800834] (-) TimerEvent: {}
[0.901313] (-) TimerEvent: {}
[0.905648] (grab_demo) StdoutLine: {'line': b'[ 87%] Built target grab_demo__rosidl_typesupport_c__pyext\n'}
[0.912555] (grab_demo) StdoutLine: {'line': b'[ 91%] Built target grab_demo__rosidl_typesupport_fastrtps_c__pyext\n'}
[0.955233] (grab_demo) StdoutLine: {'line': b'[ 95%] Built target grab_demo__rosidl_typesupport_introspection_c__pyext\n'}
[1.001483] (-) TimerEvent: {}
[1.033302] (grab_demo) StdoutLine: {'line': b'running egg_info\n'}
[1.036542] (grab_demo) StdoutLine: {'line': b'writing grab_demo.egg-info/PKG-INFO\n'}
[1.037671] (grab_demo) StdoutLine: {'line': b'writing dependency_links to grab_demo.egg-info/dependency_links.txt\n'}
[1.038121] (grab_demo) StdoutLine: {'line': b'writing top-level names to grab_demo.egg-info/top_level.txt\n'}
[1.044187] (grab_demo) StdoutLine: {'line': b"reading manifest file 'grab_demo.egg-info/SOURCES.txt'\n"}
[1.045392] (grab_demo) StdoutLine: {'line': b"writing manifest file 'grab_demo.egg-info/SOURCES.txt'\n"}
[1.101675] (-) TimerEvent: {}
[1.142074] (grab_demo) StdoutLine: {'line': b'[ 95%] Built target ament_cmake_python_build_grab_demo_egg\n'}
[1.201856] (-) TimerEvent: {}
[1.302281] (-) TimerEvent: {}
[1.402704] (-) TimerEvent: {}
[1.503140] (-) TimerEvent: {}
[1.603584] (-) TimerEvent: {}
[1.704061] (-) TimerEvent: {}
[1.804537] (-) TimerEvent: {}
[1.905019] (-) TimerEvent: {}
[2.005491] (-) TimerEvent: {}
[2.107633] (-) TimerEvent: {}
[2.208134] (-) TimerEvent: {}
[2.308617] (-) TimerEvent: {}
[2.409087] (-) TimerEvent: {}
[2.513353] (-) TimerEvent: {}
[2.613804] (-) TimerEvent: {}
[2.714260] (-) TimerEvent: {}
[2.814712] (-) TimerEvent: {}
[2.917490] (-) TimerEvent: {}
[3.017942] (-) TimerEvent: {}
[3.118384] (-) TimerEvent: {}
[3.218826] (-) TimerEvent: {}
[3.319268] (-) TimerEvent: {}
[3.419730] (-) TimerEvent: {}
[3.520187] (-) TimerEvent: {}
[3.620644] (-) TimerEvent: {}
[3.721458] (-) TimerEvent: {}
[3.821896] (-) TimerEvent: {}
[3.922337] (-) TimerEvent: {}
[4.022785] (-) TimerEvent: {}
[4.123240] (-) TimerEvent: {}
[4.223676] (-) TimerEvent: {}
[4.324119] (-) TimerEvent: {}
[4.424559] (-) TimerEvent: {}
[4.524996] (-) TimerEvent: {}
[4.625482] (-) TimerEvent: {}
[4.725934] (-) TimerEvent: {}
[4.828900] (-) TimerEvent: {}
[4.929340] (-) TimerEvent: {}
[5.029793] (-) TimerEvent: {}
[5.131070] (-) TimerEvent: {}
[5.231665] (-) TimerEvent: {}
[5.332113] (-) TimerEvent: {}
[5.432567] (-) TimerEvent: {}
[5.533036] (-) TimerEvent: {}
[5.639544] (-) TimerEvent: {}
[5.739992] (-) TimerEvent: {}
[5.841367] (-) TimerEvent: {}
[5.941847] (-) TimerEvent: {}
[6.042327] (-) TimerEvent: {}
[6.142820] (-) TimerEvent: {}
[6.243267] (-) TimerEvent: {}
[6.343712] (-) TimerEvent: {}
[6.444136] (-) TimerEvent: {}
[6.544639] (-) TimerEvent: {}
[6.645103] (-) TimerEvent: {}
[6.745655] (-) TimerEvent: {}
[6.846086] (-) TimerEvent: {}
[6.953345] (-) TimerEvent: {}
[7.053798] (-) TimerEvent: {}
[7.154238] (-) TimerEvent: {}
[7.254656] (-) TimerEvent: {}
[7.355061] (-) TimerEvent: {}
[7.455529] (-) TimerEvent: {}
[7.555978] (-) TimerEvent: {}
[7.656433] (-) TimerEvent: {}
[7.756890] (-) TimerEvent: {}
[7.857363] (-) TimerEvent: {}
[7.957792] (-) TimerEvent: {}
[8.061333] (-) TimerEvent: {}
[8.161783] (-) TimerEvent: {}
[8.262232] (-) TimerEvent: {}
[8.362669] (-) TimerEvent: {}
[8.463122] (-) TimerEvent: {}
[8.563725] (-) TimerEvent: {}
[8.664160] (-) TimerEvent: {}
[8.764590] (-) TimerEvent: {}
[8.865023] (-) TimerEvent: {}
[8.965468] (-) TimerEvent: {}
[9.065907] (-) TimerEvent: {}
[9.166352] (-) TimerEvent: {}
[9.266797] (-) TimerEvent: {}
[9.367236] (-) TimerEvent: {}
[9.467688] (-) TimerEvent: {}
[9.568140] (-) TimerEvent: {}
[9.668598] (-) TimerEvent: {}
[9.769036] (-) TimerEvent: {}
[9.869509] (-) TimerEvent: {}
[9.969970] (-) TimerEvent: {}
[10.070439] (-) TimerEvent: {}
[10.130559] (grab_demo) StderrLine: {'line': b'/home/dxf/wheeltec_lebai_humble_2024_7_17/src/grab_demo/src/aruco_dectet.cpp:28:13: error: \xe2\x80\x98aruco\xe2\x80\x99 in namespace \xe2\x80\x98cv\xe2\x80\x99 does not name a type\n'}
[10.131494] (grab_demo) StderrLine: {'line': b'   28 |         cv::aruco::Dictionary dictionary;\n'}
[10.131692] (grab_demo) StderrLine: {'line': b'      |             ^~~~~\n'}
[10.131846] (grab_demo) StderrLine: {'line': b'/home/dxf/wheeltec_lebai_humble_2024_7_17/src/grab_demo/src/aruco_dectet.cpp:29:13: error: \xe2\x80\x98aruco\xe2\x80\x99 in namespace \xe2\x80\x98cv\xe2\x80\x99 does not name a type\n'}
[10.131987] (grab_demo) StderrLine: {'line': b'   29 |         cv::aruco::DetectorParameters detectorParams;\n'}
[10.132122] (grab_demo) StderrLine: {'line': b'      |             ^~~~~\n'}
[10.135977] (grab_demo) StderrLine: {'line': b'/home/dxf/wheeltec_lebai_humble_2024_7_17/src/grab_demo/src/aruco_dectet.cpp:30:21: error: \xe2\x80\x98aruco\xe2\x80\x99 is not a member of \xe2\x80\x98cv\xe2\x80\x99\n'}
[10.136402] (grab_demo) StderrLine: {'line': b'   30 |         cv::Ptr<cv::aruco::ArucoDetector> arucoDetector;\n'}
[10.136563] (grab_demo) StderrLine: {'line': b'      |                     ^~~~~\n'}
[10.136701] (grab_demo) StderrLine: {'line': b'/home/dxf/wheeltec_lebai_humble_2024_7_17/src/grab_demo/src/aruco_dectet.cpp:30:41: error: template argument 1 is invalid\n'}
[10.136834] (grab_demo) StderrLine: {'line': b'   30 |         cv::Ptr<cv::aruco::ArucoDetector> arucoDetector;\n'}
[10.136962] (grab_demo) StderrLine: {'line': b'      |                                         ^\n'}
[10.170633] (-) TimerEvent: {}
[10.269710] (grab_demo) StderrLine: {'line': b'/home/dxf/wheeltec_lebai_humble_2024_7_17/src/grab_demo/src/aruco_dectet.cpp: In constructor \xe2\x80\x98aruco_dectet::aruco_dectet()\xe2\x80\x99:\n'}
[10.270413] (grab_demo) StderrLine: {'line': b'/home/dxf/wheeltec_lebai_humble_2024_7_17/src/grab_demo/src/aruco_dectet.cpp:72:17: error: \xe2\x80\x98cv::aruco\xe2\x80\x99 has not been declared\n'}
[10.270652] (-) TimerEvent: {}
[10.270730] (grab_demo) StderrLine: {'line': b'   72 |             cv::aruco::PredefinedDictionaryType dict_type;\n'}
[10.270922] (grab_demo) StderrLine: {'line': b'      |                 ^~~~~\n'}
[10.307197] (grab_demo) StderrLine: {'line': b'/home/dxf/wheeltec_lebai_humble_2024_7_17/src/grab_demo/src/aruco_dectet.cpp:74:25: error: \xe2\x80\x98dict_type\xe2\x80\x99 was not declared in this scope; did you mean \xe2\x80\x98decltype\xe2\x80\x99?\n'}
[10.307700] (grab_demo) StderrLine: {'line': b'   74 |                 case 0: dict_type = cv::aruco::DICT_4X4_50; break;\n'}
[10.307890] (grab_demo) StderrLine: {'line': b'      |                         ^~~~~~~~~\n'}
[10.308047] (grab_demo) StderrLine: {'line': b'      |                         decltype\n'}
[10.308262] (grab_demo) StderrLine: {'line': b'/home/dxf/wheeltec_lebai_humble_2024_7_17/src/grab_demo/src/aruco_dectet.cpp:74:41: error: \xe2\x80\x98cv::aruco\xe2\x80\x99 has not been declared\n'}
[10.308445] (grab_demo) StderrLine: {'line': b'   74 |                 case 0: dict_type = cv::aruco::DICT_4X4_50; break;\n'}
[10.308576] (grab_demo) StderrLine: {'line': b'      |                                         ^~~~~\n'}
[10.308706] (grab_demo) StderrLine: {'line': b'/home/dxf/wheeltec_lebai_humble_2024_7_17/src/grab_demo/src/aruco_dectet.cpp:75:41: error: \xe2\x80\x98cv::aruco\xe2\x80\x99 has not been declared\n'}
[10.308832] (grab_demo) StderrLine: {'line': b'   75 |                 case 1: dict_type = cv::aruco::DICT_4X4_100; break;\n'}
[10.308957] (grab_demo) StderrLine: {'line': b'      |                                         ^~~~~\n'}
[10.309078] (grab_demo) StderrLine: {'line': b'/home/dxf/wheeltec_lebai_humble_2024_7_17/src/grab_demo/src/aruco_dectet.cpp:76:41: error: \xe2\x80\x98cv::aruco\xe2\x80\x99 has not been declared\n'}
[10.309245] (grab_demo) StderrLine: {'line': b'   76 |                 case 2: dict_type = cv::aruco::DICT_4X4_250; break;\n'}
[10.309378] (grab_demo) StderrLine: {'line': b'      |                                         ^~~~~\n'}
[10.309497] (grab_demo) StderrLine: {'line': b'/home/dxf/wheeltec_lebai_humble_2024_7_17/src/grab_demo/src/aruco_dectet.cpp:77:41: error: \xe2\x80\x98cv::aruco\xe2\x80\x99 has not been declared\n'}
[10.309617] (grab_demo) StderrLine: {'line': b'   77 |                 case 3: dict_type = cv::aruco::DICT_4X4_1000; break;\n'}
[10.309776] (grab_demo) StderrLine: {'line': b'      |                                         ^~~~~\n'}
[10.309899] (grab_demo) StderrLine: {'line': b'/home/dxf/wheeltec_lebai_humble_2024_7_17/src/grab_demo/src/aruco_dectet.cpp:78:41: error: \xe2\x80\x98cv::aruco\xe2\x80\x99 has not been declared\n'}
[10.310022] (grab_demo) StderrLine: {'line': b'   78 |                 case 4: dict_type = cv::aruco::DICT_5X5_50; break;\n'}
[10.310175] (grab_demo) StderrLine: {'line': b'      |                                         ^~~~~\n'}
[10.310306] (grab_demo) StderrLine: {'line': b'/home/dxf/wheeltec_lebai_humble_2024_7_17/src/grab_demo/src/aruco_dectet.cpp:79:41: error: \xe2\x80\x98cv::aruco\xe2\x80\x99 has not been declared\n'}
[10.310461] (grab_demo) StderrLine: {'line': b'   79 |                 case 5: dict_type = cv::aruco::DICT_5X5_100; break;\n'}
[10.310609] (grab_demo) StderrLine: {'line': b'      |                                         ^~~~~\n'}
[10.310734] (grab_demo) StderrLine: {'line': b'/home/dxf/wheeltec_lebai_humble_2024_7_17/src/grab_demo/src/aruco_dectet.cpp:80:41: error: \xe2\x80\x98cv::aruco\xe2\x80\x99 has not been declared\n'}
[10.310885] (grab_demo) StderrLine: {'line': b'   80 |                 case 6: dict_type = cv::aruco::DICT_5X5_250; break;\n'}
[10.311009] (grab_demo) StderrLine: {'line': b'      |                                         ^~~~~\n'}
[10.311186] (grab_demo) StderrLine: {'line': b'/home/dxf/wheeltec_lebai_humble_2024_7_17/src/grab_demo/src/aruco_dectet.cpp:81:41: error: \xe2\x80\x98cv::aruco\xe2\x80\x99 has not been declared\n'}
[10.311340] (grab_demo) StderrLine: {'line': b'   81 |                 case 7: dict_type = cv::aruco::DICT_5X5_1000; break;\n'}
[10.311493] (grab_demo) StderrLine: {'line': b'      |                                         ^~~~~\n'}
[10.311645] (grab_demo) StderrLine: {'line': b'/home/dxf/wheeltec_lebai_humble_2024_7_17/src/grab_demo/src/aruco_dectet.cpp:82:41: error: \xe2\x80\x98cv::aruco\xe2\x80\x99 has not been declared\n'}
[10.311766] (grab_demo) StderrLine: {'line': b'   82 |                 case 8: dict_type = cv::aruco::DICT_6X6_50; break;\n'}
[10.311913] (grab_demo) StderrLine: {'line': b'      |                                         ^~~~~\n'}
[10.312061] (grab_demo) StderrLine: {'line': b'/home/dxf/wheeltec_lebai_humble_2024_7_17/src/grab_demo/src/aruco_dectet.cpp:83:41: error: \xe2\x80\x98cv::aruco\xe2\x80\x99 has not been declared\n'}
[10.312206] (grab_demo) StderrLine: {'line': b'   83 |                 case 9: dict_type = cv::aruco::DICT_6X6_100; break;\n'}
[10.312387] (grab_demo) StderrLine: {'line': b'      |                                         ^~~~~\n'}
[10.312540] (grab_demo) StderrLine: {'line': b'/home/dxf/wheeltec_lebai_humble_2024_7_17/src/grab_demo/src/aruco_dectet.cpp:84:42: error: \xe2\x80\x98cv::aruco\xe2\x80\x99 has not been declared\n'}
[10.312665] (grab_demo) StderrLine: {'line': b'   84 |                 case 10: dict_type = cv::aruco::DICT_6X6_250; break;\n'}
[10.312786] (grab_demo) StderrLine: {'line': b'      |                                          ^~~~~\n'}
[10.312906] (grab_demo) StderrLine: {'line': b'/home/dxf/wheeltec_lebai_humble_2024_7_17/src/grab_demo/src/aruco_dectet.cpp:85:42: error: \xe2\x80\x98cv::aruco\xe2\x80\x99 has not been declared\n'}
[10.313114] (grab_demo) StderrLine: {'line': b'   85 |                 case 11: dict_type = cv::aruco::DICT_6X6_1000; break;\n'}
[10.313270] (grab_demo) StderrLine: {'line': b'      |                                          ^~~~~\n'}
[10.313401] (grab_demo) StderrLine: {'line': b'/home/dxf/wheeltec_lebai_humble_2024_7_17/src/grab_demo/src/aruco_dectet.cpp:86:42: error: \xe2\x80\x98cv::aruco\xe2\x80\x99 has not been declared\n'}
[10.313525] (grab_demo) StderrLine: {'line': b'   86 |                 case 12: dict_type = cv::aruco::DICT_7X7_50; break;\n'}
[10.313647] (grab_demo) StderrLine: {'line': b'      |                                          ^~~~~\n'}
[10.313896] (grab_demo) StderrLine: {'line': b'/home/dxf/wheeltec_lebai_humble_2024_7_17/src/grab_demo/src/aruco_dectet.cpp:87:42: error: \xe2\x80\x98cv::aruco\xe2\x80\x99 has not been declared\n'}
[10.314049] (grab_demo) StderrLine: {'line': b'   87 |                 case 13: dict_type = cv::aruco::DICT_7X7_100; break;\n'}
[10.314237] (grab_demo) StderrLine: {'line': b'      |                                          ^~~~~\n'}
[10.314390] (grab_demo) StderrLine: {'line': b'/home/dxf/wheeltec_lebai_humble_2024_7_17/src/grab_demo/src/aruco_dectet.cpp:88:42: error: \xe2\x80\x98cv::aruco\xe2\x80\x99 has not been declared\n'}
[10.314702] (grab_demo) StderrLine: {'line': b'   88 |                 case 14: dict_type = cv::aruco::DICT_7X7_250; break;\n'}
[10.314866] (grab_demo) StderrLine: {'line': b'      |                                          ^~~~~\n'}
[10.315048] (grab_demo) StderrLine: {'line': b'/home/dxf/wheeltec_lebai_humble_2024_7_17/src/grab_demo/src/aruco_dectet.cpp:89:42: error: \xe2\x80\x98cv::aruco\xe2\x80\x99 has not been declared\n'}
[10.315251] (grab_demo) StderrLine: {'line': b'   89 |                 case 15: dict_type = cv::aruco::DICT_7X7_1000; break;\n'}
[10.315416] (grab_demo) StderrLine: {'line': b'      |                                          ^~~~~\n'}
[10.315578] (grab_demo) StderrLine: {'line': b'/home/dxf/wheeltec_lebai_humble_2024_7_17/src/grab_demo/src/aruco_dectet.cpp:90:42: error: \xe2\x80\x98cv::aruco\xe2\x80\x99 has not been declared\n'}
[10.315756] (grab_demo) StderrLine: {'line': b'   90 |                 case 16: dict_type = cv::aruco::DICT_ARUCO_ORIGINAL; break;\n'}
[10.315888] (grab_demo) StderrLine: {'line': b'      |                                          ^~~~~\n'}
[10.316013] (grab_demo) StderrLine: {'line': b'/home/dxf/wheeltec_lebai_humble_2024_7_17/src/grab_demo/src/aruco_dectet.cpp:91:42: error: \xe2\x80\x98cv::aruco\xe2\x80\x99 has not been declared\n'}
[10.316135] (grab_demo) StderrLine: {'line': b'   91 |                 default: dict_type = cv::aruco::DICT_6X6_250; break;\n'}
[10.316381] (grab_demo) StderrLine: {'line': b'      |                                          ^~~~~\n'}
[10.345635] (grab_demo) StderrLine: {'line': b'/home/dxf/wheeltec_lebai_humble_2024_7_17/src/grab_demo/src/aruco_dectet.cpp:93:13: error: \xe2\x80\x98dictionary\xe2\x80\x99 was not declared in this scope; did you mean \xe2\x80\x98dictionary_id\xe2\x80\x99?\n'}
[10.346135] (grab_demo) StderrLine: {'line': b'   93 |             dictionary = cv::aruco::getPredefinedDictionary(dict_type);\n'}
[10.346302] (grab_demo) StderrLine: {'line': b'      |             ^~~~~~~~~~\n'}
[10.346446] (grab_demo) StderrLine: {'line': b'      |             dictionary_id\n'}
[10.346579] (grab_demo) StderrLine: {'line': b'/home/dxf/wheeltec_lebai_humble_2024_7_17/src/grab_demo/src/aruco_dectet.cpp:93:30: error: \xe2\x80\x98cv::aruco\xe2\x80\x99 has not been declared\n'}
[10.346752] (grab_demo) StderrLine: {'line': b'   93 |             dictionary = cv::aruco::getPredefinedDictionary(dict_type);\n'}
[10.346884] (grab_demo) StderrLine: {'line': b'      |                              ^~~~~\n'}
[10.370859] (-) TimerEvent: {}
[10.383275] (grab_demo) StderrLine: {'line': b'/home/dxf/wheeltec_lebai_humble_2024_7_17/src/grab_demo/src/aruco_dectet.cpp:93:61: error: \xe2\x80\x98dict_type\xe2\x80\x99 was not declared in this scope; did you mean \xe2\x80\x98decltype\xe2\x80\x99?\n'}
[10.383838] (grab_demo) StderrLine: {'line': b'   93 |             dictionary = cv::aruco::getPredefinedDictionary(dict_type);\n'}
[10.384012] (grab_demo) StderrLine: {'line': b'      |                                                             ^~~~~~~~~\n'}
[10.384157] (grab_demo) StderrLine: {'line': b'      |                                                             decltype\n'}
[10.386591] (grab_demo) StderrLine: {'line': b'/home/dxf/wheeltec_lebai_humble_2024_7_17/src/grab_demo/src/aruco_dectet.cpp:95:45: error: \xe2\x80\x98aruco\xe2\x80\x99 is not a member of \xe2\x80\x98cv\xe2\x80\x99\n'}
[10.386990] (grab_demo) StderrLine: {'line': b'   95 |             arucoDetector = cv::makePtr<cv::aruco::ArucoDetector>(dictionary, detectorParams);\n'}
[10.387235] (grab_demo) StderrLine: {'line': b'      |                                             ^~~~~\n'}
[10.387407] (grab_demo) StderrLine: {'line': b'/home/dxf/wheeltec_lebai_humble_2024_7_17/src/grab_demo/src/aruco_dectet.cpp:95:33: error: parse error in template argument list\n'}
[10.387573] (grab_demo) StderrLine: {'line': b'   95 |             arucoDetector = cv::makePtr<cv::aruco::ArucoDetector>(dictionary, detectorParams);\n'}
[10.387741] (grab_demo) StderrLine: {'line': b'      |                                 ^~~~~~~~~~~~~~~~~~~~~~~~~~~~~~~~~\n'}
[10.431517] (grab_demo) StderrLine: {'line': b'/home/dxf/wheeltec_lebai_humble_2024_7_17/src/grab_demo/src/aruco_dectet.cpp:95:79: error: \xe2\x80\x98detectorParams\xe2\x80\x99 was not declared in this scope\n'}
[10.432102] (grab_demo) StderrLine: {'line': b'   95 |             arucoDetector = cv::makePtr<cv::aruco::ArucoDetector>(dictionary, detectorParams);\n'}
[10.432285] (grab_demo) StderrLine: {'line': b'      |                                                                               ^~~~~~~~~~~~~~\n'}
[10.471091] (-) TimerEvent: {}
[10.484625] (grab_demo) StderrLine: {'line': b'/home/dxf/wheeltec_lebai_humble_2024_7_17/src/grab_demo/src/aruco_dectet.cpp: In member function \xe2\x80\x98void aruco_dectet::rgb_image_callback(const ConstSharedPtr&)\xe2\x80\x99:\n'}
[10.485260] (grab_demo) StderrLine: {'line': b'/home/dxf/wheeltec_lebai_humble_2024_7_17/src/grab_demo/src/aruco_dectet.cpp:124:22: error: base operand of \xe2\x80\x98->\xe2\x80\x99 is not a pointer\n'}
[10.485480] (grab_demo) StderrLine: {'line': b'  124 |         arucoDetector->detectMarkers(image_rgb, marker_corners, aruco_ids);\n'}
[10.485787] (grab_demo) StderrLine: {'line': b'      |                      ^~\n'}
[10.498709] (grab_demo) StderrLine: {'line': b'/home/dxf/wheeltec_lebai_humble_2024_7_17/src/grab_demo/src/aruco_dectet.cpp:136:21: error: \xe2\x80\x98solvePnP\xe2\x80\x99 is not a member of \xe2\x80\x98cv\xe2\x80\x99; did you mean \xe2\x80\x98solveLP\xe2\x80\x99?\n'}
[10.499299] (grab_demo) StderrLine: {'line': b'  136 |                 cv::solvePnP(objectPoints, marker_corners[0], camera_matrix, camera_dis, rvec, tvec);\n'}
[10.499527] (grab_demo) StderrLine: {'line': b'      |                     ^~~~~~~~\n'}
[10.499703] (grab_demo) StderrLine: {'line': b'      |                     solveLP\n'}
[10.503885] (grab_demo) StderrLine: {'line': b'/home/dxf/wheeltec_lebai_humble_2024_7_17/src/grab_demo/src/aruco_dectet.cpp:137:21: error: \xe2\x80\x98Rodrigues\xe2\x80\x99 is not a member of \xe2\x80\x98cv\xe2\x80\x99\n'}
[10.504308] (grab_demo) StderrLine: {'line': b'  137 |                 cv::Rodrigues(rvec, rotation_matrix);\n'}
[10.504490] (grab_demo) StderrLine: {'line': b'      |                     ^~~~~~~~~\n'}
[10.571287] (-) TimerEvent: {}
[10.671770] (-) TimerEvent: {}
[10.772546] (-) TimerEvent: {}
[10.872984] (-) TimerEvent: {}
[10.973467] (-) TimerEvent: {}
[11.073911] (-) TimerEvent: {}
[11.174368] (-) TimerEvent: {}
[11.274801] (-) TimerEvent: {}
[11.375250] (-) TimerEvent: {}
[11.410797] (grab_demo) StderrLine: {'line': b'/home/dxf/wheeltec_lebai_humble_2024_7_17/src/grab_demo/src/charuco_dectet_node.cpp: In member function \xe2\x80\x98void charuco_dectet::rgb_image_callback(const ConstSharedPtr&)\xe2\x80\x99:\n'}
[11.411454] (grab_demo) StderrLine: {'line': b'/home/dxf/wheeltec_lebai_humble_2024_7_17/src/grab_demo/src/charuco_dectet_node.cpp:82:49: error: \xe2\x80\x98estimatePoseCharucoBoard\xe2\x80\x99 is not a member of \xe2\x80\x98cv::aruco\xe2\x80\x99\n'}
[11.411718] (grab_demo) StderrLine: {'line': b'   82 |                         valid_pose = cv::aruco::estimatePoseCharucoBoard(charuco_corners, charuco_ids, *charuco_board, camera_matrix, camera_dis,\n'}
[11.411925] (grab_demo) StderrLine: {'line': b'      |                                                 ^~~~~~~~~~~~~~~~~~~~~~~~\n'}
[11.470097] (grab_demo) StderrLine: {'line': b'/home/dxf/wheeltec_lebai_humble_2024_7_17/src/grab_demo/src/charuco_dectet_node.cpp:78:13: warning: unused variable \xe2\x80\x98interpolatedCorners\xe2\x80\x99 [-Wunused-variable]\n'}
[11.470631] (grab_demo) StderrLine: {'line': b'   78 |         int interpolatedCorners = charuco_corners.size();\n'}
[11.470820] (grab_demo) StderrLine: {'line': b'      |             ^~~~~~~~~~~~~~~~~~~\n'}
[11.475400] (-) TimerEvent: {}
[11.575804] (-) TimerEvent: {}
[11.676224] (-) TimerEvent: {}
[11.776666] (-) TimerEvent: {}
[11.877096] (-) TimerEvent: {}
[11.977550] (-) TimerEvent: {}
[12.077988] (-) TimerEvent: {}
[12.178415] (-) TimerEvent: {}
[12.278858] (-) TimerEvent: {}
[12.379295] (-) TimerEvent: {}
[12.479725] (-) TimerEvent: {}
[12.580158] (-) TimerEvent: {}
[12.680595] (-) TimerEvent: {}
[12.781035] (-) TimerEvent: {}
[12.881543] (-) TimerEvent: {}
[12.982049] (-) TimerEvent: {}
[13.082523] (-) TimerEvent: {}
[13.183018] (-) TimerEvent: {}
[13.283506] (-) TimerEvent: {}
[13.383988] (-) TimerEvent: {}
[13.484459] (-) TimerEvent: {}
[13.584913] (-) TimerEvent: {}
[13.685345] (-) TimerEvent: {}
[13.785785] (-) TimerEvent: {}
[13.886236] (-) TimerEvent: {}
[13.986674] (-) TimerEvent: {}
[14.087117] (-) TimerEvent: {}
[14.187572] (-) TimerEvent: {}
[14.288191] (-) TimerEvent: {}
[14.388663] (-) TimerEvent: {}
[14.489188] (-) TimerEvent: {}
[14.589663] (-) TimerEvent: {}
[14.690126] (-) TimerEvent: {}
[14.790673] (-) TimerEvent: {}
[14.891105] (-) TimerEvent: {}
[14.991563] (-) TimerEvent: {}
[15.092117] (-) TimerEvent: {}
[15.192601] (-) TimerEvent: {}
[15.293068] (-) TimerEvent: {}
[15.393568] (-) TimerEvent: {}
[15.494137] (-) TimerEvent: {}
[15.594662] (-) TimerEvent: {}
[15.695160] (-) TimerEvent: {}
[15.795631] (-) TimerEvent: {}
[15.896064] (-) TimerEvent: {}
[15.996505] (-) TimerEvent: {}
[16.096938] (-) TimerEvent: {}
[16.197389] (-) TimerEvent: {}
[16.297841] (-) TimerEvent: {}
[16.398498] (-) TimerEvent: {}
[16.499298] (-) TimerEvent: {}
[16.599787] (-) TimerEvent: {}
[16.700270] (-) TimerEvent: {}
[16.800709] (-) TimerEvent: {}
[16.901177] (-) TimerEvent: {}
[17.001645] (-) TimerEvent: {}
[17.102149] (-) TimerEvent: {}
[17.202665] (-) TimerEvent: {}
[17.303137] (-) TimerEvent: {}
[17.403581] (-) TimerEvent: {}
[17.504048] (-) TimerEvent: {}
[17.604490] (-) TimerEvent: {}
[17.704925] (-) TimerEvent: {}
[17.805348] (-) TimerEvent: {}
[17.905802] (-) TimerEvent: {}
[18.006247] (-) TimerEvent: {}
[18.106734] (-) TimerEvent: {}
[18.207166] (-) TimerEvent: {}
[18.307639] (-) TimerEvent: {}
[18.408252] (-) TimerEvent: {}
[18.508711] (-) TimerEvent: {}
[18.609201] (-) TimerEvent: {}
[18.709661] (-) TimerEvent: {}
[18.810114] (-) TimerEvent: {}
[18.910577] (-) TimerEvent: {}
[19.011040] (-) TimerEvent: {}
[19.111467] (-) TimerEvent: {}
[19.211914] (-) TimerEvent: {}
[19.312384] (-) TimerEvent: {}
[19.412852] (-) TimerEvent: {}
[19.449315] (grab_demo) StderrLine: {'line': b'gmake[2]: *** [CMakeFiles/aruco_dectet.dir/build.make:76\xef\xbc\x9aCMakeFiles/aruco_dectet.dir/src/aruco_dectet.cpp.o] \xe9\x94\x99\xe8\xaf\xaf 1\n'}
[19.462863] (grab_demo) StderrLine: {'line': b'gmake[1]: *** [CMakeFiles/Makefile2:684\xef\xbc\x9aCMakeFiles/aruco_dectet.dir/all] \xe9\x94\x99\xe8\xaf\xaf 2\n'}
[19.463183] (grab_demo) StderrLine: {'line': b'gmake[1]: *** \xe6\xad\xa3\xe5\x9c\xa8\xe7\xad\x89\xe5\xbe\x85\xe6\x9c\xaa\xe5\xae\x8c\xe6\x88\x90\xe7\x9a\x84\xe4\xbb\xbb\xe5\x8a\xa1....\n'}
[19.513039] (-) TimerEvent: {}
[19.613478] (-) TimerEvent: {}
[19.713899] (-) TimerEvent: {}
[19.814317] (-) TimerEvent: {}
[19.914746] (-) TimerEvent: {}
[20.015174] (-) TimerEvent: {}
[20.115598] (-) TimerEvent: {}
[20.216018] (-) TimerEvent: {}
[20.316487] (-) TimerEvent: {}
[20.416916] (-) TimerEvent: {}
[20.517321] (-) TimerEvent: {}
[20.617714] (-) TimerEvent: {}
[20.710712] (grab_demo) StderrLine: {'line': b'gmake[2]: *** [CMakeFiles/charuco_dectet_node.dir/build.make:76\xef\xbc\x9aCMakeFiles/charuco_dectet_node.dir/src/charuco_dectet_node.cpp.o] \xe9\x94\x99\xe8\xaf\xaf 1\n'}
[20.717935] (-) TimerEvent: {}
[20.718288] (grab_demo) StderrLine: {'line': b'gmake[1]: *** [CMakeFiles/Makefile2:606\xef\xbc\x9aCMakeFiles/charuco_dectet_node.dir/all] \xe9\x94\x99\xe8\xaf\xaf 2\n'}
[20.723538] (grab_demo) StderrLine: {'line': b'gmake: *** [Makefile:146\xef\xbc\x9aall] \xe9\x94\x99\xe8\xaf\xaf 2\n'}
[20.823943] (grab_demo) CommandEnded: {'returncode': 2}
[20.860107] (-) TimerEvent: {}
[20.965998] (-) TimerEvent: {}
[20.989214] (grab_demo) JobEnded: {'identifier': 'grab_demo', 'rc': 2}
[21.003081] (-) EventReactorShutdown: {}
