[0.262s] DEBUG:colcon:Command line arguments: ['/usr/bin/colcon', 'build', '--packages-select', 'grab_demo']
[0.262s] DEBUG:colcon:Parsed command line arguments: Namespace(log_base=None, log_level=None, verb_name='build', build_base='build', install_base='install', merge_install=False, symlink_install=False, test_result_base=None, continue_on_error=False, executor='parallel', parallel_workers=6, event_handlers=None, ignore_user_meta=False, metas=['./colcon.meta'], base_paths=['.'], packages_ignore=None, packages_ignore_regex=None, paths=None, packages_up_to=None, packages_up_to_regex=None, packages_above=None, packages_above_and_dependencies=None, packages_above_depth=None, packages_select_by_dep=None, packages_skip_by_dep=None, packages_skip_up_to=None, packages_select_build_failed=False, packages_skip_build_finished=False, packages_select_test_failures=False, packages_skip_test_passed=False, packages_select=['grab_demo'], packages_skip=None, packages_select_regex=None, packages_skip_regex=None, packages_start=None, packages_end=None, allow_overriding=[], cmake_args=None, cmake_target=None, cmake_target_skip_unavailable=False, cmake_clean_cache=False, cmake_clean_first=False, cmake_force_configure=False, ament_cmake_args=None, catkin_cmake_args=None, catkin_skip_building_tests=False, verb_parser=<colcon_defaults.argument_parser.defaults.DefaultArgumentsDecorator object at 0xffffb2af3010>, verb_extension=<colcon_core.verb.build.BuildVerb object at 0xffffb2af2b00>, main=<bound method BuildVerb.main of <colcon_core.verb.build.BuildVerb object at 0xffffb2af2b00>>)
[0.682s] Level 1:colcon.colcon_core.package_discovery:discover_packages(colcon_meta) check parameters
[0.682s] Level 1:colcon.colcon_core.package_discovery:discover_packages(recursive) check parameters
[0.683s] Level 1:colcon.colcon_core.package_discovery:discover_packages(ignore) check parameters
[0.683s] Level 1:colcon.colcon_core.package_discovery:discover_packages(path) check parameters
[0.683s] Level 1:colcon.colcon_core.package_discovery:discover_packages(colcon_meta) discover
[0.683s] Level 1:colcon.colcon_core.package_discovery:discover_packages(recursive) discover
[0.683s] INFO:colcon.colcon_core.package_discovery:Crawling recursively for packages in '/home/dxf/wheeltec_lebai_humble_2024_7_17'
[0.683s] Level 1:colcon.colcon_core.package_identification:_identify(.) by extensions ['ignore', 'ignore_ament_install']
[0.684s] Level 1:colcon.colcon_core.package_identification:_identify(.) by extension 'ignore'
[0.684s] Level 1:colcon.colcon_core.package_identification:_identify(.) by extension 'ignore_ament_install'
[0.684s] Level 1:colcon.colcon_core.package_identification:_identify(.) by extensions ['colcon_pkg']
[0.684s] Level 1:colcon.colcon_core.package_identification:_identify(.) by extension 'colcon_pkg'
[0.684s] Level 1:colcon.colcon_core.package_identification:_identify(.) by extensions ['colcon_meta']
[0.684s] Level 1:colcon.colcon_core.package_identification:_identify(.) by extension 'colcon_meta'
[0.684s] Level 1:colcon.colcon_core.package_identification:_identify(.) by extensions ['ros']
[0.684s] Level 1:colcon.colcon_core.package_identification:_identify(.) by extension 'ros'
[0.711s] Level 1:colcon.colcon_core.package_identification:_identify(.) by extensions ['cmake', 'python']
[0.711s] Level 1:colcon.colcon_core.package_identification:_identify(.) by extension 'cmake'
[0.711s] Level 1:colcon.colcon_core.package_identification:_identify(.) by extension 'python'
[0.712s] Level 1:colcon.colcon_core.package_identification:_identify(.) by extensions ['python_setup_py']
[0.712s] Level 1:colcon.colcon_core.package_identification:_identify(.) by extension 'python_setup_py'
[0.712s] Level 1:colcon.colcon_core.package_identification:_identify(build) by extensions ['ignore', 'ignore_ament_install']
[0.712s] Level 1:colcon.colcon_core.package_identification:_identify(build) by extension 'ignore'
[0.712s] Level 1:colcon.colcon_core.package_identification:_identify(build) ignored
[0.713s] Level 1:colcon.colcon_core.package_identification:_identify(install) by extensions ['ignore', 'ignore_ament_install']
[0.713s] Level 1:colcon.colcon_core.package_identification:_identify(install) by extension 'ignore'
[0.713s] Level 1:colcon.colcon_core.package_identification:_identify(install) ignored
[0.713s] Level 1:colcon.colcon_core.package_identification:_identify(log) by extensions ['ignore', 'ignore_ament_install']
[0.713s] Level 1:colcon.colcon_core.package_identification:_identify(log) by extension 'ignore'
[0.714s] Level 1:colcon.colcon_core.package_identification:_identify(log) ignored
[0.714s] Level 1:colcon.colcon_core.package_identification:_identify(src) by extensions ['ignore', 'ignore_ament_install']
[0.714s] Level 1:colcon.colcon_core.package_identification:_identify(src) by extension 'ignore'
[0.714s] Level 1:colcon.colcon_core.package_identification:_identify(src) by extension 'ignore_ament_install'
[0.714s] Level 1:colcon.colcon_core.package_identification:_identify(src) by extensions ['colcon_pkg']
[0.714s] Level 1:colcon.colcon_core.package_identification:_identify(src) by extension 'colcon_pkg'
[0.714s] Level 1:colcon.colcon_core.package_identification:_identify(src) by extensions ['colcon_meta']
[0.714s] Level 1:colcon.colcon_core.package_identification:_identify(src) by extension 'colcon_meta'
[0.715s] Level 1:colcon.colcon_core.package_identification:_identify(src) by extensions ['ros']
[0.715s] Level 1:colcon.colcon_core.package_identification:_identify(src) by extension 'ros'
[0.715s] Level 1:colcon.colcon_core.package_identification:_identify(src) by extensions ['cmake', 'python']
[0.715s] Level 1:colcon.colcon_core.package_identification:_identify(src) by extension 'cmake'
[0.715s] Level 1:colcon.colcon_core.package_identification:_identify(src) by extension 'python'
[0.715s] Level 1:colcon.colcon_core.package_identification:_identify(src) by extensions ['python_setup_py']
[0.715s] Level 1:colcon.colcon_core.package_identification:_identify(src) by extension 'python_setup_py'
[0.715s] Level 1:colcon.colcon_core.package_identification:_identify(src/arm_demo) by extensions ['ignore', 'ignore_ament_install']
[0.716s] Level 1:colcon.colcon_core.package_identification:_identify(src/arm_demo) by extension 'ignore'
[0.716s] Level 1:colcon.colcon_core.package_identification:_identify(src/arm_demo) by extension 'ignore_ament_install'
[0.716s] Level 1:colcon.colcon_core.package_identification:_identify(src/arm_demo) by extensions ['colcon_pkg']
[0.716s] Level 1:colcon.colcon_core.package_identification:_identify(src/arm_demo) by extension 'colcon_pkg'
[0.716s] Level 1:colcon.colcon_core.package_identification:_identify(src/arm_demo) by extensions ['colcon_meta']
[0.716s] Level 1:colcon.colcon_core.package_identification:_identify(src/arm_demo) by extension 'colcon_meta'
[0.716s] Level 1:colcon.colcon_core.package_identification:_identify(src/arm_demo) by extensions ['ros']
[0.716s] Level 1:colcon.colcon_core.package_identification:_identify(src/arm_demo) by extension 'ros'
[0.722s] DEBUG:colcon.colcon_core.package_identification:Package 'src/arm_demo' with type 'ros.ament_cmake' and name 'arm_demo'
[0.722s] Level 1:colcon.colcon_core.package_identification:_identify(src/grab_demo) by extensions ['ignore', 'ignore_ament_install']
[0.722s] Level 1:colcon.colcon_core.package_identification:_identify(src/grab_demo) by extension 'ignore'
[0.723s] Level 1:colcon.colcon_core.package_identification:_identify(src/grab_demo) by extension 'ignore_ament_install'
[0.723s] Level 1:colcon.colcon_core.package_identification:_identify(src/grab_demo) by extensions ['colcon_pkg']
[0.723s] Level 1:colcon.colcon_core.package_identification:_identify(src/grab_demo) by extension 'colcon_pkg'
[0.723s] Level 1:colcon.colcon_core.package_identification:_identify(src/grab_demo) by extensions ['colcon_meta']
[0.723s] Level 1:colcon.colcon_core.package_identification:_identify(src/grab_demo) by extension 'colcon_meta'
[0.723s] Level 1:colcon.colcon_core.package_identification:_identify(src/grab_demo) by extensions ['ros']
[0.723s] Level 1:colcon.colcon_core.package_identification:_identify(src/grab_demo) by extension 'ros'
[0.725s] DEBUG:colcon.colcon_core.package_identification:Package 'src/grab_demo' with type 'ros.ament_cmake' and name 'grab_demo'
[0.725s] Level 1:colcon.colcon_core.package_identification:_identify(src/lebai-ros-sdk-humble-dev) by extensions ['ignore', 'ignore_ament_install']
[0.726s] Level 1:colcon.colcon_core.package_identification:_identify(src/lebai-ros-sdk-humble-dev) by extension 'ignore'
[0.726s] Level 1:colcon.colcon_core.package_identification:_identify(src/lebai-ros-sdk-humble-dev) by extension 'ignore_ament_install'
[0.726s] Level 1:colcon.colcon_core.package_identification:_identify(src/lebai-ros-sdk-humble-dev) by extensions ['colcon_pkg']
[0.726s] Level 1:colcon.colcon_core.package_identification:_identify(src/lebai-ros-sdk-humble-dev) by extension 'colcon_pkg'
[0.726s] Level 1:colcon.colcon_core.package_identification:_identify(src/lebai-ros-sdk-humble-dev) by extensions ['colcon_meta']
[0.726s] Level 1:colcon.colcon_core.package_identification:_identify(src/lebai-ros-sdk-humble-dev) by extension 'colcon_meta'
[0.726s] Level 1:colcon.colcon_core.package_identification:_identify(src/lebai-ros-sdk-humble-dev) by extensions ['ros']
[0.727s] Level 1:colcon.colcon_core.package_identification:_identify(src/lebai-ros-sdk-humble-dev) by extension 'ros'
[0.727s] Level 1:colcon.colcon_core.package_identification:_identify(src/lebai-ros-sdk-humble-dev) by extensions ['cmake', 'python']
[0.727s] Level 1:colcon.colcon_core.package_identification:_identify(src/lebai-ros-sdk-humble-dev) by extension 'cmake'
[0.727s] Level 1:colcon.colcon_core.package_identification:_identify(src/lebai-ros-sdk-humble-dev) by extension 'python'
[0.727s] Level 1:colcon.colcon_core.package_identification:_identify(src/lebai-ros-sdk-humble-dev) by extensions ['python_setup_py']
[0.727s] Level 1:colcon.colcon_core.package_identification:_identify(src/lebai-ros-sdk-humble-dev) by extension 'python_setup_py'
[0.727s] Level 1:colcon.colcon_core.package_identification:_identify(src/lebai-ros-sdk-humble-dev/lebai_driver) by extensions ['ignore', 'ignore_ament_install']
[0.727s] Level 1:colcon.colcon_core.package_identification:_identify(src/lebai-ros-sdk-humble-dev/lebai_driver) by extension 'ignore'
[0.728s] Level 1:colcon.colcon_core.package_identification:_identify(src/lebai-ros-sdk-humble-dev/lebai_driver) by extension 'ignore_ament_install'
[0.728s] Level 1:colcon.colcon_core.package_identification:_identify(src/lebai-ros-sdk-humble-dev/lebai_driver) by extensions ['colcon_pkg']
[0.728s] Level 1:colcon.colcon_core.package_identification:_identify(src/lebai-ros-sdk-humble-dev/lebai_driver) by extension 'colcon_pkg'
[0.728s] Level 1:colcon.colcon_core.package_identification:_identify(src/lebai-ros-sdk-humble-dev/lebai_driver) by extensions ['colcon_meta']
[0.728s] Level 1:colcon.colcon_core.package_identification:_identify(src/lebai-ros-sdk-humble-dev/lebai_driver) by extension 'colcon_meta'
[0.728s] Level 1:colcon.colcon_core.package_identification:_identify(src/lebai-ros-sdk-humble-dev/lebai_driver) by extensions ['ros']
[0.728s] Level 1:colcon.colcon_core.package_identification:_identify(src/lebai-ros-sdk-humble-dev/lebai_driver) by extension 'ros'
[0.729s] DEBUG:colcon.colcon_core.package_identification:Package 'src/lebai-ros-sdk-humble-dev/lebai_driver' with type 'ros.ament_python' and name 'lebai_driver'
[0.730s] Level 1:colcon.colcon_core.package_identification:_identify(src/lebai-ros-sdk-humble-dev/lebai_interfaces) by extensions ['ignore', 'ignore_ament_install']
[0.730s] Level 1:colcon.colcon_core.package_identification:_identify(src/lebai-ros-sdk-humble-dev/lebai_interfaces) by extension 'ignore'
[0.730s] Level 1:colcon.colcon_core.package_identification:_identify(src/lebai-ros-sdk-humble-dev/lebai_interfaces) by extension 'ignore_ament_install'
[0.730s] Level 1:colcon.colcon_core.package_identification:_identify(src/lebai-ros-sdk-humble-dev/lebai_interfaces) by extensions ['colcon_pkg']
[0.730s] Level 1:colcon.colcon_core.package_identification:_identify(src/lebai-ros-sdk-humble-dev/lebai_interfaces) by extension 'colcon_pkg'
[0.730s] Level 1:colcon.colcon_core.package_identification:_identify(src/lebai-ros-sdk-humble-dev/lebai_interfaces) by extensions ['colcon_meta']
[0.730s] Level 1:colcon.colcon_core.package_identification:_identify(src/lebai-ros-sdk-humble-dev/lebai_interfaces) by extension 'colcon_meta'
[0.730s] Level 1:colcon.colcon_core.package_identification:_identify(src/lebai-ros-sdk-humble-dev/lebai_interfaces) by extensions ['ros']
[0.731s] Level 1:colcon.colcon_core.package_identification:_identify(src/lebai-ros-sdk-humble-dev/lebai_interfaces) by extension 'ros'
[0.732s] DEBUG:colcon.colcon_core.package_identification:Package 'src/lebai-ros-sdk-humble-dev/lebai_interfaces' with type 'ros.ament_cmake' and name 'lebai_interfaces'
[0.732s] Level 1:colcon.colcon_core.package_identification:_identify(src/lebai-ros-sdk-humble-dev/lebai_lm3_moveit_config) by extensions ['ignore', 'ignore_ament_install']
[0.733s] Level 1:colcon.colcon_core.package_identification:_identify(src/lebai-ros-sdk-humble-dev/lebai_lm3_moveit_config) by extension 'ignore'
[0.733s] Level 1:colcon.colcon_core.package_identification:_identify(src/lebai-ros-sdk-humble-dev/lebai_lm3_moveit_config) by extension 'ignore_ament_install'
[0.733s] Level 1:colcon.colcon_core.package_identification:_identify(src/lebai-ros-sdk-humble-dev/lebai_lm3_moveit_config) by extensions ['colcon_pkg']
[0.733s] Level 1:colcon.colcon_core.package_identification:_identify(src/lebai-ros-sdk-humble-dev/lebai_lm3_moveit_config) by extension 'colcon_pkg'
[0.733s] Level 1:colcon.colcon_core.package_identification:_identify(src/lebai-ros-sdk-humble-dev/lebai_lm3_moveit_config) by extensions ['colcon_meta']
[0.733s] Level 1:colcon.colcon_core.package_identification:_identify(src/lebai-ros-sdk-humble-dev/lebai_lm3_moveit_config) by extension 'colcon_meta'
[0.733s] Level 1:colcon.colcon_core.package_identification:_identify(src/lebai-ros-sdk-humble-dev/lebai_lm3_moveit_config) by extensions ['ros']
[0.733s] Level 1:colcon.colcon_core.package_identification:_identify(src/lebai-ros-sdk-humble-dev/lebai_lm3_moveit_config) by extension 'ros'
[0.735s] DEBUG:colcon.colcon_core.package_identification:Package 'src/lebai-ros-sdk-humble-dev/lebai_lm3_moveit_config' with type 'ros.ament_cmake' and name 'lebai_lm3_moveit_config'
[0.735s] Level 1:colcon.colcon_core.package_identification:_identify(src/lebai-ros-sdk-humble-dev/lebai_lm3_support) by extensions ['ignore', 'ignore_ament_install']
[0.735s] Level 1:colcon.colcon_core.package_identification:_identify(src/lebai-ros-sdk-humble-dev/lebai_lm3_support) by extension 'ignore'
[0.735s] Level 1:colcon.colcon_core.package_identification:_identify(src/lebai-ros-sdk-humble-dev/lebai_lm3_support) by extension 'ignore_ament_install'
[0.735s] Level 1:colcon.colcon_core.package_identification:_identify(src/lebai-ros-sdk-humble-dev/lebai_lm3_support) by extensions ['colcon_pkg']
[0.735s] Level 1:colcon.colcon_core.package_identification:_identify(src/lebai-ros-sdk-humble-dev/lebai_lm3_support) by extension 'colcon_pkg'
[0.736s] Level 1:colcon.colcon_core.package_identification:_identify(src/lebai-ros-sdk-humble-dev/lebai_lm3_support) by extensions ['colcon_meta']
[0.736s] Level 1:colcon.colcon_core.package_identification:_identify(src/lebai-ros-sdk-humble-dev/lebai_lm3_support) by extension 'colcon_meta'
[0.736s] Level 1:colcon.colcon_core.package_identification:_identify(src/lebai-ros-sdk-humble-dev/lebai_lm3_support) by extensions ['ros']
[0.736s] Level 1:colcon.colcon_core.package_identification:_identify(src/lebai-ros-sdk-humble-dev/lebai_lm3_support) by extension 'ros'
[0.737s] DEBUG:colcon.colcon_core.package_identification:Package 'src/lebai-ros-sdk-humble-dev/lebai_lm3_support' with type 'ros.ament_cmake' and name 'lebai_lm3_support'
[0.737s] Level 1:colcon.colcon_core.package_identification:_identify(src/lebai-ros-sdk-humble-dev/lebai_resources) by extensions ['ignore', 'ignore_ament_install']
[0.737s] Level 1:colcon.colcon_core.package_identification:_identify(src/lebai-ros-sdk-humble-dev/lebai_resources) by extension 'ignore'
[0.738s] Level 1:colcon.colcon_core.package_identification:_identify(src/lebai-ros-sdk-humble-dev/lebai_resources) by extension 'ignore_ament_install'
[0.738s] Level 1:colcon.colcon_core.package_identification:_identify(src/lebai-ros-sdk-humble-dev/lebai_resources) by extensions ['colcon_pkg']
[0.738s] Level 1:colcon.colcon_core.package_identification:_identify(src/lebai-ros-sdk-humble-dev/lebai_resources) by extension 'colcon_pkg'
[0.738s] Level 1:colcon.colcon_core.package_identification:_identify(src/lebai-ros-sdk-humble-dev/lebai_resources) by extensions ['colcon_meta']
[0.738s] Level 1:colcon.colcon_core.package_identification:_identify(src/lebai-ros-sdk-humble-dev/lebai_resources) by extension 'colcon_meta'
[0.738s] Level 1:colcon.colcon_core.package_identification:_identify(src/lebai-ros-sdk-humble-dev/lebai_resources) by extensions ['ros']
[0.738s] Level 1:colcon.colcon_core.package_identification:_identify(src/lebai-ros-sdk-humble-dev/lebai_resources) by extension 'ros'
[0.739s] DEBUG:colcon.colcon_core.package_identification:Package 'src/lebai-ros-sdk-humble-dev/lebai_resources' with type 'ros.ament_cmake' and name 'lebai_resources'
[0.740s] Level 1:colcon.colcon_core.package_identification:_identify(src/lebai-ros-sdk-humble-dev/lebai_tutorials) by extensions ['ignore', 'ignore_ament_install']
[0.740s] Level 1:colcon.colcon_core.package_identification:_identify(src/lebai-ros-sdk-humble-dev/lebai_tutorials) by extension 'ignore'
[0.740s] Level 1:colcon.colcon_core.package_identification:_identify(src/lebai-ros-sdk-humble-dev/lebai_tutorials) by extension 'ignore_ament_install'
[0.740s] Level 1:colcon.colcon_core.package_identification:_identify(src/lebai-ros-sdk-humble-dev/lebai_tutorials) by extensions ['colcon_pkg']
[0.740s] Level 1:colcon.colcon_core.package_identification:_identify(src/lebai-ros-sdk-humble-dev/lebai_tutorials) by extension 'colcon_pkg'
[0.740s] Level 1:colcon.colcon_core.package_identification:_identify(src/lebai-ros-sdk-humble-dev/lebai_tutorials) by extensions ['colcon_meta']
[0.740s] Level 1:colcon.colcon_core.package_identification:_identify(src/lebai-ros-sdk-humble-dev/lebai_tutorials) by extension 'colcon_meta'
[0.740s] Level 1:colcon.colcon_core.package_identification:_identify(src/lebai-ros-sdk-humble-dev/lebai_tutorials) by extensions ['ros']
[0.740s] Level 1:colcon.colcon_core.package_identification:_identify(src/lebai-ros-sdk-humble-dev/lebai_tutorials) by extension 'ros'
[0.742s] DEBUG:colcon.colcon_core.package_identification:Package 'src/lebai-ros-sdk-humble-dev/lebai_tutorials' with type 'ros.ament_cmake' and name 'lebai_tutorials'
[0.742s] Level 1:colcon.colcon_core.package_discovery:discover_packages(recursive) using defaults
[0.742s] Level 1:colcon.colcon_core.package_discovery:discover_packages(ignore) discover
[0.743s] Level 1:colcon.colcon_core.package_discovery:discover_packages(ignore) using defaults
[0.743s] Level 1:colcon.colcon_core.package_discovery:discover_packages(path) discover
[0.743s] Level 1:colcon.colcon_core.package_discovery:discover_packages(path) using defaults
[0.823s] INFO:colcon.colcon_core.package_selection:Skipping not selected package 'arm_demo' in 'src/arm_demo'
[0.823s] INFO:colcon.colcon_core.package_selection:Skipping not selected package 'lebai_driver' in 'src/lebai-ros-sdk-humble-dev/lebai_driver'
[0.824s] INFO:colcon.colcon_core.package_selection:Skipping not selected package 'lebai_interfaces' in 'src/lebai-ros-sdk-humble-dev/lebai_interfaces'
[0.824s] INFO:colcon.colcon_core.package_selection:Skipping not selected package 'lebai_lm3_support' in 'src/lebai-ros-sdk-humble-dev/lebai_lm3_support'
[0.824s] INFO:colcon.colcon_core.package_selection:Skipping not selected package 'lebai_resources' in 'src/lebai-ros-sdk-humble-dev/lebai_resources'
[0.824s] INFO:colcon.colcon_core.package_selection:Skipping not selected package 'lebai_lm3_moveit_config' in 'src/lebai-ros-sdk-humble-dev/lebai_lm3_moveit_config'
[0.824s] INFO:colcon.colcon_core.package_selection:Skipping not selected package 'lebai_tutorials' in 'src/lebai-ros-sdk-humble-dev/lebai_tutorials'
[0.825s] Level 1:colcon.colcon_core.package_discovery:discover_packages(prefix_path) check parameters
[0.825s] Level 1:colcon.colcon_core.package_discovery:discover_packages(prefix_path) discover
[0.836s] DEBUG:colcon.colcon_installed_package_information.package_discovery:Found 44 installed packages in /home/dxf/WHEELTEC_S300Pro_mini/install
[0.840s] DEBUG:colcon.colcon_installed_package_information.package_discovery:Found 392 installed packages in /opt/ros/humble
[0.844s] Level 1:colcon.colcon_core.package_discovery:discover_packages(prefix_path) using defaults
[0.957s] Level 5:colcon.colcon_core.verb:set package 'grab_demo' build argument 'cmake_args' from command line to 'None'
[0.957s] Level 5:colcon.colcon_core.verb:set package 'grab_demo' build argument 'cmake_target' from command line to 'None'
[0.957s] Level 5:colcon.colcon_core.verb:set package 'grab_demo' build argument 'cmake_target_skip_unavailable' from command line to 'False'
[0.957s] Level 5:colcon.colcon_core.verb:set package 'grab_demo' build argument 'cmake_clean_cache' from command line to 'False'
[0.958s] Level 5:colcon.colcon_core.verb:set package 'grab_demo' build argument 'cmake_clean_first' from command line to 'False'
[0.958s] Level 5:colcon.colcon_core.verb:set package 'grab_demo' build argument 'cmake_force_configure' from command line to 'False'
[0.958s] Level 5:colcon.colcon_core.verb:set package 'grab_demo' build argument 'ament_cmake_args' from command line to 'None'
[0.958s] Level 5:colcon.colcon_core.verb:set package 'grab_demo' build argument 'catkin_cmake_args' from command line to 'None'
[0.958s] Level 5:colcon.colcon_core.verb:set package 'grab_demo' build argument 'catkin_skip_building_tests' from command line to 'False'
[0.958s] DEBUG:colcon.colcon_core.verb:Building package 'grab_demo' with the following arguments: {'ament_cmake_args': None, 'build_base': '/home/dxf/wheeltec_lebai_humble_2024_7_17/build/grab_demo', 'catkin_cmake_args': None, 'catkin_skip_building_tests': False, 'cmake_args': None, 'cmake_clean_cache': False, 'cmake_clean_first': False, 'cmake_force_configure': False, 'cmake_target': None, 'cmake_target_skip_unavailable': False, 'install_base': '/home/dxf/wheeltec_lebai_humble_2024_7_17/install/grab_demo', 'merge_install': False, 'path': '/home/dxf/wheeltec_lebai_humble_2024_7_17/src/grab_demo', 'symlink_install': False, 'test_result_base': None}
[0.959s] INFO:colcon.colcon_core.executor:Executing jobs using 'parallel' executor
[0.961s] DEBUG:colcon.colcon_parallel_executor.executor.parallel:run_until_complete
[0.961s] INFO:colcon.colcon_ros.task.ament_cmake.build:Building ROS package in '/home/dxf/wheeltec_lebai_humble_2024_7_17/src/grab_demo' with build type 'ament_cmake'
[0.962s] INFO:colcon.colcon_cmake.task.cmake.build:Building CMake package in '/home/dxf/wheeltec_lebai_humble_2024_7_17/src/grab_demo'
[0.967s] INFO:colcon.colcon_core.plugin_system:Skipping extension 'colcon_core.shell.bat': Not used on non-Windows systems
[0.967s] INFO:colcon.colcon_core.shell:Skip shell extension 'powershell' for command environment: Not usable outside of PowerShell
[0.968s] DEBUG:colcon.colcon_core.shell:Skip shell extension 'dsv' for command environment
[0.997s] DEBUG:colcon.colcon_core.event_handler.log_command:Invoking command in '/home/dxf/wheeltec_lebai_humble_2024_7_17/build/grab_demo': CMAKE_PREFIX_PATH=${CMAKE_PREFIX_PATH}:/home/dxf/WHEELTEC_S300Pro_mini/install/wheeltec_robot_keyboard:/home/dxf/WHEELTEC_S300Pro_mini/install/simple_follower_ros2:/home/dxf/WHEELTEC_S300Pro_mini/install/ollama_ros_chat:/home/dxf/WHEELTEC_S300Pro_mini/install/nav2_waypoint_cycle:/home/dxf/WHEELTEC_S300Pro_mini/install/auto_recharge_ros2:/opt/ros/humble /usr/bin/cmake --build /home/dxf/wheeltec_lebai_humble_2024_7_17/build/grab_demo -- -j6 -l6
[21.810s] DEBUG:colcon.colcon_core.event_handler.log_command:Invoked command in '/home/dxf/wheeltec_lebai_humble_2024_7_17/build/grab_demo' returned '2': CMAKE_PREFIX_PATH=${CMAKE_PREFIX_PATH}:/home/dxf/WHEELTEC_S300Pro_mini/install/wheeltec_robot_keyboard:/home/dxf/WHEELTEC_S300Pro_mini/install/simple_follower_ros2:/home/dxf/WHEELTEC_S300Pro_mini/install/ollama_ros_chat:/home/dxf/WHEELTEC_S300Pro_mini/install/nav2_waypoint_cycle:/home/dxf/WHEELTEC_S300Pro_mini/install/auto_recharge_ros2:/opt/ros/humble /usr/bin/cmake --build /home/dxf/wheeltec_lebai_humble_2024_7_17/build/grab_demo -- -j6 -l6
[21.845s] Level 1:colcon.colcon_core.environment:create_environment_scripts_only(grab_demo)
[21.895s] Level 1:colcon.colcon_core.environment:checking '/home/dxf/wheeltec_lebai_humble_2024_7_17/install/grab_demo' for CMake module files
[21.898s] Level 1:colcon.colcon_core.environment:checking '/home/dxf/wheeltec_lebai_humble_2024_7_17/install/grab_demo' for CMake config files
[21.904s] Level 1:colcon.colcon_core.environment:checking '/home/dxf/wheeltec_lebai_humble_2024_7_17/install/grab_demo/bin'
[21.904s] Level 1:colcon.colcon_core.environment:checking '/home/dxf/wheeltec_lebai_humble_2024_7_17/install/grab_demo/lib/pkgconfig/grab_demo.pc'
[21.911s] Level 1:colcon.colcon_core.environment:checking '/home/dxf/wheeltec_lebai_humble_2024_7_17/install/grab_demo/lib/python3.10/site-packages'
[21.912s] Level 1:colcon.colcon_core.environment:checking '/home/dxf/wheeltec_lebai_humble_2024_7_17/install/grab_demo/bin'
[21.913s] INFO:colcon.colcon_core.shell:Creating package script '/home/dxf/wheeltec_lebai_humble_2024_7_17/install/grab_demo/share/grab_demo/package.ps1'
[21.928s] INFO:colcon.colcon_core.shell:Creating package descriptor '/home/dxf/wheeltec_lebai_humble_2024_7_17/install/grab_demo/share/grab_demo/package.dsv'
[21.931s] INFO:colcon.colcon_core.shell:Creating package script '/home/dxf/wheeltec_lebai_humble_2024_7_17/install/grab_demo/share/grab_demo/package.sh'
[21.935s] INFO:colcon.colcon_core.shell:Creating package script '/home/dxf/wheeltec_lebai_humble_2024_7_17/install/grab_demo/share/grab_demo/package.bash'
[21.939s] INFO:colcon.colcon_core.shell:Creating package script '/home/dxf/wheeltec_lebai_humble_2024_7_17/install/grab_demo/share/grab_demo/package.zsh'
[21.943s] Level 1:colcon.colcon_core.environment:create_file_with_runtime_dependencies(/home/dxf/wheeltec_lebai_humble_2024_7_17/install/grab_demo/share/colcon-core/packages/grab_demo)
[21.961s] DEBUG:colcon.colcon_parallel_executor.executor.parallel:closing loop
[21.962s] DEBUG:colcon.colcon_parallel_executor.executor.parallel:loop closed
[21.963s] DEBUG:colcon.colcon_parallel_executor.executor.parallel:run_until_complete finished with '2'
[21.964s] DEBUG:colcon.colcon_core.event_reactor:joining thread
[22.017s] INFO:colcon.colcon_core.plugin_system:Skipping extension 'colcon_notification.desktop_notification.terminal_notifier': Not used on non-Darwin systems
[22.017s] INFO:colcon.colcon_core.plugin_system:Skipping extension 'colcon_notification.desktop_notification.win32': Not used on non-Windows systems
[22.017s] INFO:colcon.colcon_notification.desktop_notification:Sending desktop notification using 'notify2'
[22.164s] DEBUG:colcon.colcon_core.event_reactor:joined thread
[22.167s] INFO:colcon.colcon_core.shell:Creating prefix script '/home/dxf/wheeltec_lebai_humble_2024_7_17/install/local_setup.ps1'
[22.174s] INFO:colcon.colcon_core.shell:Creating prefix util module '/home/dxf/wheeltec_lebai_humble_2024_7_17/install/_local_setup_util_ps1.py'
[22.179s] INFO:colcon.colcon_core.shell:Creating prefix chain script '/home/dxf/wheeltec_lebai_humble_2024_7_17/install/setup.ps1'
[22.194s] INFO:colcon.colcon_core.shell:Creating prefix script '/home/dxf/wheeltec_lebai_humble_2024_7_17/install/local_setup.sh'
[22.196s] INFO:colcon.colcon_core.shell:Creating prefix util module '/home/dxf/wheeltec_lebai_humble_2024_7_17/install/_local_setup_util_sh.py'
[22.198s] INFO:colcon.colcon_core.shell:Creating prefix chain script '/home/dxf/wheeltec_lebai_humble_2024_7_17/install/setup.sh'
[22.205s] INFO:colcon.colcon_core.shell:Creating prefix script '/home/dxf/wheeltec_lebai_humble_2024_7_17/install/local_setup.bash'
[22.207s] INFO:colcon.colcon_core.shell:Creating prefix chain script '/home/dxf/wheeltec_lebai_humble_2024_7_17/install/setup.bash'
[22.214s] INFO:colcon.colcon_core.shell:Creating prefix script '/home/dxf/wheeltec_lebai_humble_2024_7_17/install/local_setup.zsh'
[22.216s] INFO:colcon.colcon_core.shell:Creating prefix chain script '/home/dxf/wheeltec_lebai_humble_2024_7_17/install/setup.zsh'
