[35m[1mConsolidate compiler generated dependencies of target hsv_range[0m
[  2%] Built target grab_demo__cpp
[  8%] Built target grab_demo__rosidl_generator_c
[  8%] Built target ament_cmake_python_copy_grab_demo
[ 12%] Built target charuco_dectet_node
[ 19%] Built target grab_demo__rosidl_typesupport_cpp
[ 23%] Built target aruco_dectet
[ 27%] Built target hsv_range
[ 31%] Built target camera_info_node
[ 36%] Built target hand_eye
[ 42%] Built target grab_demo__rosidl_typesupport_fastrtps_cpp
[ 48%] Built target grab_demo__rosidl_typesupport_c
[ 55%] Built target grab_demo__rosidl_typesupport_fastrtps_c
[ 61%] Built target grab_demo__rosidl_typesupport_introspection_c
[ 68%] Built target grab_demo__rosidl_typesupport_introspection_cpp
[35m[1mConsolidate compiler generated dependencies of target start_grab[0m
[ 68%] Built target grab_demo
[ 70%] [32mBuilding CXX object CMakeFiles/grab_service_node.dir/src/grab_service_node.cpp.o[0m
[ 74%] Built target nav_grab
[ 76%] [32mBuilding CXX object CMakeFiles/start_grab.dir/src/start_grab.cpp.o[0m
[ 78%] Built target grab_demo__py
[ 82%] Built target grab_demo__rosidl_generator_py
[ 87%] Built target grab_demo__rosidl_typesupport_fastrtps_c__pyext
[ 91%] Built target grab_demo__rosidl_typesupport_introspection_c__pyext
[ 95%] Built target grab_demo__rosidl_typesupport_c__pyext
running egg_info
writing grab_demo.egg-info/PKG-INFO
writing dependency_links to grab_demo.egg-info/dependency_links.txt
writing top-level names to grab_demo.egg-info/top_level.txt
reading manifest file 'grab_demo.egg-info/SOURCES.txt'
writing manifest file 'grab_demo.egg-info/SOURCES.txt'
[ 95%] Built target ament_cmake_python_build_grab_demo_egg
In file included from [01m[K/opt/ros/humble/include/rclcpp/rclcpp/client.hpp:40[m[K,
                 from [01m[K/opt/ros/humble/include/rclcpp/rclcpp/callback_group.hpp:24[m[K,
                 from [01m[K/opt/ros/humble/include/rclcpp/rclcpp/any_executable.hpp:20[m[K,
                 from [01m[K/opt/ros/humble/include/rclcpp/rclcpp/memory_strategy.hpp:25[m[K,
                 from [01m[K/opt/ros/humble/include/rclcpp/rclcpp/memory_strategies.hpp:18[m[K,
                 from [01m[K/opt/ros/humble/include/rclcpp/rclcpp/executor_options.hpp:20[m[K,
                 from [01m[K/opt/ros/humble/include/rclcpp/rclcpp/executor.hpp:37[m[K,
                 from [01m[K/opt/ros/humble/include/rclcpp/rclcpp/executors/multi_threaded_executor.hpp:25[m[K,
                 from [01m[K/opt/ros/humble/include/rclcpp/rclcpp/executors.hpp:21[m[K,
                 from [01m[K/opt/ros/humble/include/rclcpp/rclcpp/rclcpp.hpp:155[m[K,
                 from [01m[K/home/dxf/wheeltec_lebai_humble_2024_7_17/src/grab_demo/src/grab_service_node.cpp:1[m[K:
[01m[K/home/dxf/wheeltec_lebai_humble_2024_7_17/src/grab_demo/src/grab_service_node.cpp:30:5:[m[K [01;31m[Kerror: [m[Kexpected unqualified-id before ‘[01m[Kdo[m[K’
   30 |     [01;31m[KRCLCPP_INFO[m[K(get_logger(),"object_grab_node is running");
      |     [01;31m[K^~~~~~~~~~~[m[K
[01m[K/home/dxf/wheeltec_lebai_humble_2024_7_17/src/grab_demo/src/grab_service_node.cpp:30:5:[m[K [01;31m[Kerror: [m[Kexpected unqualified-id before ‘[01m[Kwhile[m[K’
   30 |     [01;31m[KRCLCPP_INFO[m[K(get_logger(),"object_grab_node is running");
      |     [01;31m[K^~~~~~~~~~~[m[K
[01m[K/home/dxf/wheeltec_lebai_humble_2024_7_17/src/grab_demo/src/grab_service_node.cpp:[m[K In member function ‘[01m[Kvoid obj_grab::start_grab(std::shared_ptr<grab_demo::srv::GrabObject_Request_<std::allocator<void> > >, std::shared_ptr<grab_demo::srv::GrabObject_Response_<std::allocator<void> > >)[m[K’:
[01m[K/home/dxf/wheeltec_lebai_humble_2024_7_17/src/grab_demo/src/grab_service_node.cpp:52:144:[m[K [01;35m[Kwarning: [m[Kunused parameter ‘[01m[Kres[m[K’ [[01;35m[K]8;;https://gcc.gnu.org/onlinedocs/gcc/Warning-Options.html#index-Wunused-parameter-Wunused-parameter]8;;[m[K]
   52 | void obj_grab::start_grab(const std::shared_ptr<grab_demo::srv::GrabObject::Request> req,[01;35m[Kstd::shared_ptr<grab_demo::srv::GrabObject::Response> res[m[K)
      |                                                                                          [01;35m[K~~~~~~~~~~~~~~~~~~~~~~~~~~~~~~~~~~~~~~~~~~~~~~~~~~~~~~^~~[m[K
gmake[2]: *** [CMakeFiles/grab_service_node.dir/build.make:76：CMakeFiles/grab_service_node.dir/src/grab_service_node.cpp.o] 错误 1
gmake[1]: *** [CMakeFiles/Makefile2:711：CMakeFiles/grab_service_node.dir/all] 错误 2
gmake[1]: *** 正在等待未完成的任务....
[ 97%] [32m[1mLinking CXX executable start_grab[0m
[ 97%] Built target start_grab
gmake: *** [Makefile:146：all] 错误 2
