[  2%] Built target grab_demo__cpp
[  4%] [32mBuilding CXX object CMakeFiles/hand_eye.dir/src/hand_eye.cpp.o[0m
[ 10%] Built target grab_demo__rosidl_generator_c
[ 12%] [32mBuilding CXX object CMakeFiles/charuco_dectet_node.dir/src/charuco_dectet_node.cpp.o[0m
[ 14%] [32m[1mLinking CXX executable hsv_range[0m
[ 14%] Built target ament_cmake_python_copy_grab_demo
[ 17%] [32mBuilding CXX object CMakeFiles/aruco_dectet.dir/src/aruco_dectet.cpp.o[0m
[ 21%] Built target camera_info_node
[ 27%] Built target grab_demo__rosidl_typesupport_cpp
[35m[1mConsolidate compiler generated dependencies of target grab_demo__rosidl_typesupport_fastrtps_cpp[0m
[ 34%] Built target grab_demo__rosidl_typesupport_fastrtps_c
[ 40%] Built target grab_demo__rosidl_typesupport_fastrtps_cpp
[35m[1mConsolidate compiler generated dependencies of target grab_demo__rosidl_typesupport_introspection_c[0m
[ 42%] [34m[1mGenerating C type support dispatch for ROS interfaces[0m
[ 48%] Built target grab_demo__rosidl_typesupport_introspection_c
[ 51%] [34m[1mGenerating C++ introspection for ROS interfaces[0m
[ 53%] [32mBuilding CXX object CMakeFiles/grab_demo__rosidl_typesupport_introspection_cpp.dir/rosidl_typesupport_introspection_cpp/grab_demo/srv/detail/grab_object__type_support.cpp.o[0m
[ 55%] [32mBuilding CXX object CMakeFiles/grab_demo__rosidl_typesupport_c.dir/rosidl_typesupport_c/grab_demo/srv/grab_object__type_support.cpp.o[0m
[ 57%] [32m[1mLinking CXX shared library libgrab_demo__rosidl_typesupport_c.so[0m
[ 57%] Built target grab_demo__rosidl_typesupport_c
running egg_info
creating grab_demo.egg-info
writing grab_demo.egg-info/PKG-INFO
writing dependency_links to grab_demo.egg-info/dependency_links.txt
writing top-level names to grab_demo.egg-info/top_level.txt
writing manifest file 'grab_demo.egg-info/SOURCES.txt'
reading manifest file 'grab_demo.egg-info/SOURCES.txt'
writing manifest file 'grab_demo.egg-info/SOURCES.txt'
[ 59%] [32m[1mLinking CXX shared library libgrab_demo__rosidl_typesupport_introspection_cpp.so[0m
[ 59%] Built target ament_cmake_python_build_grab_demo_egg
[ 59%] Built target grab_demo__rosidl_typesupport_introspection_cpp
[ 61%] [32m[1mLinking CXX executable hand_eye[0m
[ 61%] Built target hand_eye
