[0.000000] (-) TimerEvent: {}
[0.003626] (-) JobUnselected: {'identifier': 'arm_demo'}
[0.004081] (-) JobUnselected: {'identifier': 'lebai_driver'}
[0.016011] (-) JobUnselected: {'identifier': 'lebai_interfaces'}
[0.017886] (-) JobUnselected: {'identifier': 'lebai_lm3_moveit_config'}
[0.018959] (-) JobUnselected: {'identifier': 'lebai_lm3_support'}
[0.020399] (-) JobUnselected: {'identifier': 'lebai_resources'}
[0.021176] (-) JobUnselected: {'identifier': 'lebai_tutorials'}
[0.025031] (grab_demo) JobQueued: {'identifier': 'grab_demo', 'dependencies': OrderedDict()}
[0.025189] (grab_demo) JobStarted: {'identifier': 'grab_demo'}
[0.073338] (grab_demo) JobProgress: {'identifier': 'grab_demo', 'progress': 'cmake'}
[0.081638] (grab_demo) Command: {'cmd': ['/usr/bin/cmake', '/home/dxf/wheeltec_lebai_humble_2024_7_17/src/grab_demo', '-DCMAKE_BUILD_TYPE=Debug', '-DCMAKE_INSTALL_PREFIX=/home/dxf/wheeltec_lebai_humble_2024_7_17/install/grab_demo'], 'cwd': '/home/dxf/wheeltec_lebai_humble_2024_7_17/build/grab_demo', 'env': OrderedDict([('PYTHON_BASIC_REPL', '1'), ('LESSOPEN', '| /usr/bin/lesspipe %s'), ('LANGUAGE', 'zh_CN:en_US:en'), ('USER', 'dxf'), ('SSH_CLIENT', '192.168.0.66 60207 22'), ('LC_TIME', 'zh_CN.UTF-8'), ('XDG_SESSION_TYPE', 'tty'), ('GIT_ASKPASS', '/home/dxf/.vscode-server/cli/servers/Stable-6f17636121051a53c88d3e605c491d22af2ba755/server/extensions/git/dist/askpass.sh'), ('SHLVL', '1'), ('LD_LIBRARY_PATH', '/usr/local/opencv410/lib:/usr/local/lib:/opt/ros/humble/opt/rviz_ogre_vendor/lib:/opt/ros/humble/lib/aarch64-linux-gnu:/opt/ros/humble/lib:/usr/local/cuda-12.6/lib64:'), ('BROWSER', '/home/dxf/.vscode-server/cli/servers/Stable-6f17636121051a53c88d3e605c491d22af2ba755/server/bin/helpers/browser.sh'), ('MOTD_SHOWN', 'pam'), ('HOME', '/home/dxf'), ('OLDPWD', '/home/dxf/wheeltec_lebai_humble_2024_7_17'), ('TERM_PROGRAM_VERSION', '1.103.2'), ('VSCODE_IPC_HOOK_CLI', '/run/user/1000/vscode-ipc-69d75cb4-b4e7-4f2e-8b13-501a15dcd102.sock'), ('ROS_PYTHON_VERSION', '3'), ('VSCODE_GIT_ASKPASS_MAIN', '/home/dxf/.vscode-server/cli/servers/Stable-6f17636121051a53c88d3e605c491d22af2ba755/server/extensions/git/dist/askpass-main.js'), ('LC_MONETARY', 'zh_CN.UTF-8'), ('VSCODE_GIT_ASKPASS_NODE', '/home/dxf/.vscode-server/cli/servers/Stable-6f17636121051a53c88d3e605c491d22af2ba755/server/node'), ('SSL_CERT_FILE', '/usr/lib/ssl/certs/ca-certificates.crt'), ('PYDEVD_DISABLE_FILE_VALIDATION', '1'), ('BUNDLED_DEBUGPY_PATH', '/home/dxf/.vscode-server/extensions/ms-python.debugpy-2025.14.1-linux-arm64/bundled/libs/debugpy'), ('DBUS_SESSION_BUS_ADDRESS', 'unix:path=/run/user/1000/bus'), ('COLORTERM', 'truecolor'), ('ROS_DISTRO', 'humble'), ('LOGNAME', 'dxf'), ('_', '/usr/bin/colcon'), ('ROS_VERSION', '2'), ('PKG_CONFIG_PATH', '/usr/local/opencv410/lib/pkgconfig:'), ('XDG_SESSION_CLASS', 'user'), ('TERM', 'xterm-256color'), ('XDG_SESSION_ID', '29'), ('ROS_LOCALHOST_ONLY', '0'), ('PATH', '/home/dxf/.vscode-server/cli/servers/Stable-6f17636121051a53c88d3e605c491d22af2ba755/server/bin/remote-cli:/opt/ros/humble/bin:/usr/local/cuda-12.6/bin:/usr/local/sbin:/usr/local/bin:/usr/sbin:/usr/bin:/sbin:/bin:/usr/games:/usr/local/games:/snap/bin:/home/dxf/.vscode-server/extensions/ms-python.debugpy-2025.14.1-linux-arm64/bundled/scripts/noConfigScripts'), ('PAPERSIZE', 'a4'), ('LC_ADDRESS', 'zh_CN.UTF-8'), ('XDG_RUNTIME_DIR', '/run/user/1000'), ('SSL_CERT_DIR', '/usr/lib/ssl/certs'), ('DISPLAY', 'localhost:10.0'), ('VSCODE_DEBUGPY_ADAPTER_ENDPOINTS', '/home/dxf/.vscode-server/extensions/ms-python.debugpy-2025.14.1-linux-arm64/.noConfigDebugAdapterEndpoints/endpoint-8b23ef7f21be4a2f.txt'), ('LANG', 'zh_CN.UTF-8'), ('PYTHONSTARTUP', '/home/dxf/.vscode-server/data/User/workspaceStorage/4ecfe97e1d690ce6b205eecd25d67bdf/ms-python.python/pythonrc.py'), ('LC_TELEPHONE', 'zh_CN.UTF-8'), ('LS_COLORS', ''), ('VSCODE_GIT_IPC_HANDLE', '/run/user/1000/vscode-git-42a3dc7ec5.sock'), ('TERM_PROGRAM', 'vscode'), ('AMENT_PREFIX_PATH', '/opt/ros/humble'), ('SHELL', '/bin/bash'), ('LC_NAME', 'zh_CN.UTF-8'), ('LESSCLOSE', '/usr/bin/lesspipe %s %s'), ('LC_MEASUREMENT', 'zh_CN.UTF-8'), ('OpenCV_DIR', '/usr/local/opencv410/lib/cmake/opencv4'), ('LC_IDENTIFICATION', 'zh_CN.UTF-8'), ('VSCODE_GIT_ASKPASS_EXTRA_ARGS', ''), ('PWD', '/home/dxf/wheeltec_lebai_humble_2024_7_17/build/grab_demo'), ('SSH_CONNECTION', '192.168.0.66 60207 192.168.0.100 22'), ('XDG_DATA_DIRS', '/usr/share/gnome:/usr/local/share:/usr/share:/var/lib/snapd/desktop'), ('PYTHONPATH', '/opt/ros/humble/lib/python3.10/site-packages:/opt/ros/humble/local/lib/python3.10/dist-packages'), ('LC_NUMERIC', 'zh_CN.UTF-8'), ('LC_PAPER', 'zh_CN.UTF-8'), ('COLCON', '1'), ('CMAKE_PREFIX_PATH', '/usr/local/opencv410::/opt/ros/humble')]), 'shell': False}
[0.091272] (-) TimerEvent: {}
[0.192525] (-) TimerEvent: {}
[0.294107] (-) TimerEvent: {}
[0.352306] (grab_demo) StdoutLine: {'line': b'-- Found ament_cmake: 1.3.12 (/opt/ros/humble/share/ament_cmake/cmake)\n'}
[0.394247] (-) TimerEvent: {}
[0.494893] (-) TimerEvent: {}
[0.595605] (-) TimerEvent: {}
[0.696352] (-) TimerEvent: {}
[0.797020] (-) TimerEvent: {}
[0.897726] (-) TimerEvent: {}
[0.998437] (-) TimerEvent: {}
[1.099148] (-) TimerEvent: {}
[1.200235] (-) TimerEvent: {}
[1.300915] (-) TimerEvent: {}
[1.352721] (grab_demo) StdoutLine: {'line': b'-- Found rclcpp: 16.0.15 (/opt/ros/humble/share/rclcpp/cmake)\n'}
[1.401090] (-) TimerEvent: {}
[1.501807] (-) TimerEvent: {}
[1.555101] (grab_demo) StdoutLine: {'line': b'-- Found rosidl_generator_c: 3.1.7 (/opt/ros/humble/share/rosidl_generator_c/cmake)\n'}
[1.575667] (grab_demo) StdoutLine: {'line': b'-- Found rosidl_adapter: 3.1.7 (/opt/ros/humble/share/rosidl_adapter/cmake)\n'}
[1.601987] (-) TimerEvent: {}
[1.636940] (grab_demo) StdoutLine: {'line': b'-- Found rosidl_generator_cpp: 3.1.7 (/opt/ros/humble/share/rosidl_generator_cpp/cmake)\n'}
[1.702180] (-) TimerEvent: {}
[1.778142] (grab_demo) StdoutLine: {'line': b'-- Using all available rosidl_typesupport_c: rosidl_typesupport_fastrtps_c;rosidl_typesupport_introspection_c\n'}
[1.802346] (-) TimerEvent: {}
[1.873923] (grab_demo) StdoutLine: {'line': b'-- Using all available rosidl_typesupport_cpp: rosidl_typesupport_fastrtps_cpp;rosidl_typesupport_introspection_cpp\n'}
[1.902527] (-) TimerEvent: {}
[2.003243] (-) TimerEvent: {}
[2.103931] (-) TimerEvent: {}
[2.204602] (-) TimerEvent: {}
[2.305316] (-) TimerEvent: {}
[2.396522] (grab_demo) StdoutLine: {'line': b'-- Found rmw_implementation_cmake: 6.1.2 (/opt/ros/humble/share/rmw_implementation_cmake/cmake)\n'}
[2.405504] (-) TimerEvent: {}
[2.410961] (grab_demo) StdoutLine: {'line': b'-- Found rmw_fastrtps_cpp: 6.2.9 (/opt/ros/humble/share/rmw_fastrtps_cpp/cmake)\n'}
[2.505677] (-) TimerEvent: {}
[2.606400] (-) TimerEvent: {}
[2.707115] (-) TimerEvent: {}
[2.807826] (-) TimerEvent: {}
[2.908501] (-) TimerEvent: {}
[3.009269] (-) TimerEvent: {}
[3.109964] (-) TimerEvent: {}
[3.210642] (-) TimerEvent: {}
[3.311320] (-) TimerEvent: {}
[3.339858] (grab_demo) StdoutLine: {'line': b"-- Using RMW implementation 'rmw_fastrtps_cpp' as default\n"}
[3.411626] (-) TimerEvent: {}
[3.515756] (-) TimerEvent: {}
[3.616416] (-) TimerEvent: {}
[3.685721] (grab_demo) StdoutLine: {'line': b'-- Found image_transport: 3.1.12 (/opt/ros/humble/share/image_transport/cmake)\n'}
[3.716619] (-) TimerEvent: {}
[3.817352] (-) TimerEvent: {}
[3.918035] (-) TimerEvent: {}
[4.018730] (-) TimerEvent: {}
[4.119438] (-) TimerEvent: {}
[4.179314] (grab_demo) StdoutLine: {'line': b'-- Found cv_bridge: 3.2.1 (/home/dxf/WHEELTEC_S300Pro_mini_ros2_arm_src_2025_9_15/install/cv_bridge/share/cv_bridge/cmake)\n'}
[4.220624] (-) TimerEvent: {}
[4.246326] (grab_demo) StdoutLine: {'line': b'-- Found moveit_common: 2.5.9 (/opt/ros/humble/share/moveit_common/cmake)\n'}
[4.248422] (grab_demo) StdoutLine: {'line': b'-- Found tf2_ros: 0.25.16 (/opt/ros/humble/share/tf2_ros/cmake)\n'}
[4.321085] (-) TimerEvent: {}
[4.422236] (-) TimerEvent: {}
[4.524107] (-) TimerEvent: {}
[4.615602] (grab_demo) StdoutLine: {'line': b'-- Found tf2_geometry_msgs: 0.25.16 (/opt/ros/humble/share/tf2_geometry_msgs/cmake)\n'}
[4.624338] (-) TimerEvent: {}
[4.650441] (grab_demo) StdoutLine: {'line': b'-- Found eigen3_cmake_module: 0.1.1 (/opt/ros/humble/share/eigen3_cmake_module/cmake)\n'}
[4.657318] (grab_demo) StdoutLine: {'line': b'-- Ensuring Eigen3 include directory is part of orocos-kdl CMake target\n'}
[4.662023] (grab_demo) StdoutLine: {'line': b'-- Found nav2_msgs: 1.1.19 (/opt/ros/humble/share/nav2_msgs/cmake)\n'}
[4.724500] (-) TimerEvent: {}
[4.825631] (-) TimerEvent: {}
[4.927210] (-) TimerEvent: {}
[5.008447] (grab_demo) StdoutLine: {'line': b'-- Found rosidl_default_generators: 1.2.0 (/opt/ros/humble/share/rosidl_default_generators/cmake)\n'}
[5.027427] (-) TimerEvent: {}
[5.062748] (grab_demo) StdoutLine: {'line': b'-- Found lebai_interfaces: 0.0.1 (/home/dxf/wheeltec_lebai_humble_2024_7_17/install/lebai_interfaces/share/lebai_interfaces/cmake)\n'}
[5.127685] (-) TimerEvent: {}
[5.229548] (-) TimerEvent: {}
[5.330681] (-) TimerEvent: {}
[5.431887] (-) TimerEvent: {}
[5.532660] (-) TimerEvent: {}
[5.633823] (-) TimerEvent: {}
[5.734638] (-) TimerEvent: {}
[5.835380] (-) TimerEvent: {}
[5.844964] (grab_demo) StdoutLine: {'line': b'-- Found moveit_ros_planning_interface: 2.5.9 (/opt/ros/humble/share/moveit_ros_planning_interface/cmake)\n'}
[5.935594] (-) TimerEvent: {}
[5.939550] (grab_demo) StdoutLine: {'line': b'-- Found Boost: /usr/lib/aarch64-linux-gnu/cmake/Boost-1.74.0/BoostConfig.cmake (found version "1.74.0") found components: date_time filesystem program_options system thread \n'}
[6.035775] (-) TimerEvent: {}
[6.136808] (-) TimerEvent: {}
[6.238095] (-) TimerEvent: {}
[6.311350] (grab_demo) StdoutLine: {'line': b'-- Found Boost: /usr/lib/aarch64-linux-gnu/cmake/Boost-1.74.0/BoostConfig.cmake (found version "1.74.0") found components: chrono date_time filesystem iostreams program_options regex serialization system thread \n'}
[6.338280] (-) TimerEvent: {}
[6.439590] (-) TimerEvent: {}
[6.458423] (grab_demo) StdoutLine: {'line': b'-- Found parameter_traits: 0.5.0 (/opt/ros/humble/share/parameter_traits/cmake)\n'}
[6.539774] (-) TimerEvent: {}
[6.546215] (grab_demo) StdoutLine: {'line': b'-- Found rclcpp_lifecycle: 16.0.15 (/opt/ros/humble/share/rclcpp_lifecycle/cmake)\n'}
[6.640015] (-) TimerEvent: {}
[6.740724] (-) TimerEvent: {}
[6.785379] (grab_demo) StdoutLine: {'line': b'-- Found Boost: /usr/lib/aarch64-linux-gnu/cmake/Boost-1.74.0/BoostConfig.cmake (found version "1.74.0") found components: filesystem \n'}
[6.840930] (-) TimerEvent: {}
[6.941681] (-) TimerEvent: {}
[7.042467] (-) TimerEvent: {}
[7.103124] (grab_demo) StdoutLine: {'line': b'-- library: /usr/lib/aarch64-linux-gnu/libcurl.so\n'}
[7.142659] (-) TimerEvent: {}
[7.243495] (-) TimerEvent: {}
[7.344286] (-) TimerEvent: {}
[7.445075] (-) TimerEvent: {}
[7.548914] (-) TimerEvent: {}
[7.627727] (grab_demo) StdoutLine: {'line': b'-- Found Boost: /usr/lib/aarch64-linux-gnu/cmake/Boost-1.74.0/BoostConfig.cmake (found version "1.74.0") found components: system filesystem date_time program_options thread chrono \n'}
[7.649084] (-) TimerEvent: {}
[7.749758] (-) TimerEvent: {}
[7.839491] (grab_demo) StdoutLine: {'line': b'-- Found Boost: /usr/lib/aarch64-linux-gnu/cmake/Boost-1.74.0/BoostConfig.cmake (found version "1.74.0") found components: thread system filesystem regex date_time program_options \n'}
[7.850043] (-) TimerEvent: {}
[7.950753] (grab_demo) StdoutLine: {'line': b'-- Found Boost: /usr/lib/aarch64-linux-gnu/cmake/Boost-1.74.0/BoostConfig.cmake (found version "1.74.0") found components: system filesystem date_time program_options thread \n'}
[7.951389] (-) TimerEvent: {}
[8.052970] (-) TimerEvent: {}
[8.155083] (-) TimerEvent: {}
[8.259658] (-) TimerEvent: {}
[8.361159] (-) TimerEvent: {}
[8.462686] (-) TimerEvent: {}
[8.564410] (-) TimerEvent: {}
[8.665631] (-) TimerEvent: {}
[8.767424] (-) TimerEvent: {}
[8.869148] (-) TimerEvent: {}
[8.970527] (-) TimerEvent: {}
[9.072256] (-) TimerEvent: {}
[9.173924] (-) TimerEvent: {}
[9.275856] (-) TimerEvent: {}
[9.356213] (grab_demo) StdoutLine: {'line': b'-- Found ament_cmake_ros: 0.10.0 (/opt/ros/humble/share/ament_cmake_ros/cmake)\n'}
[9.376065] (-) TimerEvent: {}
[9.476789] (-) TimerEvent: {}
[9.577594] (-) TimerEvent: {}
[9.678358] (-) TimerEvent: {}
[9.779084] (-) TimerEvent: {}
[9.879822] (-) TimerEvent: {}
[9.980597] (-) TimerEvent: {}
[10.081345] (-) TimerEvent: {}
[10.182484] (-) TimerEvent: {}
[10.287712] (-) TimerEvent: {}
[10.391657] (-) TimerEvent: {}
[10.492392] (-) TimerEvent: {}
[10.593260] (-) TimerEvent: {}
[10.693958] (-) TimerEvent: {}
[10.794915] (-) TimerEvent: {}
[10.899063] (-) TimerEvent: {}
[10.958015] (grab_demo) StdoutLine: {'line': b'-- Using all available rosidl_typesupport_c: rosidl_typesupport_fastrtps_c;rosidl_typesupport_introspection_c\n'}
[10.999258] (-) TimerEvent: {}
[11.100708] (-) TimerEvent: {}
[11.201578] (-) TimerEvent: {}
[11.302835] (-) TimerEvent: {}
[11.403724] (-) TimerEvent: {}
[11.504400] (-) TimerEvent: {}
[11.605318] (-) TimerEvent: {}
[11.613315] (grab_demo) StdoutLine: {'line': b'-- Using all available rosidl_typesupport_cpp: rosidl_typesupport_fastrtps_cpp;rosidl_typesupport_introspection_cpp\n'}
[11.705462] (-) TimerEvent: {}
[11.782155] (grab_demo) StdoutLine: {'line': b'-- Found python_cmake_module: 0.10.0 (/opt/ros/humble/share/python_cmake_module/cmake)\n'}
[11.805629] (-) TimerEvent: {}
[11.868118] (grab_demo) StdoutLine: {'line': b'-- Using PYTHON_EXECUTABLE: /usr/bin/python3\n'}
[11.868651] (grab_demo) StdoutLine: {'line': b'-- Using PYTHON_INCLUDE_DIRS: /usr/include/python3.10\n'}
[11.868855] (grab_demo) StdoutLine: {'line': b'-- Using PYTHON_LIBRARIES: /usr/lib/aarch64-linux-gnu/libpython3.10.so\n'}
[11.905861] (-) TimerEvent: {}
[11.991911] (grab_demo) StdoutLine: {'line': b'-- Found ament_lint_auto: 0.12.14 (/opt/ros/humble/share/ament_lint_auto/cmake)\n'}
[12.006039] (-) TimerEvent: {}
[12.106684] (-) TimerEvent: {}
[12.181597] (grab_demo) StdoutLine: {'line': b"-- Added test 'cppcheck' to perform static code analysis on C / C++ code\n"}
[12.185623] (grab_demo) StdoutLine: {'line': b'-- Configured cppcheck include dirs: /home/dxf/wheeltec_lebai_humble_2024_7_17/src/grab_demo/include\n'}
[12.186166] (grab_demo) StdoutLine: {'line': b'-- Configured cppcheck exclude dirs and/or files: \n'}
[12.191843] (grab_demo) StdoutLine: {'line': b"-- Added test 'flake8' to check Python code syntax and style conventions\n"}
[12.194008] (grab_demo) StdoutLine: {'line': b"-- Added test 'lint_cmake' to check CMake code style\n"}
[12.196030] (grab_demo) StdoutLine: {'line': b"-- Added test 'pep257' to check Python code against some of the docstring style conventions in PEP 257\n"}
[12.199652] (grab_demo) StdoutLine: {'line': b"-- Added test 'uncrustify' to check C / C++ code style\n"}
[12.200339] (grab_demo) StdoutLine: {'line': b'-- Configured uncrustify additional arguments: \n'}
[12.202850] (grab_demo) StdoutLine: {'line': b"-- Added test 'xmllint' to check XML markup files\n"}
[12.206834] (-) TimerEvent: {}
[12.237359] (grab_demo) StdoutLine: {'line': b'-- Configuring done\n'}
[12.307016] (-) TimerEvent: {}
[12.407888] (-) TimerEvent: {}
[12.508681] (-) TimerEvent: {}
[12.609410] (-) TimerEvent: {}
[12.710141] (-) TimerEvent: {}
[12.811510] (-) TimerEvent: {}
[12.912290] (-) TimerEvent: {}
[13.013004] (-) TimerEvent: {}
[13.114155] (-) TimerEvent: {}
[13.215282] (-) TimerEvent: {}
[13.316315] (-) TimerEvent: {}
[13.417075] (-) TimerEvent: {}
[13.519144] (grab_demo) StdoutLine: {'line': b'-- Generating done\n'}
[13.519816] (-) TimerEvent: {}
[13.620328] (-) TimerEvent: {}
[13.721029] (-) TimerEvent: {}
[13.821791] (-) TimerEvent: {}
[13.922566] (-) TimerEvent: {}
[14.023388] (-) TimerEvent: {}
[14.124164] (-) TimerEvent: {}
[14.209501] (grab_demo) StdoutLine: {'line': b'-- Build files have been written to: /home/dxf/wheeltec_lebai_humble_2024_7_17/build/grab_demo\n'}
[14.227732] (-) TimerEvent: {}
[14.328968] (-) TimerEvent: {}
[14.336006] (grab_demo) CommandEnded: {'returncode': 0}
[14.339813] (grab_demo) JobProgress: {'identifier': 'grab_demo', 'progress': 'build'}
[14.340008] (grab_demo) Command: {'cmd': ['/usr/bin/cmake', '--build', '/home/dxf/wheeltec_lebai_humble_2024_7_17/build/grab_demo', '--', '-j6', '-l6'], 'cwd': '/home/dxf/wheeltec_lebai_humble_2024_7_17/build/grab_demo', 'env': OrderedDict([('PYTHON_BASIC_REPL', '1'), ('LESSOPEN', '| /usr/bin/lesspipe %s'), ('LANGUAGE', 'zh_CN:en_US:en'), ('USER', 'dxf'), ('SSH_CLIENT', '192.168.0.66 60207 22'), ('LC_TIME', 'zh_CN.UTF-8'), ('XDG_SESSION_TYPE', 'tty'), ('GIT_ASKPASS', '/home/dxf/.vscode-server/cli/servers/Stable-6f17636121051a53c88d3e605c491d22af2ba755/server/extensions/git/dist/askpass.sh'), ('SHLVL', '1'), ('LD_LIBRARY_PATH', '/usr/local/opencv410/lib:/usr/local/lib:/opt/ros/humble/opt/rviz_ogre_vendor/lib:/opt/ros/humble/lib/aarch64-linux-gnu:/opt/ros/humble/lib:/usr/local/cuda-12.6/lib64:'), ('BROWSER', '/home/dxf/.vscode-server/cli/servers/Stable-6f17636121051a53c88d3e605c491d22af2ba755/server/bin/helpers/browser.sh'), ('MOTD_SHOWN', 'pam'), ('HOME', '/home/dxf'), ('OLDPWD', '/home/dxf/wheeltec_lebai_humble_2024_7_17'), ('TERM_PROGRAM_VERSION', '1.103.2'), ('VSCODE_IPC_HOOK_CLI', '/run/user/1000/vscode-ipc-69d75cb4-b4e7-4f2e-8b13-501a15dcd102.sock'), ('ROS_PYTHON_VERSION', '3'), ('VSCODE_GIT_ASKPASS_MAIN', '/home/dxf/.vscode-server/cli/servers/Stable-6f17636121051a53c88d3e605c491d22af2ba755/server/extensions/git/dist/askpass-main.js'), ('LC_MONETARY', 'zh_CN.UTF-8'), ('VSCODE_GIT_ASKPASS_NODE', '/home/dxf/.vscode-server/cli/servers/Stable-6f17636121051a53c88d3e605c491d22af2ba755/server/node'), ('SSL_CERT_FILE', '/usr/lib/ssl/certs/ca-certificates.crt'), ('PYDEVD_DISABLE_FILE_VALIDATION', '1'), ('BUNDLED_DEBUGPY_PATH', '/home/dxf/.vscode-server/extensions/ms-python.debugpy-2025.14.1-linux-arm64/bundled/libs/debugpy'), ('DBUS_SESSION_BUS_ADDRESS', 'unix:path=/run/user/1000/bus'), ('COLORTERM', 'truecolor'), ('ROS_DISTRO', 'humble'), ('LOGNAME', 'dxf'), ('_', '/usr/bin/colcon'), ('ROS_VERSION', '2'), ('PKG_CONFIG_PATH', '/usr/local/opencv410/lib/pkgconfig:'), ('XDG_SESSION_CLASS', 'user'), ('TERM', 'xterm-256color'), ('XDG_SESSION_ID', '29'), ('ROS_LOCALHOST_ONLY', '0'), ('PATH', '/home/dxf/.vscode-server/cli/servers/Stable-6f17636121051a53c88d3e605c491d22af2ba755/server/bin/remote-cli:/opt/ros/humble/bin:/usr/local/cuda-12.6/bin:/usr/local/sbin:/usr/local/bin:/usr/sbin:/usr/bin:/sbin:/bin:/usr/games:/usr/local/games:/snap/bin:/home/dxf/.vscode-server/extensions/ms-python.debugpy-2025.14.1-linux-arm64/bundled/scripts/noConfigScripts'), ('PAPERSIZE', 'a4'), ('LC_ADDRESS', 'zh_CN.UTF-8'), ('XDG_RUNTIME_DIR', '/run/user/1000'), ('SSL_CERT_DIR', '/usr/lib/ssl/certs'), ('DISPLAY', 'localhost:10.0'), ('VSCODE_DEBUGPY_ADAPTER_ENDPOINTS', '/home/dxf/.vscode-server/extensions/ms-python.debugpy-2025.14.1-linux-arm64/.noConfigDebugAdapterEndpoints/endpoint-8b23ef7f21be4a2f.txt'), ('LANG', 'zh_CN.UTF-8'), ('PYTHONSTARTUP', '/home/dxf/.vscode-server/data/User/workspaceStorage/4ecfe97e1d690ce6b205eecd25d67bdf/ms-python.python/pythonrc.py'), ('LC_TELEPHONE', 'zh_CN.UTF-8'), ('LS_COLORS', ''), ('VSCODE_GIT_IPC_HANDLE', '/run/user/1000/vscode-git-42a3dc7ec5.sock'), ('TERM_PROGRAM', 'vscode'), ('AMENT_PREFIX_PATH', '/opt/ros/humble'), ('SHELL', '/bin/bash'), ('LC_NAME', 'zh_CN.UTF-8'), ('LESSCLOSE', '/usr/bin/lesspipe %s %s'), ('LC_MEASUREMENT', 'zh_CN.UTF-8'), ('OpenCV_DIR', '/usr/local/opencv410/lib/cmake/opencv4'), ('LC_IDENTIFICATION', 'zh_CN.UTF-8'), ('VSCODE_GIT_ASKPASS_EXTRA_ARGS', ''), ('PWD', '/home/dxf/wheeltec_lebai_humble_2024_7_17/build/grab_demo'), ('SSH_CONNECTION', '192.168.0.66 60207 192.168.0.100 22'), ('XDG_DATA_DIRS', '/usr/share/gnome:/usr/local/share:/usr/share:/var/lib/snapd/desktop'), ('PYTHONPATH', '/opt/ros/humble/lib/python3.10/site-packages:/opt/ros/humble/local/lib/python3.10/dist-packages'), ('LC_NUMERIC', 'zh_CN.UTF-8'), ('LC_PAPER', 'zh_CN.UTF-8'), ('COLCON', '1'), ('CMAKE_PREFIX_PATH', '/usr/local/opencv410::/opt/ros/humble')]), 'shell': False}
[14.429211] (-) TimerEvent: {}
[14.530909] (-) TimerEvent: {}
[14.633716] (-) TimerEvent: {}
[14.734530] (-) TimerEvent: {}
[14.835537] (-) TimerEvent: {}
[14.936298] (-) TimerEvent: {}
[15.037424] (-) TimerEvent: {}
[15.138176] (-) TimerEvent: {}
[15.239112] (-) TimerEvent: {}
[15.253822] (grab_demo) StdoutLine: {'line': b'[  2%] Built target grab_demo__cpp\n'}
[15.339366] (-) TimerEvent: {}
[15.346605] (grab_demo) StdoutLine: {'line': b'\x1b[35m\x1b[1mConsolidate compiler generated dependencies of target hsv_range\x1b[0m\n'}
[15.439665] (-) TimerEvent: {}
[15.540556] (-) TimerEvent: {}
[15.641282] (-) TimerEvent: {}
[15.742045] (-) TimerEvent: {}
[15.781734] (grab_demo) StdoutLine: {'line': b'[  6%] Built target hsv_range\n'}
[15.842188] (-) TimerEvent: {}
[15.858109] (grab_demo) StderrLine: {'line': b'gmake[2]: *** [CMakeFiles/aruco_dectet.dir/build.make:275: CMakeFiles/aruco_dectet.dir/depend] \xe4\xb8\xad\xe6\x96\xad\n'}
[15.869191] (grab_demo) StderrLine: {'line': b'gmake[1]: *** [CMakeFiles/Makefile2:683: CMakeFiles/aruco_dectet.dir/all] \xe4\xb8\xad\xe6\x96\xad\n'}
[15.869714] (grab_demo) StderrLine: {'line': b'gmake: *** [Makefile:146: all] \xe4\xb8\xad\xe6\x96\xad\n'}
[15.869997] (grab_demo) CommandEnded: {'returncode': -2}
[15.942488] (-) TimerEvent: {}
[16.054750] (-) TimerEvent: {}
[16.155889] (-) TimerEvent: {}
[16.161474] (grab_demo) JobEnded: {'identifier': 'grab_demo', 'rc': 'SIGINT'}
[16.178360] (-) EventReactorShutdown: {}
