[0.000000] (-) TimerEvent: {}
[0.000857] (-) JobUnselected: {'identifier': 'arm_demo'}
[0.002078] (-) JobUnselected: {'identifier': 'lebai_driver'}
[0.002320] (-) JobUnselected: {'identifier': 'lebai_interfaces'}
[0.003975] (-) JobUnselected: {'identifier': 'lebai_lm3_moveit_config'}
[0.005155] (-) JobUnselected: {'identifier': 'lebai_lm3_support'}
[0.005238] (-) JobUnselected: {'identifier': 'lebai_resources'}
[0.005285] (-) JobUnselected: {'identifier': 'lebai_tutorials'}
[0.005334] (grab_demo) JobQueued: {'identifier': 'grab_demo', 'dependencies': OrderedDict()}
[0.005384] (grab_demo) JobStarted: {'identifier': 'grab_demo'}
[0.034317] (grab_demo) JobProgress: {'identifier': 'grab_demo', 'progress': 'cmake'}
[0.036322] (grab_demo) JobProgress: {'identifier': 'grab_demo', 'progress': 'build'}
[0.038022] (grab_demo) Command: {'cmd': ['/usr/bin/cmake', '--build', '/home/dxf/wheeltec_lebai_humble_2024_7_17/build/grab_demo', '--', '-j6', '-l6'], 'cwd': '/home/dxf/wheeltec_lebai_humble_2024_7_17/build/grab_demo', 'env': OrderedDict([('LESSOPEN', '| /usr/bin/lesspipe %s'), ('VSCODE_CWD', '/home/dxf'), ('VSCODE_ESM_ENTRYPOINT', 'vs/workbench/api/node/extensionHostProcess'), ('LANGUAGE', 'zh_CN:en_US:en'), ('USER', 'dxf'), ('SSH_CLIENT', '192.168.0.66 55355 22'), ('LC_TIME', 'zh_CN.UTF-8'), ('VSCODE_NLS_CONFIG', '{"userLocale":"zh-cn","osLocale":"zh-cn","resolvedLanguage":"en","defaultMessagesFile":"/home/dxf/.cursor-server/bin/5c17eb2968a37f66bc6662f48d6356a100b67be0/out/nls.messages.json","locale":"zh-cn","availableLanguages":{}}'), ('VSCODE_HANDLES_UNCAUGHT_ERRORS', 'true'), ('XDG_SESSION_TYPE', 'tty'), ('SHLVL', '1'), ('LD_LIBRARY_PATH', '/usr/local/opencv410/lib:/usr/local/lib:/usr/local/cuda-12.6/lib64:/usr/local/opencv410/lib:/usr/local/lib:/home/dxf/WHEELTEC_S300Pro_mini/install/yesense_interface/lib:/home/dxf/WHEELTEC_S300Pro_mini/install/wheeltec_rrt_msg/lib:/home/dxf/WHEELTEC_S300Pro_mini/install/wheeltec_robot_rrt/lib:/home/dxf/WHEELTEC_S300Pro_mini/install/wheeltec_mic_msg/lib:/home/dxf/WHEELTEC_S300Pro_mini/install/usb_cam/lib:/home/dxf/WHEELTEC_S300Pro_mini/install/turn_on_wheeltec_robot/lib:/home/dxf/WHEELTEC_S300Pro_mini/install/serial/lib:/home/dxf/WHEELTEC_S300Pro_mini/install/robot_interfaces/lib:/home/dxf/WHEELTEC_S300Pro_mini/install/orb_slam2_ros/lib:/home/dxf/WHEELTEC_S300Pro_mini/install/openslam_gmapping/lib:/home/dxf/WHEELTEC_S300Pro_mini/install/ollama_ros_msgs/lib:/home/dxf/WHEELTEC_S300Pro_mini/install/lslidar_msgs/lib:/home/dxf/WHEELTEC_S300Pro_mini/install/bodyreader_msg/lib:/home/dxf/WHEELTEC_S300Pro_mini/install/astra_camera/lib:/home/dxf/WHEELTEC_S300Pro_mini/install/astra_camera_msgs/lib:/home/dxf/WHEELTEC_S300Pro_mini/install/aruco_ros/lib:/home/dxf/WHEELTEC_S300Pro_mini/install/aruco_msgs/lib:/home/dxf/WHEELTEC_S300Pro_mini/install/aruco/lib:/opt/ros/humble/opt/rviz_ogre_vendor/lib:/opt/ros/humble/lib/aarch64-linux-gnu:/opt/ros/humble/lib:/usr/local/cuda-12.6/lib64:'), ('BROWSER', '/home/dxf/.cursor-server/bin/5c17eb2968a37f66bc6662f48d6356a100b67be0/bin/helpers/browser.sh'), ('MOTD_SHOWN', 'pam'), ('HOME', '/home/dxf'), ('OLDPWD', '/home/dxf/wheeltec_lebai_humble_2024_7_17/src'), ('VSCODE_IPC_HOOK_CLI', '/run/user/1000/vscode-ipc-57a57e68-512b-48cb-9d7d-e185a4956646.sock'), ('ROS_PYTHON_VERSION', '3'), ('LC_MONETARY', 'zh_CN.UTF-8'), ('NO_COLOR', '1'), ('DBUS_SESSION_BUS_ADDRESS', 'unix:path=/run/user/1000/bus'), ('COLCON_PREFIX_PATH', '/home/dxf/WHEELTEC_S300Pro_mini/install'), ('ROS_DISTRO', 'humble'), ('LOGNAME', 'dxf'), ('FORCE_COLOR', '0'), ('VSCODE_HANDLES_SIGPIPE', 'true'), ('_', '/usr/bin/colcon'), ('ROS_VERSION', '2'), ('PKG_CONFIG_PATH', '/usr/local/opencv410/lib/pkgconfig:/usr/local/opencv410/lib/pkgconfig:'), ('XDG_SESSION_CLASS', 'user'), ('TERM', 'dumb'), ('XDG_SESSION_ID', '2'), ('ROS_LOCALHOST_ONLY', '0'), ('COMPOSER_NO_INTERACTION', '1'), ('PATH', '/usr/local/cuda-12.6/bin:/home/dxf/.cursor-server/bin/5c17eb2968a37f66bc6662f48d6356a100b67be0/bin/remote-cli:/opt/ros/humble/bin:/usr/local/cuda-12.6/bin:/home/dxf/.cursor-server/bin/5c17eb2968a37f66bc6662f48d6356a100b67be0/bin/remote-cli:/usr/local/sbin:/usr/local/bin:/usr/sbin:/usr/bin:/sbin:/bin:/usr/games:/usr/local/games:/snap/bin'), ('VSCODE_AGENT_FOLDER', '/home/dxf/.cursor-server'), ('PAPERSIZE', 'a4'), ('LC_ADDRESS', 'zh_CN.UTF-8'), ('XDG_RUNTIME_DIR', '/run/user/1000'), ('CURSOR_AGENT', '1'), ('DISPLAY', 'localhost:10.0'), ('LANG', 'zh_CN.UTF-8'), ('LC_TELEPHONE', 'zh_CN.UTF-8'), ('LS_COLORS', ''), ('AMENT_PREFIX_PATH', '/home/dxf/WHEELTEC_S300Pro_mini/install/yesense_std_ros2:/home/dxf/WHEELTEC_S300Pro_mini/install/yesense_interface:/home/dxf/WHEELTEC_S300Pro_mini/install/wheeltec_ultrasonic:/home/dxf/WHEELTEC_S300Pro_mini/install/wheeltec_slam_toolbox:/home/dxf/WHEELTEC_S300Pro_mini/install/wheeltec_rviz2:/home/dxf/WHEELTEC_S300Pro_mini/install/wheeltec_rrt_msg:/home/dxf/WHEELTEC_S300Pro_mini/install/wheeltec_robot_rtab:/home/dxf/WHEELTEC_S300Pro_mini/install/wheeltec_robot_rrt:/home/dxf/WHEELTEC_S300Pro_mini/install/wheeltec_robot_keyboard:/home/dxf/WHEELTEC_S300Pro_mini/install/wheeltec_robot_kcf:/home/dxf/WHEELTEC_S300Pro_mini/install/wheeltec_path_follow:/home/dxf/WHEELTEC_S300Pro_mini/install/wheeltec_nav2:/home/dxf/WHEELTEC_S300Pro_mini/install/wheeltec_mic_ros2:/home/dxf/WHEELTEC_S300Pro_mini/install/wheeltec_mic_msg:/home/dxf/WHEELTEC_S300Pro_mini/install/wheeltec_joy:/home/dxf/WHEELTEC_S300Pro_mini/install/wheeltec_cartographer:/home/dxf/WHEELTEC_S300Pro_mini/install/web_video_server:/home/dxf/WHEELTEC_S300Pro_mini/install/usb_cam:/home/dxf/WHEELTEC_S300Pro_mini/install/simple_follower_ros2:/home/dxf/WHEELTEC_S300Pro_mini/install/turn_on_wheeltec_robot:/home/dxf/WHEELTEC_S300Pro_mini/install/slam_gmapping:/home/dxf/WHEELTEC_S300Pro_mini/install/bodyreader:/home/dxf/WHEELTEC_S300Pro_mini/install/serial:/home/dxf/WHEELTEC_S300Pro_mini/install/robot_interfaces:/home/dxf/WHEELTEC_S300Pro_mini/install/rm_description:/home/dxf/WHEELTEC_S300Pro_mini/install/qt_ros_test:/home/dxf/WHEELTEC_S300Pro_mini/install/orb_slam2_ros:/home/dxf/WHEELTEC_S300Pro_mini/install/openslam_gmapping:/home/dxf/WHEELTEC_S300Pro_mini/install/ollama_ros_chat:/home/dxf/WHEELTEC_S300Pro_mini/install/ollama_ros_msgs:/home/dxf/WHEELTEC_S300Pro_mini/install/nav2_waypoint_cycle:/home/dxf/WHEELTEC_S300Pro_mini/install/lslidar_driver:/home/dxf/WHEELTEC_S300Pro_mini/install/lslidar_msgs:/home/dxf/WHEELTEC_S300Pro_mini/install/ldlidar_stl_ros2:/home/dxf/WHEELTEC_S300Pro_mini/install/ldlidar_sl_ros2:/home/dxf/WHEELTEC_S300Pro_mini/install/double_lidar_fusion:/home/dxf/WHEELTEC_S300Pro_mini/install/bodyreader_msg:/home/dxf/WHEELTEC_S300Pro_mini/install/auto_recharge_ros2:/home/dxf/WHEELTEC_S300Pro_mini/install/astra_camera:/home/dxf/WHEELTEC_S300Pro_mini/install/astra_camera_msgs:/home/dxf/WHEELTEC_S300Pro_mini/install/aruco_ros:/home/dxf/WHEELTEC_S300Pro_mini/install/aruco_msgs:/home/dxf/WHEELTEC_S300Pro_mini/install/aruco:/opt/ros/humble'), ('SHELL', '/bin/bash'), ('LC_NAME', 'zh_CN.UTF-8'), ('VSCODE_SERVER_SHUTDOWN_TIMEOUT', '300'), ('LESSCLOSE', '/usr/bin/lesspipe %s %s'), ('LC_MEASUREMENT', 'zh_CN.UTF-8'), ('OpenCV_DIR', '/usr/local/opencv410/lib/cmake/opencv4'), ('LC_IDENTIFICATION', 'zh_CN.UTF-8'), ('PWD', '/home/dxf/wheeltec_lebai_humble_2024_7_17/build/grab_demo'), ('SSH_CONNECTION', '192.168.0.66 55355 192.168.0.100 22'), ('XDG_DATA_DIRS', '/usr/share/gnome:/usr/local/share:/usr/share:/var/lib/snapd/desktop'), ('PYTHONPATH', '/home/dxf/WHEELTEC_S300Pro_mini/install/yesense_interface/local/lib/python3.10/dist-packages:/home/dxf/WHEELTEC_S300Pro_mini/install/wheeltec_rrt_msg/local/lib/python3.10/dist-packages:/home/dxf/WHEELTEC_S300Pro_mini/install/wheeltec_robot_keyboard/lib/python3.10/site-packages:/home/dxf/WHEELTEC_S300Pro_mini/install/wheeltec_mic_msg/local/lib/python3.10/dist-packages:/home/dxf/WHEELTEC_S300Pro_mini/install/simple_follower_ros2/lib/python3.10/site-packages:/home/dxf/WHEELTEC_S300Pro_mini/install/turn_on_wheeltec_robot/local/lib/python3.10/dist-packages:/home/dxf/WHEELTEC_S300Pro_mini/install/robot_interfaces/local/lib/python3.10/dist-packages:/home/dxf/WHEELTEC_S300Pro_mini/install/orb_slam2_ros/local/lib/python3.10/dist-packages:/home/dxf/WHEELTEC_S300Pro_mini/install/ollama_ros_chat/lib/python3.10/site-packages:/home/dxf/WHEELTEC_S300Pro_mini/install/ollama_ros_msgs/local/lib/python3.10/dist-packages:/home/dxf/WHEELTEC_S300Pro_mini/install/nav2_waypoint_cycle/lib/python3.10/site-packages:/home/dxf/WHEELTEC_S300Pro_mini/install/lslidar_msgs/local/lib/python3.10/dist-packages:/home/dxf/WHEELTEC_S300Pro_mini/install/bodyreader_msg/local/lib/python3.10/dist-packages:/home/dxf/WHEELTEC_S300Pro_mini/install/auto_recharge_ros2/lib/python3.10/site-packages:/home/dxf/WHEELTEC_S300Pro_mini/install/astra_camera_msgs/local/lib/python3.10/dist-packages:/home/dxf/WHEELTEC_S300Pro_mini/install/aruco_msgs/local/lib/python3.10/dist-packages:/opt/ros/humble/lib/python3.10/site-packages:/opt/ros/humble/local/lib/python3.10/dist-packages'), ('LC_NUMERIC', 'zh_CN.UTF-8'), ('LC_PAPER', 'zh_CN.UTF-8'), ('COLCON', '1'), ('CMAKE_PREFIX_PATH', '/usr/local/opencv410:/usr/local/opencv410:/home/dxf/WHEELTEC_S300Pro_mini/install/yesense_std_ros2:/home/dxf/WHEELTEC_S300Pro_mini/install/yesense_interface:/home/dxf/WHEELTEC_S300Pro_mini/install/wheeltec_ultrasonic:/home/dxf/WHEELTEC_S300Pro_mini/install/wheeltec_slam_toolbox:/home/dxf/WHEELTEC_S300Pro_mini/install/wheeltec_rviz2:/home/dxf/WHEELTEC_S300Pro_mini/install/wheeltec_rrt_msg:/home/dxf/WHEELTEC_S300Pro_mini/install/wheeltec_robot_rtab:/home/dxf/WHEELTEC_S300Pro_mini/install/wheeltec_robot_rrt:/home/dxf/WHEELTEC_S300Pro_mini/install/wheeltec_robot_kcf:/home/dxf/WHEELTEC_S300Pro_mini/install/wheeltec_path_follow:/home/dxf/WHEELTEC_S300Pro_mini/install/wheeltec_nav2:/home/dxf/WHEELTEC_S300Pro_mini/install/wheeltec_mic_ros2:/home/dxf/WHEELTEC_S300Pro_mini/install/wheeltec_mic_msg:/home/dxf/WHEELTEC_S300Pro_mini/install/wheeltec_joy:/home/dxf/WHEELTEC_S300Pro_mini/install/wheeltec_cartographer:/home/dxf/WHEELTEC_S300Pro_mini/install/web_video_server:/home/dxf/WHEELTEC_S300Pro_mini/install/usb_cam:/home/dxf/WHEELTEC_S300Pro_mini/install/turn_on_wheeltec_robot:/home/dxf/WHEELTEC_S300Pro_mini/install/slam_gmapping:/home/dxf/WHEELTEC_S300Pro_mini/install/bodyreader:/home/dxf/WHEELTEC_S300Pro_mini/install/serial:/home/dxf/WHEELTEC_S300Pro_mini/install/robot_interfaces:/home/dxf/WHEELTEC_S300Pro_mini/install/rm_description:/home/dxf/WHEELTEC_S300Pro_mini/install/qt_ros_test:/home/dxf/WHEELTEC_S300Pro_mini/install/orb_slam2_ros:/home/dxf/WHEELTEC_S300Pro_mini/install/openslam_gmapping:/home/dxf/WHEELTEC_S300Pro_mini/install/ollama_ros_msgs:/home/dxf/WHEELTEC_S300Pro_mini/install/lslidar_driver:/home/dxf/WHEELTEC_S300Pro_mini/install/lslidar_msgs:/home/dxf/WHEELTEC_S300Pro_mini/install/ldlidar_stl_ros2:/home/dxf/WHEELTEC_S300Pro_mini/install/ldlidar_sl_ros2:/home/dxf/WHEELTEC_S300Pro_mini/install/double_lidar_fusion:/home/dxf/WHEELTEC_S300Pro_mini/install/bodyreader_msg:/home/dxf/WHEELTEC_S300Pro_mini/install/astra_camera:/home/dxf/WHEELTEC_S300Pro_mini/install/astra_camera_msgs:/home/dxf/WHEELTEC_S300Pro_mini/install/aruco_ros:/home/dxf/WHEELTEC_S300Pro_mini/install/aruco_msgs:/home/dxf/WHEELTEC_S300Pro_mini/install/aruco:/home/dxf/WHEELTEC_S300Pro_mini/install/wheeltec_robot_keyboard:/home/dxf/WHEELTEC_S300Pro_mini/install/simple_follower_ros2:/home/dxf/WHEELTEC_S300Pro_mini/install/ollama_ros_chat:/home/dxf/WHEELTEC_S300Pro_mini/install/nav2_waypoint_cycle:/home/dxf/WHEELTEC_S300Pro_mini/install/auto_recharge_ros2:/opt/ros/humble')]), 'shell': False}
[0.099376] (-) TimerEvent: {}
[0.201346] (-) TimerEvent: {}
[0.301857] (-) TimerEvent: {}
[0.392087] (grab_demo) StdoutLine: {'line': b'[  2%] Built target grab_demo__cpp\n'}
[0.402027] (-) TimerEvent: {}
[0.441294] (grab_demo) StdoutLine: {'line': b'[  8%] Built target grab_demo__rosidl_generator_c\n'}
[0.452578] (grab_demo) StdoutLine: {'line': b'[  8%] Built target ament_cmake_python_copy_grab_demo\n'}
[0.494380] (grab_demo) StdoutLine: {'line': b'[ 12%] Built target charuco_dectet_node\n'}
[0.502239] (-) TimerEvent: {}
[0.522650] (grab_demo) StdoutLine: {'line': b'[ 17%] Built target hsv_range\n'}
[0.536709] (grab_demo) StdoutLine: {'line': b'[ 23%] Built target grab_demo__rosidl_typesupport_cpp\n'}
[0.567791] (grab_demo) StdoutLine: {'line': b'[ 27%] Built target aruco_dectet\n'}
[0.602463] (-) TimerEvent: {}
[0.616047] (grab_demo) StdoutLine: {'line': b'[ 31%] Built target hand_eye\n'}
[0.678640] (grab_demo) StdoutLine: {'line': b'[ 38%] Built target grab_demo__rosidl_typesupport_fastrtps_c\n'}
[0.695538] (grab_demo) StdoutLine: {'line': b'[ 42%] Built target camera_info_node\n'}
[0.702622] (-) TimerEvent: {}
[0.780889] (grab_demo) StdoutLine: {'line': b'[ 48%] Built target grab_demo__rosidl_typesupport_fastrtps_cpp\n'}
[0.788014] (grab_demo) StdoutLine: {'line': b'[ 55%] Built target grab_demo__rosidl_typesupport_c\n'}
[0.802989] (-) TimerEvent: {}
[0.868079] (grab_demo) StdoutLine: {'line': b'[ 61%] Built target grab_demo__rosidl_typesupport_introspection_c\n'}
[0.878474] (grab_demo) StdoutLine: {'line': b'[ 68%] Built target grab_demo__rosidl_typesupport_introspection_cpp\n'}
[0.903173] (-) TimerEvent: {}
[1.003594] (-) TimerEvent: {}
[1.029105] (grab_demo) StdoutLine: {'line': b'[ 72%] Built target nav_grab\n'}
[1.053968] (grab_demo) StdoutLine: {'line': b'[ 72%] Built target grab_demo\n'}
[1.065794] (grab_demo) StdoutLine: {'line': b'[ 76%] Built target start_grab\n'}
[1.089441] (grab_demo) StdoutLine: {'line': b'[ 80%] Built target grab_service_node\n'}
[1.103829] (-) TimerEvent: {}
[1.159943] (grab_demo) StdoutLine: {'line': b'[ 82%] Built target grab_demo__py\n'}
[1.203997] (-) TimerEvent: {}
[1.270630] (grab_demo) StdoutLine: {'line': b'[ 87%] Built target grab_demo__rosidl_generator_py\n'}
[1.304190] (-) TimerEvent: {}
[1.340695] (grab_demo) StdoutLine: {'line': b'[ 91%] Built target grab_demo__rosidl_typesupport_fastrtps_c__pyext\n'}
[1.353880] (grab_demo) StdoutLine: {'line': b'[ 95%] Built target grab_demo__rosidl_typesupport_introspection_c__pyext\n'}
[1.385345] (grab_demo) StdoutLine: {'line': b'[100%] Built target grab_demo__rosidl_typesupport_c__pyext\n'}
[1.404392] (-) TimerEvent: {}
[1.505256] (-) TimerEvent: {}
[1.606142] (-) TimerEvent: {}
[1.704980] (grab_demo) StdoutLine: {'line': b'running egg_info\n'}
[1.706224] (-) TimerEvent: {}
[1.709642] (grab_demo) StdoutLine: {'line': b'writing grab_demo.egg-info/PKG-INFO\n'}
[1.710660] (grab_demo) StdoutLine: {'line': b'writing dependency_links to grab_demo.egg-info/dependency_links.txt\n'}
[1.711115] (grab_demo) StdoutLine: {'line': b'writing top-level names to grab_demo.egg-info/top_level.txt\n'}
[1.721244] (grab_demo) StdoutLine: {'line': b"reading manifest file 'grab_demo.egg-info/SOURCES.txt'\n"}
[1.725263] (grab_demo) StdoutLine: {'line': b"writing manifest file 'grab_demo.egg-info/SOURCES.txt'\n"}
[1.806462] (-) TimerEvent: {}
[1.859532] (grab_demo) StdoutLine: {'line': b'[100%] Built target ament_cmake_python_build_grab_demo_egg\n'}
[1.906847] (grab_demo) CommandEnded: {'returncode': 0}
[1.908325] (-) TimerEvent: {}
[1.910282] (grab_demo) JobProgress: {'identifier': 'grab_demo', 'progress': 'install'}
[1.939734] (grab_demo) Command: {'cmd': ['/usr/bin/cmake', '--install', '/home/dxf/wheeltec_lebai_humble_2024_7_17/build/grab_demo'], 'cwd': '/home/dxf/wheeltec_lebai_humble_2024_7_17/build/grab_demo', 'env': OrderedDict([('LESSOPEN', '| /usr/bin/lesspipe %s'), ('VSCODE_CWD', '/home/dxf'), ('VSCODE_ESM_ENTRYPOINT', 'vs/workbench/api/node/extensionHostProcess'), ('LANGUAGE', 'zh_CN:en_US:en'), ('USER', 'dxf'), ('SSH_CLIENT', '192.168.0.66 55355 22'), ('LC_TIME', 'zh_CN.UTF-8'), ('VSCODE_NLS_CONFIG', '{"userLocale":"zh-cn","osLocale":"zh-cn","resolvedLanguage":"en","defaultMessagesFile":"/home/dxf/.cursor-server/bin/5c17eb2968a37f66bc6662f48d6356a100b67be0/out/nls.messages.json","locale":"zh-cn","availableLanguages":{}}'), ('VSCODE_HANDLES_UNCAUGHT_ERRORS', 'true'), ('XDG_SESSION_TYPE', 'tty'), ('SHLVL', '1'), ('LD_LIBRARY_PATH', '/usr/local/opencv410/lib:/usr/local/lib:/usr/local/cuda-12.6/lib64:/usr/local/opencv410/lib:/usr/local/lib:/home/dxf/WHEELTEC_S300Pro_mini/install/yesense_interface/lib:/home/dxf/WHEELTEC_S300Pro_mini/install/wheeltec_rrt_msg/lib:/home/dxf/WHEELTEC_S300Pro_mini/install/wheeltec_robot_rrt/lib:/home/dxf/WHEELTEC_S300Pro_mini/install/wheeltec_mic_msg/lib:/home/dxf/WHEELTEC_S300Pro_mini/install/usb_cam/lib:/home/dxf/WHEELTEC_S300Pro_mini/install/turn_on_wheeltec_robot/lib:/home/dxf/WHEELTEC_S300Pro_mini/install/serial/lib:/home/dxf/WHEELTEC_S300Pro_mini/install/robot_interfaces/lib:/home/dxf/WHEELTEC_S300Pro_mini/install/orb_slam2_ros/lib:/home/dxf/WHEELTEC_S300Pro_mini/install/openslam_gmapping/lib:/home/dxf/WHEELTEC_S300Pro_mini/install/ollama_ros_msgs/lib:/home/dxf/WHEELTEC_S300Pro_mini/install/lslidar_msgs/lib:/home/dxf/WHEELTEC_S300Pro_mini/install/bodyreader_msg/lib:/home/dxf/WHEELTEC_S300Pro_mini/install/astra_camera/lib:/home/dxf/WHEELTEC_S300Pro_mini/install/astra_camera_msgs/lib:/home/dxf/WHEELTEC_S300Pro_mini/install/aruco_ros/lib:/home/dxf/WHEELTEC_S300Pro_mini/install/aruco_msgs/lib:/home/dxf/WHEELTEC_S300Pro_mini/install/aruco/lib:/opt/ros/humble/opt/rviz_ogre_vendor/lib:/opt/ros/humble/lib/aarch64-linux-gnu:/opt/ros/humble/lib:/usr/local/cuda-12.6/lib64:'), ('BROWSER', '/home/dxf/.cursor-server/bin/5c17eb2968a37f66bc6662f48d6356a100b67be0/bin/helpers/browser.sh'), ('MOTD_SHOWN', 'pam'), ('HOME', '/home/dxf'), ('OLDPWD', '/home/dxf/wheeltec_lebai_humble_2024_7_17/src'), ('VSCODE_IPC_HOOK_CLI', '/run/user/1000/vscode-ipc-57a57e68-512b-48cb-9d7d-e185a4956646.sock'), ('ROS_PYTHON_VERSION', '3'), ('LC_MONETARY', 'zh_CN.UTF-8'), ('NO_COLOR', '1'), ('DBUS_SESSION_BUS_ADDRESS', 'unix:path=/run/user/1000/bus'), ('COLCON_PREFIX_PATH', '/home/dxf/WHEELTEC_S300Pro_mini/install'), ('ROS_DISTRO', 'humble'), ('LOGNAME', 'dxf'), ('FORCE_COLOR', '0'), ('VSCODE_HANDLES_SIGPIPE', 'true'), ('_', '/usr/bin/colcon'), ('ROS_VERSION', '2'), ('PKG_CONFIG_PATH', '/usr/local/opencv410/lib/pkgconfig:/usr/local/opencv410/lib/pkgconfig:'), ('XDG_SESSION_CLASS', 'user'), ('TERM', 'dumb'), ('XDG_SESSION_ID', '2'), ('ROS_LOCALHOST_ONLY', '0'), ('COMPOSER_NO_INTERACTION', '1'), ('PATH', '/usr/local/cuda-12.6/bin:/home/dxf/.cursor-server/bin/5c17eb2968a37f66bc6662f48d6356a100b67be0/bin/remote-cli:/opt/ros/humble/bin:/usr/local/cuda-12.6/bin:/home/dxf/.cursor-server/bin/5c17eb2968a37f66bc6662f48d6356a100b67be0/bin/remote-cli:/usr/local/sbin:/usr/local/bin:/usr/sbin:/usr/bin:/sbin:/bin:/usr/games:/usr/local/games:/snap/bin'), ('VSCODE_AGENT_FOLDER', '/home/dxf/.cursor-server'), ('PAPERSIZE', 'a4'), ('LC_ADDRESS', 'zh_CN.UTF-8'), ('XDG_RUNTIME_DIR', '/run/user/1000'), ('CURSOR_AGENT', '1'), ('DISPLAY', 'localhost:10.0'), ('LANG', 'zh_CN.UTF-8'), ('LC_TELEPHONE', 'zh_CN.UTF-8'), ('LS_COLORS', ''), ('AMENT_PREFIX_PATH', '/home/dxf/WHEELTEC_S300Pro_mini/install/yesense_std_ros2:/home/dxf/WHEELTEC_S300Pro_mini/install/yesense_interface:/home/dxf/WHEELTEC_S300Pro_mini/install/wheeltec_ultrasonic:/home/dxf/WHEELTEC_S300Pro_mini/install/wheeltec_slam_toolbox:/home/dxf/WHEELTEC_S300Pro_mini/install/wheeltec_rviz2:/home/dxf/WHEELTEC_S300Pro_mini/install/wheeltec_rrt_msg:/home/dxf/WHEELTEC_S300Pro_mini/install/wheeltec_robot_rtab:/home/dxf/WHEELTEC_S300Pro_mini/install/wheeltec_robot_rrt:/home/dxf/WHEELTEC_S300Pro_mini/install/wheeltec_robot_keyboard:/home/dxf/WHEELTEC_S300Pro_mini/install/wheeltec_robot_kcf:/home/dxf/WHEELTEC_S300Pro_mini/install/wheeltec_path_follow:/home/dxf/WHEELTEC_S300Pro_mini/install/wheeltec_nav2:/home/dxf/WHEELTEC_S300Pro_mini/install/wheeltec_mic_ros2:/home/dxf/WHEELTEC_S300Pro_mini/install/wheeltec_mic_msg:/home/dxf/WHEELTEC_S300Pro_mini/install/wheeltec_joy:/home/dxf/WHEELTEC_S300Pro_mini/install/wheeltec_cartographer:/home/dxf/WHEELTEC_S300Pro_mini/install/web_video_server:/home/dxf/WHEELTEC_S300Pro_mini/install/usb_cam:/home/dxf/WHEELTEC_S300Pro_mini/install/simple_follower_ros2:/home/dxf/WHEELTEC_S300Pro_mini/install/turn_on_wheeltec_robot:/home/dxf/WHEELTEC_S300Pro_mini/install/slam_gmapping:/home/dxf/WHEELTEC_S300Pro_mini/install/bodyreader:/home/dxf/WHEELTEC_S300Pro_mini/install/serial:/home/dxf/WHEELTEC_S300Pro_mini/install/robot_interfaces:/home/dxf/WHEELTEC_S300Pro_mini/install/rm_description:/home/dxf/WHEELTEC_S300Pro_mini/install/qt_ros_test:/home/dxf/WHEELTEC_S300Pro_mini/install/orb_slam2_ros:/home/dxf/WHEELTEC_S300Pro_mini/install/openslam_gmapping:/home/dxf/WHEELTEC_S300Pro_mini/install/ollama_ros_chat:/home/dxf/WHEELTEC_S300Pro_mini/install/ollama_ros_msgs:/home/dxf/WHEELTEC_S300Pro_mini/install/nav2_waypoint_cycle:/home/dxf/WHEELTEC_S300Pro_mini/install/lslidar_driver:/home/dxf/WHEELTEC_S300Pro_mini/install/lslidar_msgs:/home/dxf/WHEELTEC_S300Pro_mini/install/ldlidar_stl_ros2:/home/dxf/WHEELTEC_S300Pro_mini/install/ldlidar_sl_ros2:/home/dxf/WHEELTEC_S300Pro_mini/install/double_lidar_fusion:/home/dxf/WHEELTEC_S300Pro_mini/install/bodyreader_msg:/home/dxf/WHEELTEC_S300Pro_mini/install/auto_recharge_ros2:/home/dxf/WHEELTEC_S300Pro_mini/install/astra_camera:/home/dxf/WHEELTEC_S300Pro_mini/install/astra_camera_msgs:/home/dxf/WHEELTEC_S300Pro_mini/install/aruco_ros:/home/dxf/WHEELTEC_S300Pro_mini/install/aruco_msgs:/home/dxf/WHEELTEC_S300Pro_mini/install/aruco:/opt/ros/humble'), ('SHELL', '/bin/bash'), ('LC_NAME', 'zh_CN.UTF-8'), ('VSCODE_SERVER_SHUTDOWN_TIMEOUT', '300'), ('LESSCLOSE', '/usr/bin/lesspipe %s %s'), ('LC_MEASUREMENT', 'zh_CN.UTF-8'), ('OpenCV_DIR', '/usr/local/opencv410/lib/cmake/opencv4'), ('LC_IDENTIFICATION', 'zh_CN.UTF-8'), ('PWD', '/home/dxf/wheeltec_lebai_humble_2024_7_17/build/grab_demo'), ('SSH_CONNECTION', '192.168.0.66 55355 192.168.0.100 22'), ('XDG_DATA_DIRS', '/usr/share/gnome:/usr/local/share:/usr/share:/var/lib/snapd/desktop'), ('PYTHONPATH', '/home/dxf/WHEELTEC_S300Pro_mini/install/yesense_interface/local/lib/python3.10/dist-packages:/home/dxf/WHEELTEC_S300Pro_mini/install/wheeltec_rrt_msg/local/lib/python3.10/dist-packages:/home/dxf/WHEELTEC_S300Pro_mini/install/wheeltec_robot_keyboard/lib/python3.10/site-packages:/home/dxf/WHEELTEC_S300Pro_mini/install/wheeltec_mic_msg/local/lib/python3.10/dist-packages:/home/dxf/WHEELTEC_S300Pro_mini/install/simple_follower_ros2/lib/python3.10/site-packages:/home/dxf/WHEELTEC_S300Pro_mini/install/turn_on_wheeltec_robot/local/lib/python3.10/dist-packages:/home/dxf/WHEELTEC_S300Pro_mini/install/robot_interfaces/local/lib/python3.10/dist-packages:/home/dxf/WHEELTEC_S300Pro_mini/install/orb_slam2_ros/local/lib/python3.10/dist-packages:/home/dxf/WHEELTEC_S300Pro_mini/install/ollama_ros_chat/lib/python3.10/site-packages:/home/dxf/WHEELTEC_S300Pro_mini/install/ollama_ros_msgs/local/lib/python3.10/dist-packages:/home/dxf/WHEELTEC_S300Pro_mini/install/nav2_waypoint_cycle/lib/python3.10/site-packages:/home/dxf/WHEELTEC_S300Pro_mini/install/lslidar_msgs/local/lib/python3.10/dist-packages:/home/dxf/WHEELTEC_S300Pro_mini/install/bodyreader_msg/local/lib/python3.10/dist-packages:/home/dxf/WHEELTEC_S300Pro_mini/install/auto_recharge_ros2/lib/python3.10/site-packages:/home/dxf/WHEELTEC_S300Pro_mini/install/astra_camera_msgs/local/lib/python3.10/dist-packages:/home/dxf/WHEELTEC_S300Pro_mini/install/aruco_msgs/local/lib/python3.10/dist-packages:/opt/ros/humble/lib/python3.10/site-packages:/opt/ros/humble/local/lib/python3.10/dist-packages'), ('LC_NUMERIC', 'zh_CN.UTF-8'), ('LC_PAPER', 'zh_CN.UTF-8'), ('COLCON', '1'), ('CMAKE_PREFIX_PATH', '/usr/local/opencv410:/usr/local/opencv410:/home/dxf/WHEELTEC_S300Pro_mini/install/yesense_std_ros2:/home/dxf/WHEELTEC_S300Pro_mini/install/yesense_interface:/home/dxf/WHEELTEC_S300Pro_mini/install/wheeltec_ultrasonic:/home/dxf/WHEELTEC_S300Pro_mini/install/wheeltec_slam_toolbox:/home/dxf/WHEELTEC_S300Pro_mini/install/wheeltec_rviz2:/home/dxf/WHEELTEC_S300Pro_mini/install/wheeltec_rrt_msg:/home/dxf/WHEELTEC_S300Pro_mini/install/wheeltec_robot_rtab:/home/dxf/WHEELTEC_S300Pro_mini/install/wheeltec_robot_rrt:/home/dxf/WHEELTEC_S300Pro_mini/install/wheeltec_robot_kcf:/home/dxf/WHEELTEC_S300Pro_mini/install/wheeltec_path_follow:/home/dxf/WHEELTEC_S300Pro_mini/install/wheeltec_nav2:/home/dxf/WHEELTEC_S300Pro_mini/install/wheeltec_mic_ros2:/home/dxf/WHEELTEC_S300Pro_mini/install/wheeltec_mic_msg:/home/dxf/WHEELTEC_S300Pro_mini/install/wheeltec_joy:/home/dxf/WHEELTEC_S300Pro_mini/install/wheeltec_cartographer:/home/dxf/WHEELTEC_S300Pro_mini/install/web_video_server:/home/dxf/WHEELTEC_S300Pro_mini/install/usb_cam:/home/dxf/WHEELTEC_S300Pro_mini/install/turn_on_wheeltec_robot:/home/dxf/WHEELTEC_S300Pro_mini/install/slam_gmapping:/home/dxf/WHEELTEC_S300Pro_mini/install/bodyreader:/home/dxf/WHEELTEC_S300Pro_mini/install/serial:/home/dxf/WHEELTEC_S300Pro_mini/install/robot_interfaces:/home/dxf/WHEELTEC_S300Pro_mini/install/rm_description:/home/dxf/WHEELTEC_S300Pro_mini/install/qt_ros_test:/home/dxf/WHEELTEC_S300Pro_mini/install/orb_slam2_ros:/home/dxf/WHEELTEC_S300Pro_mini/install/openslam_gmapping:/home/dxf/WHEELTEC_S300Pro_mini/install/ollama_ros_msgs:/home/dxf/WHEELTEC_S300Pro_mini/install/lslidar_driver:/home/dxf/WHEELTEC_S300Pro_mini/install/lslidar_msgs:/home/dxf/WHEELTEC_S300Pro_mini/install/ldlidar_stl_ros2:/home/dxf/WHEELTEC_S300Pro_mini/install/ldlidar_sl_ros2:/home/dxf/WHEELTEC_S300Pro_mini/install/double_lidar_fusion:/home/dxf/WHEELTEC_S300Pro_mini/install/bodyreader_msg:/home/dxf/WHEELTEC_S300Pro_mini/install/astra_camera:/home/dxf/WHEELTEC_S300Pro_mini/install/astra_camera_msgs:/home/dxf/WHEELTEC_S300Pro_mini/install/aruco_ros:/home/dxf/WHEELTEC_S300Pro_mini/install/aruco_msgs:/home/dxf/WHEELTEC_S300Pro_mini/install/aruco:/home/dxf/WHEELTEC_S300Pro_mini/install/wheeltec_robot_keyboard:/home/dxf/WHEELTEC_S300Pro_mini/install/simple_follower_ros2:/home/dxf/WHEELTEC_S300Pro_mini/install/ollama_ros_chat:/home/dxf/WHEELTEC_S300Pro_mini/install/nav2_waypoint_cycle:/home/dxf/WHEELTEC_S300Pro_mini/install/auto_recharge_ros2:/opt/ros/humble')]), 'shell': False}
[1.967267] (grab_demo) StdoutLine: {'line': b'-- Install configuration: "Release"\n'}
[1.969384] (grab_demo) StdoutLine: {'line': b'-- Up-to-date: /home/dxf/wheeltec_lebai_humble_2024_7_17/install/grab_demo/share/ament_index/resource_index/rosidl_interfaces/grab_demo\n'}
[1.970940] (grab_demo) StdoutLine: {'line': b'-- Up-to-date: /home/dxf/wheeltec_lebai_humble_2024_7_17/install/grab_demo/include/grab_demo/grab_demo\n'}
[1.972270] (grab_demo) StdoutLine: {'line': b'-- Up-to-date: /home/dxf/wheeltec_lebai_humble_2024_7_17/install/grab_demo/include/grab_demo/grab_demo/msg\n'}
[1.973574] (grab_demo) StdoutLine: {'line': b'-- Up-to-date: /home/dxf/wheeltec_lebai_humble_2024_7_17/install/grab_demo/include/grab_demo/grab_demo/msg/rosidl_generator_c__visibility_control.h\n'}
[1.974673] (grab_demo) StdoutLine: {'line': b'-- Up-to-date: /home/dxf/wheeltec_lebai_humble_2024_7_17/install/grab_demo/include/grab_demo/grab_demo/srv\n'}
[1.976150] (grab_demo) StdoutLine: {'line': b'-- Up-to-date: /home/dxf/wheeltec_lebai_humble_2024_7_17/install/grab_demo/include/grab_demo/grab_demo/srv/grab_object.h\n'}
[1.977829] (grab_demo) StdoutLine: {'line': b'-- Up-to-date: /home/dxf/wheeltec_lebai_humble_2024_7_17/install/grab_demo/include/grab_demo/grab_demo/srv/detail\n'}
[1.978424] (grab_demo) StdoutLine: {'line': b'-- Up-to-date: /home/dxf/wheeltec_lebai_humble_2024_7_17/install/grab_demo/include/grab_demo/grab_demo/srv/detail/grab_object__struct.h\n'}
[1.978919] (grab_demo) StdoutLine: {'line': b'-- Up-to-date: /home/dxf/wheeltec_lebai_humble_2024_7_17/install/grab_demo/include/grab_demo/grab_demo/srv/detail/grab_object__type_support.h\n'}
[1.979420] (grab_demo) StdoutLine: {'line': b'-- Up-to-date: /home/dxf/wheeltec_lebai_humble_2024_7_17/install/grab_demo/include/grab_demo/grab_demo/srv/detail/grab_object__functions.c\n'}
[1.979914] (grab_demo) StdoutLine: {'line': b'-- Up-to-date: /home/dxf/wheeltec_lebai_humble_2024_7_17/install/grab_demo/include/grab_demo/grab_demo/srv/detail/grab_object__functions.h\n'}
[1.980602] (grab_demo) StdoutLine: {'line': b'-- Up-to-date: /home/dxf/wheeltec_lebai_humble_2024_7_17/install/grab_demo/share/grab_demo/environment/library_path.sh\n'}
[1.981256] (grab_demo) StdoutLine: {'line': b'-- Up-to-date: /home/dxf/wheeltec_lebai_humble_2024_7_17/install/grab_demo/share/grab_demo/environment/library_path.dsv\n'}
[1.982308] (grab_demo) StdoutLine: {'line': b'-- Up-to-date: /home/dxf/wheeltec_lebai_humble_2024_7_17/install/grab_demo/lib/libgrab_demo__rosidl_generator_c.so\n'}
[1.983272] (grab_demo) StdoutLine: {'line': b'-- Up-to-date: /home/dxf/wheeltec_lebai_humble_2024_7_17/install/grab_demo/include/grab_demo/grab_demo\n'}
[1.983937] (grab_demo) StdoutLine: {'line': b'-- Up-to-date: /home/dxf/wheeltec_lebai_humble_2024_7_17/install/grab_demo/include/grab_demo/grab_demo/msg\n'}
[1.984564] (grab_demo) StdoutLine: {'line': b'-- Up-to-date: /home/dxf/wheeltec_lebai_humble_2024_7_17/install/grab_demo/include/grab_demo/grab_demo/msg/rosidl_typesupport_fastrtps_c__visibility_control.h\n'}
[1.985099] (grab_demo) StdoutLine: {'line': b'-- Up-to-date: /home/dxf/wheeltec_lebai_humble_2024_7_17/install/grab_demo/include/grab_demo/grab_demo/srv\n'}
[1.985647] (grab_demo) StdoutLine: {'line': b'-- Up-to-date: /home/dxf/wheeltec_lebai_humble_2024_7_17/install/grab_demo/include/grab_demo/grab_demo/srv/detail\n'}
[1.986217] (grab_demo) StdoutLine: {'line': b'-- Up-to-date: /home/dxf/wheeltec_lebai_humble_2024_7_17/install/grab_demo/include/grab_demo/grab_demo/srv/detail/grab_object__rosidl_typesupport_fastrtps_c.h\n'}
[1.987079] (grab_demo) StdoutLine: {'line': b'-- Up-to-date: /home/dxf/wheeltec_lebai_humble_2024_7_17/install/grab_demo/lib/libgrab_demo__rosidl_typesupport_fastrtps_c.so\n'}
[1.987957] (grab_demo) StdoutLine: {'line': b'-- Up-to-date: /home/dxf/wheeltec_lebai_humble_2024_7_17/install/grab_demo/include/grab_demo/grab_demo\n'}
[1.988557] (grab_demo) StdoutLine: {'line': b'-- Up-to-date: /home/dxf/wheeltec_lebai_humble_2024_7_17/install/grab_demo/include/grab_demo/grab_demo/msg\n'}
[1.989139] (grab_demo) StdoutLine: {'line': b'-- Up-to-date: /home/dxf/wheeltec_lebai_humble_2024_7_17/install/grab_demo/include/grab_demo/grab_demo/msg/rosidl_generator_cpp__visibility_control.hpp\n'}
[1.989632] (grab_demo) StdoutLine: {'line': b'-- Up-to-date: /home/dxf/wheeltec_lebai_humble_2024_7_17/install/grab_demo/include/grab_demo/grab_demo/srv\n'}
[1.990184] (grab_demo) StdoutLine: {'line': b'-- Up-to-date: /home/dxf/wheeltec_lebai_humble_2024_7_17/install/grab_demo/include/grab_demo/grab_demo/srv/detail\n'}
[1.990757] (grab_demo) StdoutLine: {'line': b'-- Up-to-date: /home/dxf/wheeltec_lebai_humble_2024_7_17/install/grab_demo/include/grab_demo/grab_demo/srv/detail/grab_object__traits.hpp\n'}
[1.991287] (grab_demo) StdoutLine: {'line': b'-- Up-to-date: /home/dxf/wheeltec_lebai_humble_2024_7_17/install/grab_demo/include/grab_demo/grab_demo/srv/detail/grab_object__type_support.hpp\n'}
[1.991798] (grab_demo) StdoutLine: {'line': b'-- Up-to-date: /home/dxf/wheeltec_lebai_humble_2024_7_17/install/grab_demo/include/grab_demo/grab_demo/srv/detail/grab_object__builder.hpp\n'}
[1.992841] (grab_demo) StdoutLine: {'line': b'-- Up-to-date: /home/dxf/wheeltec_lebai_humble_2024_7_17/install/grab_demo/include/grab_demo/grab_demo/srv/detail/grab_object__struct.hpp\n'}
[1.994253] (grab_demo) StdoutLine: {'line': b'-- Up-to-date: /home/dxf/wheeltec_lebai_humble_2024_7_17/install/grab_demo/include/grab_demo/grab_demo/srv/grab_object.hpp\n'}
[1.994876] (grab_demo) StdoutLine: {'line': b'-- Up-to-date: /home/dxf/wheeltec_lebai_humble_2024_7_17/install/grab_demo/include/grab_demo/grab_demo\n'}
[1.995387] (grab_demo) StdoutLine: {'line': b'-- Up-to-date: /home/dxf/wheeltec_lebai_humble_2024_7_17/install/grab_demo/include/grab_demo/grab_demo/msg\n'}
[1.995888] (grab_demo) StdoutLine: {'line': b'-- Up-to-date: /home/dxf/wheeltec_lebai_humble_2024_7_17/install/grab_demo/include/grab_demo/grab_demo/msg/rosidl_typesupport_fastrtps_cpp__visibility_control.h\n'}
[1.996343] (grab_demo) StdoutLine: {'line': b'-- Up-to-date: /home/dxf/wheeltec_lebai_humble_2024_7_17/install/grab_demo/include/grab_demo/grab_demo/srv\n'}
[1.996841] (grab_demo) StdoutLine: {'line': b'-- Up-to-date: /home/dxf/wheeltec_lebai_humble_2024_7_17/install/grab_demo/include/grab_demo/grab_demo/srv/detail\n'}
[1.997500] (grab_demo) StdoutLine: {'line': b'-- Up-to-date: /home/dxf/wheeltec_lebai_humble_2024_7_17/install/grab_demo/include/grab_demo/grab_demo/srv/detail/dds_fastrtps\n'}
[1.998400] (grab_demo) StdoutLine: {'line': b'-- Up-to-date: /home/dxf/wheeltec_lebai_humble_2024_7_17/install/grab_demo/include/grab_demo/grab_demo/srv/detail/grab_object__rosidl_typesupport_fastrtps_cpp.hpp\n'}
[1.999370] (grab_demo) StdoutLine: {'line': b'-- Up-to-date: /home/dxf/wheeltec_lebai_humble_2024_7_17/install/grab_demo/lib/libgrab_demo__rosidl_typesupport_fastrtps_cpp.so\n'}
[2.000274] (grab_demo) StdoutLine: {'line': b'-- Up-to-date: /home/dxf/wheeltec_lebai_humble_2024_7_17/install/grab_demo/include/grab_demo/grab_demo\n'}
[2.000800] (grab_demo) StdoutLine: {'line': b'-- Up-to-date: /home/dxf/wheeltec_lebai_humble_2024_7_17/install/grab_demo/include/grab_demo/grab_demo/msg\n'}
[2.001348] (grab_demo) StdoutLine: {'line': b'-- Up-to-date: /home/dxf/wheeltec_lebai_humble_2024_7_17/install/grab_demo/include/grab_demo/grab_demo/msg/rosidl_typesupport_introspection_c__visibility_control.h\n'}
[2.001805] (grab_demo) StdoutLine: {'line': b'-- Up-to-date: /home/dxf/wheeltec_lebai_humble_2024_7_17/install/grab_demo/include/grab_demo/grab_demo/srv\n'}
[2.002543] (grab_demo) StdoutLine: {'line': b'-- Up-to-date: /home/dxf/wheeltec_lebai_humble_2024_7_17/install/grab_demo/include/grab_demo/grab_demo/srv/detail\n'}
[2.003090] (grab_demo) StdoutLine: {'line': b'-- Up-to-date: /home/dxf/wheeltec_lebai_humble_2024_7_17/install/grab_demo/include/grab_demo/grab_demo/srv/detail/grab_object__type_support.c\n'}
[2.003581] (grab_demo) StdoutLine: {'line': b'-- Up-to-date: /home/dxf/wheeltec_lebai_humble_2024_7_17/install/grab_demo/include/grab_demo/grab_demo/srv/detail/grab_object__rosidl_typesupport_introspection_c.h\n'}
[2.004398] (grab_demo) StdoutLine: {'line': b'-- Up-to-date: /home/dxf/wheeltec_lebai_humble_2024_7_17/install/grab_demo/lib/libgrab_demo__rosidl_typesupport_introspection_c.so\n'}
[2.005510] (grab_demo) StdoutLine: {'line': b'-- Up-to-date: /home/dxf/wheeltec_lebai_humble_2024_7_17/install/grab_demo/lib/libgrab_demo__rosidl_typesupport_c.so\n'}
[2.006300] (grab_demo) StdoutLine: {'line': b'-- Up-to-date: /home/dxf/wheeltec_lebai_humble_2024_7_17/install/grab_demo/include/grab_demo/grab_demo\n'}
[2.006786] (grab_demo) StdoutLine: {'line': b'-- Up-to-date: /home/dxf/wheeltec_lebai_humble_2024_7_17/install/grab_demo/include/grab_demo/grab_demo/srv\n'}
[2.007264] (grab_demo) StdoutLine: {'line': b'-- Up-to-date: /home/dxf/wheeltec_lebai_humble_2024_7_17/install/grab_demo/include/grab_demo/grab_demo/srv/detail\n'}
[2.007771] (grab_demo) StdoutLine: {'line': b'-- Up-to-date: /home/dxf/wheeltec_lebai_humble_2024_7_17/install/grab_demo/include/grab_demo/grab_demo/srv/detail/grab_object__rosidl_typesupport_introspection_cpp.hpp\n'}
[2.008222] (grab_demo) StdoutLine: {'line': b'-- Up-to-date: /home/dxf/wheeltec_lebai_humble_2024_7_17/install/grab_demo/include/grab_demo/grab_demo/srv/detail/grab_object__type_support.cpp\n'}
[2.008409] (-) TimerEvent: {}
[2.008988] (grab_demo) StdoutLine: {'line': b'-- Up-to-date: /home/dxf/wheeltec_lebai_humble_2024_7_17/install/grab_demo/lib/libgrab_demo__rosidl_typesupport_introspection_cpp.so\n'}
[2.010010] (grab_demo) StdoutLine: {'line': b'-- Up-to-date: /home/dxf/wheeltec_lebai_humble_2024_7_17/install/grab_demo/lib/libgrab_demo__rosidl_typesupport_cpp.so\n'}
[2.010753] (grab_demo) StdoutLine: {'line': b'-- Up-to-date: /home/dxf/wheeltec_lebai_humble_2024_7_17/install/grab_demo/share/grab_demo/environment/pythonpath.sh\n'}
[2.011264] (grab_demo) StdoutLine: {'line': b'-- Up-to-date: /home/dxf/wheeltec_lebai_humble_2024_7_17/install/grab_demo/share/grab_demo/environment/pythonpath.dsv\n'}
[2.011769] (grab_demo) StdoutLine: {'line': b'-- Up-to-date: /home/dxf/wheeltec_lebai_humble_2024_7_17/install/grab_demo/local/lib/python3.10/dist-packages/grab_demo-0.0.0-py3.10.egg-info\n'}
[2.012295] (grab_demo) StdoutLine: {'line': b'-- Installing: /home/dxf/wheeltec_lebai_humble_2024_7_17/install/grab_demo/local/lib/python3.10/dist-packages/grab_demo-0.0.0-py3.10.egg-info/dependency_links.txt\n'}
[2.013173] (grab_demo) StdoutLine: {'line': b'-- Installing: /home/dxf/wheeltec_lebai_humble_2024_7_17/install/grab_demo/local/lib/python3.10/dist-packages/grab_demo-0.0.0-py3.10.egg-info/PKG-INFO\n'}
[2.013933] (grab_demo) StdoutLine: {'line': b'-- Installing: /home/dxf/wheeltec_lebai_humble_2024_7_17/install/grab_demo/local/lib/python3.10/dist-packages/grab_demo-0.0.0-py3.10.egg-info/top_level.txt\n'}
[2.014648] (grab_demo) StdoutLine: {'line': b'-- Installing: /home/dxf/wheeltec_lebai_humble_2024_7_17/install/grab_demo/local/lib/python3.10/dist-packages/grab_demo-0.0.0-py3.10.egg-info/SOURCES.txt\n'}
[2.015429] (grab_demo) StdoutLine: {'line': b'-- Up-to-date: /home/dxf/wheeltec_lebai_humble_2024_7_17/install/grab_demo/local/lib/python3.10/dist-packages/grab_demo\n'}
[2.015942] (grab_demo) StdoutLine: {'line': b'-- Up-to-date: /home/dxf/wheeltec_lebai_humble_2024_7_17/install/grab_demo/local/lib/python3.10/dist-packages/grab_demo/libgrab_demo__rosidl_generator_py.so\n'}
[2.016378] (grab_demo) StdoutLine: {'line': b'-- Up-to-date: /home/dxf/wheeltec_lebai_humble_2024_7_17/install/grab_demo/local/lib/python3.10/dist-packages/grab_demo/_grab_demo_s.ep.rosidl_typesupport_c.c\n'}
[2.017129] (grab_demo) StdoutLine: {'line': b'-- Up-to-date: /home/dxf/wheeltec_lebai_humble_2024_7_17/install/grab_demo/local/lib/python3.10/dist-packages/grab_demo/__init__.py\n'}
[2.017599] (grab_demo) StdoutLine: {'line': b'-- Up-to-date: /home/dxf/wheeltec_lebai_humble_2024_7_17/install/grab_demo/local/lib/python3.10/dist-packages/grab_demo/_grab_demo_s.ep.rosidl_typesupport_introspection_c.c\n'}
[2.018042] (grab_demo) StdoutLine: {'line': b'-- Up-to-date: /home/dxf/wheeltec_lebai_humble_2024_7_17/install/grab_demo/local/lib/python3.10/dist-packages/grab_demo/_grab_demo_s.ep.rosidl_typesupport_fastrtps_c.c\n'}
[2.018463] (grab_demo) StdoutLine: {'line': b'-- Up-to-date: /home/dxf/wheeltec_lebai_humble_2024_7_17/install/grab_demo/local/lib/python3.10/dist-packages/grab_demo/grab_demo_s__rosidl_typesupport_introspection_c.cpython-310-aarch64-linux-gnu.so\n'}
[2.018888] (grab_demo) StdoutLine: {'line': b'-- Up-to-date: /home/dxf/wheeltec_lebai_humble_2024_7_17/install/grab_demo/local/lib/python3.10/dist-packages/grab_demo/grab_demo_s__rosidl_typesupport_c.cpython-310-aarch64-linux-gnu.so\n'}
[2.019312] (grab_demo) StdoutLine: {'line': b'-- Up-to-date: /home/dxf/wheeltec_lebai_humble_2024_7_17/install/grab_demo/local/lib/python3.10/dist-packages/grab_demo/srv\n'}
[2.019784] (grab_demo) StdoutLine: {'line': b'-- Up-to-date: /home/dxf/wheeltec_lebai_humble_2024_7_17/install/grab_demo/local/lib/python3.10/dist-packages/grab_demo/srv/__init__.py\n'}
[2.020218] (grab_demo) StdoutLine: {'line': b'-- Up-to-date: /home/dxf/wheeltec_lebai_humble_2024_7_17/install/grab_demo/local/lib/python3.10/dist-packages/grab_demo/srv/_grab_object.py\n'}
[2.020634] (grab_demo) StdoutLine: {'line': b'-- Up-to-date: /home/dxf/wheeltec_lebai_humble_2024_7_17/install/grab_demo/local/lib/python3.10/dist-packages/grab_demo/srv/_grab_object_s.c\n'}
[2.021059] (grab_demo) StdoutLine: {'line': b'-- Up-to-date: /home/dxf/wheeltec_lebai_humble_2024_7_17/install/grab_demo/local/lib/python3.10/dist-packages/grab_demo/grab_demo_s__rosidl_typesupport_fastrtps_c.cpython-310-aarch64-linux-gnu.so\n'}
[2.108590] (-) TimerEvent: {}
[2.119023] (grab_demo) StdoutLine: {'line': b"Listing '/home/dxf/wheeltec_lebai_humble_2024_7_17/install/grab_demo/local/lib/python3.10/dist-packages/grab_demo'...\n"}
[2.119466] (grab_demo) StdoutLine: {'line': b"Listing '/home/dxf/wheeltec_lebai_humble_2024_7_17/install/grab_demo/local/lib/python3.10/dist-packages/grab_demo/srv'...\n"}
[2.137468] (grab_demo) StdoutLine: {'line': b'-- Up-to-date: /home/dxf/wheeltec_lebai_humble_2024_7_17/install/grab_demo/local/lib/python3.10/dist-packages/grab_demo/grab_demo_s__rosidl_typesupport_fastrtps_c.cpython-310-aarch64-linux-gnu.so\n'}
[2.137927] (grab_demo) StdoutLine: {'line': b'-- Up-to-date: /home/dxf/wheeltec_lebai_humble_2024_7_17/install/grab_demo/local/lib/python3.10/dist-packages/grab_demo/grab_demo_s__rosidl_typesupport_introspection_c.cpython-310-aarch64-linux-gnu.so\n'}
[2.138094] (grab_demo) StdoutLine: {'line': b'-- Up-to-date: /home/dxf/wheeltec_lebai_humble_2024_7_17/install/grab_demo/local/lib/python3.10/dist-packages/grab_demo/grab_demo_s__rosidl_typesupport_c.cpython-310-aarch64-linux-gnu.so\n'}
[2.138243] (grab_demo) StdoutLine: {'line': b'-- Up-to-date: /home/dxf/wheeltec_lebai_humble_2024_7_17/install/grab_demo/lib/libgrab_demo__rosidl_generator_py.so\n'}
[2.138458] (grab_demo) StdoutLine: {'line': b'-- Up-to-date: /home/dxf/wheeltec_lebai_humble_2024_7_17/install/grab_demo/share/grab_demo/srv/GrabObject.idl\n'}
[2.138599] (grab_demo) StdoutLine: {'line': b'-- Up-to-date: /home/dxf/wheeltec_lebai_humble_2024_7_17/install/grab_demo/share/grab_demo/srv/GrabObject.srv\n'}
[2.138733] (grab_demo) StdoutLine: {'line': b'-- Up-to-date: /home/dxf/wheeltec_lebai_humble_2024_7_17/install/grab_demo/share/grab_demo/srv/GrabObject_Request.msg\n'}
[2.138866] (grab_demo) StdoutLine: {'line': b'-- Up-to-date: /home/dxf/wheeltec_lebai_humble_2024_7_17/install/grab_demo/share/grab_demo/srv/GrabObject_Response.msg\n'}
[2.142567] (grab_demo) StdoutLine: {'line': b'-- Up-to-date: /home/dxf/wheeltec_lebai_humble_2024_7_17/install/grab_demo/lib/grab_demo/charuco_dectet_node\n'}
[2.144139] (grab_demo) StdoutLine: {'line': b'-- Up-to-date: /home/dxf/wheeltec_lebai_humble_2024_7_17/install/grab_demo/lib/grab_demo/hand_eye\n'}
[2.146086] (grab_demo) StdoutLine: {'line': b'-- Up-to-date: /home/dxf/wheeltec_lebai_humble_2024_7_17/install/grab_demo/lib/grab_demo/hsv_range\n'}
[2.147626] (grab_demo) StdoutLine: {'line': b'-- Up-to-date: /home/dxf/wheeltec_lebai_humble_2024_7_17/install/grab_demo/lib/grab_demo/aruco_dectet\n'}
[2.148261] (grab_demo) StdoutLine: {'line': b'-- Up-to-date: /home/dxf/wheeltec_lebai_humble_2024_7_17/install/grab_demo/lib/grab_demo/grab_service_node\n'}
[2.148798] (grab_demo) StdoutLine: {'line': b'-- Up-to-date: /home/dxf/wheeltec_lebai_humble_2024_7_17/install/grab_demo/lib/grab_demo/start_grab\n'}
[2.149471] (grab_demo) StdoutLine: {'line': b'-- Up-to-date: /home/dxf/wheeltec_lebai_humble_2024_7_17/install/grab_demo/lib/grab_demo/camera_info_node\n'}
[2.149912] (grab_demo) StdoutLine: {'line': b'-- Up-to-date: /home/dxf/wheeltec_lebai_humble_2024_7_17/install/grab_demo/lib/grab_demo/nav_grab\n'}
[2.150799] (grab_demo) StdoutLine: {'line': b'-- Up-to-date: /home/dxf/wheeltec_lebai_humble_2024_7_17/install/grab_demo/share/grab_demo/launch\n'}
[2.151063] (grab_demo) StdoutLine: {'line': b'-- Up-to-date: /home/dxf/wheeltec_lebai_humble_2024_7_17/install/grab_demo/share/grab_demo/launch/start_grab.launch.py\n'}
[2.151561] (grab_demo) StdoutLine: {'line': b'-- Installing: /home/dxf/wheeltec_lebai_humble_2024_7_17/install/grab_demo/share/grab_demo/launch/hand_eye.launch.py\n'}
[2.152026] (grab_demo) StdoutLine: {'line': b'-- Up-to-date: /home/dxf/wheeltec_lebai_humble_2024_7_17/install/grab_demo/share/grab_demo/launch/color_grab.launch.py\n'}
[2.152498] (grab_demo) StdoutLine: {'line': b'-- Up-to-date: /home/dxf/wheeltec_lebai_humble_2024_7_17/install/grab_demo/share/grab_demo/launch/aruco_grab.launch.py\n'}
[2.152970] (grab_demo) StdoutLine: {'line': b'-- Up-to-date: /home/dxf/wheeltec_lebai_humble_2024_7_17/install/grab_demo/share/ament_index/resource_index/package_run_dependencies/grab_demo\n'}
[2.153483] (grab_demo) StdoutLine: {'line': b'-- Up-to-date: /home/dxf/wheeltec_lebai_humble_2024_7_17/install/grab_demo/share/ament_index/resource_index/parent_prefix_path/grab_demo\n'}
[2.157511] (grab_demo) StdoutLine: {'line': b'-- Up-to-date: /home/dxf/wheeltec_lebai_humble_2024_7_17/install/grab_demo/share/grab_demo/environment/ament_prefix_path.sh\n'}
[2.165632] (grab_demo) StdoutLine: {'line': b'-- Up-to-date: /home/dxf/wheeltec_lebai_humble_2024_7_17/install/grab_demo/share/grab_demo/environment/ament_prefix_path.dsv\n'}
[2.166167] (grab_demo) StdoutLine: {'line': b'-- Up-to-date: /home/dxf/wheeltec_lebai_humble_2024_7_17/install/grab_demo/share/grab_demo/environment/path.sh\n'}
[2.166501] (grab_demo) StdoutLine: {'line': b'-- Up-to-date: /home/dxf/wheeltec_lebai_humble_2024_7_17/install/grab_demo/share/grab_demo/environment/path.dsv\n'}
[2.166776] (grab_demo) StdoutLine: {'line': b'-- Up-to-date: /home/dxf/wheeltec_lebai_humble_2024_7_17/install/grab_demo/share/grab_demo/local_setup.bash\n'}
[2.167902] (grab_demo) StdoutLine: {'line': b'-- Up-to-date: /home/dxf/wheeltec_lebai_humble_2024_7_17/install/grab_demo/share/grab_demo/local_setup.sh\n'}
[2.168208] (grab_demo) StdoutLine: {'line': b'-- Up-to-date: /home/dxf/wheeltec_lebai_humble_2024_7_17/install/grab_demo/share/grab_demo/local_setup.zsh\n'}
[2.168431] (grab_demo) StdoutLine: {'line': b'-- Up-to-date: /home/dxf/wheeltec_lebai_humble_2024_7_17/install/grab_demo/share/grab_demo/local_setup.dsv\n'}
[2.169227] (grab_demo) StdoutLine: {'line': b'-- Installing: /home/dxf/wheeltec_lebai_humble_2024_7_17/install/grab_demo/share/grab_demo/package.dsv\n'}
[2.169484] (grab_demo) StdoutLine: {'line': b'-- Up-to-date: /home/dxf/wheeltec_lebai_humble_2024_7_17/install/grab_demo/share/ament_index/resource_index/packages/grab_demo\n'}
[2.169698] (grab_demo) StdoutLine: {'line': b'-- Up-to-date: /home/dxf/wheeltec_lebai_humble_2024_7_17/install/grab_demo/share/grab_demo/cmake/export_grab_demo__rosidl_generator_cExport.cmake\n'}
[2.170165] (grab_demo) StdoutLine: {'line': b'-- Up-to-date: /home/dxf/wheeltec_lebai_humble_2024_7_17/install/grab_demo/share/grab_demo/cmake/export_grab_demo__rosidl_generator_cExport-release.cmake\n'}
[2.170395] (grab_demo) StdoutLine: {'line': b'-- Up-to-date: /home/dxf/wheeltec_lebai_humble_2024_7_17/install/grab_demo/share/grab_demo/cmake/export_grab_demo__rosidl_typesupport_fastrtps_cExport.cmake\n'}
[2.170605] (grab_demo) StdoutLine: {'line': b'-- Up-to-date: /home/dxf/wheeltec_lebai_humble_2024_7_17/install/grab_demo/share/grab_demo/cmake/export_grab_demo__rosidl_typesupport_fastrtps_cExport-release.cmake\n'}
[2.170805] (grab_demo) StdoutLine: {'line': b'-- Up-to-date: /home/dxf/wheeltec_lebai_humble_2024_7_17/install/grab_demo/share/grab_demo/cmake/export_grab_demo__rosidl_generator_cppExport.cmake\n'}
[2.171070] (grab_demo) StdoutLine: {'line': b'-- Up-to-date: /home/dxf/wheeltec_lebai_humble_2024_7_17/install/grab_demo/share/grab_demo/cmake/export_grab_demo__rosidl_typesupport_fastrtps_cppExport.cmake\n'}
[2.172007] (grab_demo) StdoutLine: {'line': b'-- Up-to-date: /home/dxf/wheeltec_lebai_humble_2024_7_17/install/grab_demo/share/grab_demo/cmake/export_grab_demo__rosidl_typesupport_fastrtps_cppExport-release.cmake\n'}
[2.172367] (grab_demo) StdoutLine: {'line': b'-- Up-to-date: /home/dxf/wheeltec_lebai_humble_2024_7_17/install/grab_demo/share/grab_demo/cmake/grab_demo__rosidl_typesupport_introspection_cExport.cmake\n'}
[2.173062] (grab_demo) StdoutLine: {'line': b'-- Up-to-date: /home/dxf/wheeltec_lebai_humble_2024_7_17/install/grab_demo/share/grab_demo/cmake/grab_demo__rosidl_typesupport_introspection_cExport-release.cmake\n'}
[2.173384] (grab_demo) StdoutLine: {'line': b'-- Up-to-date: /home/dxf/wheeltec_lebai_humble_2024_7_17/install/grab_demo/share/grab_demo/cmake/grab_demo__rosidl_typesupport_cExport.cmake\n'}
[2.173629] (grab_demo) StdoutLine: {'line': b'-- Up-to-date: /home/dxf/wheeltec_lebai_humble_2024_7_17/install/grab_demo/share/grab_demo/cmake/grab_demo__rosidl_typesupport_cExport-release.cmake\n'}
[2.174143] (grab_demo) StdoutLine: {'line': b'-- Up-to-date: /home/dxf/wheeltec_lebai_humble_2024_7_17/install/grab_demo/share/grab_demo/cmake/grab_demo__rosidl_typesupport_introspection_cppExport.cmake\n'}
[2.175362] (grab_demo) StdoutLine: {'line': b'-- Up-to-date: /home/dxf/wheeltec_lebai_humble_2024_7_17/install/grab_demo/share/grab_demo/cmake/grab_demo__rosidl_typesupport_introspection_cppExport-release.cmake\n'}
[2.176418] (grab_demo) StdoutLine: {'line': b'-- Up-to-date: /home/dxf/wheeltec_lebai_humble_2024_7_17/install/grab_demo/share/grab_demo/cmake/grab_demo__rosidl_typesupport_cppExport.cmake\n'}
[2.176800] (grab_demo) StdoutLine: {'line': b'-- Up-to-date: /home/dxf/wheeltec_lebai_humble_2024_7_17/install/grab_demo/share/grab_demo/cmake/grab_demo__rosidl_typesupport_cppExport-release.cmake\n'}
[2.177115] (grab_demo) StdoutLine: {'line': b'-- Up-to-date: /home/dxf/wheeltec_lebai_humble_2024_7_17/install/grab_demo/share/grab_demo/cmake/export_grab_demo__rosidl_generator_pyExport.cmake\n'}
[2.177356] (grab_demo) StdoutLine: {'line': b'-- Up-to-date: /home/dxf/wheeltec_lebai_humble_2024_7_17/install/grab_demo/share/grab_demo/cmake/export_grab_demo__rosidl_generator_pyExport-release.cmake\n'}
[2.177601] (grab_demo) StdoutLine: {'line': b'-- Up-to-date: /home/dxf/wheeltec_lebai_humble_2024_7_17/install/grab_demo/share/grab_demo/cmake/rosidl_cmake-extras.cmake\n'}
[2.177805] (grab_demo) StdoutLine: {'line': b'-- Up-to-date: /home/dxf/wheeltec_lebai_humble_2024_7_17/install/grab_demo/share/grab_demo/cmake/ament_cmake_export_include_directories-extras.cmake\n'}
[2.178004] (grab_demo) StdoutLine: {'line': b'-- Up-to-date: /home/dxf/wheeltec_lebai_humble_2024_7_17/install/grab_demo/share/grab_demo/cmake/ament_cmake_export_libraries-extras.cmake\n'}
[2.178200] (grab_demo) StdoutLine: {'line': b'-- Up-to-date: /home/dxf/wheeltec_lebai_humble_2024_7_17/install/grab_demo/share/grab_demo/cmake/ament_cmake_export_targets-extras.cmake\n'}
[2.178650] (grab_demo) StdoutLine: {'line': b'-- Up-to-date: /home/dxf/wheeltec_lebai_humble_2024_7_17/install/grab_demo/share/grab_demo/cmake/rosidl_cmake_export_typesupport_targets-extras.cmake\n'}
[2.178877] (grab_demo) StdoutLine: {'line': b'-- Up-to-date: /home/dxf/wheeltec_lebai_humble_2024_7_17/install/grab_demo/share/grab_demo/cmake/ament_cmake_export_dependencies-extras.cmake\n'}
[2.179078] (grab_demo) StdoutLine: {'line': b'-- Up-to-date: /home/dxf/wheeltec_lebai_humble_2024_7_17/install/grab_demo/share/grab_demo/cmake/rosidl_cmake_export_typesupport_libraries-extras.cmake\n'}
[2.179271] (grab_demo) StdoutLine: {'line': b'-- Up-to-date: /home/dxf/wheeltec_lebai_humble_2024_7_17/install/grab_demo/share/grab_demo/cmake/grab_demoConfig.cmake\n'}
[2.179464] (grab_demo) StdoutLine: {'line': b'-- Up-to-date: /home/dxf/wheeltec_lebai_humble_2024_7_17/install/grab_demo/share/grab_demo/cmake/grab_demoConfig-version.cmake\n'}
[2.179658] (grab_demo) StdoutLine: {'line': b'-- Up-to-date: /home/dxf/wheeltec_lebai_humble_2024_7_17/install/grab_demo/share/grab_demo/package.xml\n'}
[2.186688] (grab_demo) CommandEnded: {'returncode': 0}
[2.208730] (-) TimerEvent: {}
[2.275217] (grab_demo) JobEnded: {'identifier': 'grab_demo', 'rc': 0}
[2.277146] (-) EventReactorShutdown: {}
