[0.169s] Invoking command in '/home/dxf/wheeltec_lebai_humble_2024_7_17/build/lebai_interfaces': CMAKE_PREFIX_PATH=${CMAKE_PREFIX_PATH}:/home/dxf/WHEELTEC_S300Pro_mini/install/wheeltec_robot_keyboard:/home/dxf/WHEELTEC_S300Pro_mini/install/simple_follower_ros2:/home/dxf/WHEELTEC_S300Pro_mini/install/ollama_ros_chat:/home/dxf/WHEELTEC_S300Pro_mini/install/nav2_waypoint_cycle:/home/dxf/WHEELTEC_S300Pro_mini/install/auto_recharge_ros2:/opt/ros/humble PS1=\n(TraeAI-5) \w [$?] $ __trae_PS1=\n(TraeAI-5) \w [$?] $ /usr/bin/cmake --build /home/dxf/wheeltec_lebai_humble_2024_7_17/build/lebai_interfaces -- -j6 -l6
[1.880s] [  0%] Built target lebai_interfaces__cpp
[1.880s] [ 12%] Built target lebai_interfaces__rosidl_generator_c
[1.880s] [ 24%] Built target lebai_interfaces__rosidl_typesupport_cpp
[1.881s] [ 24%] Built target ament_cmake_python_copy_lebai_interfaces
[1.881s] [ 36%] Built target lebai_interfaces__rosidl_typesupport_fastrtps_cpp
[1.881s] [ 48%] Built target lebai_interfaces__rosidl_typesupport_fastrtps_c
[1.881s] [ 60%] Built target lebai_interfaces__rosidl_typesupport_introspection_c
[1.881s] [ 72%] Built target lebai_interfaces__rosidl_typesupport_c
[1.881s] [ 85%] Built target lebai_interfaces__rosidl_typesupport_introspection_cpp
[1.882s] [ 85%] Built target lebai_interfaces
[1.882s] [ 86%] Built target lebai_interfaces__py
[1.882s] [ 97%] Built target lebai_interfaces__rosidl_generator_py
[1.993s] [ 98%] Built target lebai_interfaces__rosidl_typesupport_c__pyext
[2.035s] [ 99%] Built target lebai_interfaces__rosidl_typesupport_introspection_c__pyext
[2.068s] [100%] Built target lebai_interfaces__rosidl_typesupport_fastrtps_c__pyext
[3.433s] running egg_info
[3.435s] writing lebai_interfaces.egg-info/PKG-INFO
[3.442s] writing dependency_links to lebai_interfaces.egg-info/dependency_links.txt
[3.445s] writing top-level names to lebai_interfaces.egg-info/top_level.txt
[3.468s] reading manifest file 'lebai_interfaces.egg-info/SOURCES.txt'
[3.473s] writing manifest file 'lebai_interfaces.egg-info/SOURCES.txt'
[3.755s] [100%] Built target ament_cmake_python_build_lebai_interfaces_egg
[3.945s] Invoked command in '/home/dxf/wheeltec_lebai_humble_2024_7_17/build/lebai_interfaces' returned '0': CMAKE_PREFIX_PATH=${CMAKE_PREFIX_PATH}:/home/dxf/WHEELTEC_S300Pro_mini/install/wheeltec_robot_keyboard:/home/dxf/WHEELTEC_S300Pro_mini/install/simple_follower_ros2:/home/dxf/WHEELTEC_S300Pro_mini/install/ollama_ros_chat:/home/dxf/WHEELTEC_S300Pro_mini/install/nav2_waypoint_cycle:/home/dxf/WHEELTEC_S300Pro_mini/install/auto_recharge_ros2:/opt/ros/humble PS1=\n(TraeAI-5) \w [$?] $ __trae_PS1=\n(TraeAI-5) \w [$?] $ /usr/bin/cmake --build /home/dxf/wheeltec_lebai_humble_2024_7_17/build/lebai_interfaces -- -j6 -l6
[3.976s] Invoking command in '/home/dxf/wheeltec_lebai_humble_2024_7_17/build/lebai_interfaces': CMAKE_PREFIX_PATH=${CMAKE_PREFIX_PATH}:/home/dxf/WHEELTEC_S300Pro_mini/install/wheeltec_robot_keyboard:/home/dxf/WHEELTEC_S300Pro_mini/install/simple_follower_ros2:/home/dxf/WHEELTEC_S300Pro_mini/install/ollama_ros_chat:/home/dxf/WHEELTEC_S300Pro_mini/install/nav2_waypoint_cycle:/home/dxf/WHEELTEC_S300Pro_mini/install/auto_recharge_ros2:/opt/ros/humble PS1=\n(TraeAI-5) \w [$?] $ __trae_PS1=\n(TraeAI-5) \w [$?] $ /usr/bin/cmake --install /home/dxf/wheeltec_lebai_humble_2024_7_17/build/lebai_interfaces
[4.088s] -- Install configuration: ""
[4.093s] -- Up-to-date: /home/dxf/wheeltec_lebai_humble_2024_7_17/install/lebai_interfaces/share/ament_index/resource_index/rosidl_interfaces/lebai_interfaces
[4.093s] -- Up-to-date: /home/dxf/wheeltec_lebai_humble_2024_7_17/install/lebai_interfaces/include/lebai_interfaces/lebai_interfaces
[4.093s] -- Up-to-date: /home/dxf/wheeltec_lebai_humble_2024_7_17/install/lebai_interfaces/include/lebai_interfaces/lebai_interfaces/msg
[4.094s] -- Up-to-date: /home/dxf/wheeltec_lebai_humble_2024_7_17/install/lebai_interfaces/include/lebai_interfaces/lebai_interfaces/msg/until_info.h
[4.096s] -- Up-to-date: /home/dxf/wheeltec_lebai_humble_2024_7_17/install/lebai_interfaces/include/lebai_interfaces/lebai_interfaces/msg/io_conditional_express.h
[4.096s] -- Up-to-date: /home/dxf/wheeltec_lebai_humble_2024_7_17/install/lebai_interfaces/include/lebai_interfaces/lebai_interfaces/msg/move_common.h
[4.097s] -- Up-to-date: /home/dxf/wheeltec_lebai_humble_2024_7_17/install/lebai_interfaces/include/lebai_interfaces/lebai_interfaces/msg/io_status.h
[4.098s] -- Up-to-date: /home/dxf/wheeltec_lebai_humble_2024_7_17/install/lebai_interfaces/include/lebai_interfaces/lebai_interfaces/msg/robot_mode.h
[4.098s] -- Up-to-date: /home/dxf/wheeltec_lebai_humble_2024_7_17/install/lebai_interfaces/include/lebai_interfaces/lebai_interfaces/msg/gripper_status.h
[4.098s] -- Up-to-date: /home/dxf/wheeltec_lebai_humble_2024_7_17/install/lebai_interfaces/include/lebai_interfaces/lebai_interfaces/msg/rosidl_generator_c__visibility_control.h
[4.099s] -- Up-to-date: /home/dxf/wheeltec_lebai_humble_2024_7_17/install/lebai_interfaces/include/lebai_interfaces/lebai_interfaces/msg/device_info.h
[4.099s] -- Up-to-date: /home/dxf/wheeltec_lebai_humble_2024_7_17/install/lebai_interfaces/include/lebai_interfaces/lebai_interfaces/msg/trajectory_move_circle.h
[4.099s] -- Up-to-date: /home/dxf/wheeltec_lebai_humble_2024_7_17/install/lebai_interfaces/include/lebai_interfaces/lebai_interfaces/msg/detail
[4.105s] -- Up-to-date: /home/dxf/wheeltec_lebai_humble_2024_7_17/install/lebai_interfaces/include/lebai_interfaces/lebai_interfaces/msg/detail/until_info__functions.h
[4.105s] -- Up-to-date: /home/dxf/wheeltec_lebai_humble_2024_7_17/install/lebai_interfaces/include/lebai_interfaces/lebai_interfaces/msg/detail/trajectory_move_line__struct.h
[4.110s] -- Up-to-date: /home/dxf/wheeltec_lebai_humble_2024_7_17/install/lebai_interfaces/include/lebai_interfaces/lebai_interfaces/msg/detail/move_common__type_support.h
[4.111s] -- Up-to-date: /home/dxf/wheeltec_lebai_humble_2024_7_17/install/lebai_interfaces/include/lebai_interfaces/lebai_interfaces/msg/detail/gripper_status__type_support.h
[4.111s] -- Up-to-date: /home/dxf/wheeltec_lebai_humble_2024_7_17/install/lebai_interfaces/include/lebai_interfaces/lebai_interfaces/msg/detail/trajectory_move_circle__functions.h
[4.111s] -- Up-to-date: /home/dxf/wheeltec_lebai_humble_2024_7_17/install/lebai_interfaces/include/lebai_interfaces/lebai_interfaces/msg/detail/device_info__type_support.h
[4.111s] -- Up-to-date: /home/dxf/wheeltec_lebai_humble_2024_7_17/install/lebai_interfaces/include/lebai_interfaces/lebai_interfaces/msg/detail/trajectory_move_line__functions.c
[4.111s] -- Up-to-date: /home/dxf/wheeltec_lebai_humble_2024_7_17/install/lebai_interfaces/include/lebai_interfaces/lebai_interfaces/msg/detail/trajectory_move_circle__functions.c
[4.112s] -- Up-to-date: /home/dxf/wheeltec_lebai_humble_2024_7_17/install/lebai_interfaces/include/lebai_interfaces/lebai_interfaces/msg/detail/gripper_status__struct.h
[4.112s] -- Up-to-date: /home/dxf/wheeltec_lebai_humble_2024_7_17/install/lebai_interfaces/include/lebai_interfaces/lebai_interfaces/msg/detail/trajectory_move_joint__type_support.h
[4.112s] -- Up-to-date: /home/dxf/wheeltec_lebai_humble_2024_7_17/install/lebai_interfaces/include/lebai_interfaces/lebai_interfaces/msg/detail/trajectory_move_circle__type_support.h
[4.112s] -- Up-to-date: /home/dxf/wheeltec_lebai_humble_2024_7_17/install/lebai_interfaces/include/lebai_interfaces/lebai_interfaces/msg/detail/io_conditional_express__functions.c
[4.112s] -- Up-to-date: /home/dxf/wheeltec_lebai_humble_2024_7_17/install/lebai_interfaces/include/lebai_interfaces/lebai_interfaces/msg/detail/until_info__type_support.h
[4.112s] -- Up-to-date: /home/dxf/wheeltec_lebai_humble_2024_7_17/install/lebai_interfaces/include/lebai_interfaces/lebai_interfaces/msg/detail/debug_level__functions.h
[4.113s] -- Up-to-date: /home/dxf/wheeltec_lebai_humble_2024_7_17/install/lebai_interfaces/include/lebai_interfaces/lebai_interfaces/msg/detail/tri_state__functions.h
[4.113s] -- Up-to-date: /home/dxf/wheeltec_lebai_humble_2024_7_17/install/lebai_interfaces/include/lebai_interfaces/lebai_interfaces/msg/detail/tri_state__type_support.h
[4.113s] -- Up-to-date: /home/dxf/wheeltec_lebai_humble_2024_7_17/install/lebai_interfaces/include/lebai_interfaces/lebai_interfaces/msg/detail/io_status__type_support.h
[4.113s] -- Up-to-date: /home/dxf/wheeltec_lebai_humble_2024_7_17/install/lebai_interfaces/include/lebai_interfaces/lebai_interfaces/msg/detail/until_info__struct.h
[4.113s] -- Up-to-date: /home/dxf/wheeltec_lebai_humble_2024_7_17/install/lebai_interfaces/include/lebai_interfaces/lebai_interfaces/msg/detail/io_status__functions.c
[4.113s] -- Up-to-date: /home/dxf/wheeltec_lebai_humble_2024_7_17/install/lebai_interfaces/include/lebai_interfaces/lebai_interfaces/msg/detail/debug_level__struct.h
[4.114s] -- Up-to-date: /home/dxf/wheeltec_lebai_humble_2024_7_17/install/lebai_interfaces/include/lebai_interfaces/lebai_interfaces/msg/detail/io_conditional_express__struct.h
[4.114s] -- Up-to-date: /home/dxf/wheeltec_lebai_humble_2024_7_17/install/lebai_interfaces/include/lebai_interfaces/lebai_interfaces/msg/detail/gripper_status__functions.c
[4.114s] -- Up-to-date: /home/dxf/wheeltec_lebai_humble_2024_7_17/install/lebai_interfaces/include/lebai_interfaces/lebai_interfaces/msg/detail/robot_status__functions.c
[4.114s] -- Up-to-date: /home/dxf/wheeltec_lebai_humble_2024_7_17/install/lebai_interfaces/include/lebai_interfaces/lebai_interfaces/msg/detail/robot_mode__functions.h
[4.114s] -- Up-to-date: /home/dxf/wheeltec_lebai_humble_2024_7_17/install/lebai_interfaces/include/lebai_interfaces/lebai_interfaces/msg/detail/trajectory_move_line__functions.h
[4.114s] -- Up-to-date: /home/dxf/wheeltec_lebai_humble_2024_7_17/install/lebai_interfaces/include/lebai_interfaces/lebai_interfaces/msg/detail/trajectory_move_joint__functions.c
[4.115s] -- Up-to-date: /home/dxf/wheeltec_lebai_humble_2024_7_17/install/lebai_interfaces/include/lebai_interfaces/lebai_interfaces/msg/detail/trajectory_move_line__type_support.h
[4.115s] -- Up-to-date: /home/dxf/wheeltec_lebai_humble_2024_7_17/install/lebai_interfaces/include/lebai_interfaces/lebai_interfaces/msg/detail/device_info__functions.c
[4.115s] -- Up-to-date: /home/dxf/wheeltec_lebai_humble_2024_7_17/install/lebai_interfaces/include/lebai_interfaces/lebai_interfaces/msg/detail/robot_status__functions.h
[4.115s] -- Up-to-date: /home/dxf/wheeltec_lebai_humble_2024_7_17/install/lebai_interfaces/include/lebai_interfaces/lebai_interfaces/msg/detail/robot_mode__type_support.h
[4.117s] -- Up-to-date: /home/dxf/wheeltec_lebai_humble_2024_7_17/install/lebai_interfaces/include/lebai_interfaces/lebai_interfaces/msg/detail/move_common__functions.c
[4.118s] -- Up-to-date: /home/dxf/wheeltec_lebai_humble_2024_7_17/install/lebai_interfaces/include/lebai_interfaces/lebai_interfaces/msg/detail/trajectory_move_circle__struct.h
[4.118s] -- Up-to-date: /home/dxf/wheeltec_lebai_humble_2024_7_17/install/lebai_interfaces/include/lebai_interfaces/lebai_interfaces/msg/detail/io_conditional_express__functions.h
[4.118s] -- Up-to-date: /home/dxf/wheeltec_lebai_humble_2024_7_17/install/lebai_interfaces/include/lebai_interfaces/lebai_interfaces/msg/detail/tri_state__functions.c
[4.118s] -- Up-to-date: /home/dxf/wheeltec_lebai_humble_2024_7_17/install/lebai_interfaces/include/lebai_interfaces/lebai_interfaces/msg/detail/debug_level__functions.c
[4.118s] -- Up-to-date: /home/dxf/wheeltec_lebai_humble_2024_7_17/install/lebai_interfaces/include/lebai_interfaces/lebai_interfaces/msg/detail/robot_mode__struct.h
[4.118s] -- Up-to-date: /home/dxf/wheeltec_lebai_humble_2024_7_17/install/lebai_interfaces/include/lebai_interfaces/lebai_interfaces/msg/detail/device_info__struct.h
[4.119s] -- Up-to-date: /home/dxf/wheeltec_lebai_humble_2024_7_17/install/lebai_interfaces/include/lebai_interfaces/lebai_interfaces/msg/detail/move_common__struct.h
[4.119s] -- Up-to-date: /home/dxf/wheeltec_lebai_humble_2024_7_17/install/lebai_interfaces/include/lebai_interfaces/lebai_interfaces/msg/detail/device_info__functions.h
[4.119s] -- Up-to-date: /home/dxf/wheeltec_lebai_humble_2024_7_17/install/lebai_interfaces/include/lebai_interfaces/lebai_interfaces/msg/detail/robot_status__struct.h
[4.119s] -- Up-to-date: /home/dxf/wheeltec_lebai_humble_2024_7_17/install/lebai_interfaces/include/lebai_interfaces/lebai_interfaces/msg/detail/move_common__functions.h
[4.119s] -- Up-to-date: /home/dxf/wheeltec_lebai_humble_2024_7_17/install/lebai_interfaces/include/lebai_interfaces/lebai_interfaces/msg/detail/gripper_status__functions.h
[4.119s] -- Up-to-date: /home/dxf/wheeltec_lebai_humble_2024_7_17/install/lebai_interfaces/include/lebai_interfaces/lebai_interfaces/msg/detail/io_status__struct.h
[4.120s] -- Up-to-date: /home/dxf/wheeltec_lebai_humble_2024_7_17/install/lebai_interfaces/include/lebai_interfaces/lebai_interfaces/msg/detail/robot_mode__functions.c
[4.120s] -- Up-to-date: /home/dxf/wheeltec_lebai_humble_2024_7_17/install/lebai_interfaces/include/lebai_interfaces/lebai_interfaces/msg/detail/robot_status__type_support.h
[4.120s] -- Up-to-date: /home/dxf/wheeltec_lebai_humble_2024_7_17/install/lebai_interfaces/include/lebai_interfaces/lebai_interfaces/msg/detail/until_info__functions.c
[4.120s] -- Up-to-date: /home/dxf/wheeltec_lebai_humble_2024_7_17/install/lebai_interfaces/include/lebai_interfaces/lebai_interfaces/msg/detail/debug_level__type_support.h
[4.120s] -- Up-to-date: /home/dxf/wheeltec_lebai_humble_2024_7_17/install/lebai_interfaces/include/lebai_interfaces/lebai_interfaces/msg/detail/io_conditional_express__type_support.h
[4.121s] -- Up-to-date: /home/dxf/wheeltec_lebai_humble_2024_7_17/install/lebai_interfaces/include/lebai_interfaces/lebai_interfaces/msg/detail/io_status__functions.h
[4.121s] -- Up-to-date: /home/dxf/wheeltec_lebai_humble_2024_7_17/install/lebai_interfaces/include/lebai_interfaces/lebai_interfaces/msg/detail/trajectory_move_joint__struct.h
[4.121s] -- Up-to-date: /home/dxf/wheeltec_lebai_humble_2024_7_17/install/lebai_interfaces/include/lebai_interfaces/lebai_interfaces/msg/detail/tri_state__struct.h
[4.121s] -- Up-to-date: /home/dxf/wheeltec_lebai_humble_2024_7_17/install/lebai_interfaces/include/lebai_interfaces/lebai_interfaces/msg/detail/trajectory_move_joint__functions.h
[4.121s] -- Up-to-date: /home/dxf/wheeltec_lebai_humble_2024_7_17/install/lebai_interfaces/include/lebai_interfaces/lebai_interfaces/msg/trajectory_move_line.h
[4.122s] -- Up-to-date: /home/dxf/wheeltec_lebai_humble_2024_7_17/install/lebai_interfaces/include/lebai_interfaces/lebai_interfaces/msg/tri_state.h
[4.122s] -- Up-to-date: /home/dxf/wheeltec_lebai_humble_2024_7_17/install/lebai_interfaces/include/lebai_interfaces/lebai_interfaces/msg/robot_status.h
[4.122s] -- Up-to-date: /home/dxf/wheeltec_lebai_humble_2024_7_17/install/lebai_interfaces/include/lebai_interfaces/lebai_interfaces/msg/debug_level.h
[4.122s] -- Up-to-date: /home/dxf/wheeltec_lebai_humble_2024_7_17/install/lebai_interfaces/include/lebai_interfaces/lebai_interfaces/msg/trajectory_move_joint.h
[4.122s] -- Up-to-date: /home/dxf/wheeltec_lebai_humble_2024_7_17/install/lebai_interfaces/include/lebai_interfaces/lebai_interfaces/srv
[4.122s] -- Up-to-date: /home/dxf/wheeltec_lebai_humble_2024_7_17/install/lebai_interfaces/include/lebai_interfaces/lebai_interfaces/srv/move_joint.h
[4.123s] -- Up-to-date: /home/dxf/wheeltec_lebai_humble_2024_7_17/install/lebai_interfaces/include/lebai_interfaces/lebai_interfaces/srv/move_line.h
[4.123s] -- Up-to-date: /home/dxf/wheeltec_lebai_humble_2024_7_17/install/lebai_interfaces/include/lebai_interfaces/lebai_interfaces/srv/move_circle.h
[4.123s] -- Up-to-date: /home/dxf/wheeltec_lebai_humble_2024_7_17/install/lebai_interfaces/include/lebai_interfaces/lebai_interfaces/srv/set_ao.h
[4.123s] -- Up-to-date: /home/dxf/wheeltec_lebai_humble_2024_7_17/install/lebai_interfaces/include/lebai_interfaces/lebai_interfaces/srv/detail
[4.123s] -- Up-to-date: /home/dxf/wheeltec_lebai_humble_2024_7_17/install/lebai_interfaces/include/lebai_interfaces/lebai_interfaces/srv/detail/move_line__type_support.h
[4.123s] -- Up-to-date: /home/dxf/wheeltec_lebai_humble_2024_7_17/install/lebai_interfaces/include/lebai_interfaces/lebai_interfaces/srv/detail/set_ao__functions.h
[4.123s] -- Up-to-date: /home/dxf/wheeltec_lebai_humble_2024_7_17/install/lebai_interfaces/include/lebai_interfaces/lebai_interfaces/srv/detail/move_joint__functions.h
[4.124s] -- Up-to-date: /home/dxf/wheeltec_lebai_humble_2024_7_17/install/lebai_interfaces/include/lebai_interfaces/lebai_interfaces/srv/detail/set_do__struct.h
[4.124s] -- Up-to-date: /home/dxf/wheeltec_lebai_humble_2024_7_17/install/lebai_interfaces/include/lebai_interfaces/lebai_interfaces/srv/detail/set_do__type_support.h
[4.124s] -- Up-to-date: /home/dxf/wheeltec_lebai_humble_2024_7_17/install/lebai_interfaces/include/lebai_interfaces/lebai_interfaces/srv/detail/set_a_mode__functions.h
[4.124s] -- Up-to-date: /home/dxf/wheeltec_lebai_humble_2024_7_17/install/lebai_interfaces/include/lebai_interfaces/lebai_interfaces/srv/detail/set_a_mode__type_support.h
[4.124s] -- Up-to-date: /home/dxf/wheeltec_lebai_humble_2024_7_17/install/lebai_interfaces/include/lebai_interfaces/lebai_interfaces/srv/detail/set_gripper__functions.c
[4.124s] -- Up-to-date: /home/dxf/wheeltec_lebai_humble_2024_7_17/install/lebai_interfaces/include/lebai_interfaces/lebai_interfaces/srv/detail/set_do__functions.h
[4.125s] -- Up-to-date: /home/dxf/wheeltec_lebai_humble_2024_7_17/install/lebai_interfaces/include/lebai_interfaces/lebai_interfaces/srv/detail/set_a_mode__struct.h
[4.125s] -- Up-to-date: /home/dxf/wheeltec_lebai_humble_2024_7_17/install/lebai_interfaces/include/lebai_interfaces/lebai_interfaces/srv/detail/move_circle__functions.h
[4.125s] -- Up-to-date: /home/dxf/wheeltec_lebai_humble_2024_7_17/install/lebai_interfaces/include/lebai_interfaces/lebai_interfaces/srv/detail/move_line__functions.c
[4.125s] -- Up-to-date: /home/dxf/wheeltec_lebai_humble_2024_7_17/install/lebai_interfaces/include/lebai_interfaces/lebai_interfaces/srv/detail/set_ao__type_support.h
[4.125s] -- Up-to-date: /home/dxf/wheeltec_lebai_humble_2024_7_17/install/lebai_interfaces/include/lebai_interfaces/lebai_interfaces/srv/detail/set_gripper__type_support.h
[4.125s] -- Up-to-date: /home/dxf/wheeltec_lebai_humble_2024_7_17/install/lebai_interfaces/include/lebai_interfaces/lebai_interfaces/srv/detail/set_gripper__struct.h
[4.125s] -- Up-to-date: /home/dxf/wheeltec_lebai_humble_2024_7_17/install/lebai_interfaces/include/lebai_interfaces/lebai_interfaces/srv/detail/set_do__functions.c
[4.126s] -- Up-to-date: /home/dxf/wheeltec_lebai_humble_2024_7_17/install/lebai_interfaces/include/lebai_interfaces/lebai_interfaces/srv/detail/move_line__struct.h
[4.126s] -- Up-to-date: /home/dxf/wheeltec_lebai_humble_2024_7_17/install/lebai_interfaces/include/lebai_interfaces/lebai_interfaces/srv/detail/move_joint__functions.c
[4.126s] -- Up-to-date: /home/dxf/wheeltec_lebai_humble_2024_7_17/install/lebai_interfaces/include/lebai_interfaces/lebai_interfaces/srv/detail/move_circle__type_support.h
[4.126s] -- Up-to-date: /home/dxf/wheeltec_lebai_humble_2024_7_17/install/lebai_interfaces/include/lebai_interfaces/lebai_interfaces/srv/detail/move_line__functions.h
[4.126s] -- Up-to-date: /home/dxf/wheeltec_lebai_humble_2024_7_17/install/lebai_interfaces/include/lebai_interfaces/lebai_interfaces/srv/detail/move_circle__functions.c
[4.126s] -- Up-to-date: /home/dxf/wheeltec_lebai_humble_2024_7_17/install/lebai_interfaces/include/lebai_interfaces/lebai_interfaces/srv/detail/move_joint__struct.h
[4.127s] -- Up-to-date: /home/dxf/wheeltec_lebai_humble_2024_7_17/install/lebai_interfaces/include/lebai_interfaces/lebai_interfaces/srv/detail/set_gripper__functions.h
[4.127s] -- Up-to-date: /home/dxf/wheeltec_lebai_humble_2024_7_17/install/lebai_interfaces/include/lebai_interfaces/lebai_interfaces/srv/detail/set_a_mode__functions.c
[4.127s] -- Up-to-date: /home/dxf/wheeltec_lebai_humble_2024_7_17/install/lebai_interfaces/include/lebai_interfaces/lebai_interfaces/srv/detail/set_ao__struct.h
[4.127s] -- Up-to-date: /home/dxf/wheeltec_lebai_humble_2024_7_17/install/lebai_interfaces/include/lebai_interfaces/lebai_interfaces/srv/detail/set_ao__functions.c
[4.127s] -- Up-to-date: /home/dxf/wheeltec_lebai_humble_2024_7_17/install/lebai_interfaces/include/lebai_interfaces/lebai_interfaces/srv/detail/move_joint__type_support.h
[4.127s] -- Up-to-date: /home/dxf/wheeltec_lebai_humble_2024_7_17/install/lebai_interfaces/include/lebai_interfaces/lebai_interfaces/srv/detail/move_circle__struct.h
[4.127s] -- Up-to-date: /home/dxf/wheeltec_lebai_humble_2024_7_17/install/lebai_interfaces/include/lebai_interfaces/lebai_interfaces/srv/set_do.h
[4.128s] -- Up-to-date: /home/dxf/wheeltec_lebai_humble_2024_7_17/install/lebai_interfaces/include/lebai_interfaces/lebai_interfaces/srv/set_gripper.h
[4.128s] -- Up-to-date: /home/dxf/wheeltec_lebai_humble_2024_7_17/install/lebai_interfaces/include/lebai_interfaces/lebai_interfaces/srv/set_a_mode.h
[4.136s] -- Up-to-date: /home/dxf/wheeltec_lebai_humble_2024_7_17/install/lebai_interfaces/share/lebai_interfaces/environment/library_path.sh
[4.136s] -- Up-to-date: /home/dxf/wheeltec_lebai_humble_2024_7_17/install/lebai_interfaces/share/lebai_interfaces/environment/library_path.dsv
[4.143s] -- Up-to-date: /home/dxf/wheeltec_lebai_humble_2024_7_17/install/lebai_interfaces/lib/liblebai_interfaces__rosidl_generator_c.so
[4.157s] -- Up-to-date: /home/dxf/wheeltec_lebai_humble_2024_7_17/install/lebai_interfaces/include/lebai_interfaces/lebai_interfaces
[4.157s] -- Up-to-date: /home/dxf/wheeltec_lebai_humble_2024_7_17/install/lebai_interfaces/include/lebai_interfaces/lebai_interfaces/msg
[4.158s] -- Up-to-date: /home/dxf/wheeltec_lebai_humble_2024_7_17/install/lebai_interfaces/include/lebai_interfaces/lebai_interfaces/msg/rosidl_typesupport_fastrtps_c__visibility_control.h
[4.161s] -- Up-to-date: /home/dxf/wheeltec_lebai_humble_2024_7_17/install/lebai_interfaces/include/lebai_interfaces/lebai_interfaces/msg/detail
[4.161s] -- Up-to-date: /home/dxf/wheeltec_lebai_humble_2024_7_17/install/lebai_interfaces/include/lebai_interfaces/lebai_interfaces/msg/detail/trajectory_move_line__rosidl_typesupport_fastrtps_c.h
[4.162s] -- Up-to-date: /home/dxf/wheeltec_lebai_humble_2024_7_17/install/lebai_interfaces/include/lebai_interfaces/lebai_interfaces/msg/detail/io_status__rosidl_typesupport_fastrtps_c.h
[4.162s] -- Up-to-date: /home/dxf/wheeltec_lebai_humble_2024_7_17/install/lebai_interfaces/include/lebai_interfaces/lebai_interfaces/msg/detail/gripper_status__rosidl_typesupport_fastrtps_c.h
[4.162s] -- Up-to-date: /home/dxf/wheeltec_lebai_humble_2024_7_17/install/lebai_interfaces/include/lebai_interfaces/lebai_interfaces/msg/detail/debug_level__rosidl_typesupport_fastrtps_c.h
[4.163s] -- Up-to-date: /home/dxf/wheeltec_lebai_humble_2024_7_17/install/lebai_interfaces/include/lebai_interfaces/lebai_interfaces/msg/detail/io_conditional_express__rosidl_typesupport_fastrtps_c.h
[4.164s] -- Up-to-date: /home/dxf/wheeltec_lebai_humble_2024_7_17/install/lebai_interfaces/include/lebai_interfaces/lebai_interfaces/msg/detail/trajectory_move_circle__rosidl_typesupport_fastrtps_c.h
[4.174s] -- Up-to-date: /home/dxf/wheeltec_lebai_humble_2024_7_17/install/lebai_interfaces/include/lebai_interfaces/lebai_interfaces/msg/detail/device_info__rosidl_typesupport_fastrtps_c.h
[4.175s] -- Up-to-date: /home/dxf/wheeltec_lebai_humble_2024_7_17/install/lebai_interfaces/include/lebai_interfaces/lebai_interfaces/msg/detail/robot_mode__rosidl_typesupport_fastrtps_c.h
[4.175s] -- Up-to-date: /home/dxf/wheeltec_lebai_humble_2024_7_17/install/lebai_interfaces/include/lebai_interfaces/lebai_interfaces/msg/detail/move_common__rosidl_typesupport_fastrtps_c.h
[4.175s] -- Up-to-date: /home/dxf/wheeltec_lebai_humble_2024_7_17/install/lebai_interfaces/include/lebai_interfaces/lebai_interfaces/msg/detail/robot_status__rosidl_typesupport_fastrtps_c.h
[4.181s] -- Up-to-date: /home/dxf/wheeltec_lebai_humble_2024_7_17/install/lebai_interfaces/include/lebai_interfaces/lebai_interfaces/msg/detail/trajectory_move_joint__rosidl_typesupport_fastrtps_c.h
[4.183s] -- Up-to-date: /home/dxf/wheeltec_lebai_humble_2024_7_17/install/lebai_interfaces/include/lebai_interfaces/lebai_interfaces/msg/detail/until_info__rosidl_typesupport_fastrtps_c.h
[4.184s] -- Up-to-date: /home/dxf/wheeltec_lebai_humble_2024_7_17/install/lebai_interfaces/include/lebai_interfaces/lebai_interfaces/msg/detail/tri_state__rosidl_typesupport_fastrtps_c.h
[4.184s] -- Up-to-date: /home/dxf/wheeltec_lebai_humble_2024_7_17/install/lebai_interfaces/include/lebai_interfaces/lebai_interfaces/srv
[4.184s] -- Up-to-date: /home/dxf/wheeltec_lebai_humble_2024_7_17/install/lebai_interfaces/include/lebai_interfaces/lebai_interfaces/srv/detail
[4.184s] -- Up-to-date: /home/dxf/wheeltec_lebai_humble_2024_7_17/install/lebai_interfaces/include/lebai_interfaces/lebai_interfaces/srv/detail/set_a_mode__rosidl_typesupport_fastrtps_c.h
[4.184s] -- Up-to-date: /home/dxf/wheeltec_lebai_humble_2024_7_17/install/lebai_interfaces/include/lebai_interfaces/lebai_interfaces/srv/detail/move_circle__rosidl_typesupport_fastrtps_c.h
[4.185s] -- Up-to-date: /home/dxf/wheeltec_lebai_humble_2024_7_17/install/lebai_interfaces/include/lebai_interfaces/lebai_interfaces/srv/detail/set_gripper__rosidl_typesupport_fastrtps_c.h
[4.185s] -- Up-to-date: /home/dxf/wheeltec_lebai_humble_2024_7_17/install/lebai_interfaces/include/lebai_interfaces/lebai_interfaces/srv/detail/set_ao__rosidl_typesupport_fastrtps_c.h
[4.185s] -- Up-to-date: /home/dxf/wheeltec_lebai_humble_2024_7_17/install/lebai_interfaces/include/lebai_interfaces/lebai_interfaces/srv/detail/move_joint__rosidl_typesupport_fastrtps_c.h
[4.185s] -- Up-to-date: /home/dxf/wheeltec_lebai_humble_2024_7_17/install/lebai_interfaces/include/lebai_interfaces/lebai_interfaces/srv/detail/set_do__rosidl_typesupport_fastrtps_c.h
[4.185s] -- Up-to-date: /home/dxf/wheeltec_lebai_humble_2024_7_17/install/lebai_interfaces/include/lebai_interfaces/lebai_interfaces/srv/detail/move_line__rosidl_typesupport_fastrtps_c.h
[4.186s] -- Up-to-date: /home/dxf/wheeltec_lebai_humble_2024_7_17/install/lebai_interfaces/lib/liblebai_interfaces__rosidl_typesupport_fastrtps_c.so
[4.190s] -- Up-to-date: /home/dxf/wheeltec_lebai_humble_2024_7_17/install/lebai_interfaces/include/lebai_interfaces/lebai_interfaces
[4.192s] -- Up-to-date: /home/dxf/wheeltec_lebai_humble_2024_7_17/install/lebai_interfaces/include/lebai_interfaces/lebai_interfaces/msg
[4.194s] -- Up-to-date: /home/dxf/wheeltec_lebai_humble_2024_7_17/install/lebai_interfaces/include/lebai_interfaces/lebai_interfaces/msg/trajectory_move_joint.hpp
[4.200s] -- Up-to-date: /home/dxf/wheeltec_lebai_humble_2024_7_17/install/lebai_interfaces/include/lebai_interfaces/lebai_interfaces/msg/rosidl_generator_cpp__visibility_control.hpp
[4.202s] -- Up-to-date: /home/dxf/wheeltec_lebai_humble_2024_7_17/install/lebai_interfaces/include/lebai_interfaces/lebai_interfaces/msg/gripper_status.hpp
[4.210s] -- Up-to-date: /home/dxf/wheeltec_lebai_humble_2024_7_17/install/lebai_interfaces/include/lebai_interfaces/lebai_interfaces/msg/tri_state.hpp
[4.212s] -- Up-to-date: /home/dxf/wheeltec_lebai_humble_2024_7_17/install/lebai_interfaces/include/lebai_interfaces/lebai_interfaces/msg/move_common.hpp
[4.213s] -- Up-to-date: /home/dxf/wheeltec_lebai_humble_2024_7_17/install/lebai_interfaces/include/lebai_interfaces/lebai_interfaces/msg/until_info.hpp
[4.214s] -- Up-to-date: /home/dxf/wheeltec_lebai_humble_2024_7_17/install/lebai_interfaces/include/lebai_interfaces/lebai_interfaces/msg/trajectory_move_circle.hpp
[4.217s] -- Up-to-date: /home/dxf/wheeltec_lebai_humble_2024_7_17/install/lebai_interfaces/include/lebai_interfaces/lebai_interfaces/msg/detail
[4.218s] -- Up-to-date: /home/dxf/wheeltec_lebai_humble_2024_7_17/install/lebai_interfaces/include/lebai_interfaces/lebai_interfaces/msg/detail/io_status__builder.hpp
[4.221s] -- Up-to-date: /home/dxf/wheeltec_lebai_humble_2024_7_17/install/lebai_interfaces/include/lebai_interfaces/lebai_interfaces/msg/detail/device_info__traits.hpp
[4.225s] -- Up-to-date: /home/dxf/wheeltec_lebai_humble_2024_7_17/install/lebai_interfaces/include/lebai_interfaces/lebai_interfaces/msg/detail/trajectory_move_joint__type_support.hpp
[4.227s] -- Up-to-date: /home/dxf/wheeltec_lebai_humble_2024_7_17/install/lebai_interfaces/include/lebai_interfaces/lebai_interfaces/msg/detail/move_common__builder.hpp
[4.228s] -- Up-to-date: /home/dxf/wheeltec_lebai_humble_2024_7_17/install/lebai_interfaces/include/lebai_interfaces/lebai_interfaces/msg/detail/device_info__builder.hpp
[4.237s] -- Up-to-date: /home/dxf/wheeltec_lebai_humble_2024_7_17/install/lebai_interfaces/include/lebai_interfaces/lebai_interfaces/msg/detail/tri_state__builder.hpp
[4.248s] -- Up-to-date: /home/dxf/wheeltec_lebai_humble_2024_7_17/install/lebai_interfaces/include/lebai_interfaces/lebai_interfaces/msg/detail/io_conditional_express__type_support.hpp
[4.254s] -- Up-to-date: /home/dxf/wheeltec_lebai_humble_2024_7_17/install/lebai_interfaces/include/lebai_interfaces/lebai_interfaces/msg/detail/until_info__builder.hpp
[4.258s] -- Up-to-date: /home/dxf/wheeltec_lebai_humble_2024_7_17/install/lebai_interfaces/include/lebai_interfaces/lebai_interfaces/msg/detail/trajectory_move_circle__builder.hpp
[4.260s] -- Up-to-date: /home/dxf/wheeltec_lebai_humble_2024_7_17/install/lebai_interfaces/include/lebai_interfaces/lebai_interfaces/msg/detail/until_info__type_support.hpp
[4.261s] -- Up-to-date: /home/dxf/wheeltec_lebai_humble_2024_7_17/install/lebai_interfaces/include/lebai_interfaces/lebai_interfaces/msg/detail/debug_level__struct.hpp
[4.263s] -- Up-to-date: /home/dxf/wheeltec_lebai_humble_2024_7_17/install/lebai_interfaces/include/lebai_interfaces/lebai_interfaces/msg/detail/until_info__traits.hpp
[4.264s] -- Up-to-date: /home/dxf/wheeltec_lebai_humble_2024_7_17/install/lebai_interfaces/include/lebai_interfaces/lebai_interfaces/msg/detail/io_conditional_express__builder.hpp
[4.267s] -- Up-to-date: /home/dxf/wheeltec_lebai_humble_2024_7_17/install/lebai_interfaces/include/lebai_interfaces/lebai_interfaces/msg/detail/tri_state__type_support.hpp
[4.278s] -- Up-to-date: /home/dxf/wheeltec_lebai_humble_2024_7_17/install/lebai_interfaces/include/lebai_interfaces/lebai_interfaces/msg/detail/trajectory_move_joint__struct.hpp
[4.279s] -- Up-to-date: /home/dxf/wheeltec_lebai_humble_2024_7_17/install/lebai_interfaces/include/lebai_interfaces/lebai_interfaces/msg/detail/debug_level__traits.hpp
[4.281s] -- Up-to-date: /home/dxf/wheeltec_lebai_humble_2024_7_17/install/lebai_interfaces/include/lebai_interfaces/lebai_interfaces/msg/detail/device_info__type_support.hpp
[4.283s] -- Up-to-date: /home/dxf/wheeltec_lebai_humble_2024_7_17/install/lebai_interfaces/include/lebai_interfaces/lebai_interfaces/msg/detail/trajectory_move_line__struct.hpp
[4.284s] -- Up-to-date: /home/dxf/wheeltec_lebai_humble_2024_7_17/install/lebai_interfaces/include/lebai_interfaces/lebai_interfaces/msg/detail/trajectory_move_circle__struct.hpp
[4.286s] -- Up-to-date: /home/dxf/wheeltec_lebai_humble_2024_7_17/install/lebai_interfaces/include/lebai_interfaces/lebai_interfaces/msg/detail/trajectory_move_circle__traits.hpp
[4.287s] -- Up-to-date: /home/dxf/wheeltec_lebai_humble_2024_7_17/install/lebai_interfaces/include/lebai_interfaces/lebai_interfaces/msg/detail/io_status__type_support.hpp
[4.287s] -- Up-to-date: /home/dxf/wheeltec_lebai_humble_2024_7_17/install/lebai_interfaces/include/lebai_interfaces/lebai_interfaces/msg/detail/tri_state__struct.hpp
[4.288s] -- Up-to-date: /home/dxf/wheeltec_lebai_humble_2024_7_17/install/lebai_interfaces/include/lebai_interfaces/lebai_interfaces/msg/detail/device_info__struct.hpp
[4.289s] -- Up-to-date: /home/dxf/wheeltec_lebai_humble_2024_7_17/install/lebai_interfaces/include/lebai_interfaces/lebai_interfaces/msg/detail/io_status__traits.hpp
[4.290s] -- Up-to-date: /home/dxf/wheeltec_lebai_humble_2024_7_17/install/lebai_interfaces/include/lebai_interfaces/lebai_interfaces/msg/detail/move_common__type_support.hpp
[4.290s] -- Up-to-date: /home/dxf/wheeltec_lebai_humble_2024_7_17/install/lebai_interfaces/include/lebai_interfaces/lebai_interfaces/msg/detail/debug_level__builder.hpp
[4.291s] -- Up-to-date: /home/dxf/wheeltec_lebai_humble_2024_7_17/install/lebai_interfaces/include/lebai_interfaces/lebai_interfaces/msg/detail/trajectory_move_circle__type_support.hpp
[4.291s] -- Up-to-date: /home/dxf/wheeltec_lebai_humble_2024_7_17/install/lebai_interfaces/include/lebai_interfaces/lebai_interfaces/msg/detail/io_conditional_express__struct.hpp
[4.292s] -- Up-to-date: /home/dxf/wheeltec_lebai_humble_2024_7_17/install/lebai_interfaces/include/lebai_interfaces/lebai_interfaces/msg/detail/robot_status__type_support.hpp
[4.292s] -- Up-to-date: /home/dxf/wheeltec_lebai_humble_2024_7_17/install/lebai_interfaces/include/lebai_interfaces/lebai_interfaces/msg/detail/robot_status__builder.hpp
[4.293s] -- Up-to-date: /home/dxf/wheeltec_lebai_humble_2024_7_17/install/lebai_interfaces/include/lebai_interfaces/lebai_interfaces/msg/detail/trajectory_move_joint__builder.hpp
[4.293s] -- Up-to-date: /home/dxf/wheeltec_lebai_humble_2024_7_17/install/lebai_interfaces/include/lebai_interfaces/lebai_interfaces/msg/detail/robot_mode__struct.hpp
[4.294s] -- Up-to-date: /home/dxf/wheeltec_lebai_humble_2024_7_17/install/lebai_interfaces/include/lebai_interfaces/lebai_interfaces/msg/detail/debug_level__type_support.hpp
[4.294s] -- Up-to-date: /home/dxf/wheeltec_lebai_humble_2024_7_17/install/lebai_interfaces/include/lebai_interfaces/lebai_interfaces/msg/detail/tri_state__traits.hpp
[4.295s] -- Up-to-date: /home/dxf/wheeltec_lebai_humble_2024_7_17/install/lebai_interfaces/include/lebai_interfaces/lebai_interfaces/msg/detail/gripper_status__builder.hpp
[4.295s] -- Up-to-date: /home/dxf/wheeltec_lebai_humble_2024_7_17/install/lebai_interfaces/include/lebai_interfaces/lebai_interfaces/msg/detail/robot_mode__traits.hpp
[4.295s] -- Up-to-date: /home/dxf/wheeltec_lebai_humble_2024_7_17/install/lebai_interfaces/include/lebai_interfaces/lebai_interfaces/msg/detail/move_common__traits.hpp
[4.296s] -- Up-to-date: /home/dxf/wheeltec_lebai_humble_2024_7_17/install/lebai_interfaces/include/lebai_interfaces/lebai_interfaces/msg/detail/move_common__struct.hpp
[4.297s] -- Up-to-date: /home/dxf/wheeltec_lebai_humble_2024_7_17/install/lebai_interfaces/include/lebai_interfaces/lebai_interfaces/msg/detail/robot_status__struct.hpp
[4.298s] -- Up-to-date: /home/dxf/wheeltec_lebai_humble_2024_7_17/install/lebai_interfaces/include/lebai_interfaces/lebai_interfaces/msg/detail/robot_mode__type_support.hpp
[4.299s] -- Up-to-date: /home/dxf/wheeltec_lebai_humble_2024_7_17/install/lebai_interfaces/include/lebai_interfaces/lebai_interfaces/msg/detail/robot_mode__builder.hpp
[4.300s] -- Up-to-date: /home/dxf/wheeltec_lebai_humble_2024_7_17/install/lebai_interfaces/include/lebai_interfaces/lebai_interfaces/msg/detail/gripper_status__struct.hpp
[4.300s] -- Up-to-date: /home/dxf/wheeltec_lebai_humble_2024_7_17/install/lebai_interfaces/include/lebai_interfaces/lebai_interfaces/msg/detail/trajectory_move_joint__traits.hpp
[4.301s] -- Up-to-date: /home/dxf/wheeltec_lebai_humble_2024_7_17/install/lebai_interfaces/include/lebai_interfaces/lebai_interfaces/msg/detail/gripper_status__type_support.hpp
[4.303s] -- Up-to-date: /home/dxf/wheeltec_lebai_humble_2024_7_17/install/lebai_interfaces/include/lebai_interfaces/lebai_interfaces/msg/detail/trajectory_move_line__traits.hpp
[4.303s] -- Up-to-date: /home/dxf/wheeltec_lebai_humble_2024_7_17/install/lebai_interfaces/include/lebai_interfaces/lebai_interfaces/msg/detail/gripper_status__traits.hpp
[4.304s] -- Up-to-date: /home/dxf/wheeltec_lebai_humble_2024_7_17/install/lebai_interfaces/include/lebai_interfaces/lebai_interfaces/msg/detail/trajectory_move_line__type_support.hpp
[4.305s] -- Up-to-date: /home/dxf/wheeltec_lebai_humble_2024_7_17/install/lebai_interfaces/include/lebai_interfaces/lebai_interfaces/msg/detail/robot_status__traits.hpp
[4.305s] -- Up-to-date: /home/dxf/wheeltec_lebai_humble_2024_7_17/install/lebai_interfaces/include/lebai_interfaces/lebai_interfaces/msg/detail/trajectory_move_line__builder.hpp
[4.306s] -- Up-to-date: /home/dxf/wheeltec_lebai_humble_2024_7_17/install/lebai_interfaces/include/lebai_interfaces/lebai_interfaces/msg/detail/io_conditional_express__traits.hpp
[4.307s] -- Up-to-date: /home/dxf/wheeltec_lebai_humble_2024_7_17/install/lebai_interfaces/include/lebai_interfaces/lebai_interfaces/msg/detail/io_status__struct.hpp
[4.308s] -- Up-to-date: /home/dxf/wheeltec_lebai_humble_2024_7_17/install/lebai_interfaces/include/lebai_interfaces/lebai_interfaces/msg/detail/until_info__struct.hpp
[4.310s] -- Up-to-date: /home/dxf/wheeltec_lebai_humble_2024_7_17/install/lebai_interfaces/include/lebai_interfaces/lebai_interfaces/msg/io_conditional_express.hpp
[4.322s] -- Up-to-date: /home/dxf/wheeltec_lebai_humble_2024_7_17/install/lebai_interfaces/include/lebai_interfaces/lebai_interfaces/msg/device_info.hpp
[4.325s] -- Up-to-date: /home/dxf/wheeltec_lebai_humble_2024_7_17/install/lebai_interfaces/include/lebai_interfaces/lebai_interfaces/msg/debug_level.hpp
[4.328s] -- Up-to-date: /home/dxf/wheeltec_lebai_humble_2024_7_17/install/lebai_interfaces/include/lebai_interfaces/lebai_interfaces/msg/robot_status.hpp
[4.330s] -- Up-to-date: /home/dxf/wheeltec_lebai_humble_2024_7_17/install/lebai_interfaces/include/lebai_interfaces/lebai_interfaces/msg/io_status.hpp
[4.332s] -- Up-to-date: /home/dxf/wheeltec_lebai_humble_2024_7_17/install/lebai_interfaces/include/lebai_interfaces/lebai_interfaces/msg/trajectory_move_line.hpp
[4.334s] -- Up-to-date: /home/dxf/wheeltec_lebai_humble_2024_7_17/install/lebai_interfaces/include/lebai_interfaces/lebai_interfaces/msg/robot_mode.hpp
[4.335s] -- Up-to-date: /home/dxf/wheeltec_lebai_humble_2024_7_17/install/lebai_interfaces/include/lebai_interfaces/lebai_interfaces/srv
[4.337s] -- Up-to-date: /home/dxf/wheeltec_lebai_humble_2024_7_17/install/lebai_interfaces/include/lebai_interfaces/lebai_interfaces/srv/set_do.hpp
[4.338s] -- Up-to-date: /home/dxf/wheeltec_lebai_humble_2024_7_17/install/lebai_interfaces/include/lebai_interfaces/lebai_interfaces/srv/set_ao.hpp
[4.340s] -- Up-to-date: /home/dxf/wheeltec_lebai_humble_2024_7_17/install/lebai_interfaces/include/lebai_interfaces/lebai_interfaces/srv/move_joint.hpp
[4.341s] -- Up-to-date: /home/dxf/wheeltec_lebai_humble_2024_7_17/install/lebai_interfaces/include/lebai_interfaces/lebai_interfaces/srv/set_gripper.hpp
[4.348s] -- Up-to-date: /home/dxf/wheeltec_lebai_humble_2024_7_17/install/lebai_interfaces/include/lebai_interfaces/lebai_interfaces/srv/detail
[4.349s] -- Up-to-date: /home/dxf/wheeltec_lebai_humble_2024_7_17/install/lebai_interfaces/include/lebai_interfaces/lebai_interfaces/srv/detail/move_circle__type_support.hpp
[4.354s] -- Up-to-date: /home/dxf/wheeltec_lebai_humble_2024_7_17/install/lebai_interfaces/include/lebai_interfaces/lebai_interfaces/srv/detail/set_a_mode__builder.hpp
[4.356s] -- Up-to-date: /home/dxf/wheeltec_lebai_humble_2024_7_17/install/lebai_interfaces/include/lebai_interfaces/lebai_interfaces/srv/detail/set_ao__traits.hpp
[4.359s] -- Up-to-date: /home/dxf/wheeltec_lebai_humble_2024_7_17/install/lebai_interfaces/include/lebai_interfaces/lebai_interfaces/srv/detail/move_circle__traits.hpp
[4.361s] -- Up-to-date: /home/dxf/wheeltec_lebai_humble_2024_7_17/install/lebai_interfaces/include/lebai_interfaces/lebai_interfaces/srv/detail/set_do__traits.hpp
[4.362s] -- Up-to-date: /home/dxf/wheeltec_lebai_humble_2024_7_17/install/lebai_interfaces/include/lebai_interfaces/lebai_interfaces/srv/detail/set_gripper__traits.hpp
[4.366s] -- Up-to-date: /home/dxf/wheeltec_lebai_humble_2024_7_17/install/lebai_interfaces/include/lebai_interfaces/lebai_interfaces/srv/detail/set_ao__type_support.hpp
[4.369s] -- Up-to-date: /home/dxf/wheeltec_lebai_humble_2024_7_17/install/lebai_interfaces/include/lebai_interfaces/lebai_interfaces/srv/detail/move_joint__struct.hpp
[4.376s] -- Up-to-date: /home/dxf/wheeltec_lebai_humble_2024_7_17/install/lebai_interfaces/include/lebai_interfaces/lebai_interfaces/srv/detail/move_joint__traits.hpp
[4.386s] -- Up-to-date: /home/dxf/wheeltec_lebai_humble_2024_7_17/install/lebai_interfaces/include/lebai_interfaces/lebai_interfaces/srv/detail/set_gripper__builder.hpp
[4.387s] -- Up-to-date: /home/dxf/wheeltec_lebai_humble_2024_7_17/install/lebai_interfaces/include/lebai_interfaces/lebai_interfaces/srv/detail/move_line__struct.hpp
[4.387s] -- Up-to-date: /home/dxf/wheeltec_lebai_humble_2024_7_17/install/lebai_interfaces/include/lebai_interfaces/lebai_interfaces/srv/detail/move_circle__struct.hpp
[4.387s] -- Up-to-date: /home/dxf/wheeltec_lebai_humble_2024_7_17/install/lebai_interfaces/include/lebai_interfaces/lebai_interfaces/srv/detail/set_do__builder.hpp
[4.388s] -- Up-to-date: /home/dxf/wheeltec_lebai_humble_2024_7_17/install/lebai_interfaces/include/lebai_interfaces/lebai_interfaces/srv/detail/move_line__builder.hpp
[4.391s] -- Up-to-date: /home/dxf/wheeltec_lebai_humble_2024_7_17/install/lebai_interfaces/include/lebai_interfaces/lebai_interfaces/srv/detail/set_ao__builder.hpp
[4.391s] -- Up-to-date: /home/dxf/wheeltec_lebai_humble_2024_7_17/install/lebai_interfaces/include/lebai_interfaces/lebai_interfaces/srv/detail/move_joint__type_support.hpp
[4.391s] -- Up-to-date: /home/dxf/wheeltec_lebai_humble_2024_7_17/install/lebai_interfaces/include/lebai_interfaces/lebai_interfaces/srv/detail/set_do__struct.hpp
[4.391s] -- Up-to-date: /home/dxf/wheeltec_lebai_humble_2024_7_17/install/lebai_interfaces/include/lebai_interfaces/lebai_interfaces/srv/detail/set_a_mode__traits.hpp
[4.392s] -- Up-to-date: /home/dxf/wheeltec_lebai_humble_2024_7_17/install/lebai_interfaces/include/lebai_interfaces/lebai_interfaces/srv/detail/set_do__type_support.hpp
[4.392s] -- Up-to-date: /home/dxf/wheeltec_lebai_humble_2024_7_17/install/lebai_interfaces/include/lebai_interfaces/lebai_interfaces/srv/detail/move_line__traits.hpp
[4.392s] -- Up-to-date: /home/dxf/wheeltec_lebai_humble_2024_7_17/install/lebai_interfaces/include/lebai_interfaces/lebai_interfaces/srv/detail/set_gripper__type_support.hpp
[4.392s] -- Up-to-date: /home/dxf/wheeltec_lebai_humble_2024_7_17/install/lebai_interfaces/include/lebai_interfaces/lebai_interfaces/srv/detail/set_gripper__struct.hpp
[4.392s] -- Up-to-date: /home/dxf/wheeltec_lebai_humble_2024_7_17/install/lebai_interfaces/include/lebai_interfaces/lebai_interfaces/srv/detail/move_joint__builder.hpp
[4.392s] -- Up-to-date: /home/dxf/wheeltec_lebai_humble_2024_7_17/install/lebai_interfaces/include/lebai_interfaces/lebai_interfaces/srv/detail/set_a_mode__type_support.hpp
[4.393s] -- Up-to-date: /home/dxf/wheeltec_lebai_humble_2024_7_17/install/lebai_interfaces/include/lebai_interfaces/lebai_interfaces/srv/detail/move_line__type_support.hpp
[4.393s] -- Up-to-date: /home/dxf/wheeltec_lebai_humble_2024_7_17/install/lebai_interfaces/include/lebai_interfaces/lebai_interfaces/srv/detail/set_a_mode__struct.hpp
[4.393s] -- Up-to-date: /home/dxf/wheeltec_lebai_humble_2024_7_17/install/lebai_interfaces/include/lebai_interfaces/lebai_interfaces/srv/detail/set_ao__struct.hpp
[4.393s] -- Up-to-date: /home/dxf/wheeltec_lebai_humble_2024_7_17/install/lebai_interfaces/include/lebai_interfaces/lebai_interfaces/srv/detail/move_circle__builder.hpp
[4.393s] -- Up-to-date: /home/dxf/wheeltec_lebai_humble_2024_7_17/install/lebai_interfaces/include/lebai_interfaces/lebai_interfaces/srv/move_line.hpp
[4.393s] -- Up-to-date: /home/dxf/wheeltec_lebai_humble_2024_7_17/install/lebai_interfaces/include/lebai_interfaces/lebai_interfaces/srv/set_a_mode.hpp
[4.393s] -- Up-to-date: /home/dxf/wheeltec_lebai_humble_2024_7_17/install/lebai_interfaces/include/lebai_interfaces/lebai_interfaces/srv/move_circle.hpp
[4.396s] -- Up-to-date: /home/dxf/wheeltec_lebai_humble_2024_7_17/install/lebai_interfaces/include/lebai_interfaces/lebai_interfaces
[4.396s] -- Up-to-date: /home/dxf/wheeltec_lebai_humble_2024_7_17/install/lebai_interfaces/include/lebai_interfaces/lebai_interfaces/msg
[4.396s] -- Up-to-date: /home/dxf/wheeltec_lebai_humble_2024_7_17/install/lebai_interfaces/include/lebai_interfaces/lebai_interfaces/msg/rosidl_typesupport_fastrtps_cpp__visibility_control.h
[4.396s] -- Up-to-date: /home/dxf/wheeltec_lebai_humble_2024_7_17/install/lebai_interfaces/include/lebai_interfaces/lebai_interfaces/msg/detail
[4.397s] -- Up-to-date: /home/dxf/wheeltec_lebai_humble_2024_7_17/install/lebai_interfaces/include/lebai_interfaces/lebai_interfaces/msg/detail/trajectory_move_line__rosidl_typesupport_fastrtps_cpp.hpp
[4.397s] -- Up-to-date: /home/dxf/wheeltec_lebai_humble_2024_7_17/install/lebai_interfaces/include/lebai_interfaces/lebai_interfaces/msg/detail/dds_fastrtps
[4.397s] -- Up-to-date: /home/dxf/wheeltec_lebai_humble_2024_7_17/install/lebai_interfaces/include/lebai_interfaces/lebai_interfaces/msg/detail/move_common__rosidl_typesupport_fastrtps_cpp.hpp
[4.397s] -- Up-to-date: /home/dxf/wheeltec_lebai_humble_2024_7_17/install/lebai_interfaces/include/lebai_interfaces/lebai_interfaces/msg/detail/device_info__rosidl_typesupport_fastrtps_cpp.hpp
[4.397s] -- Up-to-date: /home/dxf/wheeltec_lebai_humble_2024_7_17/install/lebai_interfaces/include/lebai_interfaces/lebai_interfaces/msg/detail/gripper_status__rosidl_typesupport_fastrtps_cpp.hpp
[4.397s] -- Up-to-date: /home/dxf/wheeltec_lebai_humble_2024_7_17/install/lebai_interfaces/include/lebai_interfaces/lebai_interfaces/msg/detail/trajectory_move_circle__rosidl_typesupport_fastrtps_cpp.hpp
[4.397s] -- Up-to-date: /home/dxf/wheeltec_lebai_humble_2024_7_17/install/lebai_interfaces/include/lebai_interfaces/lebai_interfaces/msg/detail/robot_mode__rosidl_typesupport_fastrtps_cpp.hpp
[4.398s] -- Up-to-date: /home/dxf/wheeltec_lebai_humble_2024_7_17/install/lebai_interfaces/include/lebai_interfaces/lebai_interfaces/msg/detail/until_info__rosidl_typesupport_fastrtps_cpp.hpp
[4.398s] -- Up-to-date: /home/dxf/wheeltec_lebai_humble_2024_7_17/install/lebai_interfaces/include/lebai_interfaces/lebai_interfaces/msg/detail/tri_state__rosidl_typesupport_fastrtps_cpp.hpp
[4.398s] -- Up-to-date: /home/dxf/wheeltec_lebai_humble_2024_7_17/install/lebai_interfaces/include/lebai_interfaces/lebai_interfaces/msg/detail/debug_level__rosidl_typesupport_fastrtps_cpp.hpp
[4.398s] -- Up-to-date: /home/dxf/wheeltec_lebai_humble_2024_7_17/install/lebai_interfaces/include/lebai_interfaces/lebai_interfaces/msg/detail/io_conditional_express__rosidl_typesupport_fastrtps_cpp.hpp
[4.398s] -- Up-to-date: /home/dxf/wheeltec_lebai_humble_2024_7_17/install/lebai_interfaces/include/lebai_interfaces/lebai_interfaces/msg/detail/io_status__rosidl_typesupport_fastrtps_cpp.hpp
[4.399s] -- Up-to-date: /home/dxf/wheeltec_lebai_humble_2024_7_17/install/lebai_interfaces/include/lebai_interfaces/lebai_interfaces/msg/detail/robot_status__rosidl_typesupport_fastrtps_cpp.hpp
[4.399s] -- Up-to-date: /home/dxf/wheeltec_lebai_humble_2024_7_17/install/lebai_interfaces/include/lebai_interfaces/lebai_interfaces/msg/detail/trajectory_move_joint__rosidl_typesupport_fastrtps_cpp.hpp
[4.399s] -- Up-to-date: /home/dxf/wheeltec_lebai_humble_2024_7_17/install/lebai_interfaces/include/lebai_interfaces/lebai_interfaces/srv
[4.399s] -- Up-to-date: /home/dxf/wheeltec_lebai_humble_2024_7_17/install/lebai_interfaces/include/lebai_interfaces/lebai_interfaces/srv/detail
[4.399s] -- Up-to-date: /home/dxf/wheeltec_lebai_humble_2024_7_17/install/lebai_interfaces/include/lebai_interfaces/lebai_interfaces/srv/detail/dds_fastrtps
[4.400s] -- Up-to-date: /home/dxf/wheeltec_lebai_humble_2024_7_17/install/lebai_interfaces/include/lebai_interfaces/lebai_interfaces/srv/detail/move_circle__rosidl_typesupport_fastrtps_cpp.hpp
[4.400s] -- Up-to-date: /home/dxf/wheeltec_lebai_humble_2024_7_17/install/lebai_interfaces/include/lebai_interfaces/lebai_interfaces/srv/detail/set_a_mode__rosidl_typesupport_fastrtps_cpp.hpp
[4.400s] -- Up-to-date: /home/dxf/wheeltec_lebai_humble_2024_7_17/install/lebai_interfaces/include/lebai_interfaces/lebai_interfaces/srv/detail/set_gripper__rosidl_typesupport_fastrtps_cpp.hpp
[4.400s] -- Up-to-date: /home/dxf/wheeltec_lebai_humble_2024_7_17/install/lebai_interfaces/include/lebai_interfaces/lebai_interfaces/srv/detail/set_ao__rosidl_typesupport_fastrtps_cpp.hpp
[4.400s] -- Up-to-date: /home/dxf/wheeltec_lebai_humble_2024_7_17/install/lebai_interfaces/include/lebai_interfaces/lebai_interfaces/srv/detail/move_joint__rosidl_typesupport_fastrtps_cpp.hpp
[4.401s] -- Up-to-date: /home/dxf/wheeltec_lebai_humble_2024_7_17/install/lebai_interfaces/include/lebai_interfaces/lebai_interfaces/srv/detail/move_line__rosidl_typesupport_fastrtps_cpp.hpp
[4.401s] -- Up-to-date: /home/dxf/wheeltec_lebai_humble_2024_7_17/install/lebai_interfaces/include/lebai_interfaces/lebai_interfaces/srv/detail/set_do__rosidl_typesupport_fastrtps_cpp.hpp
[4.401s] -- Up-to-date: /home/dxf/wheeltec_lebai_humble_2024_7_17/install/lebai_interfaces/lib/liblebai_interfaces__rosidl_typesupport_fastrtps_cpp.so
[4.404s] -- Up-to-date: /home/dxf/wheeltec_lebai_humble_2024_7_17/install/lebai_interfaces/include/lebai_interfaces/lebai_interfaces
[4.404s] -- Up-to-date: /home/dxf/wheeltec_lebai_humble_2024_7_17/install/lebai_interfaces/include/lebai_interfaces/lebai_interfaces/msg
[4.404s] -- Up-to-date: /home/dxf/wheeltec_lebai_humble_2024_7_17/install/lebai_interfaces/include/lebai_interfaces/lebai_interfaces/msg/detail
[4.404s] -- Up-to-date: /home/dxf/wheeltec_lebai_humble_2024_7_17/install/lebai_interfaces/include/lebai_interfaces/lebai_interfaces/msg/detail/device_info__rosidl_typesupport_introspection_c.h
[4.405s] -- Up-to-date: /home/dxf/wheeltec_lebai_humble_2024_7_17/install/lebai_interfaces/include/lebai_interfaces/lebai_interfaces/msg/detail/io_conditional_express__type_support.c
[4.405s] -- Up-to-date: /home/dxf/wheeltec_lebai_humble_2024_7_17/install/lebai_interfaces/include/lebai_interfaces/lebai_interfaces/msg/detail/debug_level__type_support.c
[4.405s] -- Up-to-date: /home/dxf/wheeltec_lebai_humble_2024_7_17/install/lebai_interfaces/include/lebai_interfaces/lebai_interfaces/msg/detail/debug_level__rosidl_typesupport_introspection_c.h
[4.405s] -- Up-to-date: /home/dxf/wheeltec_lebai_humble_2024_7_17/install/lebai_interfaces/include/lebai_interfaces/lebai_interfaces/msg/detail/trajectory_move_joint__rosidl_typesupport_introspection_c.h
[4.405s] -- Up-to-date: /home/dxf/wheeltec_lebai_humble_2024_7_17/install/lebai_interfaces/include/lebai_interfaces/lebai_interfaces/msg/detail/robot_status__type_support.c
[4.405s] -- Up-to-date: /home/dxf/wheeltec_lebai_humble_2024_7_17/install/lebai_interfaces/include/lebai_interfaces/lebai_interfaces/msg/detail/trajectory_move_circle__type_support.c
[4.406s] -- Up-to-date: /home/dxf/wheeltec_lebai_humble_2024_7_17/install/lebai_interfaces/include/lebai_interfaces/lebai_interfaces/msg/detail/trajectory_move_joint__type_support.c
[4.406s] -- Up-to-date: /home/dxf/wheeltec_lebai_humble_2024_7_17/install/lebai_interfaces/include/lebai_interfaces/lebai_interfaces/msg/detail/tri_state__rosidl_typesupport_introspection_c.h
[4.406s] -- Up-to-date: /home/dxf/wheeltec_lebai_humble_2024_7_17/install/lebai_interfaces/include/lebai_interfaces/lebai_interfaces/msg/detail/io_status__rosidl_typesupport_introspection_c.h
[4.406s] -- Up-to-date: /home/dxf/wheeltec_lebai_humble_2024_7_17/install/lebai_interfaces/include/lebai_interfaces/lebai_interfaces/msg/detail/trajectory_move_line__rosidl_typesupport_introspection_c.h
[4.406s] -- Up-to-date: /home/dxf/wheeltec_lebai_humble_2024_7_17/install/lebai_interfaces/include/lebai_interfaces/lebai_interfaces/msg/detail/robot_mode__rosidl_typesupport_introspection_c.h
[4.406s] -- Up-to-date: /home/dxf/wheeltec_lebai_humble_2024_7_17/install/lebai_interfaces/include/lebai_interfaces/lebai_interfaces/msg/detail/tri_state__type_support.c
[4.406s] -- Up-to-date: /home/dxf/wheeltec_lebai_humble_2024_7_17/install/lebai_interfaces/include/lebai_interfaces/lebai_interfaces/msg/detail/io_conditional_express__rosidl_typesupport_introspection_c.h
[4.407s] -- Up-to-date: /home/dxf/wheeltec_lebai_humble_2024_7_17/install/lebai_interfaces/include/lebai_interfaces/lebai_interfaces/msg/detail/gripper_status__rosidl_typesupport_introspection_c.h
[4.407s] -- Up-to-date: /home/dxf/wheeltec_lebai_humble_2024_7_17/install/lebai_interfaces/include/lebai_interfaces/lebai_interfaces/msg/detail/device_info__type_support.c
[4.407s] -- Up-to-date: /home/dxf/wheeltec_lebai_humble_2024_7_17/install/lebai_interfaces/include/lebai_interfaces/lebai_interfaces/msg/detail/move_common__rosidl_typesupport_introspection_c.h
[4.407s] -- Up-to-date: /home/dxf/wheeltec_lebai_humble_2024_7_17/install/lebai_interfaces/include/lebai_interfaces/lebai_interfaces/msg/detail/robot_mode__type_support.c
[4.407s] -- Up-to-date: /home/dxf/wheeltec_lebai_humble_2024_7_17/install/lebai_interfaces/include/lebai_interfaces/lebai_interfaces/msg/detail/robot_status__rosidl_typesupport_introspection_c.h
[4.407s] -- Up-to-date: /home/dxf/wheeltec_lebai_humble_2024_7_17/install/lebai_interfaces/include/lebai_interfaces/lebai_interfaces/msg/detail/gripper_status__type_support.c
[4.408s] -- Up-to-date: /home/dxf/wheeltec_lebai_humble_2024_7_17/install/lebai_interfaces/include/lebai_interfaces/lebai_interfaces/msg/detail/trajectory_move_circle__rosidl_typesupport_introspection_c.h
[4.408s] -- Up-to-date: /home/dxf/wheeltec_lebai_humble_2024_7_17/install/lebai_interfaces/include/lebai_interfaces/lebai_interfaces/msg/detail/move_common__type_support.c
[4.408s] -- Up-to-date: /home/dxf/wheeltec_lebai_humble_2024_7_17/install/lebai_interfaces/include/lebai_interfaces/lebai_interfaces/msg/detail/trajectory_move_line__type_support.c
[4.408s] -- Up-to-date: /home/dxf/wheeltec_lebai_humble_2024_7_17/install/lebai_interfaces/include/lebai_interfaces/lebai_interfaces/msg/detail/io_status__type_support.c
[4.408s] -- Up-to-date: /home/dxf/wheeltec_lebai_humble_2024_7_17/install/lebai_interfaces/include/lebai_interfaces/lebai_interfaces/msg/detail/until_info__rosidl_typesupport_introspection_c.h
[4.408s] -- Up-to-date: /home/dxf/wheeltec_lebai_humble_2024_7_17/install/lebai_interfaces/include/lebai_interfaces/lebai_interfaces/msg/detail/until_info__type_support.c
[4.409s] -- Up-to-date: /home/dxf/wheeltec_lebai_humble_2024_7_17/install/lebai_interfaces/include/lebai_interfaces/lebai_interfaces/msg/rosidl_typesupport_introspection_c__visibility_control.h
[4.409s] -- Up-to-date: /home/dxf/wheeltec_lebai_humble_2024_7_17/install/lebai_interfaces/include/lebai_interfaces/lebai_interfaces/srv
[4.409s] -- Up-to-date: /home/dxf/wheeltec_lebai_humble_2024_7_17/install/lebai_interfaces/include/lebai_interfaces/lebai_interfaces/srv/detail
[4.409s] -- Up-to-date: /home/dxf/wheeltec_lebai_humble_2024_7_17/install/lebai_interfaces/include/lebai_interfaces/lebai_interfaces/srv/detail/set_gripper__rosidl_typesupport_introspection_c.h
[4.409s] -- Up-to-date: /home/dxf/wheeltec_lebai_humble_2024_7_17/install/lebai_interfaces/include/lebai_interfaces/lebai_interfaces/srv/detail/set_gripper__type_support.c
[4.409s] -- Up-to-date: /home/dxf/wheeltec_lebai_humble_2024_7_17/install/lebai_interfaces/include/lebai_interfaces/lebai_interfaces/srv/detail/set_ao__rosidl_typesupport_introspection_c.h
[4.409s] -- Up-to-date: /home/dxf/wheeltec_lebai_humble_2024_7_17/install/lebai_interfaces/include/lebai_interfaces/lebai_interfaces/srv/detail/set_do__type_support.c
[4.411s] -- Up-to-date: /home/dxf/wheeltec_lebai_humble_2024_7_17/install/lebai_interfaces/include/lebai_interfaces/lebai_interfaces/srv/detail/set_a_mode__type_support.c
[4.411s] -- Up-to-date: /home/dxf/wheeltec_lebai_humble_2024_7_17/install/lebai_interfaces/include/lebai_interfaces/lebai_interfaces/srv/detail/set_do__rosidl_typesupport_introspection_c.h
[4.411s] -- Up-to-date: /home/dxf/wheeltec_lebai_humble_2024_7_17/install/lebai_interfaces/include/lebai_interfaces/lebai_interfaces/srv/detail/move_line__type_support.c
[4.412s] -- Up-to-date: /home/dxf/wheeltec_lebai_humble_2024_7_17/install/lebai_interfaces/include/lebai_interfaces/lebai_interfaces/srv/detail/move_line__rosidl_typesupport_introspection_c.h
[4.412s] -- Up-to-date: /home/dxf/wheeltec_lebai_humble_2024_7_17/install/lebai_interfaces/include/lebai_interfaces/lebai_interfaces/srv/detail/move_joint__rosidl_typesupport_introspection_c.h
[4.412s] -- Up-to-date: /home/dxf/wheeltec_lebai_humble_2024_7_17/install/lebai_interfaces/include/lebai_interfaces/lebai_interfaces/srv/detail/move_circle__rosidl_typesupport_introspection_c.h
[4.412s] -- Up-to-date: /home/dxf/wheeltec_lebai_humble_2024_7_17/install/lebai_interfaces/include/lebai_interfaces/lebai_interfaces/srv/detail/set_ao__type_support.c
[4.412s] -- Up-to-date: /home/dxf/wheeltec_lebai_humble_2024_7_17/install/lebai_interfaces/include/lebai_interfaces/lebai_interfaces/srv/detail/set_a_mode__rosidl_typesupport_introspection_c.h
[4.412s] -- Up-to-date: /home/dxf/wheeltec_lebai_humble_2024_7_17/install/lebai_interfaces/include/lebai_interfaces/lebai_interfaces/srv/detail/move_joint__type_support.c
[4.412s] -- Up-to-date: /home/dxf/wheeltec_lebai_humble_2024_7_17/install/lebai_interfaces/include/lebai_interfaces/lebai_interfaces/srv/detail/move_circle__type_support.c
[4.413s] -- Up-to-date: /home/dxf/wheeltec_lebai_humble_2024_7_17/install/lebai_interfaces/lib/liblebai_interfaces__rosidl_typesupport_introspection_c.so
[4.413s] -- Up-to-date: /home/dxf/wheeltec_lebai_humble_2024_7_17/install/lebai_interfaces/lib/liblebai_interfaces__rosidl_typesupport_c.so
[4.413s] -- Up-to-date: /home/dxf/wheeltec_lebai_humble_2024_7_17/install/lebai_interfaces/include/lebai_interfaces/lebai_interfaces
[4.413s] -- Up-to-date: /home/dxf/wheeltec_lebai_humble_2024_7_17/install/lebai_interfaces/include/lebai_interfaces/lebai_interfaces/msg
[4.413s] -- Up-to-date: /home/dxf/wheeltec_lebai_humble_2024_7_17/install/lebai_interfaces/include/lebai_interfaces/lebai_interfaces/msg/detail
[4.414s] -- Up-to-date: /home/dxf/wheeltec_lebai_humble_2024_7_17/install/lebai_interfaces/include/lebai_interfaces/lebai_interfaces/msg/detail/device_info__rosidl_typesupport_introspection_cpp.hpp
[4.414s] -- Up-to-date: /home/dxf/wheeltec_lebai_humble_2024_7_17/install/lebai_interfaces/include/lebai_interfaces/lebai_interfaces/msg/detail/tri_state__type_support.cpp
[4.414s] -- Up-to-date: /home/dxf/wheeltec_lebai_humble_2024_7_17/install/lebai_interfaces/include/lebai_interfaces/lebai_interfaces/msg/detail/gripper_status__rosidl_typesupport_introspection_cpp.hpp
[4.414s] -- Up-to-date: /home/dxf/wheeltec_lebai_humble_2024_7_17/install/lebai_interfaces/include/lebai_interfaces/lebai_interfaces/msg/detail/move_common__rosidl_typesupport_introspection_cpp.hpp
[4.414s] -- Up-to-date: /home/dxf/wheeltec_lebai_humble_2024_7_17/install/lebai_interfaces/include/lebai_interfaces/lebai_interfaces/msg/detail/trajectory_move_joint__type_support.cpp
[4.415s] -- Up-to-date: /home/dxf/wheeltec_lebai_humble_2024_7_17/install/lebai_interfaces/include/lebai_interfaces/lebai_interfaces/msg/detail/trajectory_move_circle__type_support.cpp
[4.415s] -- Up-to-date: /home/dxf/wheeltec_lebai_humble_2024_7_17/install/lebai_interfaces/include/lebai_interfaces/lebai_interfaces/msg/detail/debug_level__rosidl_typesupport_introspection_cpp.hpp
[4.415s] -- Up-to-date: /home/dxf/wheeltec_lebai_humble_2024_7_17/install/lebai_interfaces/include/lebai_interfaces/lebai_interfaces/msg/detail/robot_status__rosidl_typesupport_introspection_cpp.hpp
[4.415s] -- Up-to-date: /home/dxf/wheeltec_lebai_humble_2024_7_17/install/lebai_interfaces/include/lebai_interfaces/lebai_interfaces/msg/detail/robot_mode__rosidl_typesupport_introspection_cpp.hpp
[4.415s] -- Up-to-date: /home/dxf/wheeltec_lebai_humble_2024_7_17/install/lebai_interfaces/include/lebai_interfaces/lebai_interfaces/msg/detail/io_conditional_express__rosidl_typesupport_introspection_cpp.hpp
[4.415s] -- Up-to-date: /home/dxf/wheeltec_lebai_humble_2024_7_17/install/lebai_interfaces/include/lebai_interfaces/lebai_interfaces/msg/detail/move_common__type_support.cpp
[4.415s] -- Up-to-date: /home/dxf/wheeltec_lebai_humble_2024_7_17/install/lebai_interfaces/include/lebai_interfaces/lebai_interfaces/msg/detail/io_status__type_support.cpp
[4.416s] -- Up-to-date: /home/dxf/wheeltec_lebai_humble_2024_7_17/install/lebai_interfaces/include/lebai_interfaces/lebai_interfaces/msg/detail/until_info__rosidl_typesupport_introspection_cpp.hpp
[4.416s] -- Up-to-date: /home/dxf/wheeltec_lebai_humble_2024_7_17/install/lebai_interfaces/include/lebai_interfaces/lebai_interfaces/msg/detail/robot_status__type_support.cpp
[4.416s] -- Up-to-date: /home/dxf/wheeltec_lebai_humble_2024_7_17/install/lebai_interfaces/include/lebai_interfaces/lebai_interfaces/msg/detail/trajectory_move_line__rosidl_typesupport_introspection_cpp.hpp
[4.416s] -- Up-to-date: /home/dxf/wheeltec_lebai_humble_2024_7_17/install/lebai_interfaces/include/lebai_interfaces/lebai_interfaces/msg/detail/debug_level__type_support.cpp
[4.416s] -- Up-to-date: /home/dxf/wheeltec_lebai_humble_2024_7_17/install/lebai_interfaces/include/lebai_interfaces/lebai_interfaces/msg/detail/tri_state__rosidl_typesupport_introspection_cpp.hpp
[4.416s] -- Up-to-date: /home/dxf/wheeltec_lebai_humble_2024_7_17/install/lebai_interfaces/include/lebai_interfaces/lebai_interfaces/msg/detail/io_conditional_express__type_support.cpp
[4.417s] -- Up-to-date: /home/dxf/wheeltec_lebai_humble_2024_7_17/install/lebai_interfaces/include/lebai_interfaces/lebai_interfaces/msg/detail/device_info__type_support.cpp
[4.417s] -- Up-to-date: /home/dxf/wheeltec_lebai_humble_2024_7_17/install/lebai_interfaces/include/lebai_interfaces/lebai_interfaces/msg/detail/trajectory_move_line__type_support.cpp
[4.417s] -- Up-to-date: /home/dxf/wheeltec_lebai_humble_2024_7_17/install/lebai_interfaces/include/lebai_interfaces/lebai_interfaces/msg/detail/trajectory_move_circle__rosidl_typesupport_introspection_cpp.hpp
[4.417s] -- Up-to-date: /home/dxf/wheeltec_lebai_humble_2024_7_17/install/lebai_interfaces/include/lebai_interfaces/lebai_interfaces/msg/detail/until_info__type_support.cpp
[4.417s] -- Up-to-date: /home/dxf/wheeltec_lebai_humble_2024_7_17/install/lebai_interfaces/include/lebai_interfaces/lebai_interfaces/msg/detail/gripper_status__type_support.cpp
[4.417s] -- Up-to-date: /home/dxf/wheeltec_lebai_humble_2024_7_17/install/lebai_interfaces/include/lebai_interfaces/lebai_interfaces/msg/detail/robot_mode__type_support.cpp
[4.417s] -- Up-to-date: /home/dxf/wheeltec_lebai_humble_2024_7_17/install/lebai_interfaces/include/lebai_interfaces/lebai_interfaces/msg/detail/io_status__rosidl_typesupport_introspection_cpp.hpp
[4.418s] -- Up-to-date: /home/dxf/wheeltec_lebai_humble_2024_7_17/install/lebai_interfaces/include/lebai_interfaces/lebai_interfaces/msg/detail/trajectory_move_joint__rosidl_typesupport_introspection_cpp.hpp
[4.418s] -- Up-to-date: /home/dxf/wheeltec_lebai_humble_2024_7_17/install/lebai_interfaces/include/lebai_interfaces/lebai_interfaces/srv
[4.418s] -- Up-to-date: /home/dxf/wheeltec_lebai_humble_2024_7_17/install/lebai_interfaces/include/lebai_interfaces/lebai_interfaces/srv/detail
[4.418s] -- Up-to-date: /home/dxf/wheeltec_lebai_humble_2024_7_17/install/lebai_interfaces/include/lebai_interfaces/lebai_interfaces/srv/detail/set_gripper__rosidl_typesupport_introspection_cpp.hpp
[4.418s] -- Up-to-date: /home/dxf/wheeltec_lebai_humble_2024_7_17/install/lebai_interfaces/include/lebai_interfaces/lebai_interfaces/srv/detail/move_circle__rosidl_typesupport_introspection_cpp.hpp
[4.418s] -- Up-to-date: /home/dxf/wheeltec_lebai_humble_2024_7_17/install/lebai_interfaces/include/lebai_interfaces/lebai_interfaces/srv/detail/move_line__rosidl_typesupport_introspection_cpp.hpp
[4.419s] -- Up-to-date: /home/dxf/wheeltec_lebai_humble_2024_7_17/install/lebai_interfaces/include/lebai_interfaces/lebai_interfaces/srv/detail/move_joint__rosidl_typesupport_introspection_cpp.hpp
[4.419s] -- Up-to-date: /home/dxf/wheeltec_lebai_humble_2024_7_17/install/lebai_interfaces/include/lebai_interfaces/lebai_interfaces/srv/detail/move_line__type_support.cpp
[4.419s] -- Up-to-date: /home/dxf/wheeltec_lebai_humble_2024_7_17/install/lebai_interfaces/include/lebai_interfaces/lebai_interfaces/srv/detail/set_a_mode__rosidl_typesupport_introspection_cpp.hpp
[4.419s] -- Up-to-date: /home/dxf/wheeltec_lebai_humble_2024_7_17/install/lebai_interfaces/include/lebai_interfaces/lebai_interfaces/srv/detail/set_do__type_support.cpp
[4.419s] -- Up-to-date: /home/dxf/wheeltec_lebai_humble_2024_7_17/install/lebai_interfaces/include/lebai_interfaces/lebai_interfaces/srv/detail/set_ao__rosidl_typesupport_introspection_cpp.hpp
[4.419s] -- Up-to-date: /home/dxf/wheeltec_lebai_humble_2024_7_17/install/lebai_interfaces/include/lebai_interfaces/lebai_interfaces/srv/detail/set_a_mode__type_support.cpp
[4.419s] -- Up-to-date: /home/dxf/wheeltec_lebai_humble_2024_7_17/install/lebai_interfaces/include/lebai_interfaces/lebai_interfaces/srv/detail/move_joint__type_support.cpp
[4.420s] -- Up-to-date: /home/dxf/wheeltec_lebai_humble_2024_7_17/install/lebai_interfaces/include/lebai_interfaces/lebai_interfaces/srv/detail/set_do__rosidl_typesupport_introspection_cpp.hpp
[4.420s] -- Up-to-date: /home/dxf/wheeltec_lebai_humble_2024_7_17/install/lebai_interfaces/include/lebai_interfaces/lebai_interfaces/srv/detail/move_circle__type_support.cpp
[4.420s] -- Up-to-date: /home/dxf/wheeltec_lebai_humble_2024_7_17/install/lebai_interfaces/include/lebai_interfaces/lebai_interfaces/srv/detail/set_gripper__type_support.cpp
[4.420s] -- Up-to-date: /home/dxf/wheeltec_lebai_humble_2024_7_17/install/lebai_interfaces/include/lebai_interfaces/lebai_interfaces/srv/detail/set_ao__type_support.cpp
[4.420s] -- Up-to-date: /home/dxf/wheeltec_lebai_humble_2024_7_17/install/lebai_interfaces/lib/liblebai_interfaces__rosidl_typesupport_introspection_cpp.so
[4.420s] -- Up-to-date: /home/dxf/wheeltec_lebai_humble_2024_7_17/install/lebai_interfaces/lib/liblebai_interfaces__rosidl_typesupport_cpp.so
[4.421s] -- Up-to-date: /home/dxf/wheeltec_lebai_humble_2024_7_17/install/lebai_interfaces/share/lebai_interfaces/environment/pythonpath.sh
[4.421s] -- Up-to-date: /home/dxf/wheeltec_lebai_humble_2024_7_17/install/lebai_interfaces/share/lebai_interfaces/environment/pythonpath.dsv
[4.421s] -- Up-to-date: /home/dxf/wheeltec_lebai_humble_2024_7_17/install/lebai_interfaces/local/lib/python3.10/dist-packages/lebai_interfaces-0.0.1-py3.10.egg-info
[4.421s] -- Installing: /home/dxf/wheeltec_lebai_humble_2024_7_17/install/lebai_interfaces/local/lib/python3.10/dist-packages/lebai_interfaces-0.0.1-py3.10.egg-info/dependency_links.txt
[4.421s] -- Installing: /home/dxf/wheeltec_lebai_humble_2024_7_17/install/lebai_interfaces/local/lib/python3.10/dist-packages/lebai_interfaces-0.0.1-py3.10.egg-info/PKG-INFO
[4.421s] -- Installing: /home/dxf/wheeltec_lebai_humble_2024_7_17/install/lebai_interfaces/local/lib/python3.10/dist-packages/lebai_interfaces-0.0.1-py3.10.egg-info/top_level.txt
[4.421s] -- Installing: /home/dxf/wheeltec_lebai_humble_2024_7_17/install/lebai_interfaces/local/lib/python3.10/dist-packages/lebai_interfaces-0.0.1-py3.10.egg-info/SOURCES.txt
[4.422s] -- Up-to-date: /home/dxf/wheeltec_lebai_humble_2024_7_17/install/lebai_interfaces/local/lib/python3.10/dist-packages/lebai_interfaces
[4.422s] -- Up-to-date: /home/dxf/wheeltec_lebai_humble_2024_7_17/install/lebai_interfaces/local/lib/python3.10/dist-packages/lebai_interfaces/lebai_interfaces_s__rosidl_typesupport_fastrtps_c.cpython-310-aarch64-linux-gnu.so
[4.422s] -- Up-to-date: /home/dxf/wheeltec_lebai_humble_2024_7_17/install/lebai_interfaces/local/lib/python3.10/dist-packages/lebai_interfaces/lebai_interfaces_s__rosidl_typesupport_introspection_c.cpython-310-aarch64-linux-gnu.so
[4.422s] -- Up-to-date: /home/dxf/wheeltec_lebai_humble_2024_7_17/install/lebai_interfaces/local/lib/python3.10/dist-packages/lebai_interfaces/__init__.py
[4.422s] -- Up-to-date: /home/dxf/wheeltec_lebai_humble_2024_7_17/install/lebai_interfaces/local/lib/python3.10/dist-packages/lebai_interfaces/liblebai_interfaces__rosidl_generator_py.so
[4.422s] -- Up-to-date: /home/dxf/wheeltec_lebai_humble_2024_7_17/install/lebai_interfaces/local/lib/python3.10/dist-packages/lebai_interfaces/msg
[4.422s] -- Up-to-date: /home/dxf/wheeltec_lebai_humble_2024_7_17/install/lebai_interfaces/local/lib/python3.10/dist-packages/lebai_interfaces/msg/_robot_mode.py
[4.423s] -- Up-to-date: /home/dxf/wheeltec_lebai_humble_2024_7_17/install/lebai_interfaces/local/lib/python3.10/dist-packages/lebai_interfaces/msg/_move_common.py
[4.423s] -- Up-to-date: /home/dxf/wheeltec_lebai_humble_2024_7_17/install/lebai_interfaces/local/lib/python3.10/dist-packages/lebai_interfaces/msg/_trajectory_move_line.py
[4.423s] -- Up-to-date: /home/dxf/wheeltec_lebai_humble_2024_7_17/install/lebai_interfaces/local/lib/python3.10/dist-packages/lebai_interfaces/msg/_move_common_s.c
[4.423s] -- Up-to-date: /home/dxf/wheeltec_lebai_humble_2024_7_17/install/lebai_interfaces/local/lib/python3.10/dist-packages/lebai_interfaces/msg/_io_conditional_express_s.c
[4.423s] -- Up-to-date: /home/dxf/wheeltec_lebai_humble_2024_7_17/install/lebai_interfaces/local/lib/python3.10/dist-packages/lebai_interfaces/msg/_trajectory_move_circle_s.c
[4.423s] -- Up-to-date: /home/dxf/wheeltec_lebai_humble_2024_7_17/install/lebai_interfaces/local/lib/python3.10/dist-packages/lebai_interfaces/msg/_robot_mode_s.c
[4.423s] -- Up-to-date: /home/dxf/wheeltec_lebai_humble_2024_7_17/install/lebai_interfaces/local/lib/python3.10/dist-packages/lebai_interfaces/msg/_robot_status.py
[4.424s] -- Up-to-date: /home/dxf/wheeltec_lebai_humble_2024_7_17/install/lebai_interfaces/local/lib/python3.10/dist-packages/lebai_interfaces/msg/_trajectory_move_joint.py
[4.424s] -- Up-to-date: /home/dxf/wheeltec_lebai_humble_2024_7_17/install/lebai_interfaces/local/lib/python3.10/dist-packages/lebai_interfaces/msg/_debug_level_s.c
[4.424s] -- Up-to-date: /home/dxf/wheeltec_lebai_humble_2024_7_17/install/lebai_interfaces/local/lib/python3.10/dist-packages/lebai_interfaces/msg/__init__.py
[4.424s] -- Up-to-date: /home/dxf/wheeltec_lebai_humble_2024_7_17/install/lebai_interfaces/local/lib/python3.10/dist-packages/lebai_interfaces/msg/_device_info.py
[4.424s] -- Up-to-date: /home/dxf/wheeltec_lebai_humble_2024_7_17/install/lebai_interfaces/local/lib/python3.10/dist-packages/lebai_interfaces/msg/_tri_state_s.c
[4.424s] -- Up-to-date: /home/dxf/wheeltec_lebai_humble_2024_7_17/install/lebai_interfaces/local/lib/python3.10/dist-packages/lebai_interfaces/msg/_gripper_status.py
[4.425s] -- Up-to-date: /home/dxf/wheeltec_lebai_humble_2024_7_17/install/lebai_interfaces/local/lib/python3.10/dist-packages/lebai_interfaces/msg/_trajectory_move_circle.py
[4.425s] -- Up-to-date: /home/dxf/wheeltec_lebai_humble_2024_7_17/install/lebai_interfaces/local/lib/python3.10/dist-packages/lebai_interfaces/msg/_trajectory_move_joint_s.c
[4.425s] -- Up-to-date: /home/dxf/wheeltec_lebai_humble_2024_7_17/install/lebai_interfaces/local/lib/python3.10/dist-packages/lebai_interfaces/msg/_robot_status_s.c
[4.425s] -- Up-to-date: /home/dxf/wheeltec_lebai_humble_2024_7_17/install/lebai_interfaces/local/lib/python3.10/dist-packages/lebai_interfaces/msg/_trajectory_move_line_s.c
[4.425s] -- Up-to-date: /home/dxf/wheeltec_lebai_humble_2024_7_17/install/lebai_interfaces/local/lib/python3.10/dist-packages/lebai_interfaces/msg/_device_info_s.c
[4.425s] -- Up-to-date: /home/dxf/wheeltec_lebai_humble_2024_7_17/install/lebai_interfaces/local/lib/python3.10/dist-packages/lebai_interfaces/msg/_gripper_status_s.c
[4.425s] -- Up-to-date: /home/dxf/wheeltec_lebai_humble_2024_7_17/install/lebai_interfaces/local/lib/python3.10/dist-packages/lebai_interfaces/msg/_tri_state.py
[4.426s] -- Up-to-date: /home/dxf/wheeltec_lebai_humble_2024_7_17/install/lebai_interfaces/local/lib/python3.10/dist-packages/lebai_interfaces/msg/_until_info.py
[4.431s] -- Up-to-date: /home/dxf/wheeltec_lebai_humble_2024_7_17/install/lebai_interfaces/local/lib/python3.10/dist-packages/lebai_interfaces/msg/_until_info_s.c
[4.431s] -- Up-to-date: /home/dxf/wheeltec_lebai_humble_2024_7_17/install/lebai_interfaces/local/lib/python3.10/dist-packages/lebai_interfaces/msg/_debug_level.py
[4.431s] -- Up-to-date: /home/dxf/wheeltec_lebai_humble_2024_7_17/install/lebai_interfaces/local/lib/python3.10/dist-packages/lebai_interfaces/msg/_io_status_s.c
[4.431s] -- Up-to-date: /home/dxf/wheeltec_lebai_humble_2024_7_17/install/lebai_interfaces/local/lib/python3.10/dist-packages/lebai_interfaces/msg/_io_status.py
[4.432s] -- Up-to-date: /home/dxf/wheeltec_lebai_humble_2024_7_17/install/lebai_interfaces/local/lib/python3.10/dist-packages/lebai_interfaces/msg/_io_conditional_express.py
[4.432s] -- Up-to-date: /home/dxf/wheeltec_lebai_humble_2024_7_17/install/lebai_interfaces/local/lib/python3.10/dist-packages/lebai_interfaces/_lebai_interfaces_s.ep.rosidl_typesupport_c.c
[4.432s] -- Up-to-date: /home/dxf/wheeltec_lebai_humble_2024_7_17/install/lebai_interfaces/local/lib/python3.10/dist-packages/lebai_interfaces/_lebai_interfaces_s.ep.rosidl_typesupport_introspection_c.c
[4.432s] -- Up-to-date: /home/dxf/wheeltec_lebai_humble_2024_7_17/install/lebai_interfaces/local/lib/python3.10/dist-packages/lebai_interfaces/srv
[4.432s] -- Up-to-date: /home/dxf/wheeltec_lebai_humble_2024_7_17/install/lebai_interfaces/local/lib/python3.10/dist-packages/lebai_interfaces/srv/_set_gripper_s.c
[4.432s] -- Up-to-date: /home/dxf/wheeltec_lebai_humble_2024_7_17/install/lebai_interfaces/local/lib/python3.10/dist-packages/lebai_interfaces/srv/_set_ao.py
[4.433s] -- Up-to-date: /home/dxf/wheeltec_lebai_humble_2024_7_17/install/lebai_interfaces/local/lib/python3.10/dist-packages/lebai_interfaces/srv/_move_circle.py
[4.433s] -- Up-to-date: /home/dxf/wheeltec_lebai_humble_2024_7_17/install/lebai_interfaces/local/lib/python3.10/dist-packages/lebai_interfaces/srv/__init__.py
[4.433s] -- Up-to-date: /home/dxf/wheeltec_lebai_humble_2024_7_17/install/lebai_interfaces/local/lib/python3.10/dist-packages/lebai_interfaces/srv/_move_circle_s.c
[4.433s] -- Up-to-date: /home/dxf/wheeltec_lebai_humble_2024_7_17/install/lebai_interfaces/local/lib/python3.10/dist-packages/lebai_interfaces/srv/_move_line_s.c
[4.433s] -- Up-to-date: /home/dxf/wheeltec_lebai_humble_2024_7_17/install/lebai_interfaces/local/lib/python3.10/dist-packages/lebai_interfaces/srv/_move_joint_s.c
[4.433s] -- Up-to-date: /home/dxf/wheeltec_lebai_humble_2024_7_17/install/lebai_interfaces/local/lib/python3.10/dist-packages/lebai_interfaces/srv/_move_joint.py
[4.433s] -- Up-to-date: /home/dxf/wheeltec_lebai_humble_2024_7_17/install/lebai_interfaces/local/lib/python3.10/dist-packages/lebai_interfaces/srv/_set_a_mode.py
[4.434s] -- Up-to-date: /home/dxf/wheeltec_lebai_humble_2024_7_17/install/lebai_interfaces/local/lib/python3.10/dist-packages/lebai_interfaces/srv/_set_do.py
[4.434s] -- Up-to-date: /home/dxf/wheeltec_lebai_humble_2024_7_17/install/lebai_interfaces/local/lib/python3.10/dist-packages/lebai_interfaces/srv/_set_gripper.py
[4.434s] -- Up-to-date: /home/dxf/wheeltec_lebai_humble_2024_7_17/install/lebai_interfaces/local/lib/python3.10/dist-packages/lebai_interfaces/srv/_set_ao_s.c
[4.434s] -- Up-to-date: /home/dxf/wheeltec_lebai_humble_2024_7_17/install/lebai_interfaces/local/lib/python3.10/dist-packages/lebai_interfaces/srv/_set_do_s.c
[4.434s] -- Up-to-date: /home/dxf/wheeltec_lebai_humble_2024_7_17/install/lebai_interfaces/local/lib/python3.10/dist-packages/lebai_interfaces/srv/_set_a_mode_s.c
[4.434s] -- Up-to-date: /home/dxf/wheeltec_lebai_humble_2024_7_17/install/lebai_interfaces/local/lib/python3.10/dist-packages/lebai_interfaces/srv/_move_line.py
[4.435s] -- Up-to-date: /home/dxf/wheeltec_lebai_humble_2024_7_17/install/lebai_interfaces/local/lib/python3.10/dist-packages/lebai_interfaces/lebai_interfaces_s__rosidl_typesupport_c.cpython-310-aarch64-linux-gnu.so
[4.435s] -- Up-to-date: /home/dxf/wheeltec_lebai_humble_2024_7_17/install/lebai_interfaces/local/lib/python3.10/dist-packages/lebai_interfaces/_lebai_interfaces_s.ep.rosidl_typesupport_fastrtps_c.c
[5.497s] Listing '/home/dxf/wheeltec_lebai_humble_2024_7_17/install/lebai_interfaces/local/lib/python3.10/dist-packages/lebai_interfaces'...
[5.497s] Listing '/home/dxf/wheeltec_lebai_humble_2024_7_17/install/lebai_interfaces/local/lib/python3.10/dist-packages/lebai_interfaces/msg'...
[5.498s] Listing '/home/dxf/wheeltec_lebai_humble_2024_7_17/install/lebai_interfaces/local/lib/python3.10/dist-packages/lebai_interfaces/srv'...
[5.560s] -- Up-to-date: /home/dxf/wheeltec_lebai_humble_2024_7_17/install/lebai_interfaces/local/lib/python3.10/dist-packages/lebai_interfaces/lebai_interfaces_s__rosidl_typesupport_fastrtps_c.cpython-310-aarch64-linux-gnu.so
[5.561s] -- Up-to-date: /home/dxf/wheeltec_lebai_humble_2024_7_17/install/lebai_interfaces/local/lib/python3.10/dist-packages/lebai_interfaces/lebai_interfaces_s__rosidl_typesupport_introspection_c.cpython-310-aarch64-linux-gnu.so
[5.565s] -- Up-to-date: /home/dxf/wheeltec_lebai_humble_2024_7_17/install/lebai_interfaces/local/lib/python3.10/dist-packages/lebai_interfaces/lebai_interfaces_s__rosidl_typesupport_c.cpython-310-aarch64-linux-gnu.so
[5.565s] -- Up-to-date: /home/dxf/wheeltec_lebai_humble_2024_7_17/install/lebai_interfaces/lib/liblebai_interfaces__rosidl_generator_py.so
[5.567s] -- Up-to-date: /home/dxf/wheeltec_lebai_humble_2024_7_17/install/lebai_interfaces/share/lebai_interfaces/msg/GripperStatus.idl
[5.567s] -- Up-to-date: /home/dxf/wheeltec_lebai_humble_2024_7_17/install/lebai_interfaces/share/lebai_interfaces/msg/IOConditionalExpress.idl
[5.568s] -- Up-to-date: /home/dxf/wheeltec_lebai_humble_2024_7_17/install/lebai_interfaces/share/lebai_interfaces/msg/UntilInfo.idl
[5.568s] -- Up-to-date: /home/dxf/wheeltec_lebai_humble_2024_7_17/install/lebai_interfaces/share/lebai_interfaces/msg/MoveCommon.idl
[5.568s] -- Up-to-date: /home/dxf/wheeltec_lebai_humble_2024_7_17/install/lebai_interfaces/share/lebai_interfaces/msg/TrajectoryMoveCircle.idl
[5.568s] -- Up-to-date: /home/dxf/wheeltec_lebai_humble_2024_7_17/install/lebai_interfaces/share/lebai_interfaces/msg/TrajectoryMoveJoint.idl
[5.569s] -- Up-to-date: /home/dxf/wheeltec_lebai_humble_2024_7_17/install/lebai_interfaces/share/lebai_interfaces/msg/TrajectoryMoveLine.idl
[5.569s] -- Up-to-date: /home/dxf/wheeltec_lebai_humble_2024_7_17/install/lebai_interfaces/share/lebai_interfaces/msg/IOStatus.idl
[5.581s] -- Up-to-date: /home/dxf/wheeltec_lebai_humble_2024_7_17/install/lebai_interfaces/share/lebai_interfaces/msg/DebugLevel.idl
[5.582s] -- Up-to-date: /home/dxf/wheeltec_lebai_humble_2024_7_17/install/lebai_interfaces/share/lebai_interfaces/msg/DeviceInfo.idl
[5.582s] -- Up-to-date: /home/dxf/wheeltec_lebai_humble_2024_7_17/install/lebai_interfaces/share/lebai_interfaces/msg/TriState.idl
[5.582s] -- Up-to-date: /home/dxf/wheeltec_lebai_humble_2024_7_17/install/lebai_interfaces/share/lebai_interfaces/msg/RobotStatus.idl
[5.582s] -- Up-to-date: /home/dxf/wheeltec_lebai_humble_2024_7_17/install/lebai_interfaces/share/lebai_interfaces/msg/RobotMode.idl
[5.582s] -- Up-to-date: /home/dxf/wheeltec_lebai_humble_2024_7_17/install/lebai_interfaces/share/lebai_interfaces/srv/MoveCircle.idl
[5.583s] -- Up-to-date: /home/dxf/wheeltec_lebai_humble_2024_7_17/install/lebai_interfaces/share/lebai_interfaces/srv/MoveJoint.idl
[5.583s] -- Up-to-date: /home/dxf/wheeltec_lebai_humble_2024_7_17/install/lebai_interfaces/share/lebai_interfaces/srv/MoveLine.idl
[5.583s] -- Up-to-date: /home/dxf/wheeltec_lebai_humble_2024_7_17/install/lebai_interfaces/share/lebai_interfaces/srv/SetAMode.idl
[5.583s] -- Up-to-date: /home/dxf/wheeltec_lebai_humble_2024_7_17/install/lebai_interfaces/share/lebai_interfaces/srv/SetAO.idl
[5.584s] -- Up-to-date: /home/dxf/wheeltec_lebai_humble_2024_7_17/install/lebai_interfaces/share/lebai_interfaces/srv/SetDO.idl
[5.584s] -- Up-to-date: /home/dxf/wheeltec_lebai_humble_2024_7_17/install/lebai_interfaces/share/lebai_interfaces/srv/SetGripper.idl
[5.584s] -- Up-to-date: /home/dxf/wheeltec_lebai_humble_2024_7_17/install/lebai_interfaces/share/lebai_interfaces/msg/GripperStatus.msg
[5.584s] -- Up-to-date: /home/dxf/wheeltec_lebai_humble_2024_7_17/install/lebai_interfaces/share/lebai_interfaces/msg/IOConditionalExpress.msg
[5.585s] -- Up-to-date: /home/dxf/wheeltec_lebai_humble_2024_7_17/install/lebai_interfaces/share/lebai_interfaces/msg/UntilInfo.msg
[5.585s] -- Up-to-date: /home/dxf/wheeltec_lebai_humble_2024_7_17/install/lebai_interfaces/share/lebai_interfaces/msg/MoveCommon.msg
[5.585s] -- Up-to-date: /home/dxf/wheeltec_lebai_humble_2024_7_17/install/lebai_interfaces/share/lebai_interfaces/msg/TrajectoryMoveCircle.msg
[5.586s] -- Up-to-date: /home/dxf/wheeltec_lebai_humble_2024_7_17/install/lebai_interfaces/share/lebai_interfaces/msg/TrajectoryMoveJoint.msg
[5.586s] -- Up-to-date: /home/dxf/wheeltec_lebai_humble_2024_7_17/install/lebai_interfaces/share/lebai_interfaces/msg/TrajectoryMoveLine.msg
[5.586s] -- Up-to-date: /home/dxf/wheeltec_lebai_humble_2024_7_17/install/lebai_interfaces/share/lebai_interfaces/msg/IOStatus.msg
[5.586s] -- Up-to-date: /home/dxf/wheeltec_lebai_humble_2024_7_17/install/lebai_interfaces/share/lebai_interfaces/msg/DebugLevel.msg
[5.587s] -- Up-to-date: /home/dxf/wheeltec_lebai_humble_2024_7_17/install/lebai_interfaces/share/lebai_interfaces/msg/DeviceInfo.msg
[5.587s] -- Up-to-date: /home/dxf/wheeltec_lebai_humble_2024_7_17/install/lebai_interfaces/share/lebai_interfaces/msg/TriState.msg
[5.587s] -- Up-to-date: /home/dxf/wheeltec_lebai_humble_2024_7_17/install/lebai_interfaces/share/lebai_interfaces/msg/RobotStatus.msg
[5.588s] -- Up-to-date: /home/dxf/wheeltec_lebai_humble_2024_7_17/install/lebai_interfaces/share/lebai_interfaces/msg/RobotMode.msg
[5.589s] -- Up-to-date: /home/dxf/wheeltec_lebai_humble_2024_7_17/install/lebai_interfaces/share/lebai_interfaces/srv/MoveCircle.srv
[5.599s] -- Up-to-date: /home/dxf/wheeltec_lebai_humble_2024_7_17/install/lebai_interfaces/share/lebai_interfaces/srv/MoveCircle_Request.msg
[5.607s] -- Up-to-date: /home/dxf/wheeltec_lebai_humble_2024_7_17/install/lebai_interfaces/share/lebai_interfaces/srv/MoveCircle_Response.msg
[5.609s] -- Up-to-date: /home/dxf/wheeltec_lebai_humble_2024_7_17/install/lebai_interfaces/share/lebai_interfaces/srv/MoveJoint.srv
[5.609s] -- Up-to-date: /home/dxf/wheeltec_lebai_humble_2024_7_17/install/lebai_interfaces/share/lebai_interfaces/srv/MoveJoint_Request.msg
[5.609s] -- Up-to-date: /home/dxf/wheeltec_lebai_humble_2024_7_17/install/lebai_interfaces/share/lebai_interfaces/srv/MoveJoint_Response.msg
[5.609s] -- Up-to-date: /home/dxf/wheeltec_lebai_humble_2024_7_17/install/lebai_interfaces/share/lebai_interfaces/srv/MoveLine.srv
[5.610s] -- Up-to-date: /home/dxf/wheeltec_lebai_humble_2024_7_17/install/lebai_interfaces/share/lebai_interfaces/srv/MoveLine_Request.msg
[5.610s] -- Up-to-date: /home/dxf/wheeltec_lebai_humble_2024_7_17/install/lebai_interfaces/share/lebai_interfaces/srv/MoveLine_Response.msg
[5.612s] -- Up-to-date: /home/dxf/wheeltec_lebai_humble_2024_7_17/install/lebai_interfaces/share/lebai_interfaces/srv/SetAMode.srv
[5.616s] -- Up-to-date: /home/dxf/wheeltec_lebai_humble_2024_7_17/install/lebai_interfaces/share/lebai_interfaces/srv/SetAMode_Request.msg
[5.616s] -- Up-to-date: /home/dxf/wheeltec_lebai_humble_2024_7_17/install/lebai_interfaces/share/lebai_interfaces/srv/SetAMode_Response.msg
[5.616s] -- Up-to-date: /home/dxf/wheeltec_lebai_humble_2024_7_17/install/lebai_interfaces/share/lebai_interfaces/srv/SetAO.srv
[5.616s] -- Up-to-date: /home/dxf/wheeltec_lebai_humble_2024_7_17/install/lebai_interfaces/share/lebai_interfaces/srv/SetAO_Request.msg
[5.616s] -- Up-to-date: /home/dxf/wheeltec_lebai_humble_2024_7_17/install/lebai_interfaces/share/lebai_interfaces/srv/SetAO_Response.msg
[5.617s] -- Up-to-date: /home/dxf/wheeltec_lebai_humble_2024_7_17/install/lebai_interfaces/share/lebai_interfaces/srv/SetDO.srv
[5.617s] -- Up-to-date: /home/dxf/wheeltec_lebai_humble_2024_7_17/install/lebai_interfaces/share/lebai_interfaces/srv/SetDO_Request.msg
[5.617s] -- Up-to-date: /home/dxf/wheeltec_lebai_humble_2024_7_17/install/lebai_interfaces/share/lebai_interfaces/srv/SetDO_Response.msg
[5.617s] -- Up-to-date: /home/dxf/wheeltec_lebai_humble_2024_7_17/install/lebai_interfaces/share/lebai_interfaces/srv/SetGripper.srv
[5.617s] -- Up-to-date: /home/dxf/wheeltec_lebai_humble_2024_7_17/install/lebai_interfaces/share/lebai_interfaces/srv/SetGripper_Request.msg
[5.617s] -- Up-to-date: /home/dxf/wheeltec_lebai_humble_2024_7_17/install/lebai_interfaces/share/lebai_interfaces/srv/SetGripper_Response.msg
[5.618s] -- Up-to-date: /home/dxf/wheeltec_lebai_humble_2024_7_17/install/lebai_interfaces/share/ament_index/resource_index/package_run_dependencies/lebai_interfaces
[5.618s] -- Up-to-date: /home/dxf/wheeltec_lebai_humble_2024_7_17/install/lebai_interfaces/share/ament_index/resource_index/parent_prefix_path/lebai_interfaces
[5.618s] -- Up-to-date: /home/dxf/wheeltec_lebai_humble_2024_7_17/install/lebai_interfaces/share/lebai_interfaces/environment/ament_prefix_path.sh
[5.618s] -- Up-to-date: /home/dxf/wheeltec_lebai_humble_2024_7_17/install/lebai_interfaces/share/lebai_interfaces/environment/ament_prefix_path.dsv
[5.618s] -- Up-to-date: /home/dxf/wheeltec_lebai_humble_2024_7_17/install/lebai_interfaces/share/lebai_interfaces/environment/path.sh
[5.633s] -- Up-to-date: /home/dxf/wheeltec_lebai_humble_2024_7_17/install/lebai_interfaces/share/lebai_interfaces/environment/path.dsv
[5.642s] -- Up-to-date: /home/dxf/wheeltec_lebai_humble_2024_7_17/install/lebai_interfaces/share/lebai_interfaces/local_setup.bash
[5.646s] -- Up-to-date: /home/dxf/wheeltec_lebai_humble_2024_7_17/install/lebai_interfaces/share/lebai_interfaces/local_setup.sh
[5.646s] -- Up-to-date: /home/dxf/wheeltec_lebai_humble_2024_7_17/install/lebai_interfaces/share/lebai_interfaces/local_setup.zsh
[5.646s] -- Up-to-date: /home/dxf/wheeltec_lebai_humble_2024_7_17/install/lebai_interfaces/share/lebai_interfaces/local_setup.dsv
[5.646s] -- Installing: /home/dxf/wheeltec_lebai_humble_2024_7_17/install/lebai_interfaces/share/lebai_interfaces/package.dsv
[5.656s] -- Up-to-date: /home/dxf/wheeltec_lebai_humble_2024_7_17/install/lebai_interfaces/share/ament_index/resource_index/packages/lebai_interfaces
[5.656s] -- Up-to-date: /home/dxf/wheeltec_lebai_humble_2024_7_17/install/lebai_interfaces/share/lebai_interfaces/cmake/export_lebai_interfaces__rosidl_generator_cExport.cmake
[5.656s] -- Up-to-date: /home/dxf/wheeltec_lebai_humble_2024_7_17/install/lebai_interfaces/share/lebai_interfaces/cmake/export_lebai_interfaces__rosidl_generator_cExport-noconfig.cmake
[5.656s] -- Up-to-date: /home/dxf/wheeltec_lebai_humble_2024_7_17/install/lebai_interfaces/share/lebai_interfaces/cmake/export_lebai_interfaces__rosidl_typesupport_fastrtps_cExport.cmake
[5.656s] -- Up-to-date: /home/dxf/wheeltec_lebai_humble_2024_7_17/install/lebai_interfaces/share/lebai_interfaces/cmake/export_lebai_interfaces__rosidl_typesupport_fastrtps_cExport-noconfig.cmake
[5.660s] -- Up-to-date: /home/dxf/wheeltec_lebai_humble_2024_7_17/install/lebai_interfaces/share/lebai_interfaces/cmake/export_lebai_interfaces__rosidl_generator_cppExport.cmake
[5.670s] -- Up-to-date: /home/dxf/wheeltec_lebai_humble_2024_7_17/install/lebai_interfaces/share/lebai_interfaces/cmake/export_lebai_interfaces__rosidl_typesupport_fastrtps_cppExport.cmake
[5.677s] -- Up-to-date: /home/dxf/wheeltec_lebai_humble_2024_7_17/install/lebai_interfaces/share/lebai_interfaces/cmake/export_lebai_interfaces__rosidl_typesupport_fastrtps_cppExport-noconfig.cmake
[5.677s] -- Up-to-date: /home/dxf/wheeltec_lebai_humble_2024_7_17/install/lebai_interfaces/share/lebai_interfaces/cmake/lebai_interfaces__rosidl_typesupport_introspection_cExport.cmake
[5.677s] -- Up-to-date: /home/dxf/wheeltec_lebai_humble_2024_7_17/install/lebai_interfaces/share/lebai_interfaces/cmake/lebai_interfaces__rosidl_typesupport_introspection_cExport-noconfig.cmake
[5.678s] -- Up-to-date: /home/dxf/wheeltec_lebai_humble_2024_7_17/install/lebai_interfaces/share/lebai_interfaces/cmake/lebai_interfaces__rosidl_typesupport_cExport.cmake
[5.678s] -- Up-to-date: /home/dxf/wheeltec_lebai_humble_2024_7_17/install/lebai_interfaces/share/lebai_interfaces/cmake/lebai_interfaces__rosidl_typesupport_cExport-noconfig.cmake
[5.678s] -- Up-to-date: /home/dxf/wheeltec_lebai_humble_2024_7_17/install/lebai_interfaces/share/lebai_interfaces/cmake/lebai_interfaces__rosidl_typesupport_introspection_cppExport.cmake
[5.678s] -- Up-to-date: /home/dxf/wheeltec_lebai_humble_2024_7_17/install/lebai_interfaces/share/lebai_interfaces/cmake/lebai_interfaces__rosidl_typesupport_introspection_cppExport-noconfig.cmake
[5.691s] -- Up-to-date: /home/dxf/wheeltec_lebai_humble_2024_7_17/install/lebai_interfaces/share/lebai_interfaces/cmake/lebai_interfaces__rosidl_typesupport_cppExport.cmake
[5.691s] -- Up-to-date: /home/dxf/wheeltec_lebai_humble_2024_7_17/install/lebai_interfaces/share/lebai_interfaces/cmake/lebai_interfaces__rosidl_typesupport_cppExport-noconfig.cmake
[5.696s] -- Up-to-date: /home/dxf/wheeltec_lebai_humble_2024_7_17/install/lebai_interfaces/share/lebai_interfaces/cmake/export_lebai_interfaces__rosidl_generator_pyExport.cmake
[5.696s] -- Up-to-date: /home/dxf/wheeltec_lebai_humble_2024_7_17/install/lebai_interfaces/share/lebai_interfaces/cmake/export_lebai_interfaces__rosidl_generator_pyExport-noconfig.cmake
[5.703s] -- Up-to-date: /home/dxf/wheeltec_lebai_humble_2024_7_17/install/lebai_interfaces/share/lebai_interfaces/cmake/rosidl_cmake-extras.cmake
[5.709s] -- Up-to-date: /home/dxf/wheeltec_lebai_humble_2024_7_17/install/lebai_interfaces/share/lebai_interfaces/cmake/ament_cmake_export_dependencies-extras.cmake
[5.712s] -- Up-to-date: /home/dxf/wheeltec_lebai_humble_2024_7_17/install/lebai_interfaces/share/lebai_interfaces/cmake/ament_cmake_export_include_directories-extras.cmake
[5.712s] -- Up-to-date: /home/dxf/wheeltec_lebai_humble_2024_7_17/install/lebai_interfaces/share/lebai_interfaces/cmake/ament_cmake_export_libraries-extras.cmake
[5.718s] -- Up-to-date: /home/dxf/wheeltec_lebai_humble_2024_7_17/install/lebai_interfaces/share/lebai_interfaces/cmake/ament_cmake_export_targets-extras.cmake
[5.725s] -- Up-to-date: /home/dxf/wheeltec_lebai_humble_2024_7_17/install/lebai_interfaces/share/lebai_interfaces/cmake/rosidl_cmake_export_typesupport_targets-extras.cmake
[5.731s] -- Up-to-date: /home/dxf/wheeltec_lebai_humble_2024_7_17/install/lebai_interfaces/share/lebai_interfaces/cmake/rosidl_cmake_export_typesupport_libraries-extras.cmake
[5.735s] -- Up-to-date: /home/dxf/wheeltec_lebai_humble_2024_7_17/install/lebai_interfaces/share/lebai_interfaces/cmake/lebai_interfacesConfig.cmake
[5.736s] -- Up-to-date: /home/dxf/wheeltec_lebai_humble_2024_7_17/install/lebai_interfaces/share/lebai_interfaces/cmake/lebai_interfacesConfig-version.cmake
[5.737s] -- Up-to-date: /home/dxf/wheeltec_lebai_humble_2024_7_17/install/lebai_interfaces/share/lebai_interfaces/package.xml
[5.754s] Invoked command in '/home/dxf/wheeltec_lebai_humble_2024_7_17/build/lebai_interfaces' returned '0': CMAKE_PREFIX_PATH=${CMAKE_PREFIX_PATH}:/home/dxf/WHEELTEC_S300Pro_mini/install/wheeltec_robot_keyboard:/home/dxf/WHEELTEC_S300Pro_mini/install/simple_follower_ros2:/home/dxf/WHEELTEC_S300Pro_mini/install/ollama_ros_chat:/home/dxf/WHEELTEC_S300Pro_mini/install/nav2_waypoint_cycle:/home/dxf/WHEELTEC_S300Pro_mini/install/auto_recharge_ros2:/opt/ros/humble PS1=\n(TraeAI-5) \w [$?] $ __trae_PS1=\n(TraeAI-5) \w [$?] $ /usr/bin/cmake --install /home/dxf/wheeltec_lebai_humble_2024_7_17/build/lebai_interfaces
