[0.000000] (-) TimerEvent: {}
[0.000551] (-) JobUnselected: {'identifier': 'arm_demo'}
[0.001173] (-) JobUnselected: {'identifier': 'lebai_driver'}
[0.001480] (-) JobUnselected: {'identifier': 'lebai_interfaces'}
[0.001773] (-) JobUnselected: {'identifier': 'lebai_lm3_moveit_config'}
[0.001911] (-) JobUnselected: {'identifier': 'lebai_lm3_support'}
[0.002016] (-) JobUnselected: {'identifier': 'lebai_resources'}
[0.002110] (-) JobUnselected: {'identifier': 'lebai_tutorials'}
[0.002213] (grab_demo) JobQueued: {'identifier': 'grab_demo', 'dependencies': OrderedDict()}
[0.002317] (grab_demo) JobStarted: {'identifier': 'grab_demo'}
[0.031910] (grab_demo) JobProgress: {'identifier': 'grab_demo', 'progress': 'cmake'}
[0.034336] (grab_demo) JobProgress: {'identifier': 'grab_demo', 'progress': 'build'}
[0.036220] (grab_demo) Command: {'cmd': ['/usr/bin/cmake', '--build', '/home/dxf/wheeltec_lebai_humble_2024_7_17/build/grab_demo', '--', '-j6', '-l6'], 'cwd': '/home/dxf/wheeltec_lebai_humble_2024_7_17/build/grab_demo', 'env': OrderedDict([('LESSOPEN', '| /usr/bin/lesspipe %s'), ('VSCODE_CWD', '/home/dxf'), ('VSCODE_ESM_ENTRYPOINT', 'vs/workbench/api/node/extensionHostProcess'), ('LANGUAGE', 'zh_CN:en_US:en'), ('USER', 'dxf'), ('SSH_CLIENT', '192.168.0.66 55755 22'), ('LC_TIME', 'zh_CN.UTF-8'), ('VSCODE_NLS_CONFIG', '{"userLocale":"zh-cn","osLocale":"zh-cn","resolvedLanguage":"zh-cn","defaultMessagesFile":"/home/dxf/.cursor-server/bin/5c17eb2968a37f66bc6662f48d6356a100b67be0/out/nls.messages.json","languagePack":{"translationsConfigFile":"/home/dxf/.cursor-server/data/clp/6fe284ae87274d9cb2cdffc89b193492.zh-cn/tcf.json","messagesFile":"/home/dxf/.cursor-server/data/clp/6fe284ae87274d9cb2cdffc89b193492.zh-cn/5c17eb2968a37f66bc6662f48d6356a100b67be0/nls.messages.json","corruptMarkerFile":"/home/dxf/.cursor-server/data/clp/6fe284ae87274d9cb2cdffc89b193492.zh-cn/corrupted.info"},"locale":"zh-cn","availableLanguages":{"*":"zh-cn"},"_languagePackId":"6fe284ae87274d9cb2cdffc89b193492.zh-cn","_languagePackSupport":true,"_translationsConfigFile":"/home/dxf/.cursor-server/data/clp/6fe284ae87274d9cb2cdffc89b193492.zh-cn/tcf.json","_cacheRoot":"/home/dxf/.cursor-server/data/clp/6fe284ae87274d9cb2cdffc89b193492.zh-cn","_resolvedLanguagePackCoreLocation":"/home/dxf/.cursor-server/data/clp/6fe284ae87274d9cb2cdffc89b193492.zh-cn/5c17eb2968a37f66bc6662f48d6356a100b67be0","_corruptedFile":"/home/dxf/.cursor-server/data/clp/6fe284ae87274d9cb2cdffc89b193492.zh-cn/corrupted.info"}'), ('VSCODE_HANDLES_UNCAUGHT_ERRORS', 'true'), ('XDG_SESSION_TYPE', 'tty'), ('SHLVL', '0'), ('LD_LIBRARY_PATH', '/usr/local/opencv410/lib:/usr/local/lib:/usr/local/cuda-12.6/lib64:/usr/local/opencv410/lib:/usr/local/lib:/home/dxf/WHEELTEC_S300Pro_mini/install/yesense_interface/lib:/home/dxf/WHEELTEC_S300Pro_mini/install/wheeltec_rrt_msg/lib:/home/dxf/WHEELTEC_S300Pro_mini/install/wheeltec_robot_rrt/lib:/home/dxf/WHEELTEC_S300Pro_mini/install/wheeltec_mic_msg/lib:/home/dxf/WHEELTEC_S300Pro_mini/install/usb_cam/lib:/home/dxf/WHEELTEC_S300Pro_mini/install/turn_on_wheeltec_robot/lib:/home/dxf/WHEELTEC_S300Pro_mini/install/serial/lib:/home/dxf/WHEELTEC_S300Pro_mini/install/robot_interfaces/lib:/home/dxf/WHEELTEC_S300Pro_mini/install/orb_slam2_ros/lib:/home/dxf/WHEELTEC_S300Pro_mini/install/openslam_gmapping/lib:/home/dxf/WHEELTEC_S300Pro_mini/install/ollama_ros_msgs/lib:/home/dxf/WHEELTEC_S300Pro_mini/install/lslidar_msgs/lib:/home/dxf/WHEELTEC_S300Pro_mini/install/bodyreader_msg/lib:/home/dxf/WHEELTEC_S300Pro_mini/install/astra_camera/lib:/home/dxf/WHEELTEC_S300Pro_mini/install/astra_camera_msgs/lib:/home/dxf/WHEELTEC_S300Pro_mini/install/aruco_ros/lib:/home/dxf/WHEELTEC_S300Pro_mini/install/aruco_msgs/lib:/home/dxf/WHEELTEC_S300Pro_mini/install/aruco/lib:/opt/ros/humble/opt/rviz_ogre_vendor/lib:/opt/ros/humble/lib/aarch64-linux-gnu:/opt/ros/humble/lib:/usr/local/cuda-12.6/lib64:'), ('BROWSER', '/home/dxf/.cursor-server/bin/5c17eb2968a37f66bc6662f48d6356a100b67be0/bin/helpers/browser.sh'), ('MOTD_SHOWN', 'pam'), ('HOME', '/home/dxf'), ('OLDPWD', '/home/dxf/wheeltec_lebai_humble_2024_7_17'), ('VSCODE_IPC_HOOK_CLI', '/run/user/1000/vscode-ipc-540e1153-c3c9-4bd3-a392-a29dd083c6e4.sock'), ('ROS_PYTHON_VERSION', '3'), ('LC_MONETARY', 'zh_CN.UTF-8'), ('NO_COLOR', '1'), ('DBUS_SESSION_BUS_ADDRESS', 'unix:path=/run/user/1000/bus'), ('VSCODE_L10N_BUNDLE_LOCATION', 'vscode-local:/Users/liquanyan/.cursor/extensions/ms-ceintl.vscode-language-pack-zh-hans-1.99.0-universal/translations/extensions/vscode.json-language-features.i18n.json'), ('COLCON_PREFIX_PATH', '/home/dxf/WHEELTEC_S300Pro_mini/install'), ('ROS_DISTRO', 'humble'), ('LOGNAME', 'dxf'), ('FORCE_COLOR', '0'), ('VSCODE_HANDLES_SIGPIPE', 'true'), ('_', '/usr/bin/colcon'), ('ROS_VERSION', '2'), ('PKG_CONFIG_PATH', '/usr/local/opencv410/lib/pkgconfig:/usr/local/opencv410/lib/pkgconfig:'), ('XDG_SESSION_CLASS', 'user'), ('TERM', 'dumb'), ('XDG_SESSION_ID', '7'), ('ROS_LOCALHOST_ONLY', '0'), ('COMPOSER_NO_INTERACTION', '1'), ('PATH', '/usr/local/cuda-12.6/bin:/home/dxf/.cursor-server/bin/5c17eb2968a37f66bc6662f48d6356a100b67be0/bin/remote-cli:/opt/ros/humble/bin:/usr/local/cuda-12.6/bin:/home/dxf/.cursor-server/bin/5c17eb2968a37f66bc6662f48d6356a100b67be0/bin/remote-cli:/usr/local/sbin:/usr/local/bin:/usr/sbin:/usr/bin:/sbin:/bin:/usr/games:/usr/local/games:/snap/bin'), ('VSCODE_AGENT_FOLDER', '/home/dxf/.cursor-server'), ('PAPERSIZE', 'a4'), ('LC_ADDRESS', 'zh_CN.UTF-8'), ('XDG_RUNTIME_DIR', '/run/user/1000'), ('CURSOR_AGENT', '1'), ('DISPLAY', 'localhost:11.0'), ('LANG', 'zh_CN.UTF-8'), ('LC_TELEPHONE', 'zh_CN.UTF-8'), ('LS_COLORS', ''), ('AMENT_PREFIX_PATH', '/home/dxf/WHEELTEC_S300Pro_mini/install/yesense_std_ros2:/home/dxf/WHEELTEC_S300Pro_mini/install/yesense_interface:/home/dxf/WHEELTEC_S300Pro_mini/install/wheeltec_ultrasonic:/home/dxf/WHEELTEC_S300Pro_mini/install/wheeltec_slam_toolbox:/home/dxf/WHEELTEC_S300Pro_mini/install/wheeltec_rviz2:/home/dxf/WHEELTEC_S300Pro_mini/install/wheeltec_rrt_msg:/home/dxf/WHEELTEC_S300Pro_mini/install/wheeltec_robot_rtab:/home/dxf/WHEELTEC_S300Pro_mini/install/wheeltec_robot_rrt:/home/dxf/WHEELTEC_S300Pro_mini/install/wheeltec_robot_keyboard:/home/dxf/WHEELTEC_S300Pro_mini/install/wheeltec_robot_kcf:/home/dxf/WHEELTEC_S300Pro_mini/install/wheeltec_path_follow:/home/dxf/WHEELTEC_S300Pro_mini/install/wheeltec_nav2:/home/dxf/WHEELTEC_S300Pro_mini/install/wheeltec_mic_ros2:/home/dxf/WHEELTEC_S300Pro_mini/install/wheeltec_mic_msg:/home/dxf/WHEELTEC_S300Pro_mini/install/wheeltec_joy:/home/dxf/WHEELTEC_S300Pro_mini/install/wheeltec_cartographer:/home/dxf/WHEELTEC_S300Pro_mini/install/web_video_server:/home/dxf/WHEELTEC_S300Pro_mini/install/usb_cam:/home/dxf/WHEELTEC_S300Pro_mini/install/simple_follower_ros2:/home/dxf/WHEELTEC_S300Pro_mini/install/turn_on_wheeltec_robot:/home/dxf/WHEELTEC_S300Pro_mini/install/slam_gmapping:/home/dxf/WHEELTEC_S300Pro_mini/install/bodyreader:/home/dxf/WHEELTEC_S300Pro_mini/install/serial:/home/dxf/WHEELTEC_S300Pro_mini/install/robot_interfaces:/home/dxf/WHEELTEC_S300Pro_mini/install/rm_description:/home/dxf/WHEELTEC_S300Pro_mini/install/qt_ros_test:/home/dxf/WHEELTEC_S300Pro_mini/install/orb_slam2_ros:/home/dxf/WHEELTEC_S300Pro_mini/install/openslam_gmapping:/home/dxf/WHEELTEC_S300Pro_mini/install/ollama_ros_chat:/home/dxf/WHEELTEC_S300Pro_mini/install/ollama_ros_msgs:/home/dxf/WHEELTEC_S300Pro_mini/install/nav2_waypoint_cycle:/home/dxf/WHEELTEC_S300Pro_mini/install/lslidar_driver:/home/dxf/WHEELTEC_S300Pro_mini/install/lslidar_msgs:/home/dxf/WHEELTEC_S300Pro_mini/install/ldlidar_stl_ros2:/home/dxf/WHEELTEC_S300Pro_mini/install/ldlidar_sl_ros2:/home/dxf/WHEELTEC_S300Pro_mini/install/double_lidar_fusion:/home/dxf/WHEELTEC_S300Pro_mini/install/bodyreader_msg:/home/dxf/WHEELTEC_S300Pro_mini/install/auto_recharge_ros2:/home/dxf/WHEELTEC_S300Pro_mini/install/astra_camera:/home/dxf/WHEELTEC_S300Pro_mini/install/astra_camera_msgs:/home/dxf/WHEELTEC_S300Pro_mini/install/aruco_ros:/home/dxf/WHEELTEC_S300Pro_mini/install/aruco_msgs:/home/dxf/WHEELTEC_S300Pro_mini/install/aruco:/opt/ros/humble'), ('SHELL', '/bin/bash'), ('LC_NAME', 'zh_CN.UTF-8'), ('VSCODE_SERVER_SHUTDOWN_TIMEOUT', '300'), ('LESSCLOSE', '/usr/bin/lesspipe %s %s'), ('LC_MEASUREMENT', 'zh_CN.UTF-8'), ('OpenCV_DIR', '/usr/local/opencv410/lib/cmake/opencv4'), ('LC_IDENTIFICATION', 'zh_CN.UTF-8'), ('PWD', '/home/dxf/wheeltec_lebai_humble_2024_7_17/build/grab_demo'), ('SSH_CONNECTION', '192.168.0.66 55755 192.168.0.100 22'), ('XDG_DATA_DIRS', '/usr/share/gnome:/usr/local/share:/usr/share:/var/lib/snapd/desktop'), ('PYTHONPATH', '/home/dxf/WHEELTEC_S300Pro_mini/install/yesense_interface/local/lib/python3.10/dist-packages:/home/dxf/WHEELTEC_S300Pro_mini/install/wheeltec_rrt_msg/local/lib/python3.10/dist-packages:/home/dxf/WHEELTEC_S300Pro_mini/install/wheeltec_robot_keyboard/lib/python3.10/site-packages:/home/dxf/WHEELTEC_S300Pro_mini/install/wheeltec_mic_msg/local/lib/python3.10/dist-packages:/home/dxf/WHEELTEC_S300Pro_mini/install/simple_follower_ros2/lib/python3.10/site-packages:/home/dxf/WHEELTEC_S300Pro_mini/install/turn_on_wheeltec_robot/local/lib/python3.10/dist-packages:/home/dxf/WHEELTEC_S300Pro_mini/install/robot_interfaces/local/lib/python3.10/dist-packages:/home/dxf/WHEELTEC_S300Pro_mini/install/orb_slam2_ros/local/lib/python3.10/dist-packages:/home/dxf/WHEELTEC_S300Pro_mini/install/ollama_ros_chat/lib/python3.10/site-packages:/home/dxf/WHEELTEC_S300Pro_mini/install/ollama_ros_msgs/local/lib/python3.10/dist-packages:/home/dxf/WHEELTEC_S300Pro_mini/install/nav2_waypoint_cycle/lib/python3.10/site-packages:/home/dxf/WHEELTEC_S300Pro_mini/install/lslidar_msgs/local/lib/python3.10/dist-packages:/home/dxf/WHEELTEC_S300Pro_mini/install/bodyreader_msg/local/lib/python3.10/dist-packages:/home/dxf/WHEELTEC_S300Pro_mini/install/auto_recharge_ros2/lib/python3.10/site-packages:/home/dxf/WHEELTEC_S300Pro_mini/install/astra_camera_msgs/local/lib/python3.10/dist-packages:/home/dxf/WHEELTEC_S300Pro_mini/install/aruco_msgs/local/lib/python3.10/dist-packages:/opt/ros/humble/lib/python3.10/site-packages:/opt/ros/humble/local/lib/python3.10/dist-packages'), ('LC_NUMERIC', 'zh_CN.UTF-8'), ('LC_PAPER', 'zh_CN.UTF-8'), ('COLCON', '1'), ('CMAKE_PREFIX_PATH', '/usr/local/opencv410:/usr/local/opencv410:/home/dxf/WHEELTEC_S300Pro_mini/install/yesense_std_ros2:/home/dxf/WHEELTEC_S300Pro_mini/install/yesense_interface:/home/dxf/WHEELTEC_S300Pro_mini/install/wheeltec_ultrasonic:/home/dxf/WHEELTEC_S300Pro_mini/install/wheeltec_slam_toolbox:/home/dxf/WHEELTEC_S300Pro_mini/install/wheeltec_rviz2:/home/dxf/WHEELTEC_S300Pro_mini/install/wheeltec_rrt_msg:/home/dxf/WHEELTEC_S300Pro_mini/install/wheeltec_robot_rtab:/home/dxf/WHEELTEC_S300Pro_mini/install/wheeltec_robot_rrt:/home/dxf/WHEELTEC_S300Pro_mini/install/wheeltec_robot_kcf:/home/dxf/WHEELTEC_S300Pro_mini/install/wheeltec_path_follow:/home/dxf/WHEELTEC_S300Pro_mini/install/wheeltec_nav2:/home/dxf/WHEELTEC_S300Pro_mini/install/wheeltec_mic_ros2:/home/dxf/WHEELTEC_S300Pro_mini/install/wheeltec_mic_msg:/home/dxf/WHEELTEC_S300Pro_mini/install/wheeltec_joy:/home/dxf/WHEELTEC_S300Pro_mini/install/wheeltec_cartographer:/home/dxf/WHEELTEC_S300Pro_mini/install/web_video_server:/home/dxf/WHEELTEC_S300Pro_mini/install/usb_cam:/home/dxf/WHEELTEC_S300Pro_mini/install/turn_on_wheeltec_robot:/home/dxf/WHEELTEC_S300Pro_mini/install/slam_gmapping:/home/dxf/WHEELTEC_S300Pro_mini/install/bodyreader:/home/dxf/WHEELTEC_S300Pro_mini/install/serial:/home/dxf/WHEELTEC_S300Pro_mini/install/robot_interfaces:/home/dxf/WHEELTEC_S300Pro_mini/install/rm_description:/home/dxf/WHEELTEC_S300Pro_mini/install/qt_ros_test:/home/dxf/WHEELTEC_S300Pro_mini/install/orb_slam2_ros:/home/dxf/WHEELTEC_S300Pro_mini/install/openslam_gmapping:/home/dxf/WHEELTEC_S300Pro_mini/install/ollama_ros_msgs:/home/dxf/WHEELTEC_S300Pro_mini/install/lslidar_driver:/home/dxf/WHEELTEC_S300Pro_mini/install/lslidar_msgs:/home/dxf/WHEELTEC_S300Pro_mini/install/ldlidar_stl_ros2:/home/dxf/WHEELTEC_S300Pro_mini/install/ldlidar_sl_ros2:/home/dxf/WHEELTEC_S300Pro_mini/install/double_lidar_fusion:/home/dxf/WHEELTEC_S300Pro_mini/install/bodyreader_msg:/home/dxf/WHEELTEC_S300Pro_mini/install/astra_camera:/home/dxf/WHEELTEC_S300Pro_mini/install/astra_camera_msgs:/home/dxf/WHEELTEC_S300Pro_mini/install/aruco_ros:/home/dxf/WHEELTEC_S300Pro_mini/install/aruco_msgs:/home/dxf/WHEELTEC_S300Pro_mini/install/aruco:/home/dxf/WHEELTEC_S300Pro_mini/install/wheeltec_robot_keyboard:/home/dxf/WHEELTEC_S300Pro_mini/install/simple_follower_ros2:/home/dxf/WHEELTEC_S300Pro_mini/install/ollama_ros_chat:/home/dxf/WHEELTEC_S300Pro_mini/install/nav2_waypoint_cycle:/home/dxf/WHEELTEC_S300Pro_mini/install/auto_recharge_ros2:/opt/ros/humble')]), 'shell': False}
[0.098963] (-) TimerEvent: {}
[0.199597] (-) TimerEvent: {}
[0.300285] (-) TimerEvent: {}
[0.355191] (grab_demo) StdoutLine: {'line': b'[  2%] Built target grab_demo__cpp\n'}
[0.364835] (grab_demo) StdoutLine: {'line': b'[  8%] Built target grab_demo__rosidl_generator_c\n'}
[0.382747] (grab_demo) StdoutLine: {'line': b'[  8%] Built target ament_cmake_python_copy_grab_demo\n'}
[0.397934] (grab_demo) StdoutLine: {'line': b'Consolidate compiler generated dependencies of target charuco_dectet_node\n'}
[0.398695] (grab_demo) StdoutLine: {'line': b'[ 12%] Built target hsv_range\n'}
[0.400689] (-) TimerEvent: {}
[0.419702] (grab_demo) StdoutLine: {'line': b'Consolidate compiler generated dependencies of target aruco_dectet\n'}
[0.444776] (grab_demo) StdoutLine: {'line': b'[ 17%] Built target hand_eye\n'}
[0.468786] (grab_demo) StdoutLine: {'line': b'[ 23%] Built target grab_demo__rosidl_typesupport_cpp\n'}
[0.473889] (grab_demo) StdoutLine: {'line': b'[ 25%] Building CXX object CMakeFiles/charuco_dectet_node.dir/src/charuco_dectet_node.cpp.o\n'}
[0.488955] (grab_demo) StdoutLine: {'line': b'[ 27%] Building CXX object CMakeFiles/aruco_dectet.dir/src/aruco_dectet.cpp.o\n'}
[0.490033] (grab_demo) StdoutLine: {'line': b'[ 31%] Built target camera_info_node\n'}
[0.501176] (-) TimerEvent: {}
[0.505733] (grab_demo) StdoutLine: {'line': b'[ 38%] Built target grab_demo__rosidl_typesupport_fastrtps_c\n'}
[0.515503] (grab_demo) StdoutLine: {'line': b'[ 44%] Built target grab_demo__rosidl_typesupport_fastrtps_cpp\n'}
[0.571392] (grab_demo) StdoutLine: {'line': b'[ 51%] Built target grab_demo__rosidl_typesupport_introspection_c\n'}
[0.578383] (grab_demo) StdoutLine: {'line': b'[ 57%] Built target grab_demo__rosidl_typesupport_c\n'}
[0.601335] (-) TimerEvent: {}
[0.623692] (grab_demo) StdoutLine: {'line': b'[ 63%] Built target grab_demo__rosidl_typesupport_introspection_cpp\n'}
[0.701474] (-) TimerEvent: {}
[0.760315] (grab_demo) StdoutLine: {'line': b'[ 68%] Built target start_grab\n'}
[0.761090] (grab_demo) StdoutLine: {'line': b'[ 72%] Built target nav_grab\n'}
[0.786672] (grab_demo) StdoutLine: {'line': b'[ 76%] Built target grab_service_node\n'}
[0.801635] (-) TimerEvent: {}
[0.865710] (grab_demo) StdoutLine: {'line': b'[ 76%] Built target grab_demo\n'}
[0.901799] (-) TimerEvent: {}
[0.999749] (grab_demo) StdoutLine: {'line': b'[ 78%] Built target grab_demo__py\n'}
[1.001919] (-) TimerEvent: {}
[1.102233] (-) TimerEvent: {}
[1.143774] (grab_demo) StdoutLine: {'line': b'running egg_info\n'}
[1.145554] (grab_demo) StdoutLine: {'line': b'writing grab_demo.egg-info/PKG-INFO\n'}
[1.146078] (grab_demo) StdoutLine: {'line': b'writing dependency_links to grab_demo.egg-info/dependency_links.txt\n'}
[1.146791] (grab_demo) StdoutLine: {'line': b'writing top-level names to grab_demo.egg-info/top_level.txt\n'}
[1.153679] (grab_demo) StdoutLine: {'line': b"reading manifest file 'grab_demo.egg-info/SOURCES.txt'\n"}
[1.155380] (grab_demo) StdoutLine: {'line': b"writing manifest file 'grab_demo.egg-info/SOURCES.txt'\n"}
[1.179396] (grab_demo) StdoutLine: {'line': b'[ 82%] Built target grab_demo__rosidl_generator_py\n'}
[1.202450] (-) TimerEvent: {}
[1.270000] (grab_demo) StdoutLine: {'line': b'[ 87%] Built target grab_demo__rosidl_typesupport_fastrtps_c__pyext\n'}
[1.297345] (grab_demo) StdoutLine: {'line': b'[ 91%] Built target grab_demo__rosidl_typesupport_c__pyext\n'}
[1.302608] (-) TimerEvent: {}
[1.305358] (grab_demo) StdoutLine: {'line': b'[ 95%] Built target grab_demo__rosidl_typesupport_introspection_c__pyext\n'}
[1.326234] (grab_demo) StdoutLine: {'line': b'[ 95%] Built target ament_cmake_python_build_grab_demo_egg\n'}
[1.402809] (-) TimerEvent: {}
[1.503248] (-) TimerEvent: {}
[1.603932] (-) TimerEvent: {}
[1.704667] (-) TimerEvent: {}
[1.805240] (-) TimerEvent: {}
[1.905868] (-) TimerEvent: {}
[2.006572] (-) TimerEvent: {}
[2.107112] (-) TimerEvent: {}
[2.207647] (-) TimerEvent: {}
[2.308117] (-) TimerEvent: {}
[2.408675] (-) TimerEvent: {}
[2.509484] (-) TimerEvent: {}
[2.610072] (-) TimerEvent: {}
[2.710556] (-) TimerEvent: {}
[2.811110] (-) TimerEvent: {}
[2.911975] (-) TimerEvent: {}
[3.012755] (-) TimerEvent: {}
[3.114322] (-) TimerEvent: {}
[3.214755] (-) TimerEvent: {}
[3.315186] (-) TimerEvent: {}
[3.415621] (-) TimerEvent: {}
[3.516110] (-) TimerEvent: {}
[3.616569] (-) TimerEvent: {}
[3.717022] (-) TimerEvent: {}
[3.817464] (-) TimerEvent: {}
[3.917893] (-) TimerEvent: {}
[4.018330] (-) TimerEvent: {}
[4.118770] (-) TimerEvent: {}
[4.219214] (-) TimerEvent: {}
[4.319687] (-) TimerEvent: {}
[4.420145] (-) TimerEvent: {}
[4.520573] (-) TimerEvent: {}
[4.621007] (-) TimerEvent: {}
[4.721453] (-) TimerEvent: {}
[4.821901] (-) TimerEvent: {}
[4.922350] (-) TimerEvent: {}
[5.022799] (-) TimerEvent: {}
[5.123229] (-) TimerEvent: {}
[5.223692] (-) TimerEvent: {}
[5.324173] (-) TimerEvent: {}
[5.424638] (-) TimerEvent: {}
[5.525087] (-) TimerEvent: {}
[5.625552] (-) TimerEvent: {}
[5.726002] (-) TimerEvent: {}
[5.826462] (-) TimerEvent: {}
[5.926905] (-) TimerEvent: {}
[6.027351] (-) TimerEvent: {}
[6.127830] (-) TimerEvent: {}
[6.228277] (-) TimerEvent: {}
[6.328706] (-) TimerEvent: {}
[6.429132] (-) TimerEvent: {}
[6.529569] (-) TimerEvent: {}
[6.630030] (-) TimerEvent: {}
[6.730441] (-) TimerEvent: {}
[6.831147] (-) TimerEvent: {}
[6.931597] (-) TimerEvent: {}
[7.032057] (-) TimerEvent: {}
[7.132489] (-) TimerEvent: {}
[7.232924] (-) TimerEvent: {}
[7.333379] (-) TimerEvent: {}
[7.433827] (-) TimerEvent: {}
[7.534271] (-) TimerEvent: {}
[7.634715] (-) TimerEvent: {}
[7.735163] (-) TimerEvent: {}
[7.835611] (-) TimerEvent: {}
[7.936075] (-) TimerEvent: {}
[8.036533] (-) TimerEvent: {}
[8.136974] (-) TimerEvent: {}
[8.237413] (-) TimerEvent: {}
[8.337860] (-) TimerEvent: {}
[8.438273] (-) TimerEvent: {}
[8.538719] (-) TimerEvent: {}
[8.639158] (-) TimerEvent: {}
[8.739611] (-) TimerEvent: {}
[8.840090] (-) TimerEvent: {}
[8.940769] (-) TimerEvent: {}
[9.041238] (-) TimerEvent: {}
[9.141655] (-) TimerEvent: {}
[9.242104] (-) TimerEvent: {}
[9.342542] (-) TimerEvent: {}
[9.442979] (-) TimerEvent: {}
[9.543697] (-) TimerEvent: {}
[9.644212] (-) TimerEvent: {}
[9.744652] (-) TimerEvent: {}
[9.845817] (-) TimerEvent: {}
[9.946255] (-) TimerEvent: {}
[10.046681] (-) TimerEvent: {}
[10.147114] (-) TimerEvent: {}
[10.247545] (-) TimerEvent: {}
[10.347976] (-) TimerEvent: {}
[10.448406] (-) TimerEvent: {}
[10.548842] (-) TimerEvent: {}
[10.649288] (-) TimerEvent: {}
[10.749730] (-) TimerEvent: {}
[10.850169] (-) TimerEvent: {}
[10.950589] (-) TimerEvent: {}
[11.051016] (-) TimerEvent: {}
[11.151443] (-) TimerEvent: {}
[11.251935] (-) TimerEvent: {}
[11.352366] (-) TimerEvent: {}
[11.452821] (-) TimerEvent: {}
[11.553271] (-) TimerEvent: {}
[11.653717] (-) TimerEvent: {}
[11.681391] (grab_demo) StderrLine: {'line': b'/home/dxf/wheeltec_lebai_humble_2024_7_17/src/grab_demo/src/charuco_dectet_node.cpp: In member function \xe2\x80\x98void charuco_dectet::rgb_image_callback(const ConstSharedPtr&)\xe2\x80\x99:\n'}
[11.691746] (grab_demo) StderrLine: {'line': b'/home/dxf/wheeltec_lebai_humble_2024_7_17/src/grab_demo/src/charuco_dectet_node.cpp:79:13: warning: unused variable \xe2\x80\x98interpolatedCorners\xe2\x80\x99 [-Wunused-variable]\n'}
[11.694153] (grab_demo) StderrLine: {'line': b'   79 |         int interpolatedCorners = charuco_corners.size();\n'}
[11.695196] (grab_demo) StderrLine: {'line': b'      |             ^~~~~~~~~~~~~~~~~~~\n'}
[11.754207] (-) TimerEvent: {}
[11.854642] (-) TimerEvent: {}
[11.955096] (-) TimerEvent: {}
[12.055538] (-) TimerEvent: {}
[12.155981] (-) TimerEvent: {}
[12.256415] (-) TimerEvent: {}
[12.356850] (-) TimerEvent: {}
[12.457292] (-) TimerEvent: {}
[12.557727] (-) TimerEvent: {}
[12.658162] (-) TimerEvent: {}
[12.758659] (-) TimerEvent: {}
[12.859712] (-) TimerEvent: {}
[12.960327] (-) TimerEvent: {}
[13.061501] (-) TimerEvent: {}
[13.161983] (-) TimerEvent: {}
[13.262458] (-) TimerEvent: {}
[13.362895] (-) TimerEvent: {}
[13.463476] (-) TimerEvent: {}
[13.563976] (-) TimerEvent: {}
[13.664414] (-) TimerEvent: {}
[13.765016] (-) TimerEvent: {}
[13.865471] (-) TimerEvent: {}
[13.965933] (-) TimerEvent: {}
[14.066387] (-) TimerEvent: {}
[14.166835] (-) TimerEvent: {}
[14.267277] (-) TimerEvent: {}
[14.367720] (-) TimerEvent: {}
[14.468200] (-) TimerEvent: {}
[14.568648] (-) TimerEvent: {}
[14.669082] (-) TimerEvent: {}
[14.769532] (-) TimerEvent: {}
[14.869980] (-) TimerEvent: {}
[14.970425] (-) TimerEvent: {}
[15.070862] (-) TimerEvent: {}
[15.171319] (-) TimerEvent: {}
[15.271762] (-) TimerEvent: {}
[15.372220] (-) TimerEvent: {}
[15.472649] (-) TimerEvent: {}
[15.573081] (-) TimerEvent: {}
[15.673573] (-) TimerEvent: {}
[15.774045] (-) TimerEvent: {}
[15.874608] (-) TimerEvent: {}
[15.975139] (-) TimerEvent: {}
[16.075905] (-) TimerEvent: {}
[16.176912] (-) TimerEvent: {}
[16.279235] (-) TimerEvent: {}
[16.379745] (-) TimerEvent: {}
[16.480382] (-) TimerEvent: {}
[16.580936] (-) TimerEvent: {}
[16.681445] (-) TimerEvent: {}
[16.781944] (-) TimerEvent: {}
[16.882420] (-) TimerEvent: {}
[16.982900] (-) TimerEvent: {}
[17.083363] (-) TimerEvent: {}
[17.183884] (-) TimerEvent: {}
[17.284363] (-) TimerEvent: {}
[17.384816] (-) TimerEvent: {}
[17.485246] (-) TimerEvent: {}
[17.585689] (-) TimerEvent: {}
[17.686120] (-) TimerEvent: {}
[17.786549] (-) TimerEvent: {}
[17.887005] (-) TimerEvent: {}
[17.987457] (-) TimerEvent: {}
[18.087928] (-) TimerEvent: {}
[18.188373] (-) TimerEvent: {}
[18.288821] (-) TimerEvent: {}
[18.389266] (-) TimerEvent: {}
[18.489715] (-) TimerEvent: {}
[18.590167] (-) TimerEvent: {}
[18.690620] (-) TimerEvent: {}
[18.791084] (-) TimerEvent: {}
[18.891530] (-) TimerEvent: {}
[18.992168] (-) TimerEvent: {}
[19.092607] (-) TimerEvent: {}
[19.193053] (-) TimerEvent: {}
[19.293494] (-) TimerEvent: {}
[19.393937] (-) TimerEvent: {}
[19.494374] (-) TimerEvent: {}
[19.594816] (-) TimerEvent: {}
[19.695260] (-) TimerEvent: {}
[19.795714] (-) TimerEvent: {}
[19.896178] (-) TimerEvent: {}
[19.996615] (-) TimerEvent: {}
[20.097034] (-) TimerEvent: {}
[20.197466] (-) TimerEvent: {}
[20.297934] (-) TimerEvent: {}
[20.398487] (-) TimerEvent: {}
[20.498934] (-) TimerEvent: {}
[20.599372] (-) TimerEvent: {}
[20.699874] (-) TimerEvent: {}
[20.800302] (-) TimerEvent: {}
[20.900740] (-) TimerEvent: {}
[21.001173] (-) TimerEvent: {}
[21.101614] (-) TimerEvent: {}
[21.202055] (-) TimerEvent: {}
[21.302496] (-) TimerEvent: {}
[21.402948] (-) TimerEvent: {}
[21.503385] (-) TimerEvent: {}
[21.603837] (-) TimerEvent: {}
[21.704280] (-) TimerEvent: {}
[21.804773] (-) TimerEvent: {}
[21.905213] (-) TimerEvent: {}
[22.005645] (-) TimerEvent: {}
[22.106078] (-) TimerEvent: {}
[22.206514] (-) TimerEvent: {}
[22.306946] (-) TimerEvent: {}
[22.407387] (-) TimerEvent: {}
[22.507846] (-) TimerEvent: {}
[22.608275] (-) TimerEvent: {}
[22.708716] (-) TimerEvent: {}
[22.809154] (-) TimerEvent: {}
[22.909605] (-) TimerEvent: {}
[23.010026] (-) TimerEvent: {}
[23.110446] (-) TimerEvent: {}
[23.210862] (-) TimerEvent: {}
[23.311290] (-) TimerEvent: {}
[23.411730] (-) TimerEvent: {}
[23.512194] (-) TimerEvent: {}
[23.612615] (-) TimerEvent: {}
[23.713048] (-) TimerEvent: {}
[23.813490] (-) TimerEvent: {}
[23.913968] (-) TimerEvent: {}
[24.014401] (-) TimerEvent: {}
[24.114872] (-) TimerEvent: {}
[24.215345] (-) TimerEvent: {}
[24.315784] (-) TimerEvent: {}
[24.416270] (-) TimerEvent: {}
[24.516708] (-) TimerEvent: {}
[24.617143] (-) TimerEvent: {}
[24.717574] (-) TimerEvent: {}
[24.818015] (-) TimerEvent: {}
[24.918453] (-) TimerEvent: {}
[25.018884] (-) TimerEvent: {}
[25.119320] (-) TimerEvent: {}
[25.219753] (-) TimerEvent: {}
[25.320189] (-) TimerEvent: {}
[25.420613] (-) TimerEvent: {}
[25.521049] (-) TimerEvent: {}
[25.621488] (-) TimerEvent: {}
[25.721911] (-) TimerEvent: {}
[25.822355] (-) TimerEvent: {}
[25.922810] (-) TimerEvent: {}
[26.023258] (-) TimerEvent: {}
[26.123742] (-) TimerEvent: {}
[26.224177] (-) TimerEvent: {}
[26.324590] (-) TimerEvent: {}
[26.425042] (-) TimerEvent: {}
[26.525493] (-) TimerEvent: {}
[26.625898] (-) TimerEvent: {}
[26.726321] (-) TimerEvent: {}
[26.826784] (-) TimerEvent: {}
[26.927238] (-) TimerEvent: {}
[27.027652] (-) TimerEvent: {}
[27.128071] (-) TimerEvent: {}
[27.228499] (-) TimerEvent: {}
[27.328932] (-) TimerEvent: {}
[27.429369] (-) TimerEvent: {}
[27.529816] (-) TimerEvent: {}
[27.630380] (-) TimerEvent: {}
[27.730801] (-) TimerEvent: {}
[27.831218] (-) TimerEvent: {}
[27.931654] (-) TimerEvent: {}
[28.032106] (-) TimerEvent: {}
[28.132543] (-) TimerEvent: {}
[28.232970] (-) TimerEvent: {}
[28.333415] (-) TimerEvent: {}
[28.433905] (-) TimerEvent: {}
[28.534348] (-) TimerEvent: {}
[28.634781] (-) TimerEvent: {}
[28.735235] (-) TimerEvent: {}
[28.835659] (-) TimerEvent: {}
[28.936099] (-) TimerEvent: {}
[29.036519] (-) TimerEvent: {}
[29.136958] (-) TimerEvent: {}
[29.237404] (-) TimerEvent: {}
[29.337846] (-) TimerEvent: {}
[29.438280] (-) TimerEvent: {}
[29.538726] (-) TimerEvent: {}
[29.639157] (-) TimerEvent: {}
[29.739575] (-) TimerEvent: {}
[29.840034] (-) TimerEvent: {}
[29.940457] (-) TimerEvent: {}
[30.042454] (-) TimerEvent: {}
[30.142996] (-) TimerEvent: {}
[30.243667] (-) TimerEvent: {}
[30.344124] (-) TimerEvent: {}
[30.444553] (-) TimerEvent: {}
[30.544988] (-) TimerEvent: {}
[30.645427] (-) TimerEvent: {}
[30.745874] (-) TimerEvent: {}
[30.846330] (-) TimerEvent: {}
[30.946784] (-) TimerEvent: {}
[31.047230] (-) TimerEvent: {}
[31.147682] (-) TimerEvent: {}
[31.248180] (-) TimerEvent: {}
[31.348602] (-) TimerEvent: {}
[31.449040] (-) TimerEvent: {}
[31.549467] (-) TimerEvent: {}
[31.649904] (-) TimerEvent: {}
[31.750333] (-) TimerEvent: {}
[31.850767] (-) TimerEvent: {}
[31.951340] (-) TimerEvent: {}
[32.051958] (-) TimerEvent: {}
[32.152392] (-) TimerEvent: {}
[32.262603] (-) TimerEvent: {}
[32.363104] (-) TimerEvent: {}
[32.463681] (-) TimerEvent: {}
[32.564442] (-) TimerEvent: {}
[32.664997] (-) TimerEvent: {}
[32.765439] (-) TimerEvent: {}
[32.865877] (-) TimerEvent: {}
[32.966516] (-) TimerEvent: {}
[33.066961] (-) TimerEvent: {}
[33.167421] (-) TimerEvent: {}
[33.267942] (-) TimerEvent: {}
[33.368363] (-) TimerEvent: {}
[33.468791] (-) TimerEvent: {}
[33.569355] (-) TimerEvent: {}
[33.669794] (-) TimerEvent: {}
[33.770251] (-) TimerEvent: {}
[33.870689] (-) TimerEvent: {}
[33.971129] (-) TimerEvent: {}
[34.071594] (-) TimerEvent: {}
[34.172138] (-) TimerEvent: {}
[34.272648] (-) TimerEvent: {}
[34.373154] (-) TimerEvent: {}
[34.473674] (-) TimerEvent: {}
[34.574190] (-) TimerEvent: {}
[34.636565] (grab_demo) StdoutLine: {'line': b'[ 97%] Linking CXX executable aruco_dectet\n'}
[34.674383] (-) TimerEvent: {}
[34.774959] (-) TimerEvent: {}
[34.875395] (-) TimerEvent: {}
[34.975869] (-) TimerEvent: {}
[35.076317] (-) TimerEvent: {}
[35.176770] (-) TimerEvent: {}
[35.277245] (-) TimerEvent: {}
[35.377659] (-) TimerEvent: {}
[35.478093] (-) TimerEvent: {}
[35.547879] (grab_demo) StdoutLine: {'line': b'[ 97%] Built target aruco_dectet\n'}
[35.578259] (-) TimerEvent: {}
[35.678657] (-) TimerEvent: {}
[35.779083] (-) TimerEvent: {}
[35.879721] (-) TimerEvent: {}
[35.980156] (-) TimerEvent: {}
[36.080579] (-) TimerEvent: {}
[36.181010] (-) TimerEvent: {}
[36.281434] (-) TimerEvent: {}
[36.381854] (-) TimerEvent: {}
[36.482273] (-) TimerEvent: {}
[36.582739] (-) TimerEvent: {}
[36.683164] (-) TimerEvent: {}
[36.783604] (-) TimerEvent: {}
[36.884065] (-) TimerEvent: {}
[36.984485] (-) TimerEvent: {}
[37.084913] (-) TimerEvent: {}
[37.185348] (-) TimerEvent: {}
[37.285787] (-) TimerEvent: {}
[37.386225] (-) TimerEvent: {}
[37.486655] (-) TimerEvent: {}
[37.587094] (-) TimerEvent: {}
[37.687544] (-) TimerEvent: {}
[37.787980] (-) TimerEvent: {}
[37.888398] (-) TimerEvent: {}
[37.988820] (-) TimerEvent: {}
[38.089239] (-) TimerEvent: {}
[38.189682] (-) TimerEvent: {}
[38.290098] (-) TimerEvent: {}
[38.390529] (-) TimerEvent: {}
[38.490947] (-) TimerEvent: {}
[38.591371] (-) TimerEvent: {}
[38.691848] (-) TimerEvent: {}
[38.792273] (-) TimerEvent: {}
[38.892710] (-) TimerEvent: {}
[38.921967] (grab_demo) StdoutLine: {'line': b'[100%] Linking CXX executable charuco_dectet_node\n'}
[38.992888] (-) TimerEvent: {}
[39.093335] (-) TimerEvent: {}
[39.193776] (-) TimerEvent: {}
[39.294217] (-) TimerEvent: {}
[39.394640] (-) TimerEvent: {}
[39.495078] (-) TimerEvent: {}
[39.595560] (-) TimerEvent: {}
[39.696055] (-) TimerEvent: {}
[39.796494] (-) TimerEvent: {}
[39.896932] (-) TimerEvent: {}
[39.997470] (-) TimerEvent: {}
[40.097928] (-) TimerEvent: {}
[40.115572] (grab_demo) StdoutLine: {'line': b'[100%] Built target charuco_dectet_node\n'}
[40.199094] (grab_demo) CommandEnded: {'returncode': 0}
[40.218956] (-) TimerEvent: {}
[40.225295] (grab_demo) JobProgress: {'identifier': 'grab_demo', 'progress': 'install'}
[40.269614] (grab_demo) Command: {'cmd': ['/usr/bin/cmake', '--install', '/home/dxf/wheeltec_lebai_humble_2024_7_17/build/grab_demo'], 'cwd': '/home/dxf/wheeltec_lebai_humble_2024_7_17/build/grab_demo', 'env': OrderedDict([('LESSOPEN', '| /usr/bin/lesspipe %s'), ('VSCODE_CWD', '/home/dxf'), ('VSCODE_ESM_ENTRYPOINT', 'vs/workbench/api/node/extensionHostProcess'), ('LANGUAGE', 'zh_CN:en_US:en'), ('USER', 'dxf'), ('SSH_CLIENT', '192.168.0.66 55755 22'), ('LC_TIME', 'zh_CN.UTF-8'), ('VSCODE_NLS_CONFIG', '{"userLocale":"zh-cn","osLocale":"zh-cn","resolvedLanguage":"zh-cn","defaultMessagesFile":"/home/dxf/.cursor-server/bin/5c17eb2968a37f66bc6662f48d6356a100b67be0/out/nls.messages.json","languagePack":{"translationsConfigFile":"/home/dxf/.cursor-server/data/clp/6fe284ae87274d9cb2cdffc89b193492.zh-cn/tcf.json","messagesFile":"/home/dxf/.cursor-server/data/clp/6fe284ae87274d9cb2cdffc89b193492.zh-cn/5c17eb2968a37f66bc6662f48d6356a100b67be0/nls.messages.json","corruptMarkerFile":"/home/dxf/.cursor-server/data/clp/6fe284ae87274d9cb2cdffc89b193492.zh-cn/corrupted.info"},"locale":"zh-cn","availableLanguages":{"*":"zh-cn"},"_languagePackId":"6fe284ae87274d9cb2cdffc89b193492.zh-cn","_languagePackSupport":true,"_translationsConfigFile":"/home/dxf/.cursor-server/data/clp/6fe284ae87274d9cb2cdffc89b193492.zh-cn/tcf.json","_cacheRoot":"/home/dxf/.cursor-server/data/clp/6fe284ae87274d9cb2cdffc89b193492.zh-cn","_resolvedLanguagePackCoreLocation":"/home/dxf/.cursor-server/data/clp/6fe284ae87274d9cb2cdffc89b193492.zh-cn/5c17eb2968a37f66bc6662f48d6356a100b67be0","_corruptedFile":"/home/dxf/.cursor-server/data/clp/6fe284ae87274d9cb2cdffc89b193492.zh-cn/corrupted.info"}'), ('VSCODE_HANDLES_UNCAUGHT_ERRORS', 'true'), ('XDG_SESSION_TYPE', 'tty'), ('SHLVL', '0'), ('LD_LIBRARY_PATH', '/usr/local/opencv410/lib:/usr/local/lib:/usr/local/cuda-12.6/lib64:/usr/local/opencv410/lib:/usr/local/lib:/home/dxf/WHEELTEC_S300Pro_mini/install/yesense_interface/lib:/home/dxf/WHEELTEC_S300Pro_mini/install/wheeltec_rrt_msg/lib:/home/dxf/WHEELTEC_S300Pro_mini/install/wheeltec_robot_rrt/lib:/home/dxf/WHEELTEC_S300Pro_mini/install/wheeltec_mic_msg/lib:/home/dxf/WHEELTEC_S300Pro_mini/install/usb_cam/lib:/home/dxf/WHEELTEC_S300Pro_mini/install/turn_on_wheeltec_robot/lib:/home/dxf/WHEELTEC_S300Pro_mini/install/serial/lib:/home/dxf/WHEELTEC_S300Pro_mini/install/robot_interfaces/lib:/home/dxf/WHEELTEC_S300Pro_mini/install/orb_slam2_ros/lib:/home/dxf/WHEELTEC_S300Pro_mini/install/openslam_gmapping/lib:/home/dxf/WHEELTEC_S300Pro_mini/install/ollama_ros_msgs/lib:/home/dxf/WHEELTEC_S300Pro_mini/install/lslidar_msgs/lib:/home/dxf/WHEELTEC_S300Pro_mini/install/bodyreader_msg/lib:/home/dxf/WHEELTEC_S300Pro_mini/install/astra_camera/lib:/home/dxf/WHEELTEC_S300Pro_mini/install/astra_camera_msgs/lib:/home/dxf/WHEELTEC_S300Pro_mini/install/aruco_ros/lib:/home/dxf/WHEELTEC_S300Pro_mini/install/aruco_msgs/lib:/home/dxf/WHEELTEC_S300Pro_mini/install/aruco/lib:/opt/ros/humble/opt/rviz_ogre_vendor/lib:/opt/ros/humble/lib/aarch64-linux-gnu:/opt/ros/humble/lib:/usr/local/cuda-12.6/lib64:'), ('BROWSER', '/home/dxf/.cursor-server/bin/5c17eb2968a37f66bc6662f48d6356a100b67be0/bin/helpers/browser.sh'), ('MOTD_SHOWN', 'pam'), ('HOME', '/home/dxf'), ('OLDPWD', '/home/dxf/wheeltec_lebai_humble_2024_7_17'), ('VSCODE_IPC_HOOK_CLI', '/run/user/1000/vscode-ipc-540e1153-c3c9-4bd3-a392-a29dd083c6e4.sock'), ('ROS_PYTHON_VERSION', '3'), ('LC_MONETARY', 'zh_CN.UTF-8'), ('NO_COLOR', '1'), ('DBUS_SESSION_BUS_ADDRESS', 'unix:path=/run/user/1000/bus'), ('VSCODE_L10N_BUNDLE_LOCATION', 'vscode-local:/Users/liquanyan/.cursor/extensions/ms-ceintl.vscode-language-pack-zh-hans-1.99.0-universal/translations/extensions/vscode.json-language-features.i18n.json'), ('COLCON_PREFIX_PATH', '/home/dxf/WHEELTEC_S300Pro_mini/install'), ('ROS_DISTRO', 'humble'), ('LOGNAME', 'dxf'), ('FORCE_COLOR', '0'), ('VSCODE_HANDLES_SIGPIPE', 'true'), ('_', '/usr/bin/colcon'), ('ROS_VERSION', '2'), ('PKG_CONFIG_PATH', '/usr/local/opencv410/lib/pkgconfig:/usr/local/opencv410/lib/pkgconfig:'), ('XDG_SESSION_CLASS', 'user'), ('TERM', 'dumb'), ('XDG_SESSION_ID', '7'), ('ROS_LOCALHOST_ONLY', '0'), ('COMPOSER_NO_INTERACTION', '1'), ('PATH', '/usr/local/cuda-12.6/bin:/home/dxf/.cursor-server/bin/5c17eb2968a37f66bc6662f48d6356a100b67be0/bin/remote-cli:/opt/ros/humble/bin:/usr/local/cuda-12.6/bin:/home/dxf/.cursor-server/bin/5c17eb2968a37f66bc6662f48d6356a100b67be0/bin/remote-cli:/usr/local/sbin:/usr/local/bin:/usr/sbin:/usr/bin:/sbin:/bin:/usr/games:/usr/local/games:/snap/bin'), ('VSCODE_AGENT_FOLDER', '/home/dxf/.cursor-server'), ('PAPERSIZE', 'a4'), ('LC_ADDRESS', 'zh_CN.UTF-8'), ('XDG_RUNTIME_DIR', '/run/user/1000'), ('CURSOR_AGENT', '1'), ('DISPLAY', 'localhost:11.0'), ('LANG', 'zh_CN.UTF-8'), ('LC_TELEPHONE', 'zh_CN.UTF-8'), ('LS_COLORS', ''), ('AMENT_PREFIX_PATH', '/home/dxf/WHEELTEC_S300Pro_mini/install/yesense_std_ros2:/home/dxf/WHEELTEC_S300Pro_mini/install/yesense_interface:/home/dxf/WHEELTEC_S300Pro_mini/install/wheeltec_ultrasonic:/home/dxf/WHEELTEC_S300Pro_mini/install/wheeltec_slam_toolbox:/home/dxf/WHEELTEC_S300Pro_mini/install/wheeltec_rviz2:/home/dxf/WHEELTEC_S300Pro_mini/install/wheeltec_rrt_msg:/home/dxf/WHEELTEC_S300Pro_mini/install/wheeltec_robot_rtab:/home/dxf/WHEELTEC_S300Pro_mini/install/wheeltec_robot_rrt:/home/dxf/WHEELTEC_S300Pro_mini/install/wheeltec_robot_keyboard:/home/dxf/WHEELTEC_S300Pro_mini/install/wheeltec_robot_kcf:/home/dxf/WHEELTEC_S300Pro_mini/install/wheeltec_path_follow:/home/dxf/WHEELTEC_S300Pro_mini/install/wheeltec_nav2:/home/dxf/WHEELTEC_S300Pro_mini/install/wheeltec_mic_ros2:/home/dxf/WHEELTEC_S300Pro_mini/install/wheeltec_mic_msg:/home/dxf/WHEELTEC_S300Pro_mini/install/wheeltec_joy:/home/dxf/WHEELTEC_S300Pro_mini/install/wheeltec_cartographer:/home/dxf/WHEELTEC_S300Pro_mini/install/web_video_server:/home/dxf/WHEELTEC_S300Pro_mini/install/usb_cam:/home/dxf/WHEELTEC_S300Pro_mini/install/simple_follower_ros2:/home/dxf/WHEELTEC_S300Pro_mini/install/turn_on_wheeltec_robot:/home/dxf/WHEELTEC_S300Pro_mini/install/slam_gmapping:/home/dxf/WHEELTEC_S300Pro_mini/install/bodyreader:/home/dxf/WHEELTEC_S300Pro_mini/install/serial:/home/dxf/WHEELTEC_S300Pro_mini/install/robot_interfaces:/home/dxf/WHEELTEC_S300Pro_mini/install/rm_description:/home/dxf/WHEELTEC_S300Pro_mini/install/qt_ros_test:/home/dxf/WHEELTEC_S300Pro_mini/install/orb_slam2_ros:/home/dxf/WHEELTEC_S300Pro_mini/install/openslam_gmapping:/home/dxf/WHEELTEC_S300Pro_mini/install/ollama_ros_chat:/home/dxf/WHEELTEC_S300Pro_mini/install/ollama_ros_msgs:/home/dxf/WHEELTEC_S300Pro_mini/install/nav2_waypoint_cycle:/home/dxf/WHEELTEC_S300Pro_mini/install/lslidar_driver:/home/dxf/WHEELTEC_S300Pro_mini/install/lslidar_msgs:/home/dxf/WHEELTEC_S300Pro_mini/install/ldlidar_stl_ros2:/home/dxf/WHEELTEC_S300Pro_mini/install/ldlidar_sl_ros2:/home/dxf/WHEELTEC_S300Pro_mini/install/double_lidar_fusion:/home/dxf/WHEELTEC_S300Pro_mini/install/bodyreader_msg:/home/dxf/WHEELTEC_S300Pro_mini/install/auto_recharge_ros2:/home/dxf/WHEELTEC_S300Pro_mini/install/astra_camera:/home/dxf/WHEELTEC_S300Pro_mini/install/astra_camera_msgs:/home/dxf/WHEELTEC_S300Pro_mini/install/aruco_ros:/home/dxf/WHEELTEC_S300Pro_mini/install/aruco_msgs:/home/dxf/WHEELTEC_S300Pro_mini/install/aruco:/opt/ros/humble'), ('SHELL', '/bin/bash'), ('LC_NAME', 'zh_CN.UTF-8'), ('VSCODE_SERVER_SHUTDOWN_TIMEOUT', '300'), ('LESSCLOSE', '/usr/bin/lesspipe %s %s'), ('LC_MEASUREMENT', 'zh_CN.UTF-8'), ('OpenCV_DIR', '/usr/local/opencv410/lib/cmake/opencv4'), ('LC_IDENTIFICATION', 'zh_CN.UTF-8'), ('PWD', '/home/dxf/wheeltec_lebai_humble_2024_7_17/build/grab_demo'), ('SSH_CONNECTION', '192.168.0.66 55755 192.168.0.100 22'), ('XDG_DATA_DIRS', '/usr/share/gnome:/usr/local/share:/usr/share:/var/lib/snapd/desktop'), ('PYTHONPATH', '/home/dxf/WHEELTEC_S300Pro_mini/install/yesense_interface/local/lib/python3.10/dist-packages:/home/dxf/WHEELTEC_S300Pro_mini/install/wheeltec_rrt_msg/local/lib/python3.10/dist-packages:/home/dxf/WHEELTEC_S300Pro_mini/install/wheeltec_robot_keyboard/lib/python3.10/site-packages:/home/dxf/WHEELTEC_S300Pro_mini/install/wheeltec_mic_msg/local/lib/python3.10/dist-packages:/home/dxf/WHEELTEC_S300Pro_mini/install/simple_follower_ros2/lib/python3.10/site-packages:/home/dxf/WHEELTEC_S300Pro_mini/install/turn_on_wheeltec_robot/local/lib/python3.10/dist-packages:/home/dxf/WHEELTEC_S300Pro_mini/install/robot_interfaces/local/lib/python3.10/dist-packages:/home/dxf/WHEELTEC_S300Pro_mini/install/orb_slam2_ros/local/lib/python3.10/dist-packages:/home/dxf/WHEELTEC_S300Pro_mini/install/ollama_ros_chat/lib/python3.10/site-packages:/home/dxf/WHEELTEC_S300Pro_mini/install/ollama_ros_msgs/local/lib/python3.10/dist-packages:/home/dxf/WHEELTEC_S300Pro_mini/install/nav2_waypoint_cycle/lib/python3.10/site-packages:/home/dxf/WHEELTEC_S300Pro_mini/install/lslidar_msgs/local/lib/python3.10/dist-packages:/home/dxf/WHEELTEC_S300Pro_mini/install/bodyreader_msg/local/lib/python3.10/dist-packages:/home/dxf/WHEELTEC_S300Pro_mini/install/auto_recharge_ros2/lib/python3.10/site-packages:/home/dxf/WHEELTEC_S300Pro_mini/install/astra_camera_msgs/local/lib/python3.10/dist-packages:/home/dxf/WHEELTEC_S300Pro_mini/install/aruco_msgs/local/lib/python3.10/dist-packages:/opt/ros/humble/lib/python3.10/site-packages:/opt/ros/humble/local/lib/python3.10/dist-packages'), ('LC_NUMERIC', 'zh_CN.UTF-8'), ('LC_PAPER', 'zh_CN.UTF-8'), ('COLCON', '1'), ('CMAKE_PREFIX_PATH', '/usr/local/opencv410:/usr/local/opencv410:/home/dxf/WHEELTEC_S300Pro_mini/install/yesense_std_ros2:/home/dxf/WHEELTEC_S300Pro_mini/install/yesense_interface:/home/dxf/WHEELTEC_S300Pro_mini/install/wheeltec_ultrasonic:/home/dxf/WHEELTEC_S300Pro_mini/install/wheeltec_slam_toolbox:/home/dxf/WHEELTEC_S300Pro_mini/install/wheeltec_rviz2:/home/dxf/WHEELTEC_S300Pro_mini/install/wheeltec_rrt_msg:/home/dxf/WHEELTEC_S300Pro_mini/install/wheeltec_robot_rtab:/home/dxf/WHEELTEC_S300Pro_mini/install/wheeltec_robot_rrt:/home/dxf/WHEELTEC_S300Pro_mini/install/wheeltec_robot_kcf:/home/dxf/WHEELTEC_S300Pro_mini/install/wheeltec_path_follow:/home/dxf/WHEELTEC_S300Pro_mini/install/wheeltec_nav2:/home/dxf/WHEELTEC_S300Pro_mini/install/wheeltec_mic_ros2:/home/dxf/WHEELTEC_S300Pro_mini/install/wheeltec_mic_msg:/home/dxf/WHEELTEC_S300Pro_mini/install/wheeltec_joy:/home/dxf/WHEELTEC_S300Pro_mini/install/wheeltec_cartographer:/home/dxf/WHEELTEC_S300Pro_mini/install/web_video_server:/home/dxf/WHEELTEC_S300Pro_mini/install/usb_cam:/home/dxf/WHEELTEC_S300Pro_mini/install/turn_on_wheeltec_robot:/home/dxf/WHEELTEC_S300Pro_mini/install/slam_gmapping:/home/dxf/WHEELTEC_S300Pro_mini/install/bodyreader:/home/dxf/WHEELTEC_S300Pro_mini/install/serial:/home/dxf/WHEELTEC_S300Pro_mini/install/robot_interfaces:/home/dxf/WHEELTEC_S300Pro_mini/install/rm_description:/home/dxf/WHEELTEC_S300Pro_mini/install/qt_ros_test:/home/dxf/WHEELTEC_S300Pro_mini/install/orb_slam2_ros:/home/dxf/WHEELTEC_S300Pro_mini/install/openslam_gmapping:/home/dxf/WHEELTEC_S300Pro_mini/install/ollama_ros_msgs:/home/dxf/WHEELTEC_S300Pro_mini/install/lslidar_driver:/home/dxf/WHEELTEC_S300Pro_mini/install/lslidar_msgs:/home/dxf/WHEELTEC_S300Pro_mini/install/ldlidar_stl_ros2:/home/dxf/WHEELTEC_S300Pro_mini/install/ldlidar_sl_ros2:/home/dxf/WHEELTEC_S300Pro_mini/install/double_lidar_fusion:/home/dxf/WHEELTEC_S300Pro_mini/install/bodyreader_msg:/home/dxf/WHEELTEC_S300Pro_mini/install/astra_camera:/home/dxf/WHEELTEC_S300Pro_mini/install/astra_camera_msgs:/home/dxf/WHEELTEC_S300Pro_mini/install/aruco_ros:/home/dxf/WHEELTEC_S300Pro_mini/install/aruco_msgs:/home/dxf/WHEELTEC_S300Pro_mini/install/aruco:/home/dxf/WHEELTEC_S300Pro_mini/install/wheeltec_robot_keyboard:/home/dxf/WHEELTEC_S300Pro_mini/install/simple_follower_ros2:/home/dxf/WHEELTEC_S300Pro_mini/install/ollama_ros_chat:/home/dxf/WHEELTEC_S300Pro_mini/install/nav2_waypoint_cycle:/home/dxf/WHEELTEC_S300Pro_mini/install/auto_recharge_ros2:/opt/ros/humble')]), 'shell': False}
[40.306019] (grab_demo) StdoutLine: {'line': b'-- Install configuration: "Release"\n'}
[40.307295] (grab_demo) StdoutLine: {'line': b'-- Installing: /home/dxf/wheeltec_lebai_humble_2024_7_17/install/grab_demo/share/ament_index/resource_index/rosidl_interfaces/grab_demo\n'}
[40.308211] (grab_demo) StdoutLine: {'line': b'-- Installing: /home/dxf/wheeltec_lebai_humble_2024_7_17/install/grab_demo/include/grab_demo/grab_demo\n'}
[40.308681] (grab_demo) StdoutLine: {'line': b'-- Installing: /home/dxf/wheeltec_lebai_humble_2024_7_17/install/grab_demo/include/grab_demo/grab_demo/msg\n'}
[40.308965] (grab_demo) StdoutLine: {'line': b'-- Installing: /home/dxf/wheeltec_lebai_humble_2024_7_17/install/grab_demo/include/grab_demo/grab_demo/msg/rosidl_generator_c__visibility_control.h\n'}
[40.309533] (grab_demo) StdoutLine: {'line': b'-- Installing: /home/dxf/wheeltec_lebai_humble_2024_7_17/install/grab_demo/include/grab_demo/grab_demo/srv\n'}
[40.310073] (grab_demo) StdoutLine: {'line': b'-- Installing: /home/dxf/wheeltec_lebai_humble_2024_7_17/install/grab_demo/include/grab_demo/grab_demo/srv/grab_object.h\n'}
[40.310795] (grab_demo) StdoutLine: {'line': b'-- Installing: /home/dxf/wheeltec_lebai_humble_2024_7_17/install/grab_demo/include/grab_demo/grab_demo/srv/detail\n'}
[40.311124] (grab_demo) StdoutLine: {'line': b'-- Installing: /home/dxf/wheeltec_lebai_humble_2024_7_17/install/grab_demo/include/grab_demo/grab_demo/srv/detail/grab_object__struct.h\n'}
[40.311592] (grab_demo) StdoutLine: {'line': b'-- Installing: /home/dxf/wheeltec_lebai_humble_2024_7_17/install/grab_demo/include/grab_demo/grab_demo/srv/detail/grab_object__type_support.h\n'}
[40.312854] (grab_demo) StdoutLine: {'line': b'-- Installing: /home/dxf/wheeltec_lebai_humble_2024_7_17/install/grab_demo/include/grab_demo/grab_demo/srv/detail/grab_object__functions.c\n'}
[40.313435] (grab_demo) StdoutLine: {'line': b'-- Installing: /home/dxf/wheeltec_lebai_humble_2024_7_17/install/grab_demo/include/grab_demo/grab_demo/srv/detail/grab_object__functions.h\n'}
[40.315969] (grab_demo) StdoutLine: {'line': b'-- Installing: /home/dxf/wheeltec_lebai_humble_2024_7_17/install/grab_demo/share/grab_demo/environment/library_path.sh\n'}
[40.316526] (grab_demo) StdoutLine: {'line': b'-- Installing: /home/dxf/wheeltec_lebai_humble_2024_7_17/install/grab_demo/share/grab_demo/environment/library_path.dsv\n'}
[40.317076] (grab_demo) StdoutLine: {'line': b'-- Installing: /home/dxf/wheeltec_lebai_humble_2024_7_17/install/grab_demo/lib/libgrab_demo__rosidl_generator_c.so\n'}
[40.317825] (grab_demo) StdoutLine: {'line': b'-- Set runtime path of "/home/dxf/wheeltec_lebai_humble_2024_7_17/install/grab_demo/lib/libgrab_demo__rosidl_generator_c.so" to ""\n'}
[40.318179] (grab_demo) StdoutLine: {'line': b'-- Up-to-date: /home/dxf/wheeltec_lebai_humble_2024_7_17/install/grab_demo/include/grab_demo/grab_demo\n'}
[40.318412] (grab_demo) StdoutLine: {'line': b'-- Up-to-date: /home/dxf/wheeltec_lebai_humble_2024_7_17/install/grab_demo/include/grab_demo/grab_demo/msg\n'}
[40.318550] (grab_demo) StdoutLine: {'line': b'-- Installing: /home/dxf/wheeltec_lebai_humble_2024_7_17/install/grab_demo/include/grab_demo/grab_demo/msg/rosidl_typesupport_fastrtps_c__visibility_control.h\n'}
[40.319134] (-) TimerEvent: {}
[40.319191] (grab_demo) StdoutLine: {'line': b'-- Up-to-date: /home/dxf/wheeltec_lebai_humble_2024_7_17/install/grab_demo/include/grab_demo/grab_demo/srv\n'}
[40.319359] (grab_demo) StdoutLine: {'line': b'-- Up-to-date: /home/dxf/wheeltec_lebai_humble_2024_7_17/install/grab_demo/include/grab_demo/grab_demo/srv/detail\n'}
[40.319638] (grab_demo) StdoutLine: {'line': b'-- Installing: /home/dxf/wheeltec_lebai_humble_2024_7_17/install/grab_demo/include/grab_demo/grab_demo/srv/detail/grab_object__rosidl_typesupport_fastrtps_c.h\n'}
[40.319843] (grab_demo) StdoutLine: {'line': b'-- Installing: /home/dxf/wheeltec_lebai_humble_2024_7_17/install/grab_demo/lib/libgrab_demo__rosidl_typesupport_fastrtps_c.so\n'}
[40.320441] (grab_demo) StdoutLine: {'line': b'-- Set runtime path of "/home/dxf/wheeltec_lebai_humble_2024_7_17/install/grab_demo/lib/libgrab_demo__rosidl_typesupport_fastrtps_c.so" to ""\n'}
[40.320849] (grab_demo) StdoutLine: {'line': b'-- Up-to-date: /home/dxf/wheeltec_lebai_humble_2024_7_17/install/grab_demo/include/grab_demo/grab_demo\n'}
[40.321045] (grab_demo) StdoutLine: {'line': b'-- Up-to-date: /home/dxf/wheeltec_lebai_humble_2024_7_17/install/grab_demo/include/grab_demo/grab_demo/msg\n'}
[40.321447] (grab_demo) StdoutLine: {'line': b'-- Installing: /home/dxf/wheeltec_lebai_humble_2024_7_17/install/grab_demo/include/grab_demo/grab_demo/msg/rosidl_generator_cpp__visibility_control.hpp\n'}
[40.321583] (grab_demo) StdoutLine: {'line': b'-- Up-to-date: /home/dxf/wheeltec_lebai_humble_2024_7_17/install/grab_demo/include/grab_demo/grab_demo/srv\n'}
[40.321820] (grab_demo) StdoutLine: {'line': b'-- Up-to-date: /home/dxf/wheeltec_lebai_humble_2024_7_17/install/grab_demo/include/grab_demo/grab_demo/srv/detail\n'}
[40.321948] (grab_demo) StdoutLine: {'line': b'-- Installing: /home/dxf/wheeltec_lebai_humble_2024_7_17/install/grab_demo/include/grab_demo/grab_demo/srv/detail/grab_object__traits.hpp\n'}
[40.322232] (grab_demo) StdoutLine: {'line': b'-- Installing: /home/dxf/wheeltec_lebai_humble_2024_7_17/install/grab_demo/include/grab_demo/grab_demo/srv/detail/grab_object__type_support.hpp\n'}
[40.322495] (grab_demo) StdoutLine: {'line': b'-- Installing: /home/dxf/wheeltec_lebai_humble_2024_7_17/install/grab_demo/include/grab_demo/grab_demo/srv/detail/grab_object__builder.hpp\n'}
[40.322621] (grab_demo) StdoutLine: {'line': b'-- Installing: /home/dxf/wheeltec_lebai_humble_2024_7_17/install/grab_demo/include/grab_demo/grab_demo/srv/detail/grab_object__struct.hpp\n'}
[40.322862] (grab_demo) StdoutLine: {'line': b'-- Installing: /home/dxf/wheeltec_lebai_humble_2024_7_17/install/grab_demo/include/grab_demo/grab_demo/srv/grab_object.hpp\n'}
[40.323232] (grab_demo) StdoutLine: {'line': b'-- Up-to-date: /home/dxf/wheeltec_lebai_humble_2024_7_17/install/grab_demo/include/grab_demo/grab_demo\n'}
[40.323637] (grab_demo) StdoutLine: {'line': b'-- Up-to-date: /home/dxf/wheeltec_lebai_humble_2024_7_17/install/grab_demo/include/grab_demo/grab_demo/msg\n'}
[40.323929] (grab_demo) StdoutLine: {'line': b'-- Installing: /home/dxf/wheeltec_lebai_humble_2024_7_17/install/grab_demo/include/grab_demo/grab_demo/msg/rosidl_typesupport_fastrtps_cpp__visibility_control.h\n'}
[40.324254] (grab_demo) StdoutLine: {'line': b'-- Up-to-date: /home/dxf/wheeltec_lebai_humble_2024_7_17/install/grab_demo/include/grab_demo/grab_demo/srv\n'}
[40.324507] (grab_demo) StdoutLine: {'line': b'-- Up-to-date: /home/dxf/wheeltec_lebai_humble_2024_7_17/install/grab_demo/include/grab_demo/grab_demo/srv/detail\n'}
[40.324632] (grab_demo) StdoutLine: {'line': b'-- Installing: /home/dxf/wheeltec_lebai_humble_2024_7_17/install/grab_demo/include/grab_demo/grab_demo/srv/detail/dds_fastrtps\n'}
[40.324757] (grab_demo) StdoutLine: {'line': b'-- Installing: /home/dxf/wheeltec_lebai_humble_2024_7_17/install/grab_demo/include/grab_demo/grab_demo/srv/detail/grab_object__rosidl_typesupport_fastrtps_cpp.hpp\n'}
[40.325026] (grab_demo) StdoutLine: {'line': b'-- Installing: /home/dxf/wheeltec_lebai_humble_2024_7_17/install/grab_demo/lib/libgrab_demo__rosidl_typesupport_fastrtps_cpp.so\n'}
[40.325891] (grab_demo) StdoutLine: {'line': b'-- Set runtime path of "/home/dxf/wheeltec_lebai_humble_2024_7_17/install/grab_demo/lib/libgrab_demo__rosidl_typesupport_fastrtps_cpp.so" to ""\n'}
[40.326569] (grab_demo) StdoutLine: {'line': b'-- Up-to-date: /home/dxf/wheeltec_lebai_humble_2024_7_17/install/grab_demo/include/grab_demo/grab_demo\n'}
[40.327186] (grab_demo) StdoutLine: {'line': b'-- Up-to-date: /home/dxf/wheeltec_lebai_humble_2024_7_17/install/grab_demo/include/grab_demo/grab_demo/msg\n'}
[40.327469] (grab_demo) StdoutLine: {'line': b'-- Installing: /home/dxf/wheeltec_lebai_humble_2024_7_17/install/grab_demo/include/grab_demo/grab_demo/msg/rosidl_typesupport_introspection_c__visibility_control.h\n'}
[40.327697] (grab_demo) StdoutLine: {'line': b'-- Up-to-date: /home/dxf/wheeltec_lebai_humble_2024_7_17/install/grab_demo/include/grab_demo/grab_demo/srv\n'}
[40.327846] (grab_demo) StdoutLine: {'line': b'-- Up-to-date: /home/dxf/wheeltec_lebai_humble_2024_7_17/install/grab_demo/include/grab_demo/grab_demo/srv/detail\n'}
[40.327999] (grab_demo) StdoutLine: {'line': b'-- Installing: /home/dxf/wheeltec_lebai_humble_2024_7_17/install/grab_demo/include/grab_demo/grab_demo/srv/detail/grab_object__type_support.c\n'}
[40.328134] (grab_demo) StdoutLine: {'line': b'-- Installing: /home/dxf/wheeltec_lebai_humble_2024_7_17/install/grab_demo/include/grab_demo/grab_demo/srv/detail/grab_object__rosidl_typesupport_introspection_c.h\n'}
[40.328258] (grab_demo) StdoutLine: {'line': b'-- Installing: /home/dxf/wheeltec_lebai_humble_2024_7_17/install/grab_demo/lib/libgrab_demo__rosidl_typesupport_introspection_c.so\n'}
[40.328559] (grab_demo) StdoutLine: {'line': b'-- Set runtime path of "/home/dxf/wheeltec_lebai_humble_2024_7_17/install/grab_demo/lib/libgrab_demo__rosidl_typesupport_introspection_c.so" to ""\n'}
[40.329058] (grab_demo) StdoutLine: {'line': b'-- Installing: /home/dxf/wheeltec_lebai_humble_2024_7_17/install/grab_demo/lib/libgrab_demo__rosidl_typesupport_c.so\n'}
[40.329649] (grab_demo) StdoutLine: {'line': b'-- Set runtime path of "/home/dxf/wheeltec_lebai_humble_2024_7_17/install/grab_demo/lib/libgrab_demo__rosidl_typesupport_c.so" to ""\n'}
[40.330078] (grab_demo) StdoutLine: {'line': b'-- Up-to-date: /home/dxf/wheeltec_lebai_humble_2024_7_17/install/grab_demo/include/grab_demo/grab_demo\n'}
[40.330554] (grab_demo) StdoutLine: {'line': b'-- Up-to-date: /home/dxf/wheeltec_lebai_humble_2024_7_17/install/grab_demo/include/grab_demo/grab_demo/srv\n'}
[40.330728] (grab_demo) StdoutLine: {'line': b'-- Up-to-date: /home/dxf/wheeltec_lebai_humble_2024_7_17/install/grab_demo/include/grab_demo/grab_demo/srv/detail\n'}
[40.331095] (grab_demo) StdoutLine: {'line': b'-- Installing: /home/dxf/wheeltec_lebai_humble_2024_7_17/install/grab_demo/include/grab_demo/grab_demo/srv/detail/grab_object__rosidl_typesupport_introspection_cpp.hpp\n'}
[40.331244] (grab_demo) StdoutLine: {'line': b'-- Installing: /home/dxf/wheeltec_lebai_humble_2024_7_17/install/grab_demo/include/grab_demo/grab_demo/srv/detail/grab_object__type_support.cpp\n'}
[40.332025] (grab_demo) StdoutLine: {'line': b'-- Installing: /home/dxf/wheeltec_lebai_humble_2024_7_17/install/grab_demo/lib/libgrab_demo__rosidl_typesupport_introspection_cpp.so\n'}
[40.332685] (grab_demo) StdoutLine: {'line': b'-- Set runtime path of "/home/dxf/wheeltec_lebai_humble_2024_7_17/install/grab_demo/lib/libgrab_demo__rosidl_typesupport_introspection_cpp.so" to ""\n'}
[40.332944] (grab_demo) StdoutLine: {'line': b'-- Installing: /home/dxf/wheeltec_lebai_humble_2024_7_17/install/grab_demo/lib/libgrab_demo__rosidl_typesupport_cpp.so\n'}
[40.333735] (grab_demo) StdoutLine: {'line': b'-- Set runtime path of "/home/dxf/wheeltec_lebai_humble_2024_7_17/install/grab_demo/lib/libgrab_demo__rosidl_typesupport_cpp.so" to ""\n'}
[40.334456] (grab_demo) StdoutLine: {'line': b'-- Installing: /home/dxf/wheeltec_lebai_humble_2024_7_17/install/grab_demo/share/grab_demo/environment/pythonpath.sh\n'}
[40.334757] (grab_demo) StdoutLine: {'line': b'-- Installing: /home/dxf/wheeltec_lebai_humble_2024_7_17/install/grab_demo/share/grab_demo/environment/pythonpath.dsv\n'}
[40.335219] (grab_demo) StdoutLine: {'line': b'-- Installing: /home/dxf/wheeltec_lebai_humble_2024_7_17/install/grab_demo/local/lib/python3.10/dist-packages/grab_demo-0.0.0-py3.10.egg-info\n'}
[40.335675] (grab_demo) StdoutLine: {'line': b'-- Installing: /home/dxf/wheeltec_lebai_humble_2024_7_17/install/grab_demo/local/lib/python3.10/dist-packages/grab_demo-0.0.0-py3.10.egg-info/dependency_links.txt\n'}
[40.336519] (grab_demo) StdoutLine: {'line': b'-- Installing: /home/dxf/wheeltec_lebai_humble_2024_7_17/install/grab_demo/local/lib/python3.10/dist-packages/grab_demo-0.0.0-py3.10.egg-info/PKG-INFO\n'}
[40.336966] (grab_demo) StdoutLine: {'line': b'-- Installing: /home/dxf/wheeltec_lebai_humble_2024_7_17/install/grab_demo/local/lib/python3.10/dist-packages/grab_demo-0.0.0-py3.10.egg-info/top_level.txt\n'}
[40.337298] (grab_demo) StdoutLine: {'line': b'-- Installing: /home/dxf/wheeltec_lebai_humble_2024_7_17/install/grab_demo/local/lib/python3.10/dist-packages/grab_demo-0.0.0-py3.10.egg-info/SOURCES.txt\n'}
[40.337618] (grab_demo) StdoutLine: {'line': b'-- Installing: /home/dxf/wheeltec_lebai_humble_2024_7_17/install/grab_demo/local/lib/python3.10/dist-packages/grab_demo\n'}
[40.337777] (grab_demo) StdoutLine: {'line': b'-- Installing: /home/dxf/wheeltec_lebai_humble_2024_7_17/install/grab_demo/local/lib/python3.10/dist-packages/grab_demo/libgrab_demo__rosidl_generator_py.so\n'}
[40.338123] (grab_demo) StdoutLine: {'line': b'-- Installing: /home/dxf/wheeltec_lebai_humble_2024_7_17/install/grab_demo/local/lib/python3.10/dist-packages/grab_demo/_grab_demo_s.ep.rosidl_typesupport_c.c\n'}
[40.338465] (grab_demo) StdoutLine: {'line': b'-- Installing: /home/dxf/wheeltec_lebai_humble_2024_7_17/install/grab_demo/local/lib/python3.10/dist-packages/grab_demo/__init__.py\n'}
[40.338791] (grab_demo) StdoutLine: {'line': b'-- Installing: /home/dxf/wheeltec_lebai_humble_2024_7_17/install/grab_demo/local/lib/python3.10/dist-packages/grab_demo/_grab_demo_s.ep.rosidl_typesupport_introspection_c.c\n'}
[40.339097] (grab_demo) StdoutLine: {'line': b'-- Installing: /home/dxf/wheeltec_lebai_humble_2024_7_17/install/grab_demo/local/lib/python3.10/dist-packages/grab_demo/_grab_demo_s.ep.rosidl_typesupport_fastrtps_c.c\n'}
[40.339445] (grab_demo) StdoutLine: {'line': b'-- Installing: /home/dxf/wheeltec_lebai_humble_2024_7_17/install/grab_demo/local/lib/python3.10/dist-packages/grab_demo/grab_demo_s__rosidl_typesupport_introspection_c.cpython-310-aarch64-linux-gnu.so\n'}
[40.339770] (grab_demo) StdoutLine: {'line': b'-- Installing: /home/dxf/wheeltec_lebai_humble_2024_7_17/install/grab_demo/local/lib/python3.10/dist-packages/grab_demo/grab_demo_s__rosidl_typesupport_c.cpython-310-aarch64-linux-gnu.so\n'}
[40.340188] (grab_demo) StdoutLine: {'line': b'-- Installing: /home/dxf/wheeltec_lebai_humble_2024_7_17/install/grab_demo/local/lib/python3.10/dist-packages/grab_demo/srv\n'}
[40.340623] (grab_demo) StdoutLine: {'line': b'-- Installing: /home/dxf/wheeltec_lebai_humble_2024_7_17/install/grab_demo/local/lib/python3.10/dist-packages/grab_demo/srv/__init__.py\n'}
[40.341098] (grab_demo) StdoutLine: {'line': b'-- Installing: /home/dxf/wheeltec_lebai_humble_2024_7_17/install/grab_demo/local/lib/python3.10/dist-packages/grab_demo/srv/_grab_object.py\n'}
[40.341302] (grab_demo) StdoutLine: {'line': b'-- Installing: /home/dxf/wheeltec_lebai_humble_2024_7_17/install/grab_demo/local/lib/python3.10/dist-packages/grab_demo/srv/_grab_object_s.c\n'}
[40.341744] (grab_demo) StdoutLine: {'line': b'-- Installing: /home/dxf/wheeltec_lebai_humble_2024_7_17/install/grab_demo/local/lib/python3.10/dist-packages/grab_demo/grab_demo_s__rosidl_typesupport_fastrtps_c.cpython-310-aarch64-linux-gnu.so\n'}
[40.419338] (-) TimerEvent: {}
[40.484730] (grab_demo) StdoutLine: {'line': b"Listing '/home/dxf/wheeltec_lebai_humble_2024_7_17/install/grab_demo/local/lib/python3.10/dist-packages/grab_demo'...\n"}
[40.485241] (grab_demo) StdoutLine: {'line': b"Compiling '/home/dxf/wheeltec_lebai_humble_2024_7_17/install/grab_demo/local/lib/python3.10/dist-packages/grab_demo/__init__.py'...\n"}
[40.485419] (grab_demo) StdoutLine: {'line': b"Listing '/home/dxf/wheeltec_lebai_humble_2024_7_17/install/grab_demo/local/lib/python3.10/dist-packages/grab_demo/srv'...\n"}
[40.485609] (grab_demo) StdoutLine: {'line': b"Compiling '/home/dxf/wheeltec_lebai_humble_2024_7_17/install/grab_demo/local/lib/python3.10/dist-packages/grab_demo/srv/__init__.py'...\n"}
[40.485774] (grab_demo) StdoutLine: {'line': b"Compiling '/home/dxf/wheeltec_lebai_humble_2024_7_17/install/grab_demo/local/lib/python3.10/dist-packages/grab_demo/srv/_grab_object.py'...\n"}
[40.499962] (grab_demo) StdoutLine: {'line': b'-- Installing: /home/dxf/wheeltec_lebai_humble_2024_7_17/install/grab_demo/local/lib/python3.10/dist-packages/grab_demo/grab_demo_s__rosidl_typesupport_fastrtps_c.cpython-310-aarch64-linux-gnu.so\n'}
[40.500672] (grab_demo) StdoutLine: {'line': b'-- Set runtime path of "/home/dxf/wheeltec_lebai_humble_2024_7_17/install/grab_demo/local/lib/python3.10/dist-packages/grab_demo/grab_demo_s__rosidl_typesupport_fastrtps_c.cpython-310-aarch64-linux-gnu.so" to ""\n'}
[40.501035] (grab_demo) StdoutLine: {'line': b'-- Installing: /home/dxf/wheeltec_lebai_humble_2024_7_17/install/grab_demo/local/lib/python3.10/dist-packages/grab_demo/grab_demo_s__rosidl_typesupport_introspection_c.cpython-310-aarch64-linux-gnu.so\n'}
[40.501572] (grab_demo) StdoutLine: {'line': b'-- Set runtime path of "/home/dxf/wheeltec_lebai_humble_2024_7_17/install/grab_demo/local/lib/python3.10/dist-packages/grab_demo/grab_demo_s__rosidl_typesupport_introspection_c.cpython-310-aarch64-linux-gnu.so" to ""\n'}
[40.501913] (grab_demo) StdoutLine: {'line': b'-- Installing: /home/dxf/wheeltec_lebai_humble_2024_7_17/install/grab_demo/local/lib/python3.10/dist-packages/grab_demo/grab_demo_s__rosidl_typesupport_c.cpython-310-aarch64-linux-gnu.so\n'}
[40.502423] (grab_demo) StdoutLine: {'line': b'-- Set runtime path of "/home/dxf/wheeltec_lebai_humble_2024_7_17/install/grab_demo/local/lib/python3.10/dist-packages/grab_demo/grab_demo_s__rosidl_typesupport_c.cpython-310-aarch64-linux-gnu.so" to ""\n'}
[40.502658] (grab_demo) StdoutLine: {'line': b'-- Installing: /home/dxf/wheeltec_lebai_humble_2024_7_17/install/grab_demo/lib/libgrab_demo__rosidl_generator_py.so\n'}
[40.503665] (grab_demo) StdoutLine: {'line': b'-- Set runtime path of "/home/dxf/wheeltec_lebai_humble_2024_7_17/install/grab_demo/lib/libgrab_demo__rosidl_generator_py.so" to ""\n'}
[40.504422] (grab_demo) StdoutLine: {'line': b'-- Installing: /home/dxf/wheeltec_lebai_humble_2024_7_17/install/grab_demo/share/grab_demo/srv/GrabObject.idl\n'}
[40.505183] (grab_demo) StdoutLine: {'line': b'-- Installing: /home/dxf/wheeltec_lebai_humble_2024_7_17/install/grab_demo/share/grab_demo/srv/GrabObject.srv\n'}
[40.505768] (grab_demo) StdoutLine: {'line': b'-- Installing: /home/dxf/wheeltec_lebai_humble_2024_7_17/install/grab_demo/share/grab_demo/srv/GrabObject_Request.msg\n'}
[40.506179] (grab_demo) StdoutLine: {'line': b'-- Installing: /home/dxf/wheeltec_lebai_humble_2024_7_17/install/grab_demo/share/grab_demo/srv/GrabObject_Response.msg\n'}
[40.506531] (grab_demo) StdoutLine: {'line': b'-- Installing: /home/dxf/wheeltec_lebai_humble_2024_7_17/install/grab_demo/lib/grab_demo/charuco_dectet_node\n'}
[40.510333] (grab_demo) StdoutLine: {'line': b'-- Set runtime path of "/home/dxf/wheeltec_lebai_humble_2024_7_17/install/grab_demo/lib/grab_demo/charuco_dectet_node" to ""\n'}
[40.510628] (grab_demo) StdoutLine: {'line': b'-- Installing: /home/dxf/wheeltec_lebai_humble_2024_7_17/install/grab_demo/lib/grab_demo/hand_eye\n'}
[40.513757] (grab_demo) StdoutLine: {'line': b'-- Set runtime path of "/home/dxf/wheeltec_lebai_humble_2024_7_17/install/grab_demo/lib/grab_demo/hand_eye" to ""\n'}
[40.514055] (grab_demo) StdoutLine: {'line': b'-- Installing: /home/dxf/wheeltec_lebai_humble_2024_7_17/install/grab_demo/lib/grab_demo/hsv_range\n'}
[40.518945] (grab_demo) StdoutLine: {'line': b'-- Set runtime path of "/home/dxf/wheeltec_lebai_humble_2024_7_17/install/grab_demo/lib/grab_demo/hsv_range" to ""\n'}
[40.519299] (grab_demo) StdoutLine: {'line': b'-- Installing: /home/dxf/wheeltec_lebai_humble_2024_7_17/install/grab_demo/lib/grab_demo/aruco_dectet\n'}
[40.519454] (-) TimerEvent: {}
[40.521853] (grab_demo) StdoutLine: {'line': b'-- Set runtime path of "/home/dxf/wheeltec_lebai_humble_2024_7_17/install/grab_demo/lib/grab_demo/aruco_dectet" to ""\n'}
[40.522160] (grab_demo) StdoutLine: {'line': b'-- Installing: /home/dxf/wheeltec_lebai_humble_2024_7_17/install/grab_demo/lib/grab_demo/grab_service_node\n'}
[40.523593] (grab_demo) StdoutLine: {'line': b'-- Set runtime path of "/home/dxf/wheeltec_lebai_humble_2024_7_17/install/grab_demo/lib/grab_demo/grab_service_node" to ""\n'}
[40.524008] (grab_demo) StdoutLine: {'line': b'-- Installing: /home/dxf/wheeltec_lebai_humble_2024_7_17/install/grab_demo/lib/grab_demo/start_grab\n'}
[40.525297] (grab_demo) StdoutLine: {'line': b'-- Set runtime path of "/home/dxf/wheeltec_lebai_humble_2024_7_17/install/grab_demo/lib/grab_demo/start_grab" to ""\n'}
[40.525706] (grab_demo) StdoutLine: {'line': b'-- Installing: /home/dxf/wheeltec_lebai_humble_2024_7_17/install/grab_demo/lib/grab_demo/camera_info_node\n'}
[40.527022] (grab_demo) StdoutLine: {'line': b'-- Set runtime path of "/home/dxf/wheeltec_lebai_humble_2024_7_17/install/grab_demo/lib/grab_demo/camera_info_node" to ""\n'}
[40.527318] (grab_demo) StdoutLine: {'line': b'-- Installing: /home/dxf/wheeltec_lebai_humble_2024_7_17/install/grab_demo/lib/grab_demo/nav_grab\n'}
[40.528786] (grab_demo) StdoutLine: {'line': b'-- Set runtime path of "/home/dxf/wheeltec_lebai_humble_2024_7_17/install/grab_demo/lib/grab_demo/nav_grab" to ""\n'}
[40.529342] (grab_demo) StdoutLine: {'line': b'-- Installing: /home/dxf/wheeltec_lebai_humble_2024_7_17/install/grab_demo/share/grab_demo/launch\n'}
[40.529600] (grab_demo) StdoutLine: {'line': b'-- Installing: /home/dxf/wheeltec_lebai_humble_2024_7_17/install/grab_demo/share/grab_demo/launch/start_grab.launch.py\n'}
[40.529997] (grab_demo) StdoutLine: {'line': b'-- Installing: /home/dxf/wheeltec_lebai_humble_2024_7_17/install/grab_demo/share/grab_demo/launch/hand_eye.launch.py\n'}
[40.530524] (grab_demo) StdoutLine: {'line': b'-- Installing: /home/dxf/wheeltec_lebai_humble_2024_7_17/install/grab_demo/share/grab_demo/launch/color_grab.launch.py\n'}
[40.530717] (grab_demo) StdoutLine: {'line': b'-- Installing: /home/dxf/wheeltec_lebai_humble_2024_7_17/install/grab_demo/share/grab_demo/launch/aruco_grab.launch.py\n'}
[40.531160] (grab_demo) StdoutLine: {'line': b'-- Installing: /home/dxf/wheeltec_lebai_humble_2024_7_17/install/grab_demo/share/ament_index/resource_index/package_run_dependencies/grab_demo\n'}
[40.531841] (grab_demo) StdoutLine: {'line': b'-- Installing: /home/dxf/wheeltec_lebai_humble_2024_7_17/install/grab_demo/share/ament_index/resource_index/parent_prefix_path/grab_demo\n'}
[40.533746] (grab_demo) StdoutLine: {'line': b'-- Installing: /home/dxf/wheeltec_lebai_humble_2024_7_17/install/grab_demo/share/grab_demo/environment/ament_prefix_path.sh\n'}
[40.534406] (grab_demo) StdoutLine: {'line': b'-- Installing: /home/dxf/wheeltec_lebai_humble_2024_7_17/install/grab_demo/share/grab_demo/environment/ament_prefix_path.dsv\n'}
[40.534990] (grab_demo) StdoutLine: {'line': b'-- Installing: /home/dxf/wheeltec_lebai_humble_2024_7_17/install/grab_demo/share/grab_demo/environment/path.sh\n'}
[40.535486] (grab_demo) StdoutLine: {'line': b'-- Installing: /home/dxf/wheeltec_lebai_humble_2024_7_17/install/grab_demo/share/grab_demo/environment/path.dsv\n'}
[40.536012] (grab_demo) StdoutLine: {'line': b'-- Installing: /home/dxf/wheeltec_lebai_humble_2024_7_17/install/grab_demo/share/grab_demo/local_setup.bash\n'}
[40.536565] (grab_demo) StdoutLine: {'line': b'-- Installing: /home/dxf/wheeltec_lebai_humble_2024_7_17/install/grab_demo/share/grab_demo/local_setup.sh\n'}
[40.537183] (grab_demo) StdoutLine: {'line': b'-- Installing: /home/dxf/wheeltec_lebai_humble_2024_7_17/install/grab_demo/share/grab_demo/local_setup.zsh\n'}
[40.537695] (grab_demo) StdoutLine: {'line': b'-- Installing: /home/dxf/wheeltec_lebai_humble_2024_7_17/install/grab_demo/share/grab_demo/local_setup.dsv\n'}
[40.538198] (grab_demo) StdoutLine: {'line': b'-- Installing: /home/dxf/wheeltec_lebai_humble_2024_7_17/install/grab_demo/share/grab_demo/package.dsv\n'}
[40.539224] (grab_demo) StdoutLine: {'line': b'-- Installing: /home/dxf/wheeltec_lebai_humble_2024_7_17/install/grab_demo/share/ament_index/resource_index/packages/grab_demo\n'}
[40.540258] (grab_demo) StdoutLine: {'line': b'-- Installing: /home/dxf/wheeltec_lebai_humble_2024_7_17/install/grab_demo/share/grab_demo/cmake/export_grab_demo__rosidl_generator_cExport.cmake\n'}
[40.540765] (grab_demo) StdoutLine: {'line': b'-- Installing: /home/dxf/wheeltec_lebai_humble_2024_7_17/install/grab_demo/share/grab_demo/cmake/export_grab_demo__rosidl_generator_cExport-release.cmake\n'}
[40.541341] (grab_demo) StdoutLine: {'line': b'-- Installing: /home/dxf/wheeltec_lebai_humble_2024_7_17/install/grab_demo/share/grab_demo/cmake/export_grab_demo__rosidl_typesupport_fastrtps_cExport.cmake\n'}
[40.541948] (grab_demo) StdoutLine: {'line': b'-- Installing: /home/dxf/wheeltec_lebai_humble_2024_7_17/install/grab_demo/share/grab_demo/cmake/export_grab_demo__rosidl_typesupport_fastrtps_cExport-release.cmake\n'}
[40.542524] (grab_demo) StdoutLine: {'line': b'-- Installing: /home/dxf/wheeltec_lebai_humble_2024_7_17/install/grab_demo/share/grab_demo/cmake/export_grab_demo__rosidl_generator_cppExport.cmake\n'}
[40.543191] (grab_demo) StdoutLine: {'line': b'-- Installing: /home/dxf/wheeltec_lebai_humble_2024_7_17/install/grab_demo/share/grab_demo/cmake/export_grab_demo__rosidl_typesupport_fastrtps_cppExport.cmake\n'}
[40.543776] (grab_demo) StdoutLine: {'line': b'-- Installing: /home/dxf/wheeltec_lebai_humble_2024_7_17/install/grab_demo/share/grab_demo/cmake/export_grab_demo__rosidl_typesupport_fastrtps_cppExport-release.cmake\n'}
[40.544237] (grab_demo) StdoutLine: {'line': b'-- Installing: /home/dxf/wheeltec_lebai_humble_2024_7_17/install/grab_demo/share/grab_demo/cmake/grab_demo__rosidl_typesupport_introspection_cExport.cmake\n'}
[40.544438] (grab_demo) StdoutLine: {'line': b'-- Installing: /home/dxf/wheeltec_lebai_humble_2024_7_17/install/grab_demo/share/grab_demo/cmake/grab_demo__rosidl_typesupport_introspection_cExport-release.cmake\n'}
[40.544755] (grab_demo) StdoutLine: {'line': b'-- Installing: /home/dxf/wheeltec_lebai_humble_2024_7_17/install/grab_demo/share/grab_demo/cmake/grab_demo__rosidl_typesupport_cExport.cmake\n'}
[40.545055] (grab_demo) StdoutLine: {'line': b'-- Installing: /home/dxf/wheeltec_lebai_humble_2024_7_17/install/grab_demo/share/grab_demo/cmake/grab_demo__rosidl_typesupport_cExport-release.cmake\n'}
[40.545675] (grab_demo) StdoutLine: {'line': b'-- Installing: /home/dxf/wheeltec_lebai_humble_2024_7_17/install/grab_demo/share/grab_demo/cmake/grab_demo__rosidl_typesupport_introspection_cppExport.cmake\n'}
[40.546361] (grab_demo) StdoutLine: {'line': b'-- Installing: /home/dxf/wheeltec_lebai_humble_2024_7_17/install/grab_demo/share/grab_demo/cmake/grab_demo__rosidl_typesupport_introspection_cppExport-release.cmake\n'}
[40.547269] (grab_demo) StdoutLine: {'line': b'-- Installing: /home/dxf/wheeltec_lebai_humble_2024_7_17/install/grab_demo/share/grab_demo/cmake/grab_demo__rosidl_typesupport_cppExport.cmake\n'}
[40.547710] (grab_demo) StdoutLine: {'line': b'-- Installing: /home/dxf/wheeltec_lebai_humble_2024_7_17/install/grab_demo/share/grab_demo/cmake/grab_demo__rosidl_typesupport_cppExport-release.cmake\n'}
[40.548435] (grab_demo) StdoutLine: {'line': b'-- Installing: /home/dxf/wheeltec_lebai_humble_2024_7_17/install/grab_demo/share/grab_demo/cmake/export_grab_demo__rosidl_generator_pyExport.cmake\n'}
[40.549047] (grab_demo) StdoutLine: {'line': b'-- Installing: /home/dxf/wheeltec_lebai_humble_2024_7_17/install/grab_demo/share/grab_demo/cmake/export_grab_demo__rosidl_generator_pyExport-release.cmake\n'}
[40.549605] (grab_demo) StdoutLine: {'line': b'-- Installing: /home/dxf/wheeltec_lebai_humble_2024_7_17/install/grab_demo/share/grab_demo/cmake/rosidl_cmake-extras.cmake\n'}
[40.550159] (grab_demo) StdoutLine: {'line': b'-- Installing: /home/dxf/wheeltec_lebai_humble_2024_7_17/install/grab_demo/share/grab_demo/cmake/ament_cmake_export_include_directories-extras.cmake\n'}
[40.550692] (grab_demo) StdoutLine: {'line': b'-- Installing: /home/dxf/wheeltec_lebai_humble_2024_7_17/install/grab_demo/share/grab_demo/cmake/ament_cmake_export_libraries-extras.cmake\n'}
[40.551421] (grab_demo) StdoutLine: {'line': b'-- Installing: /home/dxf/wheeltec_lebai_humble_2024_7_17/install/grab_demo/share/grab_demo/cmake/ament_cmake_export_targets-extras.cmake\n'}
[40.551754] (grab_demo) StdoutLine: {'line': b'-- Installing: /home/dxf/wheeltec_lebai_humble_2024_7_17/install/grab_demo/share/grab_demo/cmake/rosidl_cmake_export_typesupport_targets-extras.cmake\n'}
[40.552272] (grab_demo) StdoutLine: {'line': b'-- Installing: /home/dxf/wheeltec_lebai_humble_2024_7_17/install/grab_demo/share/grab_demo/cmake/ament_cmake_export_dependencies-extras.cmake\n'}
[40.552779] (grab_demo) StdoutLine: {'line': b'-- Installing: /home/dxf/wheeltec_lebai_humble_2024_7_17/install/grab_demo/share/grab_demo/cmake/rosidl_cmake_export_typesupport_libraries-extras.cmake\n'}
[40.553279] (grab_demo) StdoutLine: {'line': b'-- Installing: /home/dxf/wheeltec_lebai_humble_2024_7_17/install/grab_demo/share/grab_demo/cmake/grab_demoConfig.cmake\n'}
[40.553768] (grab_demo) StdoutLine: {'line': b'-- Installing: /home/dxf/wheeltec_lebai_humble_2024_7_17/install/grab_demo/share/grab_demo/cmake/grab_demoConfig-version.cmake\n'}
[40.554285] (grab_demo) StdoutLine: {'line': b'-- Installing: /home/dxf/wheeltec_lebai_humble_2024_7_17/install/grab_demo/share/grab_demo/package.xml\n'}
[40.561985] (grab_demo) CommandEnded: {'returncode': 0}
[40.620040] (-) TimerEvent: {}
[40.668372] (grab_demo) JobEnded: {'identifier': 'grab_demo', 'rc': 0}
[40.672784] (-) EventReactorShutdown: {}
