[0.088s] Invoking command in '/home/dxf/wheeltec_lebai_humble_2024_7_17/build/grab_demo': CMAKE_PREFIX_PATH=${CMAKE_PREFIX_PATH}:/home/dxf/WHEELTEC_S300Pro_mini_ros2_arm_src_2025_9_15/install/opencv_tests:/home/dxf/WHEELTEC_S300Pro_mini/install/wheeltec_robot_keyboard:/home/dxf/WHEELTEC_S300Pro_mini/install/simple_follower_ros2:/home/dxf/WHEELTEC_S300Pro_mini/install/ollama_ros_chat:/home/dxf/WHEELTEC_S300Pro_mini/install/nav2_waypoint_cycle:/home/dxf/WHEELTEC_S300Pro_mini/install/auto_recharge_ros2:/opt/ros/humble /usr/bin/cmake /home/dxf/wheeltec_lebai_humble_2024_7_17/src/grab_demo -DCMAKE_INSTALL_PREFIX=/home/dxf/wheeltec_lebai_humble_2024_7_17/install/grab_demo
[0.888s] -- The C compiler identification is GNU 11.4.0
[0.889s] -- The CXX compiler identification is GNU 11.4.0
[0.889s] -- Detecting C compiler ABI info
[0.889s] -- Detecting C compiler ABI info - done
[0.889s] -- Check for working C compiler: /usr/bin/cc - skipped
[0.889s] -- Detecting C compile features
[0.889s] -- Detecting C compile features - done
[0.889s] -- Detecting CXX compiler ABI info
[0.890s] -- Detecting CXX compiler ABI info - done
[0.890s] -- Check for working CXX compiler: /usr/bin/c++ - skipped
[0.890s] -- Detecting CXX compile features
[0.890s] -- Detecting CXX compile features - done
[0.910s] -- Found ament_cmake: 1.3.12 (/opt/ros/humble/share/ament_cmake/cmake)
[1.576s] -- Found Python3: /usr/bin/python3 (found version "3.10.12") found components: Interpreter 
[2.049s] -- Found rclcpp: 16.0.15 (/opt/ros/humble/share/rclcpp/cmake)
[2.310s] -- Found rosidl_generator_c: 3.1.7 (/opt/ros/humble/share/rosidl_generator_c/cmake)
[2.356s] -- Found rosidl_adapter: 3.1.7 (/opt/ros/humble/share/rosidl_adapter/cmake)
[2.409s] -- Found rosidl_generator_cpp: 3.1.7 (/opt/ros/humble/share/rosidl_generator_cpp/cmake)
[2.481s] -- Using all available rosidl_typesupport_c: rosidl_typesupport_fastrtps_c;rosidl_typesupport_introspection_c
[2.576s] -- Using all available rosidl_typesupport_cpp: rosidl_typesupport_fastrtps_cpp;rosidl_typesupport_introspection_cpp
[2.857s] -- Found rmw_implementation_cmake: 6.1.2 (/opt/ros/humble/share/rmw_implementation_cmake/cmake)
[2.882s] -- Found rmw_fastrtps_cpp: 6.2.8 (/opt/ros/humble/share/rmw_fastrtps_cpp/cmake)
[3.253s] -- Found OpenSSL: /usr/lib/aarch64-linux-gnu/libcrypto.so (found version "3.0.2")  
[3.351s] -- Found FastRTPS: /opt/ros/humble/include  
[3.479s] -- Using RMW implementation 'rmw_fastrtps_cpp' as default
[3.540s] -- Looking for pthread.h
[3.730s] -- Looking for pthread.h - found
[3.732s] -- Performing Test CMAKE_HAVE_LIBC_PTHREAD
[3.948s] -- Performing Test CMAKE_HAVE_LIBC_PTHREAD - Success
[3.948s] -- Found Threads: TRUE  
[4.178s] -- Found image_transport: 3.1.12 (/opt/ros/humble/share/image_transport/cmake)
[4.463s] -- Found cv_bridge: 3.2.1 (/home/dxf/WHEELTEC_S300Pro_mini_ros2_arm_src_2025_9_15/install/cv_bridge/share/cv_bridge/cmake)
[4.501s] -- Found OpenCV: /usr/local/opencv410 (found version "4.10.0") 
[4.519s] -- Found moveit_common: 2.5.9 (/opt/ros/humble/share/moveit_common/cmake)
[4.538s] -- Found tf2_ros: 0.25.16 (/opt/ros/humble/share/tf2_ros/cmake)
[4.917s] -- Found tf2_geometry_msgs: 0.25.16 (/opt/ros/humble/share/tf2_geometry_msgs/cmake)
[4.989s] -- Found eigen3_cmake_module: 0.1.1 (/opt/ros/humble/share/eigen3_cmake_module/cmake)
[4.992s] -- Found Eigen3: TRUE (found version "3.4.0") 
[4.992s] -- Ensuring Eigen3 include directory is part of orocos-kdl CMake target
[5.014s] -- Found nav2_msgs: 1.1.18 (/opt/ros/humble/share/nav2_msgs/cmake)
[5.137s] -- Found rosidl_default_generators: 1.2.0 (/opt/ros/humble/share/rosidl_default_generators/cmake)
[5.217s] -- Configuring incomplete, errors occurred!
[5.217s] See also "/home/dxf/wheeltec_lebai_humble_2024_7_17/build/grab_demo/CMakeFiles/CMakeOutput.log".
[5.219s] [31mCMake Error at CMakeLists.txt:29 (find_package):
[5.219s]   By not providing "Findlebai_interfaces.cmake" in CMAKE_MODULE_PATH this
[5.219s]   project has asked CMake to find a package configuration file provided by
[5.219s]   "lebai_interfaces", but CMake did not find one.
[5.220s] 
[5.220s]   Could not find a package configuration file provided by "lebai_interfaces"
[5.220s]   with any of the following names:
[5.220s] 
[5.220s]     lebai_interfacesConfig.cmake
[5.220s]     lebai_interfaces-config.cmake
[5.220s] 
[5.221s]   Add the installation prefix of "lebai_interfaces" to CMAKE_PREFIX_PATH or
[5.221s]   set "lebai_interfaces_DIR" to a directory containing one of the above
[5.221s]   files.  If "lebai_interfaces" provides a separate development package or
[5.221s]   SDK, be sure it has been installed.
[5.221s] 
[5.221s] [0m
[5.255s] Invoked command in '/home/dxf/wheeltec_lebai_humble_2024_7_17/build/grab_demo' returned '1': CMAKE_PREFIX_PATH=${CMAKE_PREFIX_PATH}:/home/dxf/WHEELTEC_S300Pro_mini_ros2_arm_src_2025_9_15/install/opencv_tests:/home/dxf/WHEELTEC_S300Pro_mini/install/wheeltec_robot_keyboard:/home/dxf/WHEELTEC_S300Pro_mini/install/simple_follower_ros2:/home/dxf/WHEELTEC_S300Pro_mini/install/ollama_ros_chat:/home/dxf/WHEELTEC_S300Pro_mini/install/nav2_waypoint_cycle:/home/dxf/WHEELTEC_S300Pro_mini/install/auto_recharge_ros2:/opt/ros/humble /usr/bin/cmake /home/dxf/wheeltec_lebai_humble_2024_7_17/src/grab_demo -DCMAKE_INSTALL_PREFIX=/home/dxf/wheeltec_lebai_humble_2024_7_17/install/grab_demo
