/home/dxf/wheeltec_lebai_humble_2024_7_17/src/grab_demo/src/aruco_dectet.cpp: In member function ‘void aruco_dectet::rgb_image_callback(const ConstSharedPtr&)’:
/home/dxf/wheeltec_lebai_humble_2024_7_17/src/grab_demo/src/aruco_dectet.cpp:136:21: error: ‘solvePnP’ is not a member of ‘cv’; did you mean ‘solveLP’?
  136 |                 cv::solvePnP(objectPoints, marker_corners[0], camera_matrix, camera_dis, rvec, tvec);
      |                     ^~~~~~~~
      |                     solveLP
/home/dxf/wheeltec_lebai_humble_2024_7_17/src/grab_demo/src/aruco_dectet.cpp:137:21: error: ‘Rodrigues’ is not a member of ‘cv’
  137 |                 cv::Rodrigues(rvec, rotation_matrix);
      |                     ^~~~~~~~~
/home/dxf/wheeltec_lebai_humble_2024_7_17/src/grab_demo/src/charuco_dectet_node.cpp: In member function ‘void charuco_dectet::rgb_image_callback(const ConstSharedPtr&)’:
/home/dxf/wheeltec_lebai_humble_2024_7_17/src/grab_demo/src/charuco_dectet_node.cpp:84:40: error: ‘class cv::aruco::CharucoBoard’ has no member named ‘projectCharucoBoard’; did you mean ‘CharucoBoard’?
   84 |                         charuco_board->projectCharucoBoard(camera_matrix, camera_dis, objectPoints);
      |                                        ^~~~~~~~~~~~~~~~~~~
      |                                        CharucoBoard
/home/dxf/wheeltec_lebai_humble_2024_7_17/src/grab_demo/src/charuco_dectet_node.cpp:93:76: error: no matching function for call to ‘cv::aruco::CharucoBoard::getChessboardCorners(__gnu_cxx::__alloc_traits<std::allocator<int>, int>::value_type&, cv::Point3f&)’
   93 |                                         charuco_board->getChessboardCorners(charuco_ids[i], pt3d);
      |                                         ~~~~~~~~~~~~~~~~~~~~~~~~~~~~~~~~~~~^~~~~~~~~~~~~~~~~~~~~~
In file included from /usr/local/opencv410/include/opencv4/opencv2/objdetect/aruco_detector.hpp:8,
                 from /usr/local/opencv410/include/opencv4/opencv2/objdetect.hpp:48,
                 from /usr/include/opencv4/opencv2/opencv.hpp:80,
                 from /home/dxf/wheeltec_lebai_humble_2024_7_17/src/grab_demo/include/grab_demo/charuco_dectet_node.hpp:7,
                 from /home/dxf/wheeltec_lebai_humble_2024_7_17/src/grab_demo/src/charuco_dectet_node.cpp:1:
/usr/local/opencv410/include/opencv4/opencv2/objdetect/aruco_board.hpp:167:34: note: candidate: ‘std::vector<cv::Point3_<float> > cv::aruco::CharucoBoard::getChessboardCorners() const’
  167 |     CV_WRAP std::vector<Point3f> getChessboardCorners() const;
      |                                  ^~~~~~~~~~~~~~~~~~~~
/usr/local/opencv410/include/opencv4/opencv2/objdetect/aruco_board.hpp:167:34: note:   candidate expects 0 arguments, 2 provided
/home/dxf/wheeltec_lebai_humble_2024_7_17/src/grab_demo/src/charuco_dectet_node.cpp:78:13: warning: unused variable ‘interpolatedCorners’ [-Wunused-variable]
   78 |         int interpolatedCorners = charuco_corners.size();
      |             ^~~~~~~~~~~~~~~~~~~
gmake[2]: *** [CMakeFiles/aruco_dectet.dir/build.make:76：CMakeFiles/aruco_dectet.dir/src/aruco_dectet.cpp.o] 错误 1
gmake[1]: *** [CMakeFiles/Makefile2:684：CMakeFiles/aruco_dectet.dir/all] 错误 2
gmake[1]: *** 正在等待未完成的任务....
gmake[2]: *** [CMakeFiles/charuco_dectet_node.dir/build.make:76：CMakeFiles/charuco_dectet_node.dir/src/charuco_dectet_node.cpp.o] 错误 1
gmake[1]: *** [CMakeFiles/Makefile2:606：CMakeFiles/charuco_dectet_node.dir/all] 错误 2
gmake: *** [Makefile:146：all] 错误 2
