[0.000000] (-) TimerEvent: {}
[0.001378] (-) JobUnselected: {'identifier': 'arm_demo'}
[0.001611] (-) JobUnselected: {'identifier': 'lebai_driver'}
[0.001671] (-) JobUnselected: {'identifier': 'lebai_interfaces'}
[0.001797] (-) JobUnselected: {'identifier': 'lebai_lm3_moveit_config'}
[0.001911] (-) JobUnselected: {'identifier': 'lebai_lm3_support'}
[0.002010] (-) JobUnselected: {'identifier': 'lebai_resources'}
[0.002056] (-) JobUnselected: {'identifier': 'lebai_tutorials'}
[0.002170] (grab_demo) JobQueued: {'identifier': 'grab_demo', 'dependencies': OrderedDict()}
[0.002325] (grab_demo) JobStarted: {'identifier': 'grab_demo'}
[0.093506] (grab_demo) JobProgress: {'identifier': 'grab_demo', 'progress': 'cmake'}
[0.093695] (-) TimerEvent: {}
[0.099437] (grab_demo) JobProgress: {'identifier': 'grab_demo', 'progress': 'build'}
[0.102551] (grab_demo) Command: {'cmd': ['/usr/bin/cmake', '--build', '/home/dxf/wheeltec_lebai_humble_2024_7_17/build/grab_demo', '--', '-j6', '-l6'], 'cwd': '/home/dxf/wheeltec_lebai_humble_2024_7_17/build/grab_demo', 'env': OrderedDict([('PYTHON_BASIC_REPL', '1'), ('LESSOPEN', '| /usr/bin/lesspipe %s'), ('LANGUAGE', 'zh_CN:en_US:en'), ('USER', 'dxf'), ('SSH_CLIENT', '192.168.0.66 60207 22'), ('LC_TIME', 'zh_CN.UTF-8'), ('XDG_SESSION_TYPE', 'tty'), ('GIT_ASKPASS', '/home/dxf/.vscode-server/cli/servers/Stable-6f17636121051a53c88d3e605c491d22af2ba755/server/extensions/git/dist/askpass.sh'), ('SHLVL', '1'), ('LD_LIBRARY_PATH', '/usr/local/opencv410/lib:/usr/local/lib:/opt/ros/humble/opt/rviz_ogre_vendor/lib:/opt/ros/humble/lib/aarch64-linux-gnu:/opt/ros/humble/lib:/usr/local/cuda-12.6/lib64:'), ('BROWSER', '/home/dxf/.vscode-server/cli/servers/Stable-6f17636121051a53c88d3e605c491d22af2ba755/server/bin/helpers/browser.sh'), ('MOTD_SHOWN', 'pam'), ('HOME', '/home/dxf'), ('OLDPWD', '/home/dxf/wheeltec_lebai_humble_2024_7_17'), ('TERM_PROGRAM_VERSION', '1.103.2'), ('VSCODE_IPC_HOOK_CLI', '/run/user/1000/vscode-ipc-b5f45d91-df69-4127-b2b0-0722452bdbbe.sock'), ('ROS_PYTHON_VERSION', '3'), ('VSCODE_GIT_ASKPASS_MAIN', '/home/dxf/.vscode-server/cli/servers/Stable-6f17636121051a53c88d3e605c491d22af2ba755/server/extensions/git/dist/askpass-main.js'), ('LC_MONETARY', 'zh_CN.UTF-8'), ('VSCODE_GIT_ASKPASS_NODE', '/home/dxf/.vscode-server/cli/servers/Stable-6f17636121051a53c88d3e605c491d22af2ba755/server/node'), ('SSL_CERT_FILE', '/usr/lib/ssl/certs/ca-certificates.crt'), ('PYDEVD_DISABLE_FILE_VALIDATION', '1'), ('BUNDLED_DEBUGPY_PATH', '/home/dxf/.vscode-server/extensions/ms-python.debugpy-2025.14.1-linux-arm64/bundled/libs/debugpy'), ('DBUS_SESSION_BUS_ADDRESS', 'unix:path=/run/user/1000/bus'), ('COLORTERM', 'truecolor'), ('ROS_DISTRO', 'humble'), ('LOGNAME', 'dxf'), ('_', '/usr/bin/colcon'), ('ROS_VERSION', '2'), ('PKG_CONFIG_PATH', '/usr/local/opencv410/lib/pkgconfig:'), ('XDG_SESSION_CLASS', 'user'), ('TERM', 'xterm-256color'), ('XDG_SESSION_ID', '29'), ('ROS_LOCALHOST_ONLY', '0'), ('PATH', '/home/dxf/.vscode-server/cli/servers/Stable-6f17636121051a53c88d3e605c491d22af2ba755/server/bin/remote-cli:/opt/ros/humble/bin:/usr/local/cuda-12.6/bin:/usr/local/sbin:/usr/local/bin:/usr/sbin:/usr/bin:/sbin:/bin:/usr/games:/usr/local/games:/snap/bin:/home/dxf/.vscode-server/extensions/ms-python.debugpy-2025.14.1-linux-arm64/bundled/scripts/noConfigScripts'), ('PAPERSIZE', 'a4'), ('LC_ADDRESS', 'zh_CN.UTF-8'), ('XDG_RUNTIME_DIR', '/run/user/1000'), ('SSL_CERT_DIR', '/usr/lib/ssl/certs'), ('DISPLAY', 'localhost:10.0'), ('VSCODE_DEBUGPY_ADAPTER_ENDPOINTS', '/home/dxf/.vscode-server/extensions/ms-python.debugpy-2025.14.1-linux-arm64/.noConfigDebugAdapterEndpoints/endpoint-8b23ef7f21be4a2f.txt'), ('LANG', 'zh_CN.UTF-8'), ('PYTHONSTARTUP', '/home/dxf/.vscode-server/data/User/workspaceStorage/4ecfe97e1d690ce6b205eecd25d67bdf/ms-python.python/pythonrc.py'), ('LC_TELEPHONE', 'zh_CN.UTF-8'), ('LS_COLORS', ''), ('VSCODE_GIT_IPC_HANDLE', '/run/user/1000/vscode-git-42a3dc7ec5.sock'), ('TERM_PROGRAM', 'vscode'), ('AMENT_PREFIX_PATH', '/opt/ros/humble'), ('SHELL', '/bin/bash'), ('LC_NAME', 'zh_CN.UTF-8'), ('LESSCLOSE', '/usr/bin/lesspipe %s %s'), ('LC_MEASUREMENT', 'zh_CN.UTF-8'), ('OpenCV_DIR', '/usr/local/opencv410/lib/cmake/opencv4'), ('LC_IDENTIFICATION', 'zh_CN.UTF-8'), ('VSCODE_GIT_ASKPASS_EXTRA_ARGS', ''), ('PWD', '/home/dxf/wheeltec_lebai_humble_2024_7_17/build/grab_demo'), ('SSH_CONNECTION', '192.168.0.66 60207 192.168.0.100 22'), ('XDG_DATA_DIRS', '/usr/share/gnome:/usr/local/share:/usr/share:/var/lib/snapd/desktop'), ('PYTHONPATH', '/opt/ros/humble/lib/python3.10/site-packages:/opt/ros/humble/local/lib/python3.10/dist-packages'), ('LC_NUMERIC', 'zh_CN.UTF-8'), ('LC_PAPER', 'zh_CN.UTF-8'), ('COLCON', '1'), ('CMAKE_PREFIX_PATH', '/usr/local/opencv410::/opt/ros/humble')]), 'shell': False}
[0.196151] (-) TimerEvent: {}
[0.297099] (-) TimerEvent: {}
[0.397807] (-) TimerEvent: {}
[0.498681] (-) TimerEvent: {}
[0.600003] (-) TimerEvent: {}
[0.701786] (-) TimerEvent: {}
[0.803134] (-) TimerEvent: {}
[0.903981] (-) TimerEvent: {}
[0.967438] (grab_demo) StdoutLine: {'line': b'[  2%] Built target grab_demo__cpp\n'}
[1.004196] (-) TimerEvent: {}
[1.105203] (-) TimerEvent: {}
[1.205848] (-) TimerEvent: {}
[1.206507] (grab_demo) StdoutLine: {'line': b'[  6%] Built target hsv_range\n'}
[1.306019] (-) TimerEvent: {}
[1.406740] (-) TimerEvent: {}
[1.445251] (grab_demo) StdoutLine: {'line': b'[ 10%] Built target aruco_dectet\n'}
[1.509740] (-) TimerEvent: {}
[1.547864] (grab_demo) StdoutLine: {'line': b'[ 14%] Built target camera_info_node\n'}
[1.609904] (-) TimerEvent: {}
[1.613179] (grab_demo) StdoutLine: {'line': b'[ 21%] Built target grab_demo__rosidl_typesupport_cpp\n'}
[1.710082] (-) TimerEvent: {}
[1.738513] (grab_demo) StdoutLine: {'line': b'[ 27%] Built target grab_demo__rosidl_typesupport_fastrtps_cpp\n'}
[1.810255] (-) TimerEvent: {}
[1.823410] (grab_demo) StdoutLine: {'line': b'[ 34%] Built target grab_demo__rosidl_typesupport_introspection_cpp\n'}
[1.910416] (-) TimerEvent: {}
[2.011093] (-) TimerEvent: {}
[2.048126] (grab_demo) StdoutLine: {'line': b'[ 38%] Built target grab_service_node\n'}
[2.111308] (-) TimerEvent: {}
[2.212965] (-) TimerEvent: {}
[2.241694] (grab_demo) StdoutLine: {'line': b'[ 42%] Built target start_grab\n'}
[2.313163] (-) TimerEvent: {}
[2.322804] (grab_demo) StdoutLine: {'line': b'[ 46%] Built target nav_grab\n'}
[2.413330] (-) TimerEvent: {}
[2.449486] (grab_demo) StdoutLine: {'line': b'[ 48%] \x1b[32mBuilding CXX object CMakeFiles/hand_eye.dir/src/hand_eye.cpp.o\x1b[0m\n'}
[2.513481] (-) TimerEvent: {}
[2.614211] (-) TimerEvent: {}
[2.716706] (-) TimerEvent: {}
[2.817428] (-) TimerEvent: {}
[2.918158] (-) TimerEvent: {}
[3.020969] (-) TimerEvent: {}
[3.121683] (-) TimerEvent: {}
[3.222413] (-) TimerEvent: {}
[3.323116] (-) TimerEvent: {}
[3.423789] (-) TimerEvent: {}
[3.524638] (-) TimerEvent: {}
[3.625300] (-) TimerEvent: {}
[3.725947] (-) TimerEvent: {}
[3.826587] (-) TimerEvent: {}
[3.927269] (-) TimerEvent: {}
[4.028098] (-) TimerEvent: {}
[4.129047] (-) TimerEvent: {}
[4.229691] (-) TimerEvent: {}
[4.330471] (-) TimerEvent: {}
[4.436684] (-) TimerEvent: {}
[4.537389] (-) TimerEvent: {}
[4.638075] (-) TimerEvent: {}
[4.738742] (-) TimerEvent: {}
[4.839418] (-) TimerEvent: {}
[4.940111] (-) TimerEvent: {}
[5.040868] (-) TimerEvent: {}
[5.141641] (-) TimerEvent: {}
[5.244627] (-) TimerEvent: {}
[5.345552] (-) TimerEvent: {}
[5.446282] (-) TimerEvent: {}
[5.547455] (-) TimerEvent: {}
[5.648659] (-) TimerEvent: {}
[5.749822] (-) TimerEvent: {}
[5.851215] (-) TimerEvent: {}
[5.952462] (-) TimerEvent: {}
[6.053579] (-) TimerEvent: {}
[6.154275] (-) TimerEvent: {}
[6.255014] (-) TimerEvent: {}
[6.355692] (-) TimerEvent: {}
[6.456374] (-) TimerEvent: {}
[6.557130] (-) TimerEvent: {}
[6.657783] (-) TimerEvent: {}
[6.758504] (-) TimerEvent: {}
[6.859218] (-) TimerEvent: {}
[6.959982] (-) TimerEvent: {}
[7.060705] (-) TimerEvent: {}
[7.161399] (-) TimerEvent: {}
[7.262169] (-) TimerEvent: {}
[7.372666] (-) TimerEvent: {}
[7.476687] (-) TimerEvent: {}
[7.578082] (-) TimerEvent: {}
[7.679411] (-) TimerEvent: {}
[7.780796] (-) TimerEvent: {}
[7.881885] (-) TimerEvent: {}
[7.983374] (-) TimerEvent: {}
[8.084955] (-) TimerEvent: {}
[8.186445] (-) TimerEvent: {}
[8.287167] (-) TimerEvent: {}
[8.387819] (-) TimerEvent: {}
[8.489072] (-) TimerEvent: {}
[8.591849] (-) TimerEvent: {}
[8.693858] (-) TimerEvent: {}
[8.795346] (-) TimerEvent: {}
[8.895991] (-) TimerEvent: {}
[8.996631] (-) TimerEvent: {}
[9.097291] (-) TimerEvent: {}
[9.197950] (-) TimerEvent: {}
[9.298589] (-) TimerEvent: {}
[9.399210] (-) TimerEvent: {}
[9.499840] (-) TimerEvent: {}
[9.600642] (-) TimerEvent: {}
[9.701336] (-) TimerEvent: {}
[9.807342] (-) TimerEvent: {}
[9.908025] (-) TimerEvent: {}
[10.008657] (-) TimerEvent: {}
[10.109322] (-) TimerEvent: {}
[10.212674] (-) TimerEvent: {}
[10.320872] (-) TimerEvent: {}
[10.424666] (-) TimerEvent: {}
[10.525323] (-) TimerEvent: {}
[10.626008] (-) TimerEvent: {}
[10.727902] (-) TimerEvent: {}
[10.828627] (-) TimerEvent: {}
[10.953128] (-) TimerEvent: {}
[11.053788] (-) TimerEvent: {}
[11.156685] (-) TimerEvent: {}
[11.257666] (-) TimerEvent: {}
[11.358891] (-) TimerEvent: {}
[11.461119] (-) TimerEvent: {}
[11.562423] (-) TimerEvent: {}
[11.664528] (-) TimerEvent: {}
[11.765891] (-) TimerEvent: {}
[11.867385] (-) TimerEvent: {}
[11.968615] (-) TimerEvent: {}
[12.069749] (-) TimerEvent: {}
[12.171002] (-) TimerEvent: {}
[12.272310] (-) TimerEvent: {}
[12.375133] (-) TimerEvent: {}
[12.489134] (-) TimerEvent: {}
[12.589817] (-) TimerEvent: {}
[12.690490] (-) TimerEvent: {}
[12.791154] (-) TimerEvent: {}
[12.891830] (-) TimerEvent: {}
[12.992460] (-) TimerEvent: {}
[13.094916] (-) TimerEvent: {}
[13.196722] (-) TimerEvent: {}
[13.297386] (-) TimerEvent: {}
[13.398091] (-) TimerEvent: {}
[13.498741] (-) TimerEvent: {}
[13.599467] (-) TimerEvent: {}
[13.700173] (-) TimerEvent: {}
[13.801492] (-) TimerEvent: {}
[13.904648] (-) TimerEvent: {}
[14.005873] (-) TimerEvent: {}
[14.106558] (-) TimerEvent: {}
[14.207209] (-) TimerEvent: {}
[14.307848] (-) TimerEvent: {}
[14.408604] (-) TimerEvent: {}
[14.509289] (-) TimerEvent: {}
[14.609953] (-) TimerEvent: {}
[14.710650] (-) TimerEvent: {}
[14.811358] (-) TimerEvent: {}
[14.912060] (-) TimerEvent: {}
[15.012767] (-) TimerEvent: {}
[15.113438] (-) TimerEvent: {}
[15.214121] (-) TimerEvent: {}
[15.314860] (-) TimerEvent: {}
[15.415603] (-) TimerEvent: {}
[15.516608] (-) TimerEvent: {}
[15.617332] (-) TimerEvent: {}
[15.718023] (-) TimerEvent: {}
[15.818749] (-) TimerEvent: {}
[15.919461] (-) TimerEvent: {}
[16.020126] (-) TimerEvent: {}
[16.124837] (-) TimerEvent: {}
[16.225530] (-) TimerEvent: {}
[16.332756] (-) TimerEvent: {}
[16.440823] (-) TimerEvent: {}
[16.542041] (-) TimerEvent: {}
[16.644810] (-) TimerEvent: {}
[16.750114] (-) TimerEvent: {}
[16.851070] (-) TimerEvent: {}
[16.952018] (-) TimerEvent: {}
[17.053175] (-) TimerEvent: {}
[17.154498] (-) TimerEvent: {}
[17.255307] (-) TimerEvent: {}
[17.356292] (-) TimerEvent: {}
[17.457463] (-) TimerEvent: {}
[17.559949] (-) TimerEvent: {}
[17.661054] (-) TimerEvent: {}
[17.762583] (-) TimerEvent: {}
[17.863563] (-) TimerEvent: {}
[17.964427] (-) TimerEvent: {}
[18.065464] (-) TimerEvent: {}
[18.166608] (-) TimerEvent: {}
[18.267599] (-) TimerEvent: {}
[18.368353] (-) TimerEvent: {}
[18.469120] (-) TimerEvent: {}
[18.569825] (-) TimerEvent: {}
[18.670537] (-) TimerEvent: {}
[18.771282] (-) TimerEvent: {}
[18.871935] (-) TimerEvent: {}
[18.972626] (-) TimerEvent: {}
[19.073345] (-) TimerEvent: {}
[19.174378] (-) TimerEvent: {}
[19.275154] (-) TimerEvent: {}
[19.375852] (-) TimerEvent: {}
[19.476611] (-) TimerEvent: {}
[19.577502] (-) TimerEvent: {}
[19.678362] (-) TimerEvent: {}
[19.780929] (-) TimerEvent: {}
[19.881647] (-) TimerEvent: {}
[19.982334] (-) TimerEvent: {}
[20.083021] (-) TimerEvent: {}
[20.183668] (-) TimerEvent: {}
[20.284348] (-) TimerEvent: {}
[20.385066] (-) TimerEvent: {}
[20.485783] (-) TimerEvent: {}
[20.586451] (-) TimerEvent: {}
[20.687112] (-) TimerEvent: {}
[20.787820] (-) TimerEvent: {}
[20.888613] (-) TimerEvent: {}
[20.989681] (-) TimerEvent: {}
[21.090349] (-) TimerEvent: {}
[21.192700] (-) TimerEvent: {}
[21.293477] (-) TimerEvent: {}
[21.394272] (-) TimerEvent: {}
[21.495336] (-) TimerEvent: {}
[21.596951] (-) TimerEvent: {}
[21.697910] (-) TimerEvent: {}
[21.799526] (-) TimerEvent: {}
[21.901385] (-) TimerEvent: {}
[22.002234] (-) TimerEvent: {}
[22.103002] (-) TimerEvent: {}
[22.203778] (-) TimerEvent: {}
[22.304653] (-) TimerEvent: {}
[22.405945] (-) TimerEvent: {}
[22.508107] (-) TimerEvent: {}
[22.608906] (-) TimerEvent: {}
[22.709588] (-) TimerEvent: {}
[22.810339] (-) TimerEvent: {}
[22.911431] (-) TimerEvent: {}
[23.012142] (-) TimerEvent: {}
[23.112923] (-) TimerEvent: {}
[23.216993] (-) TimerEvent: {}
[23.317720] (-) TimerEvent: {}
[23.418415] (-) TimerEvent: {}
[23.519090] (-) TimerEvent: {}
[23.619784] (-) TimerEvent: {}
[23.720540] (-) TimerEvent: {}
[23.821259] (-) TimerEvent: {}
[23.921960] (-) TimerEvent: {}
[24.022714] (-) TimerEvent: {}
[24.123419] (-) TimerEvent: {}
[24.224116] (-) TimerEvent: {}
[24.324908] (-) TimerEvent: {}
[24.425572] (-) TimerEvent: {}
[24.526259] (-) TimerEvent: {}
[24.627420] (-) TimerEvent: {}
[24.730752] (-) TimerEvent: {}
[24.831460] (-) TimerEvent: {}
[24.932134] (-) TimerEvent: {}
[25.032884] (-) TimerEvent: {}
[25.133713] (-) TimerEvent: {}
[25.234431] (-) TimerEvent: {}
[25.335104] (-) TimerEvent: {}
[25.435792] (-) TimerEvent: {}
[25.536471] (-) TimerEvent: {}
[25.637173] (-) TimerEvent: {}
[25.737858] (-) TimerEvent: {}
[25.838546] (-) TimerEvent: {}
[25.939236] (-) TimerEvent: {}
[26.040010] (-) TimerEvent: {}
[26.140751] (-) TimerEvent: {}
[26.241510] (-) TimerEvent: {}
[26.342234] (-) TimerEvent: {}
[26.442968] (-) TimerEvent: {}
[26.544034] (-) TimerEvent: {}
[26.644754] (-) TimerEvent: {}
[26.745428] (-) TimerEvent: {}
[26.846090] (-) TimerEvent: {}
[26.946846] (-) TimerEvent: {}
[27.047907] (-) TimerEvent: {}
[27.148570] (-) TimerEvent: {}
[27.249226] (-) TimerEvent: {}
[27.349916] (-) TimerEvent: {}
[27.450626] (-) TimerEvent: {}
[27.551332] (-) TimerEvent: {}
[27.652026] (-) TimerEvent: {}
[27.753349] (-) TimerEvent: {}
[27.854424] (-) TimerEvent: {}
[27.957567] (-) TimerEvent: {}
[28.059469] (-) TimerEvent: {}
[28.160883] (-) TimerEvent: {}
[28.268748] (-) TimerEvent: {}
[28.369912] (-) TimerEvent: {}
[28.471427] (-) TimerEvent: {}
[28.572128] (-) TimerEvent: {}
[28.673526] (-) TimerEvent: {}
[28.774330] (-) TimerEvent: {}
[28.875028] (-) TimerEvent: {}
[28.975678] (-) TimerEvent: {}
[29.081871] (-) TimerEvent: {}
[29.183540] (-) TimerEvent: {}
[29.285110] (-) TimerEvent: {}
[29.386999] (-) TimerEvent: {}
[29.488632] (-) TimerEvent: {}
[29.589962] (-) TimerEvent: {}
[29.690857] (-) TimerEvent: {}
[29.792416] (-) TimerEvent: {}
[29.894937] (-) TimerEvent: {}
[29.995603] (-) TimerEvent: {}
[30.096257] (-) TimerEvent: {}
[30.197589] (-) TimerEvent: {}
[30.298315] (-) TimerEvent: {}
[30.398999] (-) TimerEvent: {}
[30.499668] (-) TimerEvent: {}
[30.601311] (-) TimerEvent: {}
[30.702121] (-) TimerEvent: {}
[30.803062] (-) TimerEvent: {}
[30.904004] (-) TimerEvent: {}
[31.004632] (-) TimerEvent: {}
[31.105287] (-) TimerEvent: {}
[31.206037] (-) TimerEvent: {}
[31.306699] (-) TimerEvent: {}
[31.407362] (-) TimerEvent: {}
[31.508047] (-) TimerEvent: {}
[31.608721] (-) TimerEvent: {}
[31.709789] (-) TimerEvent: {}
[31.820660] (-) TimerEvent: {}
[31.923785] (-) TimerEvent: {}
[32.024443] (-) TimerEvent: {}
[32.125202] (-) TimerEvent: {}
[32.225949] (-) TimerEvent: {}
[32.326671] (-) TimerEvent: {}
[32.427579] (-) TimerEvent: {}
[32.528214] (-) TimerEvent: {}
[32.628957] (-) TimerEvent: {}
[32.729684] (-) TimerEvent: {}
[32.830392] (-) TimerEvent: {}
[32.931092] (-) TimerEvent: {}
[33.033941] (-) TimerEvent: {}
[33.135338] (-) TimerEvent: {}
[33.236734] (-) TimerEvent: {}
[33.337446] (-) TimerEvent: {}
[33.438739] (-) TimerEvent: {}
[33.540031] (-) TimerEvent: {}
[33.643336] (-) TimerEvent: {}
[33.747082] (-) TimerEvent: {}
[33.849191] (-) TimerEvent: {}
[33.949868] (-) TimerEvent: {}
[34.050558] (-) TimerEvent: {}
[34.151721] (-) TimerEvent: {}
[34.252437] (-) TimerEvent: {}
[34.353120] (-) TimerEvent: {}
[34.453845] (-) TimerEvent: {}
[34.554685] (-) TimerEvent: {}
[34.655374] (-) TimerEvent: {}
[34.756291] (-) TimerEvent: {}
[34.857693] (-) TimerEvent: {}
[34.959463] (-) TimerEvent: {}
[35.060198] (-) TimerEvent: {}
[35.160926] (-) TimerEvent: {}
[35.261614] (-) TimerEvent: {}
[35.362344] (-) TimerEvent: {}
[35.463046] (-) TimerEvent: {}
[35.563760] (-) TimerEvent: {}
[35.664534] (-) TimerEvent: {}
[35.765816] (-) TimerEvent: {}
[35.866544] (-) TimerEvent: {}
[35.967219] (-) TimerEvent: {}
[36.068237] (-) TimerEvent: {}
[36.169027] (-) TimerEvent: {}
[36.269716] (-) TimerEvent: {}
[36.370437] (-) TimerEvent: {}
[36.471350] (-) TimerEvent: {}
[36.572043] (-) TimerEvent: {}
[36.672783] (-) TimerEvent: {}
[36.773478] (-) TimerEvent: {}
[36.874190] (-) TimerEvent: {}
[36.974949] (-) TimerEvent: {}
[37.075625] (-) TimerEvent: {}
[37.176303] (-) TimerEvent: {}
[37.276985] (-) TimerEvent: {}
[37.377860] (-) TimerEvent: {}
[37.478580] (-) TimerEvent: {}
[37.579584] (-) TimerEvent: {}
[37.680263] (-) TimerEvent: {}
[37.781002] (-) TimerEvent: {}
[37.881690] (-) TimerEvent: {}
[37.982353] (-) TimerEvent: {}
[38.083018] (-) TimerEvent: {}
[38.184600] (-) TimerEvent: {}
[38.286071] (-) TimerEvent: {}
[38.387624] (-) TimerEvent: {}
[38.489363] (-) TimerEvent: {}
[38.590720] (-) TimerEvent: {}
[38.692406] (-) TimerEvent: {}
[38.793151] (-) TimerEvent: {}
[38.893827] (-) TimerEvent: {}
[38.998288] (-) TimerEvent: {}
[39.108730] (-) TimerEvent: {}
[39.216796] (-) TimerEvent: {}
[39.317505] (-) TimerEvent: {}
[39.418202] (-) TimerEvent: {}
[39.518876] (-) TimerEvent: {}
[39.619546] (-) TimerEvent: {}
[39.720459] (-) TimerEvent: {}
[39.824906] (-) TimerEvent: {}
[39.925741] (-) TimerEvent: {}
[40.026558] (-) TimerEvent: {}
[40.129208] (-) TimerEvent: {}
[40.231054] (-) TimerEvent: {}
[40.332294] (-) TimerEvent: {}
[40.433056] (-) TimerEvent: {}
[40.534166] (-) TimerEvent: {}
[40.634963] (-) TimerEvent: {}
[40.736674] (-) TimerEvent: {}
[40.838356] (-) TimerEvent: {}
[40.940255] (-) TimerEvent: {}
[41.041955] (-) TimerEvent: {}
[41.143143] (-) TimerEvent: {}
[41.244000] (-) TimerEvent: {}
[41.345354] (-) TimerEvent: {}
[41.446239] (-) TimerEvent: {}
[41.548132] (-) TimerEvent: {}
[41.649298] (-) TimerEvent: {}
[41.751313] (-) TimerEvent: {}
[41.852231] (-) TimerEvent: {}
[41.953026] (-) TimerEvent: {}
[42.053939] (-) TimerEvent: {}
[42.154925] (-) TimerEvent: {}
[42.255772] (-) TimerEvent: {}
[42.356704] (-) TimerEvent: {}
[42.459536] (-) TimerEvent: {}
[42.560396] (-) TimerEvent: {}
[42.661382] (-) TimerEvent: {}
[42.762268] (-) TimerEvent: {}
[42.863090] (-) TimerEvent: {}
[42.964229] (-) TimerEvent: {}
[43.065052] (-) TimerEvent: {}
[43.166055] (-) TimerEvent: {}
[43.266900] (-) TimerEvent: {}
[43.367606] (-) TimerEvent: {}
[43.468322] (-) TimerEvent: {}
[43.569100] (-) TimerEvent: {}
[43.669812] (-) TimerEvent: {}
[43.770870] (-) TimerEvent: {}
[43.871606] (-) TimerEvent: {}
[43.972391] (-) TimerEvent: {}
[44.073137] (-) TimerEvent: {}
[44.173843] (-) TimerEvent: {}
[44.274503] (-) TimerEvent: {}
[44.375241] (-) TimerEvent: {}
[44.475904] (-) TimerEvent: {}
[44.576622] (-) TimerEvent: {}
[44.677294] (-) TimerEvent: {}
[44.777973] (-) TimerEvent: {}
[44.878627] (-) TimerEvent: {}
[44.979304] (-) TimerEvent: {}
[45.079992] (-) TimerEvent: {}
[45.180733] (-) TimerEvent: {}
[45.284867] (-) TimerEvent: {}
[45.386527] (-) TimerEvent: {}
[45.487952] (-) TimerEvent: {}
[45.588837] (-) TimerEvent: {}
[45.692356] (-) TimerEvent: {}
[45.794129] (-) TimerEvent: {}
[45.895655] (-) TimerEvent: {}
[45.996915] (-) TimerEvent: {}
[46.098504] (-) TimerEvent: {}
[46.199192] (-) TimerEvent: {}
[46.299844] (-) TimerEvent: {}
[46.400565] (-) TimerEvent: {}
[46.501310] (-) TimerEvent: {}
[46.602197] (-) TimerEvent: {}
[46.703506] (-) TimerEvent: {}
[46.804864] (-) TimerEvent: {}
[46.906563] (-) TimerEvent: {}
[47.007245] (-) TimerEvent: {}
[47.107943] (-) TimerEvent: {}
[47.208683] (-) TimerEvent: {}
[47.309400] (-) TimerEvent: {}
[47.410224] (-) TimerEvent: {}
[47.511138] (-) TimerEvent: {}
[47.611848] (-) TimerEvent: {}
[47.712602] (-) TimerEvent: {}
[47.813237] (-) TimerEvent: {}
[47.913919] (-) TimerEvent: {}
[48.014731] (-) TimerEvent: {}
[48.115407] (-) TimerEvent: {}
[48.233005] (-) TimerEvent: {}
[48.333655] (-) TimerEvent: {}
[48.434963] (-) TimerEvent: {}
[48.536271] (-) TimerEvent: {}
[48.637598] (-) TimerEvent: {}
[48.738754] (-) TimerEvent: {}
[48.840068] (-) TimerEvent: {}
[48.941304] (-) TimerEvent: {}
[49.042561] (-) TimerEvent: {}
[49.143823] (-) TimerEvent: {}
[49.244555] (-) TimerEvent: {}
[49.345248] (-) TimerEvent: {}
[49.446445] (-) TimerEvent: {}
[49.548232] (-) TimerEvent: {}
[49.649956] (-) TimerEvent: {}
[49.752686] (-) TimerEvent: {}
[49.853483] (-) TimerEvent: {}
[49.954253] (-) TimerEvent: {}
[50.054990] (-) TimerEvent: {}
[50.155734] (-) TimerEvent: {}
[50.256844] (-) TimerEvent: {}
[50.357541] (-) TimerEvent: {}
[50.458279] (-) TimerEvent: {}
[50.559171] (-) TimerEvent: {}
[50.659870] (-) TimerEvent: {}
[50.760661] (-) TimerEvent: {}
[50.861377] (-) TimerEvent: {}
[50.962129] (-) TimerEvent: {}
[51.062904] (-) TimerEvent: {}
[51.165908] (-) TimerEvent: {}
[51.266766] (-) TimerEvent: {}
[51.367795] (-) TimerEvent: {}
[51.468806] (-) TimerEvent: {}
[51.570345] (-) TimerEvent: {}
[51.671946] (-) TimerEvent: {}
[51.773450] (-) TimerEvent: {}
[51.874444] (-) TimerEvent: {}
[51.975132] (-) TimerEvent: {}
[52.076769] (-) TimerEvent: {}
[52.177839] (-) TimerEvent: {}
[52.278740] (-) TimerEvent: {}
[52.379512] (-) TimerEvent: {}
[52.480267] (-) TimerEvent: {}
[52.581033] (-) TimerEvent: {}
[52.682120] (-) TimerEvent: {}
[52.783222] (-) TimerEvent: {}
[52.883935] (-) TimerEvent: {}
[52.984673] (-) TimerEvent: {}
[53.085668] (-) TimerEvent: {}
[53.186376] (-) TimerEvent: {}
[53.287319] (-) TimerEvent: {}
[53.388246] (-) TimerEvent: {}
[53.489318] (-) TimerEvent: {}
[53.590655] (-) TimerEvent: {}
[53.692064] (-) TimerEvent: {}
[53.793619] (-) TimerEvent: {}
[53.894311] (-) TimerEvent: {}
[53.995043] (-) TimerEvent: {}
[54.095764] (-) TimerEvent: {}
[54.197405] (-) TimerEvent: {}
[54.298705] (-) TimerEvent: {}
[54.400018] (-) TimerEvent: {}
[54.501080] (-) TimerEvent: {}
[54.602067] (-) TimerEvent: {}
[54.702812] (-) TimerEvent: {}
[54.803501] (-) TimerEvent: {}
[54.904724] (-) TimerEvent: {}
[55.005841] (-) TimerEvent: {}
[55.106667] (-) TimerEvent: {}
[55.208120] (-) TimerEvent: {}
[55.311555] (-) TimerEvent: {}
[55.413300] (-) TimerEvent: {}
[55.514074] (-) TimerEvent: {}
[55.615055] (-) TimerEvent: {}
[55.716056] (-) TimerEvent: {}
[55.817349] (-) TimerEvent: {}
[55.918882] (-) TimerEvent: {}
[56.019840] (-) TimerEvent: {}
[56.121425] (-) TimerEvent: {}
[56.223045] (-) TimerEvent: {}
[56.324211] (-) TimerEvent: {}
[56.429598] (-) TimerEvent: {}
[56.534992] (-) TimerEvent: {}
[56.636430] (-) TimerEvent: {}
[56.737512] (-) TimerEvent: {}
[56.838645] (-) TimerEvent: {}
[56.940262] (-) TimerEvent: {}
[57.042686] (-) TimerEvent: {}
[57.145322] (-) TimerEvent: {}
[57.249434] (-) TimerEvent: {}
[57.350383] (-) TimerEvent: {}
[57.451014] (-) TimerEvent: {}
[57.551706] (-) TimerEvent: {}
[57.652395] (-) TimerEvent: {}
[57.753131] (-) TimerEvent: {}
[57.853848] (-) TimerEvent: {}
[57.956695] (-) TimerEvent: {}
[58.057441] (-) TimerEvent: {}
[58.158488] (-) TimerEvent: {}
[58.260010] (-) TimerEvent: {}
[58.361099] (-) TimerEvent: {}
[58.461821] (-) TimerEvent: {}
[58.562530] (-) TimerEvent: {}
[58.663223] (-) TimerEvent: {}
[58.763942] (-) TimerEvent: {}
[58.865174] (-) TimerEvent: {}
[58.967736] (-) TimerEvent: {}
[59.068677] (-) TimerEvent: {}
[59.169448] (-) TimerEvent: {}
[59.270298] (-) TimerEvent: {}
[59.371224] (-) TimerEvent: {}
[59.472358] (-) TimerEvent: {}
[59.573512] (-) TimerEvent: {}
[59.674173] (-) TimerEvent: {}
[59.775223] (-) TimerEvent: {}
[59.875879] (-) TimerEvent: {}
[59.976545] (-) TimerEvent: {}
[60.077175] (-) TimerEvent: {}
[60.177836] (-) TimerEvent: {}
[60.279682] (-) TimerEvent: {}
[60.383085] (-) TimerEvent: {}
[60.483735] (-) TimerEvent: {}
[60.585235] (-) TimerEvent: {}
[60.685957] (-) TimerEvent: {}
[60.786602] (-) TimerEvent: {}
[60.887299] (-) TimerEvent: {}
[60.988009] (-) TimerEvent: {}
[61.089232] (-) TimerEvent: {}
[61.189906] (-) TimerEvent: {}
[61.290643] (-) TimerEvent: {}
[61.391776] (-) TimerEvent: {}
[61.492976] (-) TimerEvent: {}
[61.593981] (-) TimerEvent: {}
[61.694686] (-) TimerEvent: {}
[61.795354] (-) TimerEvent: {}
[61.896172] (-) TimerEvent: {}
[61.996878] (-) TimerEvent: {}
[62.097669] (-) TimerEvent: {}
[62.198405] (-) TimerEvent: {}
[62.299673] (-) TimerEvent: {}
[62.401255] (-) TimerEvent: {}
[62.501989] (-) TimerEvent: {}
[62.602725] (-) TimerEvent: {}
[62.707800] (-) TimerEvent: {}
[62.809151] (-) TimerEvent: {}
[62.909858] (-) TimerEvent: {}
[63.010518] (-) TimerEvent: {}
[63.111665] (-) TimerEvent: {}
[63.212943] (-) TimerEvent: {}
[63.315785] (-) TimerEvent: {}
[63.418724] (-) TimerEvent: {}
[63.520027] (-) TimerEvent: {}
[63.621328] (-) TimerEvent: {}
[63.722773] (-) TimerEvent: {}
[63.824246] (-) TimerEvent: {}
[63.925523] (-) TimerEvent: {}
[64.026843] (-) TimerEvent: {}
[64.127506] (-) TimerEvent: {}
[64.228174] (-) TimerEvent: {}
[64.328875] (-) TimerEvent: {}
[64.429556] (-) TimerEvent: {}
[64.530412] (-) TimerEvent: {}
[64.631744] (-) TimerEvent: {}
[64.732399] (-) TimerEvent: {}
[64.833175] (-) TimerEvent: {}
[64.933873] (-) TimerEvent: {}
[65.034762] (-) TimerEvent: {}
[65.135806] (-) TimerEvent: {}
[65.236855] (-) TimerEvent: {}
[65.337730] (-) TimerEvent: {}
[65.438456] (-) TimerEvent: {}
[65.539250] (-) TimerEvent: {}
[65.640144] (-) TimerEvent: {}
[65.741033] (-) TimerEvent: {}
[65.842035] (-) TimerEvent: {}
[65.943255] (-) TimerEvent: {}
[66.044683] (-) TimerEvent: {}
[66.145823] (-) TimerEvent: {}
[66.246633] (-) TimerEvent: {}
[66.347324] (-) TimerEvent: {}
[66.448147] (-) TimerEvent: {}
[66.549501] (-) TimerEvent: {}
[66.650443] (-) TimerEvent: {}
[66.751314] (-) TimerEvent: {}
[66.851998] (-) TimerEvent: {}
[66.952669] (-) TimerEvent: {}
[67.053367] (-) TimerEvent: {}
[67.154043] (-) TimerEvent: {}
[67.254739] (-) TimerEvent: {}
[67.355438] (-) TimerEvent: {}
[67.456102] (-) TimerEvent: {}
[67.557241] (-) TimerEvent: {}
[67.657924] (-) TimerEvent: {}
[67.758595] (-) TimerEvent: {}
[67.859283] (-) TimerEvent: {}
[67.960029] (-) TimerEvent: {}
[68.060696] (-) TimerEvent: {}
[68.161364] (-) TimerEvent: {}
[68.262058] (-) TimerEvent: {}
[68.362764] (-) TimerEvent: {}
[68.463469] (-) TimerEvent: {}
[68.564614] (-) TimerEvent: {}
[68.665771] (-) TimerEvent: {}
[68.768321] (-) TimerEvent: {}
[68.869086] (-) TimerEvent: {}
[68.969801] (-) TimerEvent: {}
[69.072805] (-) TimerEvent: {}
[69.173637] (-) TimerEvent: {}
[69.274397] (-) TimerEvent: {}
[69.375269] (-) TimerEvent: {}
[69.475966] (-) TimerEvent: {}
[69.576645] (-) TimerEvent: {}
[69.677393] (-) TimerEvent: {}
[69.778079] (-) TimerEvent: {}
[69.879078] (-) TimerEvent: {}
[69.979955] (-) TimerEvent: {}
[70.080841] (-) TimerEvent: {}
[70.181564] (-) TimerEvent: {}
[70.282260] (-) TimerEvent: {}
[70.382970] (-) TimerEvent: {}
[70.483612] (-) TimerEvent: {}
[70.584259] (-) TimerEvent: {}
[70.684993] (-) TimerEvent: {}
[70.785811] (-) TimerEvent: {}
[70.886441] (-) TimerEvent: {}
[70.987140] (-) TimerEvent: {}
[71.087765] (-) TimerEvent: {}
[71.188395] (-) TimerEvent: {}
[71.289475] (-) TimerEvent: {}
[71.390149] (-) TimerEvent: {}
[71.490840] (-) TimerEvent: {}
[71.591466] (-) TimerEvent: {}
[71.692135] (-) TimerEvent: {}
[71.792825] (-) TimerEvent: {}
[71.893503] (-) TimerEvent: {}
[71.994192] (-) TimerEvent: {}
[72.094900] (-) TimerEvent: {}
[72.195564] (-) TimerEvent: {}
[72.296209] (-) TimerEvent: {}
[72.396899] (-) TimerEvent: {}
[72.497734] (-) TimerEvent: {}
[72.599179] (-) TimerEvent: {}
[72.699915] (-) TimerEvent: {}
[72.800587] (-) TimerEvent: {}
[72.901276] (-) TimerEvent: {}
[73.001949] (-) TimerEvent: {}
[73.102616] (-) TimerEvent: {}
[73.203319] (-) TimerEvent: {}
[73.305148] (-) TimerEvent: {}
[73.406085] (-) TimerEvent: {}
[73.508866] (-) TimerEvent: {}
[73.610100] (-) TimerEvent: {}
[73.710775] (-) TimerEvent: {}
[73.811433] (-) TimerEvent: {}
[73.912198] (-) TimerEvent: {}
[74.013152] (-) TimerEvent: {}
[74.113830] (-) TimerEvent: {}
[74.214571] (-) TimerEvent: {}
[74.315229] (-) TimerEvent: {}
[74.415901] (-) TimerEvent: {}
[74.516635] (-) TimerEvent: {}
[74.617362] (-) TimerEvent: {}
[74.719886] (-) TimerEvent: {}
[74.820652] (-) TimerEvent: {}
[74.921328] (-) TimerEvent: {}
[75.022169] (-) TimerEvent: {}
[75.122957] (-) TimerEvent: {}
[75.223831] (-) TimerEvent: {}
[75.324706] (-) TimerEvent: {}
[75.425433] (-) TimerEvent: {}
[75.526261] (-) TimerEvent: {}
[75.626963] (-) TimerEvent: {}
[75.727644] (-) TimerEvent: {}
[75.828290] (-) TimerEvent: {}
[75.929029] (-) TimerEvent: {}
[76.029690] (-) TimerEvent: {}
[76.130321] (-) TimerEvent: {}
[76.231548] (-) TimerEvent: {}
[76.332211] (-) TimerEvent: {}
[76.432888] (-) TimerEvent: {}
[76.533594] (-) TimerEvent: {}
[76.634295] (-) TimerEvent: {}
[76.735364] (-) TimerEvent: {}
[76.836656] (-) TimerEvent: {}
[76.940751] (-) TimerEvent: {}
[77.041427] (-) TimerEvent: {}
[77.142117] (-) TimerEvent: {}
[77.242807] (-) TimerEvent: {}
[77.343511] (-) TimerEvent: {}
[77.444479] (-) TimerEvent: {}
[77.545236] (-) TimerEvent: {}
[77.645944] (-) TimerEvent: {}
[77.746631] (-) TimerEvent: {}
[77.847348] (-) TimerEvent: {}
[77.948018] (-) TimerEvent: {}
[78.048747] (-) TimerEvent: {}
[78.149446] (-) TimerEvent: {}
[78.250196] (-) TimerEvent: {}
[78.350970] (-) TimerEvent: {}
[78.451932] (-) TimerEvent: {}
[78.552941] (-) TimerEvent: {}
[78.653690] (-) TimerEvent: {}
[78.754461] (-) TimerEvent: {}
[78.855453] (-) TimerEvent: {}
[78.956174] (-) TimerEvent: {}
[79.056952] (-) TimerEvent: {}
[79.157781] (-) TimerEvent: {}
[79.258482] (-) TimerEvent: {}
[79.359197] (-) TimerEvent: {}
[79.459945] (-) TimerEvent: {}
[79.560813] (-) TimerEvent: {}
[79.661586] (-) TimerEvent: {}
[79.762378] (-) TimerEvent: {}
[79.863071] (-) TimerEvent: {}
[79.963798] (-) TimerEvent: {}
[80.064523] (-) TimerEvent: {}
[80.165217] (-) TimerEvent: {}
[80.265928] (-) TimerEvent: {}
[80.366659] (-) TimerEvent: {}
[80.467351] (-) TimerEvent: {}
[80.568040] (-) TimerEvent: {}
[80.668743] (-) TimerEvent: {}
[80.769501] (-) TimerEvent: {}
[80.870244] (-) TimerEvent: {}
[80.970979] (-) TimerEvent: {}
[81.077394] (-) TimerEvent: {}
[81.178277] (-) TimerEvent: {}
[81.279886] (-) TimerEvent: {}
[81.381967] (-) TimerEvent: {}
[81.482649] (-) TimerEvent: {}
[81.583302] (-) TimerEvent: {}
[81.683929] (-) TimerEvent: {}
[81.784574] (-) TimerEvent: {}
[81.885253] (-) TimerEvent: {}
[81.985912] (-) TimerEvent: {}
[82.086876] (-) TimerEvent: {}
[82.187556] (-) TimerEvent: {}
[82.288228] (-) TimerEvent: {}
[82.388994] (-) TimerEvent: {}
[82.489634] (-) TimerEvent: {}
[82.590286] (-) TimerEvent: {}
[82.690924] (-) TimerEvent: {}
[82.791535] (-) TimerEvent: {}
[82.892200] (-) TimerEvent: {}
[82.992922] (-) TimerEvent: {}
[83.093574] (-) TimerEvent: {}
[83.194236] (-) TimerEvent: {}
[83.294884] (-) TimerEvent: {}
[83.395632] (-) TimerEvent: {}
[83.496319] (-) TimerEvent: {}
[83.597362] (-) TimerEvent: {}
[83.698018] (-) TimerEvent: {}
[83.798698] (-) TimerEvent: {}
[83.900017] (-) TimerEvent: {}
[84.001383] (-) TimerEvent: {}
[84.102743] (-) TimerEvent: {}
[84.203490] (-) TimerEvent: {}
[84.307730] (-) TimerEvent: {}
[84.409215] (-) TimerEvent: {}
[84.511314] (-) TimerEvent: {}
[84.613194] (-) TimerEvent: {}
[84.714524] (-) TimerEvent: {}
[84.816897] (-) TimerEvent: {}
[84.920666] (-) TimerEvent: {}
[85.021575] (-) TimerEvent: {}
[85.123501] (-) TimerEvent: {}
[85.224224] (-) TimerEvent: {}
[85.324982] (-) TimerEvent: {}
[85.425648] (-) TimerEvent: {}
[85.526382] (-) TimerEvent: {}
[85.627166] (-) TimerEvent: {}
[85.727829] (-) TimerEvent: {}
[85.828505] (-) TimerEvent: {}
[85.934049] (-) TimerEvent: {}
[86.035328] (-) TimerEvent: {}
[86.136040] (-) TimerEvent: {}
[86.240618] (-) TimerEvent: {}
[86.341515] (-) TimerEvent: {}
[86.442248] (-) TimerEvent: {}
[86.542947] (-) TimerEvent: {}
[86.643739] (-) TimerEvent: {}
[86.745191] (-) TimerEvent: {}
[86.845907] (-) TimerEvent: {}
[86.947500] (-) TimerEvent: {}
[87.049212] (-) TimerEvent: {}
[87.150063] (-) TimerEvent: {}
[87.251178] (-) TimerEvent: {}
[87.352348] (-) TimerEvent: {}
[87.453070] (-) TimerEvent: {}
[87.553736] (-) TimerEvent: {}
[87.654406] (-) TimerEvent: {}
[87.755723] (-) TimerEvent: {}
[87.856422] (-) TimerEvent: {}
[87.957202] (-) TimerEvent: {}
[88.057885] (-) TimerEvent: {}
[88.160681] (-) TimerEvent: {}
[88.261681] (-) TimerEvent: {}
[88.362389] (-) TimerEvent: {}
[88.463115] (-) TimerEvent: {}
[88.563895] (-) TimerEvent: {}
[88.664632] (-) TimerEvent: {}
[88.765334] (-) TimerEvent: {}
[88.866102] (-) TimerEvent: {}
[88.966812] (-) TimerEvent: {}
[89.067504] (-) TimerEvent: {}
[89.168198] (-) TimerEvent: {}
[89.268919] (-) TimerEvent: {}
[89.369624] (-) TimerEvent: {}
[89.470362] (-) TimerEvent: {}
[89.571052] (-) TimerEvent: {}
[89.671753] (-) TimerEvent: {}
[89.772429] (-) TimerEvent: {}
[89.873192] (-) TimerEvent: {}
[89.973915] (-) TimerEvent: {}
[90.074566] (-) TimerEvent: {}
[90.181156] (-) TimerEvent: {}
[90.290148] (-) TimerEvent: {}
[90.390834] (-) TimerEvent: {}
[90.491532] (-) TimerEvent: {}
[90.592203] (-) TimerEvent: {}
[90.692903] (-) TimerEvent: {}
[90.793633] (-) TimerEvent: {}
[90.894367] (-) TimerEvent: {}
[90.995039] (-) TimerEvent: {}
[91.096080] (-) TimerEvent: {}
[91.196759] (-) TimerEvent: {}
[91.297508] (-) TimerEvent: {}
[91.398400] (-) TimerEvent: {}
[91.499088] (-) TimerEvent: {}
[91.599886] (-) TimerEvent: {}
[91.700589] (-) TimerEvent: {}
[91.801282] (-) TimerEvent: {}
[91.901996] (-) TimerEvent: {}
[92.004238] (-) TimerEvent: {}
[92.104958] (-) TimerEvent: {}
[92.205971] (-) TimerEvent: {}
[92.306653] (-) TimerEvent: {}
[92.407438] (-) TimerEvent: {}
[92.508074] (-) TimerEvent: {}
[92.608785] (-) TimerEvent: {}
[92.709701] (-) TimerEvent: {}
[92.810642] (-) TimerEvent: {}
[92.912052] (-) TimerEvent: {}
[93.013540] (-) TimerEvent: {}
[93.114452] (-) TimerEvent: {}
[93.215316] (-) TimerEvent: {}
[93.316968] (-) TimerEvent: {}
[93.418360] (-) TimerEvent: {}
[93.519125] (-) TimerEvent: {}
[93.619841] (-) TimerEvent: {}
[93.720563] (-) TimerEvent: {}
[93.821354] (-) TimerEvent: {}
[93.922044] (-) TimerEvent: {}
[94.022735] (-) TimerEvent: {}
[94.123426] (-) TimerEvent: {}
[94.224324] (-) TimerEvent: {}
[94.325582] (-) TimerEvent: {}
[94.426279] (-) TimerEvent: {}
[94.527274] (-) TimerEvent: {}
[94.628102] (-) TimerEvent: {}
[94.728846] (-) TimerEvent: {}
[94.829575] (-) TimerEvent: {}
[94.930315] (-) TimerEvent: {}
[95.031887] (-) TimerEvent: {}
[95.133840] (-) TimerEvent: {}
[95.235199] (-) TimerEvent: {}
[95.336838] (-) TimerEvent: {}
[95.444894] (-) TimerEvent: {}
[95.546358] (-) TimerEvent: {}
[95.647925] (-) TimerEvent: {}
[95.750164] (-) TimerEvent: {}
[95.851100] (-) TimerEvent: {}
[95.952087] (-) TimerEvent: {}
[96.053093] (-) TimerEvent: {}
[96.153915] (-) TimerEvent: {}
[96.254904] (-) TimerEvent: {}
[96.355912] (-) TimerEvent: {}
[96.457010] (-) TimerEvent: {}
[96.558354] (-) TimerEvent: {}
[96.659179] (-) TimerEvent: {}
[96.760047] (-) TimerEvent: {}
[96.860903] (-) TimerEvent: {}
[96.966051] (-) TimerEvent: {}
[97.067157] (-) TimerEvent: {}
[97.168124] (-) TimerEvent: {}
[97.270249] (-) TimerEvent: {}
[97.370973] (-) TimerEvent: {}
[97.471701] (-) TimerEvent: {}
[97.572421] (-) TimerEvent: {}
[97.673125] (-) TimerEvent: {}
[97.776056] (-) TimerEvent: {}
[97.878635] (-) TimerEvent: {}
[97.980837] (-) TimerEvent: {}
[98.081736] (-) TimerEvent: {}
[98.184030] (-) TimerEvent: {}
[98.285198] (-) TimerEvent: {}
[98.391239] (-) TimerEvent: {}
[98.495933] (-) TimerEvent: {}
[98.598722] (-) TimerEvent: {}
[98.700296] (-) TimerEvent: {}
[98.801995] (-) TimerEvent: {}
[98.903667] (-) TimerEvent: {}
[99.005971] (-) TimerEvent: {}
[99.106672] (-) TimerEvent: {}
[99.207417] (-) TimerEvent: {}
[99.308234] (-) TimerEvent: {}
[99.408935] (-) TimerEvent: {}
[99.509684] (-) TimerEvent: {}
[99.610463] (-) TimerEvent: {}
[99.711195] (-) TimerEvent: {}
[99.812331] (-) TimerEvent: {}
[99.913060] (-) TimerEvent: {}
[100.013812] (-) TimerEvent: {}
[100.114520] (-) TimerEvent: {}
[100.215240] (-) TimerEvent: {}
[100.315978] (-) TimerEvent: {}
[100.416743] (-) TimerEvent: {}
[100.517432] (-) TimerEvent: {}
[100.618130] (-) TimerEvent: {}
[100.718822] (-) TimerEvent: {}
[100.819509] (-) TimerEvent: {}
[100.920167] (-) TimerEvent: {}
[101.020942] (-) TimerEvent: {}
[101.121624] (-) TimerEvent: {}
[101.228853] (-) TimerEvent: {}
[101.340831] (-) TimerEvent: {}
[101.444775] (-) TimerEvent: {}
[101.548656] (-) TimerEvent: {}
[101.652684] (-) TimerEvent: {}
[101.753509] (-) TimerEvent: {}
[101.854228] (-) TimerEvent: {}
[101.955087] (-) TimerEvent: {}
[102.056406] (-) TimerEvent: {}
[102.159566] (-) TimerEvent: {}
[102.260663] (-) TimerEvent: {}
[102.361998] (-) TimerEvent: {}
[102.462884] (-) TimerEvent: {}
[102.563824] (-) TimerEvent: {}
[102.664750] (-) TimerEvent: {}
[102.767337] (-) TimerEvent: {}
[102.868197] (-) TimerEvent: {}
[102.968958] (-) TimerEvent: {}
[103.069724] (-) TimerEvent: {}
[103.170396] (-) TimerEvent: {}
[103.271056] (-) TimerEvent: {}
[103.371731] (-) TimerEvent: {}
[103.472536] (-) TimerEvent: {}
[103.573192] (-) TimerEvent: {}
[103.673877] (-) TimerEvent: {}
[103.774712] (-) TimerEvent: {}
[103.875326] (-) TimerEvent: {}
[103.976089] (-) TimerEvent: {}
[104.076730] (-) TimerEvent: {}
[104.177400] (-) TimerEvent: {}
[104.278036] (-) TimerEvent: {}
[104.378659] (-) TimerEvent: {}
[104.479289] (-) TimerEvent: {}
[104.579921] (-) TimerEvent: {}
[104.680580] (-) TimerEvent: {}
[104.781315] (-) TimerEvent: {}
[104.882488] (-) TimerEvent: {}
[104.983762] (-) TimerEvent: {}
[105.084433] (-) TimerEvent: {}
[105.185319] (-) TimerEvent: {}
[105.286357] (-) TimerEvent: {}
[105.387133] (-) TimerEvent: {}
[105.487930] (-) TimerEvent: {}
[105.588681] (-) TimerEvent: {}
[105.689339] (-) TimerEvent: {}
[105.790222] (-) TimerEvent: {}
[105.890915] (-) TimerEvent: {}
[105.992110] (-) TimerEvent: {}
[106.094644] (-) TimerEvent: {}
[106.195253] (-) TimerEvent: {}
[106.295874] (-) TimerEvent: {}
[106.396500] (-) TimerEvent: {}
[106.497141] (-) TimerEvent: {}
[106.597890] (-) TimerEvent: {}
[106.700675] (-) TimerEvent: {}
[106.801284] (-) TimerEvent: {}
[106.901933] (-) TimerEvent: {}
[107.002593] (-) TimerEvent: {}
[107.103220] (-) TimerEvent: {}
[107.203845] (-) TimerEvent: {}
[107.304531] (-) TimerEvent: {}
[107.405133] (-) TimerEvent: {}
[107.505784] (-) TimerEvent: {}
[107.606501] (-) TimerEvent: {}
[107.707532] (-) TimerEvent: {}
[107.808376] (-) TimerEvent: {}
[107.909372] (-) TimerEvent: {}
[108.010005] (-) TimerEvent: {}
[108.110665] (-) TimerEvent: {}
[108.211322] (-) TimerEvent: {}
[108.312895] (-) TimerEvent: {}
[108.421010] (-) TimerEvent: {}
[108.522469] (-) TimerEvent: {}
[108.623187] (-) TimerEvent: {}
[108.724976] (-) TimerEvent: {}
[108.825687] (-) TimerEvent: {}
[108.926341] (-) TimerEvent: {}
[109.026988] (-) TimerEvent: {}
[109.127632] (-) TimerEvent: {}
[109.228343] (-) TimerEvent: {}
[109.329033] (-) TimerEvent: {}
[109.429712] (-) TimerEvent: {}
[109.530473] (-) TimerEvent: {}
[109.631207] (-) TimerEvent: {}
[109.731817] (-) TimerEvent: {}
[109.832469] (-) TimerEvent: {}
[109.933179] (-) TimerEvent: {}
[110.033831] (-) TimerEvent: {}
[110.134489] (-) TimerEvent: {}
[110.235167] (-) TimerEvent: {}
[110.335847] (-) TimerEvent: {}
[110.436559] (-) TimerEvent: {}
[110.538952] (-) TimerEvent: {}
[110.640469] (-) TimerEvent: {}
[110.741253] (-) TimerEvent: {}
[110.841943] (-) TimerEvent: {}
[110.942651] (-) TimerEvent: {}
[111.043929] (-) TimerEvent: {}
[111.144952] (-) TimerEvent: {}
[111.246240] (-) TimerEvent: {}
[111.346973] (-) TimerEvent: {}
[111.448307] (-) TimerEvent: {}
[111.549444] (-) TimerEvent: {}
[111.650475] (-) TimerEvent: {}
[111.751169] (-) TimerEvent: {}
[111.852063] (-) TimerEvent: {}
[111.952759] (-) TimerEvent: {}
[112.053450] (-) TimerEvent: {}
[112.154557] (-) TimerEvent: {}
[112.255475] (-) TimerEvent: {}
[112.356819] (-) TimerEvent: {}
[112.457513] (-) TimerEvent: {}
[112.558184] (-) TimerEvent: {}
[112.658871] (-) TimerEvent: {}
[112.759533] (-) TimerEvent: {}
[112.860634] (-) TimerEvent: {}
[112.961320] (-) TimerEvent: {}
[113.061980] (-) TimerEvent: {}
[113.162690] (-) TimerEvent: {}
[113.263347] (-) TimerEvent: {}
[113.364220] (-) TimerEvent: {}
[113.464893] (-) TimerEvent: {}
[113.565546] (-) TimerEvent: {}
[113.666212] (-) TimerEvent: {}
[113.766878] (-) TimerEvent: {}
[113.867557] (-) TimerEvent: {}
[113.969552] (-) TimerEvent: {}
[114.070185] (-) TimerEvent: {}
[114.170806] (-) TimerEvent: {}
[114.272198] (-) TimerEvent: {}
[114.373514] (-) TimerEvent: {}
[114.474981] (-) TimerEvent: {}
[114.575686] (-) TimerEvent: {}
[114.676326] (-) TimerEvent: {}
[114.777127] (-) TimerEvent: {}
[114.877898] (-) TimerEvent: {}
[114.979118] (-) TimerEvent: {}
[115.079770] (-) TimerEvent: {}
[115.180605] (-) TimerEvent: {}
[115.282306] (-) TimerEvent: {}
[115.383201] (-) TimerEvent: {}
[115.483904] (-) TimerEvent: {}
[115.584586] (-) TimerEvent: {}
[115.685277] (-) TimerEvent: {}
[115.785900] (-) TimerEvent: {}
[115.889339] (-) TimerEvent: {}
[115.990649] (-) TimerEvent: {}
[116.091317] (-) TimerEvent: {}
[116.192632] (-) TimerEvent: {}
[116.293940] (-) TimerEvent: {}
[116.395322] (-) TimerEvent: {}
[116.496078] (-) TimerEvent: {}
[116.596855] (-) TimerEvent: {}
[116.697570] (-) TimerEvent: {}
[116.798295] (-) TimerEvent: {}
[116.898951] (-) TimerEvent: {}
[116.999604] (-) TimerEvent: {}
[117.100313] (-) TimerEvent: {}
[117.201028] (-) TimerEvent: {}
[117.301718] (-) TimerEvent: {}
[117.402393] (-) TimerEvent: {}
[117.506024] (-) TimerEvent: {}
[117.607336] (-) TimerEvent: {}
[117.707996] (-) TimerEvent: {}
[117.808985] (-) TimerEvent: {}
[117.909628] (-) TimerEvent: {}
[118.010282] (-) TimerEvent: {}
[118.117663] (-) TimerEvent: {}
[118.218749] (-) TimerEvent: {}
[118.319889] (-) TimerEvent: {}
[118.420610] (-) TimerEvent: {}
[118.521254] (-) TimerEvent: {}
[118.621903] (-) TimerEvent: {}
[118.722585] (-) TimerEvent: {}
[118.823286] (-) TimerEvent: {}
[118.924001] (-) TimerEvent: {}
[119.024829] (-) TimerEvent: {}
[119.125521] (-) TimerEvent: {}
[119.227978] (-) TimerEvent: {}
[119.328807] (-) TimerEvent: {}
[119.431230] (-) TimerEvent: {}
[119.531907] (-) TimerEvent: {}
[119.632611] (-) TimerEvent: {}
[119.733262] (-) TimerEvent: {}
[119.833920] (-) TimerEvent: {}
[119.934558] (-) TimerEvent: {}
[120.035196] (-) TimerEvent: {}
[120.135866] (-) TimerEvent: {}
[120.242377] (-) TimerEvent: {}
[120.367160] (-) TimerEvent: {}
[120.467833] (-) TimerEvent: {}
[120.568556] (-) TimerEvent: {}
[120.669235] (-) TimerEvent: {}
[120.770001] (-) TimerEvent: {}
[120.870673] (-) TimerEvent: {}
[120.971387] (-) TimerEvent: {}
[121.072063] (-) TimerEvent: {}
[121.172738] (-) TimerEvent: {}
[121.273680] (-) TimerEvent: {}
[121.374343] (-) TimerEvent: {}
[121.475010] (-) TimerEvent: {}
[121.575643] (-) TimerEvent: {}
[121.676267] (-) TimerEvent: {}
[121.776940] (-) TimerEvent: {}
[121.877596] (-) TimerEvent: {}
[121.978233] (-) TimerEvent: {}
[122.078924] (-) TimerEvent: {}
[122.179596] (-) TimerEvent: {}
[122.280196] (-) TimerEvent: {}
[122.380826] (-) TimerEvent: {}
[122.481789] (-) TimerEvent: {}
[122.582481] (-) TimerEvent: {}
[122.683389] (-) TimerEvent: {}
[122.784286] (-) TimerEvent: {}
[122.884932] (-) TimerEvent: {}
[122.986485] (-) TimerEvent: {}
[123.087148] (-) TimerEvent: {}
[123.187757] (-) TimerEvent: {}
[123.290929] (-) TimerEvent: {}
[123.392157] (-) TimerEvent: {}
[123.492812] (-) TimerEvent: {}
[123.593553] (-) TimerEvent: {}
[123.694790] (-) TimerEvent: {}
[123.795884] (-) TimerEvent: {}
[123.897526] (-) TimerEvent: {}
[123.998861] (-) TimerEvent: {}
[124.099895] (-) TimerEvent: {}
[124.201289] (-) TimerEvent: {}
[124.302300] (-) TimerEvent: {}
[124.403039] (-) TimerEvent: {}
[124.503756] (-) TimerEvent: {}
[124.604605] (-) TimerEvent: {}
[124.708626] (-) TimerEvent: {}
[124.809382] (-) TimerEvent: {}
[124.910574] (-) TimerEvent: {}
[125.011357] (-) TimerEvent: {}
[125.112068] (-) TimerEvent: {}
[125.212819] (-) TimerEvent: {}
[125.313573] (-) TimerEvent: {}
[125.414450] (-) TimerEvent: {}
[125.515155] (-) TimerEvent: {}
[125.615840] (-) TimerEvent: {}
[125.716762] (-) TimerEvent: {}
[125.819870] (-) TimerEvent: {}
[125.920563] (-) TimerEvent: {}
[126.021242] (-) TimerEvent: {}
[126.123191] (-) TimerEvent: {}
[126.223954] (-) TimerEvent: {}
[126.325068] (-) TimerEvent: {}
[126.429671] (-) TimerEvent: {}
[126.530756] (-) TimerEvent: {}
[126.631435] (-) TimerEvent: {}
[126.740892] (-) TimerEvent: {}
[126.841611] (-) TimerEvent: {}
[126.942541] (-) TimerEvent: {}
[127.043379] (-) TimerEvent: {}
[127.147685] (-) TimerEvent: {}
[127.248385] (-) TimerEvent: {}
[127.349133] (-) TimerEvent: {}
[127.449792] (-) TimerEvent: {}
[127.550519] (-) TimerEvent: {}
[127.651407] (-) TimerEvent: {}
[127.752138] (-) TimerEvent: {}
[127.853229] (-) TimerEvent: {}
[127.953891] (-) TimerEvent: {}
[128.054564] (-) TimerEvent: {}
[128.155513] (-) TimerEvent: {}
[128.256197] (-) TimerEvent: {}
[128.356924] (-) TimerEvent: {}
[128.457681] (-) TimerEvent: {}
[128.558393] (-) TimerEvent: {}
[128.659042] (-) TimerEvent: {}
[128.759696] (-) TimerEvent: {}
[128.860822] (-) TimerEvent: {}
[128.961556] (-) TimerEvent: {}
[129.062278] (-) TimerEvent: {}
[129.163005] (-) TimerEvent: {}
[129.263719] (-) TimerEvent: {}
[129.368127] (-) TimerEvent: {}
[129.468843] (-) TimerEvent: {}
[129.570033] (-) TimerEvent: {}
[129.672924] (-) TimerEvent: {}
[129.773610] (-) TimerEvent: {}
[129.874245] (-) TimerEvent: {}
[129.975835] (-) TimerEvent: {}
[130.076473] (-) TimerEvent: {}
[130.178787] (-) TimerEvent: {}
[130.279865] (-) TimerEvent: {}
[130.381047] (-) TimerEvent: {}
[130.482172] (-) TimerEvent: {}
[130.583872] (-) TimerEvent: {}
[130.685303] (-) TimerEvent: {}
[130.786567] (-) TimerEvent: {}
[130.887209] (-) TimerEvent: {}
[130.988314] (-) TimerEvent: {}
[131.089588] (-) TimerEvent: {}
[131.190233] (-) TimerEvent: {}
[131.290866] (-) TimerEvent: {}
[131.391506] (-) TimerEvent: {}
[131.492166] (-) TimerEvent: {}
[131.592972] (-) TimerEvent: {}
[131.693608] (-) TimerEvent: {}
[131.794227] (-) TimerEvent: {}
[131.894917] (-) TimerEvent: {}
[131.995560] (-) TimerEvent: {}
[132.096231] (-) TimerEvent: {}
[132.198434] (-) TimerEvent: {}
[132.299682] (-) TimerEvent: {}
[132.401838] (-) TimerEvent: {}
[132.502882] (-) TimerEvent: {}
[132.604125] (-) TimerEvent: {}
[132.704821] (-) TimerEvent: {}
[132.805478] (-) TimerEvent: {}
[132.906116] (-) TimerEvent: {}
[133.007526] (-) TimerEvent: {}
[133.108184] (-) TimerEvent: {}
[133.208838] (-) TimerEvent: {}
[133.309458] (-) TimerEvent: {}
[133.410102] (-) TimerEvent: {}
[133.510747] (-) TimerEvent: {}
[133.611413] (-) TimerEvent: {}
[133.712094] (-) TimerEvent: {}
[133.812793] (-) TimerEvent: {}
[133.913421] (-) TimerEvent: {}
[134.014066] (-) TimerEvent: {}
[134.115176] (-) TimerEvent: {}
[134.215805] (-) TimerEvent: {}
[134.316523] (-) TimerEvent: {}
[134.417197] (-) TimerEvent: {}
[134.517871] (-) TimerEvent: {}
[134.618859] (-) TimerEvent: {}
[134.719636] (-) TimerEvent: {}
[134.820345] (-) TimerEvent: {}
[134.921105] (-) TimerEvent: {}
[135.022100] (-) TimerEvent: {}
[135.122790] (-) TimerEvent: {}
[135.223688] (-) TimerEvent: {}
[135.324643] (-) TimerEvent: {}
[135.425566] (-) TimerEvent: {}
[135.526440] (-) TimerEvent: {}
[135.627178] (-) TimerEvent: {}
[135.727887] (-) TimerEvent: {}
[135.828572] (-) TimerEvent: {}
[135.929999] (-) TimerEvent: {}
[136.030627] (-) TimerEvent: {}
[136.131255] (-) TimerEvent: {}
[136.231894] (-) TimerEvent: {}
[136.332557] (-) TimerEvent: {}
[136.433432] (-) TimerEvent: {}
[136.534497] (-) TimerEvent: {}
[136.635578] (-) TimerEvent: {}
[136.736968] (-) TimerEvent: {}
[136.838645] (-) TimerEvent: {}
[136.939666] (-) TimerEvent: {}
[137.040883] (-) TimerEvent: {}
[137.141950] (-) TimerEvent: {}
[137.243174] (-) TimerEvent: {}
[137.343838] (-) TimerEvent: {}
[137.444505] (-) TimerEvent: {}
[137.545251] (-) TimerEvent: {}
[137.645990] (-) TimerEvent: {}
[137.746645] (-) TimerEvent: {}
[137.851502] (-) TimerEvent: {}
[137.952315] (-) TimerEvent: {}
[138.053689] (-) TimerEvent: {}
[138.155344] (-) TimerEvent: {}
[138.256716] (-) TimerEvent: {}
[138.358305] (-) TimerEvent: {}
[138.459202] (-) TimerEvent: {}
[138.560029] (-) TimerEvent: {}
[138.660768] (-) TimerEvent: {}
[138.761439] (-) TimerEvent: {}
[138.862105] (-) TimerEvent: {}
[138.962793] (-) TimerEvent: {}
[139.063546] (-) TimerEvent: {}
[139.164902] (-) TimerEvent: {}
[139.266025] (-) TimerEvent: {}
[139.367453] (-) TimerEvent: {}
[139.468254] (-) TimerEvent: {}
[139.568993] (-) TimerEvent: {}
[139.669686] (-) TimerEvent: {}
[139.776962] (-) TimerEvent: {}
[139.885019] (-) TimerEvent: {}
[139.988664] (-) TimerEvent: {}
[140.089299] (-) TimerEvent: {}
[140.189960] (-) TimerEvent: {}
[140.290612] (-) TimerEvent: {}
[140.393160] (-) TimerEvent: {}
[140.499215] (-) TimerEvent: {}
[140.600715] (-) TimerEvent: {}
[140.701432] (-) TimerEvent: {}
[140.802109] (-) TimerEvent: {}
[140.903193] (-) TimerEvent: {}
[141.004267] (-) TimerEvent: {}
[141.105657] (-) TimerEvent: {}
[141.207175] (-) TimerEvent: {}
[141.308948] (-) TimerEvent: {}
[141.410386] (-) TimerEvent: {}
[141.511186] (-) TimerEvent: {}
[141.611896] (-) TimerEvent: {}
[141.712603] (-) TimerEvent: {}
[141.813883] (-) TimerEvent: {}
[141.914618] (-) TimerEvent: {}
[142.015478] (-) TimerEvent: {}
[142.116152] (-) TimerEvent: {}
[142.216864] (-) TimerEvent: {}
[142.318083] (-) TimerEvent: {}
[142.418784] (-) TimerEvent: {}
[142.519552] (-) TimerEvent: {}
[142.620301] (-) TimerEvent: {}
[142.720983] (-) TimerEvent: {}
[142.821630] (-) TimerEvent: {}
[142.922303] (-) TimerEvent: {}
[143.023345] (-) TimerEvent: {}
[143.124030] (-) TimerEvent: {}
[143.224724] (-) TimerEvent: {}
[143.325420] (-) TimerEvent: {}
[143.426123] (-) TimerEvent: {}
[143.526851] (-) TimerEvent: {}
[143.627644] (-) TimerEvent: {}
[143.730175] (-) TimerEvent: {}
[143.831870] (-) TimerEvent: {}
[143.932774] (-) TimerEvent: {}
[144.033448] (-) TimerEvent: {}
[144.134130] (-) TimerEvent: {}
[144.234822] (-) TimerEvent: {}
[144.335498] (-) TimerEvent: {}
[144.436213] (-) TimerEvent: {}
[144.536977] (-) TimerEvent: {}
[144.637719] (-) TimerEvent: {}
[144.738385] (-) TimerEvent: {}
[144.839338] (-) TimerEvent: {}
[144.940088] (-) TimerEvent: {}
[145.040931] (-) TimerEvent: {}
[145.141598] (-) TimerEvent: {}
[145.242290] (-) TimerEvent: {}
[145.343104] (-) TimerEvent: {}
[145.443809] (-) TimerEvent: {}
[145.544552] (-) TimerEvent: {}
[145.645248] (-) TimerEvent: {}
[145.745963] (-) TimerEvent: {}
[145.846696] (-) TimerEvent: {}
[145.947512] (-) TimerEvent: {}
[146.048430] (-) TimerEvent: {}
[146.149144] (-) TimerEvent: {}
[146.249856] (-) TimerEvent: {}
[146.350805] (-) TimerEvent: {}
[146.452083] (-) TimerEvent: {}
[146.553181] (-) TimerEvent: {}
[146.654414] (-) TimerEvent: {}
[146.755099] (-) TimerEvent: {}
[146.855940] (-) TimerEvent: {}
[146.956987] (-) TimerEvent: {}
[147.058768] (-) TimerEvent: {}
[147.159523] (-) TimerEvent: {}
[147.260343] (-) TimerEvent: {}
[147.361087] (-) TimerEvent: {}
[147.461934] (-) TimerEvent: {}
[147.562697] (-) TimerEvent: {}
[147.666182] (-) TimerEvent: {}
[147.766972] (-) TimerEvent: {}
[147.867658] (-) TimerEvent: {}
[147.968353] (-) TimerEvent: {}
[148.069090] (-) TimerEvent: {}
[148.169772] (-) TimerEvent: {}
[148.270450] (-) TimerEvent: {}
[148.371139] (-) TimerEvent: {}
[148.471879] (-) TimerEvent: {}
[148.572588] (-) TimerEvent: {}
[148.675026] (-) TimerEvent: {}
[148.775678] (-) TimerEvent: {}
[148.876333] (-) TimerEvent: {}
[148.977200] (-) TimerEvent: {}
[149.078797] (-) TimerEvent: {}
[149.179523] (-) TimerEvent: {}
[149.280188] (-) TimerEvent: {}
[149.380856] (-) TimerEvent: {}
[149.483571] (-) TimerEvent: {}
[149.585492] (-) TimerEvent: {}
[149.686129] (-) TimerEvent: {}
[149.786779] (-) TimerEvent: {}
[149.888065] (-) TimerEvent: {}
[149.989237] (-) TimerEvent: {}
[150.089892] (-) TimerEvent: {}
[150.190543] (-) TimerEvent: {}
[150.291206] (-) TimerEvent: {}
[150.392630] (-) TimerEvent: {}
[150.494060] (-) TimerEvent: {}
[150.594694] (-) TimerEvent: {}
[150.695422] (-) TimerEvent: {}
[150.796023] (-) TimerEvent: {}
[150.896835] (-) TimerEvent: {}
[150.997788] (-) TimerEvent: {}
[151.098649] (-) TimerEvent: {}
[151.200092] (-) TimerEvent: {}
[151.300712] (-) TimerEvent: {}
[151.401612] (-) TimerEvent: {}
[151.502465] (-) TimerEvent: {}
[151.603768] (-) TimerEvent: {}
[151.704830] (-) TimerEvent: {}
[151.806758] (-) TimerEvent: {}
[151.909104] (-) TimerEvent: {}
[152.009744] (-) TimerEvent: {}
[152.110397] (-) TimerEvent: {}
[152.211039] (-) TimerEvent: {}
[152.311724] (-) TimerEvent: {}
[152.412419] (-) TimerEvent: {}
[152.513627] (-) TimerEvent: {}
[152.614276] (-) TimerEvent: {}
[152.714938] (-) TimerEvent: {}
[152.815806] (-) TimerEvent: {}
[152.916695] (-) TimerEvent: {}
[153.017981] (-) TimerEvent: {}
[153.120106] (-) TimerEvent: {}
[153.221114] (-) TimerEvent: {}
[153.322034] (-) TimerEvent: {}
[153.422810] (-) TimerEvent: {}
[153.523710] (-) TimerEvent: {}
[153.624952] (-) TimerEvent: {}
[153.725687] (-) TimerEvent: {}
[153.826720] (-) TimerEvent: {}
[153.927702] (-) TimerEvent: {}
[154.028415] (-) TimerEvent: {}
[154.129259] (-) TimerEvent: {}
[154.229892] (-) TimerEvent: {}
[154.330523] (-) TimerEvent: {}
[154.431154] (-) TimerEvent: {}
[154.531910] (-) TimerEvent: {}
[154.633101] (-) TimerEvent: {}
[154.733784] (-) TimerEvent: {}
[154.836866] (-) TimerEvent: {}
[154.937727] (-) TimerEvent: {}
[155.041041] (-) TimerEvent: {}
[155.142759] (-) TimerEvent: {}
[155.243597] (-) TimerEvent: {}
[155.344586] (-) TimerEvent: {}
[155.445296] (-) TimerEvent: {}
[155.546103] (-) TimerEvent: {}
[155.646937] (-) TimerEvent: {}
[155.747637] (-) TimerEvent: {}
[155.851151] (-) TimerEvent: {}
[155.951830] (-) TimerEvent: {}
[156.052521] (-) TimerEvent: {}
[156.153210] (-) TimerEvent: {}
[156.253889] (-) TimerEvent: {}
[156.354575] (-) TimerEvent: {}
[156.455303] (-) TimerEvent: {}
[156.556370] (-) TimerEvent: {}
[156.657277] (-) TimerEvent: {}
[156.757931] (-) TimerEvent: {}
[156.858593] (-) TimerEvent: {}
[156.959289] (-) TimerEvent: {}
[157.059978] (-) TimerEvent: {}
[157.160637] (-) TimerEvent: {}
[157.261294] (-) TimerEvent: {}
[157.361980] (-) TimerEvent: {}
[157.462656] (-) TimerEvent: {}
[157.563386] (-) TimerEvent: {}
[157.664115] (-) TimerEvent: {}
[157.764834] (-) TimerEvent: {}
[157.865525] (-) TimerEvent: {}
[157.966213] (-) TimerEvent: {}
[158.066867] (-) TimerEvent: {}
[158.167612] (-) TimerEvent: {}
[158.268292] (-) TimerEvent: {}
[158.372975] (-) TimerEvent: {}
[158.473717] (-) TimerEvent: {}
[158.574485] (-) TimerEvent: {}
[158.675193] (-) TimerEvent: {}
[158.776306] (-) TimerEvent: {}
[158.877576] (-) TimerEvent: {}
[158.978216] (-) TimerEvent: {}
[159.078888] (-) TimerEvent: {}
[159.179579] (-) TimerEvent: {}
[159.280562] (-) TimerEvent: {}
[159.383036] (-) TimerEvent: {}
[159.484514] (-) TimerEvent: {}
[159.588600] (-) TimerEvent: {}
[159.690554] (-) TimerEvent: {}
[159.791713] (-) TimerEvent: {}
[159.892917] (-) TimerEvent: {}
[159.993599] (-) TimerEvent: {}
[160.096651] (-) TimerEvent: {}
[160.197450] (-) TimerEvent: {}
[160.298198] (-) TimerEvent: {}
[160.398843] (-) TimerEvent: {}
[160.501416] (-) TimerEvent: {}
[160.602263] (-) TimerEvent: {}
[160.708703] (-) TimerEvent: {}
[160.809558] (-) TimerEvent: {}
[160.910233] (-) TimerEvent: {}
[161.010880] (-) TimerEvent: {}
[161.111523] (-) TimerEvent: {}
[161.212169] (-) TimerEvent: {}
[161.312855] (-) TimerEvent: {}
[161.413581] (-) TimerEvent: {}
[161.514700] (-) TimerEvent: {}
[161.615381] (-) TimerEvent: {}
[161.716083] (-) TimerEvent: {}
[161.816809] (-) TimerEvent: {}
[161.917525] (-) TimerEvent: {}
[162.018379] (-) TimerEvent: {}
[162.119097] (-) TimerEvent: {}
[162.219770] (-) TimerEvent: {}
[162.320536] (-) TimerEvent: {}
[162.421265] (-) TimerEvent: {}
[162.522958] (-) TimerEvent: {}
[162.632748] (-) TimerEvent: {}
[162.733461] (-) TimerEvent: {}
[162.834162] (-) TimerEvent: {}
[162.934849] (-) TimerEvent: {}
[163.035976] (-) TimerEvent: {}
[163.136671] (-) TimerEvent: {}
[163.237345] (-) TimerEvent: {}
[163.337990] (-) TimerEvent: {}
[163.438646] (-) TimerEvent: {}
[163.539508] (-) TimerEvent: {}
[163.640243] (-) TimerEvent: {}
[163.740957] (-) TimerEvent: {}
[163.841632] (-) TimerEvent: {}
[163.942772] (-) TimerEvent: {}
[164.043834] (-) TimerEvent: {}
[164.153652] (-) TimerEvent: {}
[164.254558] (-) TimerEvent: {}
[164.357908] (-) TimerEvent: {}
[164.459611] (-) TimerEvent: {}
[164.560593] (-) TimerEvent: {}
[164.661359] (-) TimerEvent: {}
[164.762031] (-) TimerEvent: {}
[164.862773] (-) TimerEvent: {}
[164.963626] (-) TimerEvent: {}
[165.064734] (-) TimerEvent: {}
[165.166072] (-) TimerEvent: {}
[165.267047] (-) TimerEvent: {}
[165.367914] (-) TimerEvent: {}
[165.469268] (-) TimerEvent: {}
[165.570200] (-) TimerEvent: {}
[165.671076] (-) TimerEvent: {}
[165.772041] (-) TimerEvent: {}
[165.872767] (-) TimerEvent: {}
[165.974363] (-) TimerEvent: {}
[166.076241] (-) TimerEvent: {}
[166.176924] (-) TimerEvent: {}
[166.277530] (-) TimerEvent: {}
[166.378175] (-) TimerEvent: {}
[166.479371] (-) TimerEvent: {}
[166.580177] (-) TimerEvent: {}
[166.681650] (-) TimerEvent: {}
[166.782476] (-) TimerEvent: {}
[166.883951] (-) TimerEvent: {}
[166.985556] (-) TimerEvent: {}
[167.087371] (-) TimerEvent: {}
[167.188789] (-) TimerEvent: {}
[167.289554] (-) TimerEvent: {}
[167.390358] (-) TimerEvent: {}
[167.490993] (-) TimerEvent: {}
[167.591670] (-) TimerEvent: {}
[167.693164] (-) TimerEvent: {}
[167.794294] (-) TimerEvent: {}
[167.895446] (-) TimerEvent: {}
[167.996942] (-) TimerEvent: {}
[168.097934] (-) TimerEvent: {}
[168.199201] (-) TimerEvent: {}
[168.300706] (-) TimerEvent: {}
[168.401408] (-) TimerEvent: {}
[168.502141] (-) TimerEvent: {}
[168.602981] (-) TimerEvent: {}
[168.703919] (-) TimerEvent: {}
[168.805621] (-) TimerEvent: {}
[168.907015] (-) TimerEvent: {}
[169.007723] (-) TimerEvent: {}
[169.108979] (-) TimerEvent: {}
[169.211220] (-) TimerEvent: {}
[169.311861] (-) TimerEvent: {}
[169.412564] (-) TimerEvent: {}
[169.513224] (-) TimerEvent: {}
[169.615755] (-) TimerEvent: {}
[169.716463] (-) TimerEvent: {}
[169.817198] (-) TimerEvent: {}
[169.919610] (-) TimerEvent: {}
[170.020357] (-) TimerEvent: {}
[170.121079] (-) TimerEvent: {}
[170.225681] (-) TimerEvent: {}
[170.330357] (-) TimerEvent: {}
[170.431002] (-) TimerEvent: {}
[170.531613] (-) TimerEvent: {}
[170.632239] (-) TimerEvent: {}
[170.732889] (-) TimerEvent: {}
[170.833540] (-) TimerEvent: {}
[170.934670] (-) TimerEvent: {}
[171.035632] (-) TimerEvent: {}
[171.136325] (-) TimerEvent: {}
[171.237036] (-) TimerEvent: {}
[171.337752] (-) TimerEvent: {}
[171.438414] (-) TimerEvent: {}
[171.539052] (-) TimerEvent: {}
[171.639852] (-) TimerEvent: {}
[171.740901] (-) TimerEvent: {}
[171.841907] (-) TimerEvent: {}
[171.942798] (-) TimerEvent: {}
[172.043567] (-) TimerEvent: {}
[172.144267] (-) TimerEvent: {}
[172.244967] (-) TimerEvent: {}
[172.345623] (-) TimerEvent: {}
[172.446323] (-) TimerEvent: {}
[172.547191] (-) TimerEvent: {}
[172.647973] (-) TimerEvent: {}
[172.748688] (-) TimerEvent: {}
[172.849377] (-) TimerEvent: {}
[172.950137] (-) TimerEvent: {}
[173.051458] (-) TimerEvent: {}
[173.152366] (-) TimerEvent: {}
[173.257285] (-) TimerEvent: {}
[173.358457] (-) TimerEvent: {}
[173.459105] (-) TimerEvent: {}
[173.560456] (-) TimerEvent: {}
[173.661571] (-) TimerEvent: {}
[173.764974] (-) TimerEvent: {}
[173.865734] (-) TimerEvent: {}
[173.968221] (-) TimerEvent: {}
[174.072676] (-) TimerEvent: {}
[174.175092] (-) TimerEvent: {}
[174.276552] (-) TimerEvent: {}
[174.378069] (-) TimerEvent: {}
[174.481177] (-) TimerEvent: {}
[174.583766] (-) TimerEvent: {}
[174.685251] (-) TimerEvent: {}
[174.786649] (-) TimerEvent: {}
[174.887835] (-) TimerEvent: {}
[174.989694] (-) TimerEvent: {}
[175.093316] (-) TimerEvent: {}
[175.195645] (-) TimerEvent: {}
[175.296892] (-) TimerEvent: {}
[175.397539] (-) TimerEvent: {}
[175.500969] (-) TimerEvent: {}
[175.602103] (-) TimerEvent: {}
[175.702906] (-) TimerEvent: {}
[175.804174] (-) TimerEvent: {}
[175.904979] (-) TimerEvent: {}
[176.005889] (-) TimerEvent: {}
[176.110355] (-) TimerEvent: {}
[176.214124] (-) TimerEvent: {}
[176.314805] (-) TimerEvent: {}
[176.415517] (-) TimerEvent: {}
[176.516162] (-) TimerEvent: {}
[176.616827] (-) TimerEvent: {}
[176.717479] (-) TimerEvent: {}
[176.818138] (-) TimerEvent: {}
[176.918774] (-) TimerEvent: {}
[177.019422] (-) TimerEvent: {}
[177.120261] (-) TimerEvent: {}
[177.221437] (-) TimerEvent: {}
[177.322395] (-) TimerEvent: {}
[177.426799] (-) TimerEvent: {}
[177.530717] (-) TimerEvent: {}
[177.631469] (-) TimerEvent: {}
[177.732113] (-) TimerEvent: {}
[177.832806] (-) TimerEvent: {}
[177.933490] (-) TimerEvent: {}
[178.034176] (-) TimerEvent: {}
[178.135090] (-) TimerEvent: {}
[178.235764] (-) TimerEvent: {}
[178.336599] (-) TimerEvent: {}
[178.437396] (-) TimerEvent: {}
[178.538049] (-) TimerEvent: {}
[178.638677] (-) TimerEvent: {}
[178.739324] (-) TimerEvent: {}
[178.840040] (-) TimerEvent: {}
[178.940706] (-) TimerEvent: {}
[179.041353] (-) TimerEvent: {}
[179.141995] (-) TimerEvent: {}
[179.242720] (-) TimerEvent: {}
[179.343472] (-) TimerEvent: {}
[179.444151] (-) TimerEvent: {}
[179.544933] (-) TimerEvent: {}
[179.646357] (-) TimerEvent: {}
[179.747054] (-) TimerEvent: {}
[179.847806] (-) TimerEvent: {}
[179.948542] (-) TimerEvent: {}
[180.049227] (-) TimerEvent: {}
[180.150042] (-) TimerEvent: {}
[180.250712] (-) TimerEvent: {}
[180.351403] (-) TimerEvent: {}
[180.452147] (-) TimerEvent: {}
[180.553133] (-) TimerEvent: {}
[180.653811] (-) TimerEvent: {}
[180.754570] (-) TimerEvent: {}
[180.855317] (-) TimerEvent: {}
[180.956142] (-) TimerEvent: {}
[181.057139] (-) TimerEvent: {}
[181.157901] (-) TimerEvent: {}
[181.258711] (-) TimerEvent: {}
[181.359764] (-) TimerEvent: {}
[181.460778] (-) TimerEvent: {}
[181.561823] (-) TimerEvent: {}
[181.662524] (-) TimerEvent: {}
[181.763209] (-) TimerEvent: {}
[181.863881] (-) TimerEvent: {}
[181.964556] (-) TimerEvent: {}
[182.065205] (-) TimerEvent: {}
[182.165852] (-) TimerEvent: {}
[182.266565] (-) TimerEvent: {}
[182.370266] (-) TimerEvent: {}
[182.471085] (-) TimerEvent: {}
[182.571756] (-) TimerEvent: {}
[182.672454] (-) TimerEvent: {}
[182.775038] (-) TimerEvent: {}
[182.875888] (-) TimerEvent: {}
[182.976531] (-) TimerEvent: {}
[183.077405] (-) TimerEvent: {}
[183.178057] (-) TimerEvent: {}
[183.278731] (-) TimerEvent: {}
[183.379480] (-) TimerEvent: {}
[183.480145] (-) TimerEvent: {}
[183.581526] (-) TimerEvent: {}
[183.682231] (-) TimerEvent: {}
[183.783168] (-) TimerEvent: {}
[183.883819] (-) TimerEvent: {}
[183.984751] (-) TimerEvent: {}
[184.085506] (-) TimerEvent: {}
[184.186213] (-) TimerEvent: {}
[184.286836] (-) TimerEvent: {}
[184.387464] (-) TimerEvent: {}
[184.488198] (-) TimerEvent: {}
[184.589165] (-) TimerEvent: {}
[184.690118] (-) TimerEvent: {}
[184.790951] (-) TimerEvent: {}
[184.892273] (-) TimerEvent: {}
[184.993086] (-) TimerEvent: {}
[185.093722] (-) TimerEvent: {}
[185.194450] (-) TimerEvent: {}
[185.295434] (-) TimerEvent: {}
[185.396542] (-) TimerEvent: {}
[185.497224] (-) TimerEvent: {}
[185.597889] (-) TimerEvent: {}
[185.698588] (-) TimerEvent: {}
[185.799318] (-) TimerEvent: {}
[185.904727] (-) TimerEvent: {}
[186.006180] (-) TimerEvent: {}
[186.107108] (-) TimerEvent: {}
[186.208035] (-) TimerEvent: {}
[186.309142] (-) TimerEvent: {}
[186.409946] (-) TimerEvent: {}
[186.510670] (-) TimerEvent: {}
[186.611681] (-) TimerEvent: {}
[186.712605] (-) TimerEvent: {}
[186.813312] (-) TimerEvent: {}
[186.914046] (-) TimerEvent: {}
[187.014981] (-) TimerEvent: {}
[187.115813] (-) TimerEvent: {}
[187.216847] (-) TimerEvent: {}
[187.317540] (-) TimerEvent: {}
[187.418207] (-) TimerEvent: {}
[187.518850] (-) TimerEvent: {}
[187.619522] (-) TimerEvent: {}
[187.720209] (-) TimerEvent: {}
[187.820883] (-) TimerEvent: {}
[187.921860] (-) TimerEvent: {}
[188.022649] (-) TimerEvent: {}
[188.123763] (-) TimerEvent: {}
[188.224762] (-) TimerEvent: {}
[188.327039] (-) TimerEvent: {}
[188.427962] (-) TimerEvent: {}
[188.529171] (-) TimerEvent: {}
[188.629953] (-) TimerEvent: {}
[188.730778] (-) TimerEvent: {}
[188.831484] (-) TimerEvent: {}
[188.932128] (-) TimerEvent: {}
[189.032891] (-) TimerEvent: {}
[189.134926] (-) TimerEvent: {}
[189.237437] (-) TimerEvent: {}
[189.338126] (-) TimerEvent: {}
[189.438833] (-) TimerEvent: {}
[189.539596] (-) TimerEvent: {}
[189.640992] (-) TimerEvent: {}
[189.741752] (-) TimerEvent: {}
[189.842713] (-) TimerEvent: {}
[189.943528] (-) TimerEvent: {}
[190.044421] (-) TimerEvent: {}
[190.145355] (-) TimerEvent: {}
[190.246274] (-) TimerEvent: {}
[190.347115] (-) TimerEvent: {}
[190.448087] (-) TimerEvent: {}
[190.549173] (-) TimerEvent: {}
[190.650155] (-) TimerEvent: {}
[190.751335] (-) TimerEvent: {}
[190.852754] (-) TimerEvent: {}
[190.955018] (-) TimerEvent: {}
[191.055662] (-) TimerEvent: {}
[191.156292] (-) TimerEvent: {}
[191.257577] (-) TimerEvent: {}
[191.358237] (-) TimerEvent: {}
[191.458876] (-) TimerEvent: {}
[191.559790] (-) TimerEvent: {}
[191.660465] (-) TimerEvent: {}
[191.765177] (-) TimerEvent: {}
[191.865876] (-) TimerEvent: {}
[191.966577] (-) TimerEvent: {}
[192.067299] (-) TimerEvent: {}
[192.168057] (-) TimerEvent: {}
[192.269209] (-) TimerEvent: {}
[192.370508] (-) TimerEvent: {}
[192.471713] (-) TimerEvent: {}
[192.572896] (-) TimerEvent: {}
[192.674900] (-) TimerEvent: {}
[192.776158] (-) TimerEvent: {}
[192.876792] (-) TimerEvent: {}
[192.977422] (-) TimerEvent: {}
[193.078165] (-) TimerEvent: {}
[193.178999] (-) TimerEvent: {}
[193.279692] (-) TimerEvent: {}
[193.380436] (-) TimerEvent: {}
[193.481209] (-) TimerEvent: {}
[193.582209] (-) TimerEvent: {}
[193.683080] (-) TimerEvent: {}
[193.783811] (-) TimerEvent: {}
[193.884619] (-) TimerEvent: {}
[193.985273] (-) TimerEvent: {}
[194.085943] (-) TimerEvent: {}
[194.186581] (-) TimerEvent: {}
[194.287266] (-) TimerEvent: {}
[194.387918] (-) TimerEvent: {}
[194.488621] (-) TimerEvent: {}
[194.589301] (-) TimerEvent: {}
[194.689932] (-) TimerEvent: {}
[194.790623] (-) TimerEvent: {}
[194.891288] (-) TimerEvent: {}
[194.991948] (-) TimerEvent: {}
[195.092648] (-) TimerEvent: {}
[195.193340] (-) TimerEvent: {}
[195.294032] (-) TimerEvent: {}
[195.394707] (-) TimerEvent: {}
[195.495366] (-) TimerEvent: {}
[195.596018] (-) TimerEvent: {}
[195.696630] (-) TimerEvent: {}
[195.797251] (-) TimerEvent: {}
[195.897881] (-) TimerEvent: {}
[195.998498] (-) TimerEvent: {}
[196.099138] (-) TimerEvent: {}
[196.199753] (-) TimerEvent: {}
[196.300619] (-) TimerEvent: {}
[196.401730] (-) TimerEvent: {}
[196.503022] (-) TimerEvent: {}
[196.604252] (-) TimerEvent: {}
[196.705559] (-) TimerEvent: {}
[196.806324] (-) TimerEvent: {}
[196.907269] (-) TimerEvent: {}
[197.008523] (-) TimerEvent: {}
[197.109177] (-) TimerEvent: {}
[197.210078] (-) TimerEvent: {}
[197.310764] (-) TimerEvent: {}
[197.411385] (-) TimerEvent: {}
[197.512069] (-) TimerEvent: {}
[197.612824] (-) TimerEvent: {}
[197.713491] (-) TimerEvent: {}
[197.814544] (-) TimerEvent: {}
[197.915274] (-) TimerEvent: {}
[198.016003] (-) TimerEvent: {}
[198.116886] (-) TimerEvent: {}
[198.217594] (-) TimerEvent: {}
[198.318322] (-) TimerEvent: {}
[198.419385] (-) TimerEvent: {}
[198.520096] (-) TimerEvent: {}
[198.620983] (-) TimerEvent: {}
[198.721786] (-) TimerEvent: {}
[198.822474] (-) TimerEvent: {}
[198.923174] (-) TimerEvent: {}
[199.023816] (-) TimerEvent: {}
[199.124453] (-) TimerEvent: {}
[199.225254] (-) TimerEvent: {}
[199.325876] (-) TimerEvent: {}
[199.426492] (-) TimerEvent: {}
[199.527110] (-) TimerEvent: {}
[199.627769] (-) TimerEvent: {}
[199.728392] (-) TimerEvent: {}
[199.829171] (-) TimerEvent: {}
[199.929913] (-) TimerEvent: {}
[200.032214] (-) TimerEvent: {}
[200.132971] (-) TimerEvent: {}
[200.234461] (-) TimerEvent: {}
[200.340652] (-) TimerEvent: {}
[200.441841] (-) TimerEvent: {}
[200.542998] (-) TimerEvent: {}
[200.643871] (-) TimerEvent: {}
[200.745624] (-) TimerEvent: {}
[200.846318] (-) TimerEvent: {}
[200.947023] (-) TimerEvent: {}
[201.047729] (-) TimerEvent: {}
[201.148400] (-) TimerEvent: {}
[201.249123] (-) TimerEvent: {}
[201.349802] (-) TimerEvent: {}
[201.450521] (-) TimerEvent: {}
[201.551236] (-) TimerEvent: {}
[201.651921] (-) TimerEvent: {}
[201.752675] (-) TimerEvent: {}
[201.853387] (-) TimerEvent: {}
[201.954122] (-) TimerEvent: {}
[202.054780] (-) TimerEvent: {}
[202.155522] (-) TimerEvent: {}
[202.258337] (-) TimerEvent: {}
[202.358990] (-) TimerEvent: {}
[202.459693] (-) TimerEvent: {}
[202.560455] (-) TimerEvent: {}
[202.661344] (-) TimerEvent: {}
[202.762477] (-) TimerEvent: {}
[202.863137] (-) TimerEvent: {}
[202.963822] (-) TimerEvent: {}
[203.064537] (-) TimerEvent: {}
[203.165296] (-) TimerEvent: {}
[203.266028] (-) TimerEvent: {}
[203.366751] (-) TimerEvent: {}
[203.467514] (-) TimerEvent: {}
[203.568173] (-) TimerEvent: {}
[203.669018] (-) TimerEvent: {}
[203.769754] (-) TimerEvent: {}
[203.870475] (-) TimerEvent: {}
[203.971179] (-) TimerEvent: {}
[204.072050] (-) TimerEvent: {}
[204.174168] (-) TimerEvent: {}
[204.274810] (-) TimerEvent: {}
[204.375612] (-) TimerEvent: {}
[204.476251] (-) TimerEvent: {}
[204.576932] (-) TimerEvent: {}
[204.677677] (-) TimerEvent: {}
[204.778713] (-) TimerEvent: {}
[204.880066] (-) TimerEvent: {}
[204.981509] (-) TimerEvent: {}
[205.082281] (-) TimerEvent: {}
[205.182896] (-) TimerEvent: {}
[205.283488] (-) TimerEvent: {}
[205.384109] (-) TimerEvent: {}
[205.484746] (-) TimerEvent: {}
[205.585417] (-) TimerEvent: {}
[205.686071] (-) TimerEvent: {}
[205.786709] (-) TimerEvent: {}
[205.887346] (-) TimerEvent: {}
