[35m[1mConsolidate compiler generated dependencies of target move_example[0m
[100%] Built target move_example
-- Install configuration: ""
-- Up-to-date: /home/dxf/wheeltec_lebai_humble_2024_7_17/install/lebai_tutorials/lib/lebai_tutorials/move_example
-- Up-to-date: /home/dxf/wheeltec_lebai_humble_2024_7_17/install/lebai_tutorials/lib/lebai_tutorials/move_example.py
-- Up-to-date: /home/dxf/wheeltec_lebai_humble_2024_7_17/install/lebai_tutorials/lib/lebai_tutorials/io_example.py
-- Up-to-date: /home/dxf/wheeltec_lebai_humble_2024_7_17/install/lebai_tutorials/lib/lebai_tutorials/joint_state_subscriber.py
-- Up-to-date: /home/dxf/wheeltec_lebai_humble_2024_7_17/install/lebai_tutorials/share/ament_index/resource_index/package_run_dependencies/lebai_tutorials
-- Up-to-date: /home/dxf/wheeltec_lebai_humble_2024_7_17/install/lebai_tutorials/share/ament_index/resource_index/parent_prefix_path/lebai_tutorials
-- Up-to-date: /home/dxf/wheeltec_lebai_humble_2024_7_17/install/lebai_tutorials/share/lebai_tutorials/environment/ament_prefix_path.sh
-- Up-to-date: /home/dxf/wheeltec_lebai_humble_2024_7_17/install/lebai_tutorials/share/lebai_tutorials/environment/ament_prefix_path.dsv
-- Up-to-date: /home/dxf/wheeltec_lebai_humble_2024_7_17/install/lebai_tutorials/share/lebai_tutorials/environment/path.sh
-- Up-to-date: /home/dxf/wheeltec_lebai_humble_2024_7_17/install/lebai_tutorials/share/lebai_tutorials/environment/path.dsv
-- Up-to-date: /home/dxf/wheeltec_lebai_humble_2024_7_17/install/lebai_tutorials/share/lebai_tutorials/local_setup.bash
-- Up-to-date: /home/dxf/wheeltec_lebai_humble_2024_7_17/install/lebai_tutorials/share/lebai_tutorials/local_setup.sh
-- Up-to-date: /home/dxf/wheeltec_lebai_humble_2024_7_17/install/lebai_tutorials/share/lebai_tutorials/local_setup.zsh
-- Up-to-date: /home/dxf/wheeltec_lebai_humble_2024_7_17/install/lebai_tutorials/share/lebai_tutorials/local_setup.dsv
-- Installing: /home/dxf/wheeltec_lebai_humble_2024_7_17/install/lebai_tutorials/share/lebai_tutorials/package.dsv
-- Up-to-date: /home/dxf/wheeltec_lebai_humble_2024_7_17/install/lebai_tutorials/share/ament_index/resource_index/packages/lebai_tutorials
-- Up-to-date: /home/dxf/wheeltec_lebai_humble_2024_7_17/install/lebai_tutorials/share/lebai_tutorials/cmake/lebai_tutorialsConfig.cmake
-- Up-to-date: /home/dxf/wheeltec_lebai_humble_2024_7_17/install/lebai_tutorials/share/lebai_tutorials/cmake/lebai_tutorialsConfig-version.cmake
-- Up-to-date: /home/dxf/wheeltec_lebai_humble_2024_7_17/install/lebai_tutorials/share/lebai_tutorials/package.xml
