[35m[1mConsolidate compiler generated dependencies of target hsv_range[0m
[  2%] Built target grab_demo__cpp
[  8%] Built target grab_demo__rosidl_generator_c
[  8%] Built target ament_cmake_python_copy_grab_demo
[ 10%] [32mBuilding CXX object CMakeFiles/hsv_range.dir/src/hsv_range.cpp.o[0m
[ 14%] Built target charuco_dectet_node
[ 23%] Built target camera_info_node
[ 23%] Built target aruco_dectet
[ 29%] Built target grab_demo__rosidl_typesupport_cpp
[ 34%] Built target hand_eye
[ 42%] Built target grab_demo__rosidl_typesupport_introspection_c
[ 46%] Built target grab_demo__rosidl_typesupport_fastrtps_cpp
[ 53%] Built target grab_demo__rosidl_typesupport_fastrtps_c
[ 59%] Built target grab_demo__rosidl_typesupport_c
[ 65%] Built target grab_demo__rosidl_typesupport_introspection_cpp
[ 70%] Built target nav_grab
[ 74%] Built target start_grab
[ 78%] Built target grab_service_node
[ 78%] Built target grab_demo
[ 80%] Built target grab_demo__py
[ 85%] Built target grab_demo__rosidl_generator_py
[ 93%] Built target grab_demo__rosidl_typesupport_fastrtps_c__pyext
[ 93%] Built target grab_demo__rosidl_typesupport_introspection_c__pyext
[ 97%] Built target grab_demo__rosidl_typesupport_c__pyext
running egg_info
writing grab_demo.egg-info/PKG-INFO
writing dependency_links to grab_demo.egg-info/dependency_links.txt
writing top-level names to grab_demo.egg-info/top_level.txt
reading manifest file 'grab_demo.egg-info/SOURCES.txt'
writing manifest file 'grab_demo.egg-info/SOURCES.txt'
[ 97%] Built target ament_cmake_python_build_grab_demo_egg
