-- Found ament_cmake: 1.3.12 (/opt/ros/humble/share/ament_cmake/cmake)
-- Found rclcpp: 16.0.15 (/opt/ros/humble/share/rclcpp/cmake)
-- Found rosidl_generator_c: 3.1.7 (/opt/ros/humble/share/rosidl_generator_c/cmake)
-- Found rosidl_adapter: 3.1.7 (/opt/ros/humble/share/rosidl_adapter/cmake)
-- Found rosidl_generator_cpp: 3.1.7 (/opt/ros/humble/share/rosidl_generator_cpp/cmake)
-- Using all available rosidl_typesupport_c: rosidl_typesupport_fastrtps_c;rosidl_typesupport_introspection_c
-- Using all available rosidl_typesupport_cpp: rosidl_typesupport_fastrtps_cpp;rosidl_typesupport_introspection_cpp
-- Found rmw_implementation_cmake: 6.1.2 (/opt/ros/humble/share/rmw_implementation_cmake/cmake)
-- Found rmw_fastrtps_cpp: 6.2.8 (/opt/ros/humble/share/rmw_fastrtps_cpp/cmake)
-- Using RMW implementation 'rmw_fastrtps_cpp' as default
-- Found image_transport: 3.1.12 (/opt/ros/humble/share/image_transport/cmake)
-- Found cv_bridge: 3.2.1 (/home/dxf/WHEELTEC_S300Pro_mini_ros2_arm_src_2025_9_15/install/cv_bridge/share/cv_bridge/cmake)
-- Found moveit_common: 2.5.9 (/opt/ros/humble/share/moveit_common/cmake)
-- Found tf2_ros: 0.25.16 (/opt/ros/humble/share/tf2_ros/cmake)
-- Found tf2_geometry_msgs: 0.25.16 (/opt/ros/humble/share/tf2_geometry_msgs/cmake)
-- Found eigen3_cmake_module: 0.1.1 (/opt/ros/humble/share/eigen3_cmake_module/cmake)
-- Ensuring Eigen3 include directory is part of orocos-kdl CMake target
-- Found nav2_msgs: 1.1.18 (/opt/ros/humble/share/nav2_msgs/cmake)
-- Found rosidl_default_generators: 1.2.0 (/opt/ros/humble/share/rosidl_default_generators/cmake)
-- Found lebai_interfaces: 0.0.1 (/home/dxf/wheeltec_lebai_humble_2024_7_17/install/lebai_interfaces/share/lebai_interfaces/cmake)
-- Found moveit_ros_planning_interface: 2.5.9 (/opt/ros/humble/share/moveit_ros_planning_interface/cmake)
-- Found Boost: /usr/lib/aarch64-linux-gnu/cmake/Boost-1.74.0/BoostConfig.cmake (found version "1.74.0") found components: date_time filesystem program_options system thread 
-- Found Boost: /usr/lib/aarch64-linux-gnu/cmake/Boost-1.74.0/BoostConfig.cmake (found version "1.74.0") found components: chrono date_time filesystem iostreams program_options regex serialization system thread 
-- Found parameter_traits: 0.5.0 (/opt/ros/humble/share/parameter_traits/cmake)
-- Found rclcpp_lifecycle: 16.0.15 (/opt/ros/humble/share/rclcpp_lifecycle/cmake)
-- Found Boost: /usr/lib/aarch64-linux-gnu/cmake/Boost-1.74.0/BoostConfig.cmake (found version "1.74.0") found components: filesystem 
-- library: /usr/lib/aarch64-linux-gnu/libcurl.so
-- Found Boost: /usr/lib/aarch64-linux-gnu/cmake/Boost-1.74.0/BoostConfig.cmake (found version "1.74.0") found components: system filesystem date_time program_options thread chrono 
-- Found Boost: /usr/lib/aarch64-linux-gnu/cmake/Boost-1.74.0/BoostConfig.cmake (found version "1.74.0") found components: thread system filesystem regex date_time program_options 
-- Found Boost: /usr/lib/aarch64-linux-gnu/cmake/Boost-1.74.0/BoostConfig.cmake (found version "1.74.0") found components: system filesystem date_time program_options thread 
-- Found ament_cmake_ros: 0.10.0 (/opt/ros/humble/share/ament_cmake_ros/cmake)
-- Using all available rosidl_typesupport_c: rosidl_typesupport_fastrtps_c;rosidl_typesupport_introspection_c
-- Using all available rosidl_typesupport_cpp: rosidl_typesupport_fastrtps_cpp;rosidl_typesupport_introspection_cpp
-- Found PythonInterp: /usr/bin/python3 (found suitable version "3.10.12", minimum required is "3.6") 
-- Found python_cmake_module: 0.10.0 (/opt/ros/humble/share/python_cmake_module/cmake)
-- Found PythonLibs: /usr/lib/aarch64-linux-gnu/libpython3.10.so (found suitable version "3.10.12", minimum required is "3.5") 
-- Using PYTHON_EXECUTABLE: /usr/bin/python3
-- Using PYTHON_INCLUDE_DIRS: /usr/include/python3.10
-- Using PYTHON_LIBRARIES: /usr/lib/aarch64-linux-gnu/libpython3.10.so
-- Found PythonExtra: .so  
-- Found ament_lint_auto: 0.12.14 (/opt/ros/humble/share/ament_lint_auto/cmake)
-- Added test 'cppcheck' to perform static code analysis on C / C++ code
-- Configured cppcheck include dirs: /home/dxf/wheeltec_lebai_humble_2024_7_17/src/grab_demo/include
-- Configured cppcheck exclude dirs and/or files: 
-- Added test 'flake8' to check Python code syntax and style conventions
-- Added test 'lint_cmake' to check CMake code style
-- Added test 'pep257' to check Python code against some of the docstring style conventions in PEP 257
-- Added test 'uncrustify' to check C / C++ code style
-- Configured uncrustify additional arguments: 
-- Added test 'xmllint' to check XML markup files
-- Configuring done
-- Generating done
-- Build files have been written to: /home/dxf/wheeltec_lebai_humble_2024_7_17/build/grab_demo
[35m[1mConsolidate compiler generated dependencies of target grab_demo__rosidl_generator_c[0m
[35m[1mConsolidate compiler generated dependencies of target hsv_range[0m
[35m[1mConsolidate compiler generated dependencies of target hand_eye[0m
[35m[1mConsolidate compiler generated dependencies of target charuco_dectet_node[0m
[  2%] Built target grab_demo__cpp
[  4%] Built target ament_cmake_python_copy_grab_demo
[  8%] Built target grab_demo__rosidl_generator_c
[35m[1mConsolidate compiler generated dependencies of target grab_demo__rosidl_typesupport_cpp[0m
[35m[1mConsolidate compiler generated dependencies of target aruco_dectet[0m
[35m[1mConsolidate compiler generated dependencies of target camera_info_node[0m
[ 17%] Built target grab_demo__rosidl_typesupport_cpp
[ 17%] [32mBuilding CXX object CMakeFiles/charuco_dectet_node.dir/src/charuco_dectet_node.cpp.o[0m
[ 21%] Built target camera_info_node
[35m[1mConsolidate compiler generated dependencies of target grab_demo__rosidl_typesupport_fastrtps_c[0m
[ 23%] [32m[1mLinking CXX executable hsv_range[0m
[ 25%] [32mBuilding CXX object CMakeFiles/aruco_dectet.dir/src/aruco_dectet.cpp.o[0m
[ 27%] [32m[1mLinking CXX executable hand_eye[0m
[ 34%] Built target grab_demo__rosidl_typesupport_fastrtps_c
[35m[1mConsolidate compiler generated dependencies of target grab_demo__rosidl_typesupport_fastrtps_cpp[0m
[35m[1mConsolidate compiler generated dependencies of target grab_demo__rosidl_typesupport_introspection_c[0m
[ 40%] Built target grab_demo__rosidl_typesupport_fastrtps_cpp
[ 46%] Built target grab_demo__rosidl_typesupport_introspection_c
[35m[1mConsolidate compiler generated dependencies of target grab_demo__rosidl_typesupport_c[0m
[35m[1mConsolidate compiler generated dependencies of target grab_demo__rosidl_typesupport_introspection_cpp[0m
[ 53%] Built target grab_demo__rosidl_typesupport_c
[ 59%] Built target grab_demo__rosidl_typesupport_introspection_cpp
[ 61%] [32mBuilding CXX object CMakeFiles/grab_service_node.dir/src/grab_service_node.cpp.o[0m
running egg_info
writing grab_demo.egg-info/PKG-INFO
writing dependency_links to grab_demo.egg-info/dependency_links.txt
writing top-level names to grab_demo.egg-info/top_level.txt
reading manifest file 'grab_demo.egg-info/SOURCES.txt'
writing manifest file 'grab_demo.egg-info/SOURCES.txt'
[ 61%] Built target ament_cmake_python_build_grab_demo_egg
[ 63%] [32mBuilding CXX object CMakeFiles/start_grab.dir/src/start_grab.cpp.o[0m
[ 65%] Built target hsv_range
[ 68%] Built target hand_eye
[ 70%] [32mBuilding CXX object CMakeFiles/nav_grab.dir/src/nav_grab.cpp.o[0m
[ 70%] Built target grab_demo
[ 72%] [34m[1mGenerating Python code for ROS interfaces[0m
[ 72%] Built target grab_demo__py
[ 74%] [32mBuilding C object CMakeFiles/grab_demo__rosidl_generator_py.dir/rosidl_generator_py/grab_demo/srv/_grab_object_s.c.o[0m
[ 76%] [32m[1mLinking C shared library rosidl_generator_py/grab_demo/libgrab_demo__rosidl_generator_py.so[0m
[ 76%] Built target grab_demo__rosidl_generator_py
[ 78%] [32mBuilding C object CMakeFiles/grab_demo__rosidl_typesupport_fastrtps_c__pyext.dir/rosidl_generator_py/grab_demo/_grab_demo_s.ep.rosidl_typesupport_fastrtps_c.c.o[0m
[ 80%] [32m[1mLinking C shared library rosidl_generator_py/grab_demo/grab_demo_s__rosidl_typesupport_fastrtps_c.cpython-310-aarch64-linux-gnu.so[0m
[ 80%] Built target grab_demo__rosidl_typesupport_fastrtps_c__pyext
[ 82%] [32mBuilding C object CMakeFiles/grab_demo__rosidl_typesupport_introspection_c__pyext.dir/rosidl_generator_py/grab_demo/_grab_demo_s.ep.rosidl_typesupport_introspection_c.c.o[0m
[ 85%] [32m[1mLinking C shared library rosidl_generator_py/grab_demo/grab_demo_s__rosidl_typesupport_introspection_c.cpython-310-aarch64-linux-gnu.so[0m
[ 85%] Built target grab_demo__rosidl_typesupport_introspection_c__pyext
[ 87%] [32mBuilding C object CMakeFiles/grab_demo__rosidl_typesupport_c__pyext.dir/rosidl_generator_py/grab_demo/_grab_demo_s.ep.rosidl_typesupport_c.c.o[0m
[ 89%] [32m[1mLinking C shared library rosidl_generator_py/grab_demo/grab_demo_s__rosidl_typesupport_c.cpython-310-aarch64-linux-gnu.so[0m
[ 89%] Built target grab_demo__rosidl_typesupport_c__pyext
[01m[K/home/dxf/wheeltec_lebai_humble_2024_7_17/src/grab_demo/src/nav_grab.cpp:[m[K In member function ‘[01m[Kvoid Nav_grab::feedback_callback(rclcpp_action::ClientGoalHandle<nav2_msgs::action::NavigateToPose>::SharedPtr, std::shared_ptr<const nav2_msgs::action::NavigateToPose_Feedback_<std::allocator<void> > >)[m[K’:
[01m[K/home/dxf/wheeltec_lebai_humble_2024_7_17/src/grab_demo/src/nav_grab.cpp:75:107:[m[K [01;35m[Kwarning: [m[Kunused parameter ‘[01m[Kfeedback[m[K’ [[01;35m[K]8;;https://gcc.gnu.org/onlinedocs/gcc/Warning-Options.html#index-Wunused-parameter-Wunused-parameter]8;;[m[K]
   75 |     void feedback_callback(ClientGoalHandle::SharedPtr,[01;35m[Kconst std::shared_ptr<const Nav2_client::Feedback> feedback[m[K)
      |                                                        [01;35m[K~~~~~~~~~~~~~~~~~~~~~~~~~~~~~~~~~~~~~~~~~~~~~~~~~~~^~~~~~~~[m[K
In file included from [01m[K/home/dxf/wheeltec_lebai_humble_2024_7_17/src/grab_demo/src/charuco_dectet_node.cpp:1[m[K:
[01m[K/home/dxf/wheeltec_lebai_humble_2024_7_17/src/grab_demo/include/grab_demo/charuco_dectet_node.hpp:[m[K In constructor ‘[01m[Kcharuco_dectet::charuco_dectet()[m[K’:
[01m[K/home/dxf/wheeltec_lebai_humble_2024_7_17/src/grab_demo/include/grab_demo/charuco_dectet_node.hpp:66:63:[m[K [01;31m[Kerror: [m[K‘[01m[Kcreate[m[K’ is not a member of ‘[01m[Kcv::aruco::DetectorParameters[m[K’
   66 |             DetectorParameters=cv::aruco::DetectorParameters::[01;31m[Kcreate[m[K();
      |                                                               [01;31m[K^~~~~~[m[K
[01m[K/home/dxf/wheeltec_lebai_humble_2024_7_17/src/grab_demo/include/grab_demo/charuco_dectet_node.hpp:88:70:[m[K [01;31m[Kerror: [m[K‘[01m[KPREDEFINED_DICTIONARY_NAME[m[K’ is not a member of ‘[01m[Kcv::aruco[m[K’
   88 |             dictionary=cv::aruco::getPredefinedDictionary(cv::aruco::[01;31m[KPREDEFINED_DICTIONARY_NAME[m[K(dictionary_id));
      |                                                                      [01;31m[K^~~~~~~~~~~~~~~~~~~~~~~~~~[m[K
[01m[K/home/dxf/wheeltec_lebai_humble_2024_7_17/src/grab_demo/include/grab_demo/charuco_dectet_node.hpp:89:52:[m[K [01;31m[Kerror: [m[K‘[01m[Kcreate[m[K’ is not a member of ‘[01m[Kcv::aruco::CharucoBoard[m[K’
   89 |             charuco_board=cv::aruco::CharucoBoard::[01;31m[Kcreate[m[K(squaresX,squaresY,squareLength,markerLength,dictionary);
      |                                                    [01;31m[K^~~~~~[m[K
[01m[K/home/dxf/wheeltec_lebai_humble_2024_7_17/src/grab_demo/include/grab_demo/charuco_dectet_node.hpp:95:28:[m[K [01;31m[Kerror: [m[K‘[01m[Kclass cv::aruco::CharucoBoard[m[K’ has no member named ‘[01m[Kdraw[m[K’
   95 |             charuco_board->[01;31m[Kdraw[m[K(cv::Size(1080,720),board_img,10,1);
      |                            [01;31m[K^~~~[m[K
[01m[K/home/dxf/wheeltec_lebai_humble_2024_7_17/src/grab_demo/src/aruco_dectet.cpp:[m[K In constructor ‘[01m[Karuco_dectet::aruco_dectet()[m[K’:
[01m[K/home/dxf/wheeltec_lebai_humble_2024_7_17/src/grab_demo/src/aruco_dectet.cpp:49:63:[m[K [01;31m[Kerror: [m[K‘[01m[Kcreate[m[K’ is not a member of ‘[01m[Kcv::aruco::DetectorParameters[m[K’
   49 |             DetectorParameters=cv::aruco::DetectorParameters::[01;31m[Kcreate[m[K();
      |                                                               [01;31m[K^~~~~~[m[K
[01m[K/home/dxf/wheeltec_lebai_humble_2024_7_17/src/grab_demo/src/aruco_dectet.cpp:70:70:[m[K [01;31m[Kerror: [m[K‘[01m[KPREDEFINED_DICTIONARY_NAME[m[K’ is not a member of ‘[01m[Kcv::aruco[m[K’
   70 |             dictionary=cv::aruco::getPredefinedDictionary(cv::aruco::[01;31m[KPREDEFINED_DICTIONARY_NAME[m[K(dictionary_id));
      |                                                                      [01;31m[K^~~~~~~~~~~~~~~~~~~~~~~~~~[m[K
[ 91%] [32m[1mLinking CXX executable nav_grab[0m
[ 91%] Built target nav_grab
[01m[K/home/dxf/wheeltec_lebai_humble_2024_7_17/src/grab_demo/src/grab_service_node.cpp:[m[K In member function ‘[01m[Kvoid obj_grab::start_grab(std::shared_ptr<grab_demo::srv::GrabObject_Request_<std::allocator<void> > >, std::shared_ptr<grab_demo::srv::GrabObject_Response_<std::allocator<void> > >)[m[K’:
[01m[K/home/dxf/wheeltec_lebai_humble_2024_7_17/src/grab_demo/src/grab_service_node.cpp:49:144:[m[K [01;35m[Kwarning: [m[Kunused parameter ‘[01m[Kres[m[K’ [[01;35m[K]8;;https://gcc.gnu.org/onlinedocs/gcc/Warning-Options.html#index-Wunused-parameter-Wunused-parameter]8;;[m[K]
   49 | void obj_grab::start_grab(const std::shared_ptr<grab_demo::srv::GrabObject::Request> req,[01;35m[Kstd::shared_ptr<grab_demo::srv::GrabObject::Response> res[m[K)
      |                                                                                          [01;35m[K~~~~~~~~~~~~~~~~~~~~~~~~~~~~~~~~~~~~~~~~~~~~~~~~~~~~~~^~~[m[K
gmake[2]: *** [CMakeFiles/aruco_dectet.dir/build.make:76：CMakeFiles/aruco_dectet.dir/src/aruco_dectet.cpp.o] 错误 1
gmake[1]: *** [CMakeFiles/Makefile2:684：CMakeFiles/aruco_dectet.dir/all] 错误 2
gmake[1]: *** 正在等待未完成的任务....
gmake[2]: *** [CMakeFiles/charuco_dectet_node.dir/build.make:76：CMakeFiles/charuco_dectet_node.dir/src/charuco_dectet_node.cpp.o] 错误 1
gmake[1]: *** [CMakeFiles/Makefile2:606：CMakeFiles/charuco_dectet_node.dir/all] 错误 2
[ 93%] [32m[1mLinking CXX executable start_grab[0m
[ 93%] Built target start_grab
[ 95%] [32m[1mLinking CXX executable grab_service_node[0m
[ 95%] Built target grab_service_node
gmake: *** [Makefile:146：all] 错误 2
