[  2%] Built target grab_demo__cpp
[  8%] Built target grab_demo__rosidl_generator_c
[  8%] Built target ament_cmake_python_copy_grab_demo
[ 14%] Built target hsv_range
[ 17%] Built target charuco_dectet_node
[ 21%] Built target camera_info_node
[ 27%] Built target grab_demo__rosidl_typesupport_cpp
[ 34%] Built target grab_demo__rosidl_typesupport_fastrtps_c
[ 38%] Built target aruco_dectet
[ 53%] Built target grab_demo__rosidl_typesupport_introspection_c
[ 53%] Built target grab_demo__rosidl_typesupport_c
[ 57%] Built target grab_demo__rosidl_typesupport_fastrtps_cpp
[ 61%] Built target hand_eye
[35m[1mConsolidate compiler generated dependencies of target start_grab[0m
[35m[1mConsolidate compiler generated dependencies of target grab_service_node[0m
[ 68%] Built target grab_demo__rosidl_typesupport_introspection_cpp
[ 72%] Built target start_grab
[ 76%] Built target nav_grab
[ 76%] Built target grab_demo
[ 78%] [32mBuilding CXX object CMakeFiles/grab_service_node.dir/src/grab_service_node.cpp.o[0m
[ 80%] Built target grab_demo__py
[ 85%] Built target grab_demo__rosidl_generator_py
[ 89%] Built target grab_demo__rosidl_typesupport_c__pyext
[ 93%] Built target grab_demo__rosidl_typesupport_fastrtps_c__pyext
[ 97%] Built target grab_demo__rosidl_typesupport_introspection_c__pyext
running egg_info
writing grab_demo.egg-info/PKG-INFO
writing dependency_links to grab_demo.egg-info/dependency_links.txt
writing top-level names to grab_demo.egg-info/top_level.txt
reading manifest file 'grab_demo.egg-info/SOURCES.txt'
writing manifest file 'grab_demo.egg-info/SOURCES.txt'
[ 97%] Built target ament_cmake_python_build_grab_demo_egg
