[0.033s] Invoking command in '/home/dxf/wheeltec_lebai_humble_2024_7_17/build/grab_demo': CMAKE_PREFIX_PATH=${CMAKE_PREFIX_PATH}:/opt/ros/humble /usr/bin/cmake --build /home/dxf/wheeltec_lebai_humble_2024_7_17/build/grab_demo -- -j6 -l6
[0.316s] [  2%] Built target grab_demo__cpp
[0.319s] [  8%] Built target grab_demo__rosidl_generator_c
[0.376s] [  8%] Built target ament_cmake_python_copy_grab_demo
[0.416s] [ 14%] Built target hsv_range
[0.417s] [ 17%] Built target charuco_dectet_node
[0.450s] [ 21%] Built target camera_info_node
[0.457s] [ 27%] Built target grab_demo__rosidl_typesupport_cpp
[0.504s] [ 34%] Built target grab_demo__rosidl_typesupport_fastrtps_c
[0.505s] [ 38%] Built target aruco_dectet
[0.531s] [ 53%] Built target grab_demo__rosidl_typesupport_introspection_c
[0.531s] [ 53%] Built target grab_demo__rosidl_typesupport_c
[0.531s] [ 57%] Built target grab_demo__rosidl_typesupport_fastrtps_cpp
[0.542s] [ 61%] Built target hand_eye
[0.591s] [35m[1mConsolidate compiler generated dependencies of target start_grab[0m
[0.643s] [35m[1mConsolidate compiler generated dependencies of target grab_service_node[0m
[0.670s] [ 68%] Built target grab_demo__rosidl_typesupport_introspection_cpp
[0.691s] [ 72%] Built target start_grab
[0.692s] [ 76%] Built target nav_grab
[0.745s] [ 76%] Built target grab_demo
[0.777s] [ 78%] [32mBuilding CXX object CMakeFiles/grab_service_node.dir/src/grab_service_node.cpp.o[0m
[0.813s] [ 80%] Built target grab_demo__py
[0.885s] [ 85%] Built target grab_demo__rosidl_generator_py
[0.956s] [ 89%] Built target grab_demo__rosidl_typesupport_c__pyext
[1.012s] [ 93%] Built target grab_demo__rosidl_typesupport_fastrtps_c__pyext
[1.019s] [ 97%] Built target grab_demo__rosidl_typesupport_introspection_c__pyext
[1.262s] running egg_info
[1.264s] writing grab_demo.egg-info/PKG-INFO
[1.265s] writing dependency_links to grab_demo.egg-info/dependency_links.txt
[1.266s] writing top-level names to grab_demo.egg-info/top_level.txt
[1.272s] reading manifest file 'grab_demo.egg-info/SOURCES.txt'
[1.274s] writing manifest file 'grab_demo.egg-info/SOURCES.txt'
[1.366s] [ 97%] Built target ament_cmake_python_build_grab_demo_egg
[23.941s] [01m[K/home/dxf/wheeltec_lebai_humble_2024_7_17/src/grab_demo/src/grab_service_node.cpp:[m[K In member function ‘[01m[Kvoid obj_grab::start_grab(std::shared_ptr<grab_demo::srv::GrabObject_Request_<std::allocator<void> > >, std::shared_ptr<grab_demo::srv::GrabObject_Response_<std::allocator<void> > >)[m[K’:
[23.948s] [01m[K/home/dxf/wheeltec_lebai_humble_2024_7_17/src/grab_demo/src/grab_service_node.cpp:72:5:[m[K [01;31m[Kerror: [m[Kexpected ‘[01m[K;[m[K’ before ‘[01m[Kmove_group[m[K’
[23.949s]    72 |     [01;31m[Kmove_group[m[K->setNamedTarget("look");//先移动到预先设定好的look 目标点观察物体
[23.949s]       |     [01;31m[K^~~~~~~~~~[m[K
[23.952s] [01m[K/home/dxf/wheeltec_lebai_humble_2024_7_17/src/grab_demo/src/grab_service_node.cpp:53:144:[m[K [01;35m[Kwarning: [m[Kunused parameter ‘[01m[Kres[m[K’ [[01;35m[K]8;;https://gcc.gnu.org/onlinedocs/gcc/Warning-Options.html#index-Wunused-parameter-Wunused-parameter]8;;[m[K]
[23.953s]    53 | void obj_grab::start_grab(const std::shared_ptr<grab_demo::srv::GrabObject::Request> req,[01;35m[Kstd::shared_ptr<grab_demo::srv::GrabObject::Response> res[m[K)
[23.953s]       |                                                                                          [01;35m[K~~~~~~~~~~~~~~~~~~~~~~~~~~~~~~~~~~~~~~~~~~~~~~~~~~~~~~^~~[m[K
[33.366s] gmake[2]: *** [CMakeFiles/grab_service_node.dir/build.make:76：CMakeFiles/grab_service_node.dir/src/grab_service_node.cpp.o] 错误 1
[33.380s] gmake[1]: *** [CMakeFiles/Makefile2:711：CMakeFiles/grab_service_node.dir/all] 错误 2
[33.387s] gmake: *** [Makefile:146：all] 错误 2
[33.504s] Invoked command in '/home/dxf/wheeltec_lebai_humble_2024_7_17/build/grab_demo' returned '2': CMAKE_PREFIX_PATH=${CMAKE_PREFIX_PATH}:/opt/ros/humble /usr/bin/cmake --build /home/dxf/wheeltec_lebai_humble_2024_7_17/build/grab_demo -- -j6 -l6
