[01m[K/home/dxf/wheeltec_lebai_humble_2024_7_17/src/grab_demo/src/aruco_dectet.cpp:6:10:[m[K [01;31m[Kfatal error: [m[Kopencv4/opencv2/aruco/charuco.hpp: 没有那个文件或目录
    6 | #include [01;31m[K<opencv4/opencv2/aruco/charuco.hpp>[m[K
      |          [01;31m[K^~~~~~~~~~~~~~~~~~~~~~~~~~~~~~~~~~~[m[K
compilation terminated.
gmake[2]: *** [CMakeFiles/aruco_dectet.dir/build.make:76：CMakeFiles/aruco_dectet.dir/src/aruco_dectet.cpp.o] 错误 1
gmake[1]: *** [CMakeFiles/Makefile2:684：CMakeFiles/aruco_dectet.dir/all] 错误 2
gmake[1]: *** 正在等待未完成的任务....
In file included from [01m[K/home/dxf/wheeltec_lebai_humble_2024_7_17/src/grab_demo/src/charuco_dectet_node.cpp:1[m[K:
[01m[K/home/dxf/wheeltec_lebai_humble_2024_7_17/src/grab_demo/include/grab_demo/charuco_dectet_node.hpp:8:10:[m[K [01;31m[Kfatal error: [m[Kopencv4/opencv2/aruco/charuco.hpp: 没有那个文件或目录
    8 | #include [01;31m[K<opencv4/opencv2/aruco/charuco.hpp>[m[K
      |          [01;31m[K^~~~~~~~~~~~~~~~~~~~~~~~~~~~~~~~~~~[m[K
compilation terminated.
gmake[2]: *** [CMakeFiles/charuco_dectet_node.dir/build.make:76：CMakeFiles/charuco_dectet_node.dir/src/charuco_dectet_node.cpp.o] 错误 1
gmake[1]: *** [CMakeFiles/Makefile2:606：CMakeFiles/charuco_dectet_node.dir/all] 错误 2
In file included from [01m[K/home/dxf/wheeltec_lebai_humble_2024_7_17/src/grab_demo/src/hand_eye.cpp:1[m[K:
[01m[K/home/dxf/wheeltec_lebai_humble_2024_7_17/src/grab_demo/include/grab_demo/hand_eye.hpp:9:10:[m[K [01;31m[Kfatal error: [m[Kopencv4/opencv2/aruco/charuco.hpp: 没有那个文件或目录
    9 | #include [01;31m[K<opencv4/opencv2/aruco/charuco.hpp>[m[K
      |          [01;31m[K^~~~~~~~~~~~~~~~~~~~~~~~~~~~~~~~~~~[m[K
compilation terminated.
gmake[2]: *** [CMakeFiles/hand_eye.dir/build.make:76：CMakeFiles/hand_eye.dir/src/hand_eye.cpp.o] 错误 1
gmake[1]: *** [CMakeFiles/Makefile2:632：CMakeFiles/hand_eye.dir/all] 错误 2
/usr/bin/ld: warning: libopencv_imgproc.so.413, needed by /home/dxf/WHEELTEC_S300Pro_mini_ros2_arm_src_2025_9_15/install/cv_bridge/lib/libcv_bridge.so, may conflict with libopencv_imgproc.so.410
/usr/bin/ld: warning: libopencv_core.so.413, needed by /home/dxf/WHEELTEC_S300Pro_mini_ros2_arm_src_2025_9_15/install/cv_bridge/lib/libcv_bridge.so, may conflict with libopencv_core.so.410
/usr/bin/ld: warning: libopencv_imgproc.so.4.5d, needed by /lib/aarch64-linux-gnu/libopencv_imgcodecs.so.413, may conflict with libopencv_imgproc.so.410
/usr/bin/ld: warning: libopencv_core.so.4.5d, needed by /lib/aarch64-linux-gnu/libopencv_imgcodecs.so.413, may conflict with libopencv_core.so.410
/usr/bin/ld: /home/dxf/WHEELTEC_S300Pro_mini_ros2_arm_src_2025_9_15/install/cv_bridge/lib/libcv_bridge.so: undefined reference to `cv::cvtColor(cv::_InputArray const&, cv::_OutputArray const&, int, int, cv::AlgorithmHint)'
collect2: error: ld returned 1 exit status
gmake[2]: *** [CMakeFiles/hsv_range.dir/build.make:264：hsv_range] 错误 1
gmake[1]: *** [CMakeFiles/Makefile2:658：CMakeFiles/hsv_range.dir/all] 错误 2
gmake: *** [Makefile:146：all] 错误 2
