[0.030s] Invoking command in '/home/dxf/wheeltec_lebai_humble_2024_7_17/build/grab_demo': CMAKE_PREFIX_PATH=${CMAKE_PREFIX_PATH}:/home/dxf/wheeltec_lebai_humble_2024_7_17/install/lebai_driver:/home/dxf/WHEELTEC_S300Pro_mini/install/wheeltec_robot_keyboard:/home/dxf/WHEELTEC_S300Pro_mini/install/simple_follower_ros2:/home/dxf/WHEELTEC_S300Pro_mini/install/ollama_ros_chat:/home/dxf/WHEELTEC_S300Pro_mini/install/nav2_waypoint_cycle:/home/dxf/WHEELTEC_S300Pro_mini/install/auto_recharge_ros2:/opt/ros/humble /usr/bin/cmake /home/dxf/wheeltec_lebai_humble_2024_7_17/src/grab_demo -DCMAKE_INSTALL_PREFIX=/home/dxf/wheeltec_lebai_humble_2024_7_17/install/grab_demo
[0.066s] -- Found ament_cmake: 1.3.12 (/opt/ros/humble/share/ament_cmake/cmake)
[0.394s] -- Found rclcpp: 16.0.15 (/opt/ros/humble/share/rclcpp/cmake)
[0.473s] -- Found rosidl_generator_c: 3.1.7 (/opt/ros/humble/share/rosidl_generator_c/cmake)
[0.477s] -- Found rosidl_adapter: 3.1.7 (/opt/ros/humble/share/rosidl_adapter/cmake)
[0.489s] -- Found rosidl_generator_cpp: 3.1.7 (/opt/ros/humble/share/rosidl_generator_cpp/cmake)
[0.510s] -- Using all available rosidl_typesupport_c: rosidl_typesupport_fastrtps_c;rosidl_typesupport_introspection_c
[0.536s] -- Using all available rosidl_typesupport_cpp: rosidl_typesupport_fastrtps_cpp;rosidl_typesupport_introspection_cpp
[0.600s] -- Found rmw_implementation_cmake: 6.1.2 (/opt/ros/humble/share/rmw_implementation_cmake/cmake)
[0.605s] -- Found rmw_fastrtps_cpp: 6.2.8 (/opt/ros/humble/share/rmw_fastrtps_cpp/cmake)
[0.845s] -- Using RMW implementation 'rmw_fastrtps_cpp' as default
[0.936s] -- Found image_transport: 3.1.12 (/opt/ros/humble/share/image_transport/cmake)
[1.036s] -- Found cv_bridge: 3.2.1 (/home/dxf/WHEELTEC_S300Pro_mini_ros2_arm_src_2025_9_15/install/cv_bridge/share/cv_bridge/cmake)
[1.061s] -- Found moveit_common: 2.5.9 (/opt/ros/humble/share/moveit_common/cmake)
[1.061s] -- Found tf2_ros: 0.25.16 (/opt/ros/humble/share/tf2_ros/cmake)
[1.201s] -- Found tf2_geometry_msgs: 0.25.16 (/opt/ros/humble/share/tf2_geometry_msgs/cmake)
[1.207s] -- Found eigen3_cmake_module: 0.1.1 (/opt/ros/humble/share/eigen3_cmake_module/cmake)
[1.209s] -- Ensuring Eigen3 include directory is part of orocos-kdl CMake target
[1.212s] -- Found nav2_msgs: 1.1.18 (/opt/ros/humble/share/nav2_msgs/cmake)
[1.285s] -- Found rosidl_default_generators: 1.2.0 (/opt/ros/humble/share/rosidl_default_generators/cmake)
[1.310s] -- Found lebai_interfaces: 0.0.1 (/home/dxf/wheeltec_lebai_humble_2024_7_17/install/lebai_interfaces/share/lebai_interfaces/cmake)
[1.526s] -- Found moveit_ros_planning_interface: 2.5.9 (/opt/ros/humble/share/moveit_ros_planning_interface/cmake)
[1.683s] -- Found Boost: /usr/lib/aarch64-linux-gnu/cmake/Boost-1.74.0/BoostConfig.cmake (found version "1.74.0") found components: date_time filesystem program_options system thread 
[2.044s] -- Found Boost: /usr/lib/aarch64-linux-gnu/cmake/Boost-1.74.0/BoostConfig.cmake (found version "1.74.0") found components: chrono date_time filesystem iostreams program_options regex serialization system thread 
[2.213s] -- Found parameter_traits: 0.5.0 (/opt/ros/humble/share/parameter_traits/cmake)
[2.279s] -- Found rclcpp_lifecycle: 16.0.15 (/opt/ros/humble/share/rclcpp_lifecycle/cmake)
[2.364s] -- Found Boost: /usr/lib/aarch64-linux-gnu/cmake/Boost-1.74.0/BoostConfig.cmake (found version "1.74.0") found components: filesystem 
[2.646s] -- library: /usr/lib/aarch64-linux-gnu/libcurl.so
[2.944s] -- Found Boost: /usr/lib/aarch64-linux-gnu/cmake/Boost-1.74.0/BoostConfig.cmake (found version "1.74.0") found components: system filesystem date_time program_options thread chrono 
[3.027s] -- Found Boost: /usr/lib/aarch64-linux-gnu/cmake/Boost-1.74.0/BoostConfig.cmake (found version "1.74.0") found components: thread system filesystem regex date_time program_options 
[3.094s] -- Found Boost: /usr/lib/aarch64-linux-gnu/cmake/Boost-1.74.0/BoostConfig.cmake (found version "1.74.0") found components: system filesystem date_time program_options thread 
[3.692s] -- Found ament_cmake_ros: 0.10.0 (/opt/ros/humble/share/ament_cmake_ros/cmake)
[4.620s] -- Using all available rosidl_typesupport_c: rosidl_typesupport_fastrtps_c;rosidl_typesupport_introspection_c
[4.974s] -- Using all available rosidl_typesupport_cpp: rosidl_typesupport_fastrtps_cpp;rosidl_typesupport_introspection_cpp
[5.043s] -- Found PythonInterp: /usr/bin/python3 (found suitable version "3.10.12", minimum required is "3.6") 
[5.063s] -- Found python_cmake_module: 0.10.0 (/opt/ros/humble/share/python_cmake_module/cmake)
[5.153s] -- Found PythonLibs: /usr/lib/aarch64-linux-gnu/libpython3.10.so (found suitable version "3.10.12", minimum required is "3.5") 
[5.153s] -- Using PYTHON_EXECUTABLE: /usr/bin/python3
[5.153s] -- Using PYTHON_INCLUDE_DIRS: /usr/include/python3.10
[5.154s] -- Using PYTHON_LIBRARIES: /usr/lib/aarch64-linux-gnu/libpython3.10.so
[5.219s] -- Found PythonExtra: .so  
[5.527s] -- Found ament_lint_auto: 0.12.14 (/opt/ros/humble/share/ament_lint_auto/cmake)
[5.647s] -- Added test 'cppcheck' to perform static code analysis on C / C++ code
[5.649s] -- Configured cppcheck include dirs: /home/dxf/wheeltec_lebai_humble_2024_7_17/src/grab_demo/include
[5.650s] -- Configured cppcheck exclude dirs and/or files: 
[5.653s] -- Added test 'flake8' to check Python code syntax and style conventions
[5.656s] -- Added test 'lint_cmake' to check CMake code style
[5.659s] -- Added test 'pep257' to check Python code against some of the docstring style conventions in PEP 257
[5.663s] -- Added test 'uncrustify' to check C / C++ code style
[5.663s] -- Configured uncrustify additional arguments: 
[5.666s] -- Added test 'xmllint' to check XML markup files
[5.676s] -- Configuring done
[5.933s] -- Generating done
[6.015s] -- Build files have been written to: /home/dxf/wheeltec_lebai_humble_2024_7_17/build/grab_demo
[6.068s] Invoked command in '/home/dxf/wheeltec_lebai_humble_2024_7_17/build/grab_demo' returned '0': CMAKE_PREFIX_PATH=${CMAKE_PREFIX_PATH}:/home/dxf/wheeltec_lebai_humble_2024_7_17/install/lebai_driver:/home/dxf/WHEELTEC_S300Pro_mini/install/wheeltec_robot_keyboard:/home/dxf/WHEELTEC_S300Pro_mini/install/simple_follower_ros2:/home/dxf/WHEELTEC_S300Pro_mini/install/ollama_ros_chat:/home/dxf/WHEELTEC_S300Pro_mini/install/nav2_waypoint_cycle:/home/dxf/WHEELTEC_S300Pro_mini/install/auto_recharge_ros2:/opt/ros/humble /usr/bin/cmake /home/dxf/wheeltec_lebai_humble_2024_7_17/src/grab_demo -DCMAKE_INSTALL_PREFIX=/home/dxf/wheeltec_lebai_humble_2024_7_17/install/grab_demo
[6.074s] Invoking command in '/home/dxf/wheeltec_lebai_humble_2024_7_17/build/grab_demo': CMAKE_PREFIX_PATH=${CMAKE_PREFIX_PATH}:/home/dxf/wheeltec_lebai_humble_2024_7_17/install/lebai_driver:/home/dxf/WHEELTEC_S300Pro_mini/install/wheeltec_robot_keyboard:/home/dxf/WHEELTEC_S300Pro_mini/install/simple_follower_ros2:/home/dxf/WHEELTEC_S300Pro_mini/install/ollama_ros_chat:/home/dxf/WHEELTEC_S300Pro_mini/install/nav2_waypoint_cycle:/home/dxf/WHEELTEC_S300Pro_mini/install/auto_recharge_ros2:/opt/ros/humble /usr/bin/cmake --build /home/dxf/wheeltec_lebai_humble_2024_7_17/build/grab_demo -- -j6 -l6
[6.199s] [  2%] [34m[1mGenerating C code for ROS interfaces[0m
[6.231s] [  6%] [34m[1mGenerating C++ code for ROS interfaces[0m
[6.231s] [  6%] [32mBuilding CXX object CMakeFiles/charuco_dectet_node.dir/src/charuco_dectet_node.cpp.o[0m
[6.233s] [  8%] [32mBuilding CXX object CMakeFiles/hand_eye.dir/src/hand_eye.cpp.o[0m
[6.253s] [ 10%] [32mBuilding CXX object CMakeFiles/hsv_range.dir/src/hsv_range.cpp.o[0m
[6.259s] [ 10%] Built target ament_cmake_python_copy_grab_demo
[6.319s] [ 12%] [32mBuilding CXX object CMakeFiles/aruco_dectet.dir/src/aruco_dectet.cpp.o[0m
[6.964s] [ 12%] Built target grab_demo__cpp
[7.085s] [ 14%] [32mBuilding CXX object CMakeFiles/camera_info_node.dir/src/camera_info_node.cpp.o[0m
[7.366s] [ 17%] [32mBuilding C object CMakeFiles/grab_demo__rosidl_generator_c.dir/rosidl_generator_c/grab_demo/srv/detail/grab_object__functions.c.o[0m
[7.370s] [01m[K/home/dxf/wheeltec_lebai_humble_2024_7_17/src/grab_demo/src/aruco_dectet.cpp:6:10:[m[K [01;31m[Kfatal error: [m[Kopencv4/opencv2/aruco/charuco.hpp: 没有那个文件或目录
[7.370s]     6 | #include [01;31m[K<opencv4/opencv2/aruco/charuco.hpp>[m[K
[7.370s]       |          [01;31m[K^~~~~~~~~~~~~~~~~~~~~~~~~~~~~~~~~~~[m[K
[7.370s] compilation terminated.
[7.385s] gmake[2]: *** [CMakeFiles/aruco_dectet.dir/build.make:76：CMakeFiles/aruco_dectet.dir/src/aruco_dectet.cpp.o] 错误 1
[7.387s] gmake[1]: *** [CMakeFiles/Makefile2:684：CMakeFiles/aruco_dectet.dir/all] 错误 2
[7.388s] gmake[1]: *** 正在等待未完成的任务....
[7.404s] In file included from [01m[K/home/dxf/wheeltec_lebai_humble_2024_7_17/src/grab_demo/src/charuco_dectet_node.cpp:1[m[K:
[7.404s] [01m[K/home/dxf/wheeltec_lebai_humble_2024_7_17/src/grab_demo/include/grab_demo/charuco_dectet_node.hpp:8:10:[m[K [01;31m[Kfatal error: [m[Kopencv4/opencv2/aruco/charuco.hpp: 没有那个文件或目录
[7.404s]     8 | #include [01;31m[K<opencv4/opencv2/aruco/charuco.hpp>[m[K
[7.404s]       |          [01;31m[K^~~~~~~~~~~~~~~~~~~~~~~~~~~~~~~~~~~[m[K
[7.404s] compilation terminated.
[7.421s] gmake[2]: *** [CMakeFiles/charuco_dectet_node.dir/build.make:76：CMakeFiles/charuco_dectet_node.dir/src/charuco_dectet_node.cpp.o] 错误 1
[7.423s] gmake[1]: *** [CMakeFiles/Makefile2:606：CMakeFiles/charuco_dectet_node.dir/all] 错误 2
[7.447s] In file included from [01m[K/home/dxf/wheeltec_lebai_humble_2024_7_17/src/grab_demo/src/hand_eye.cpp:1[m[K:
[7.447s] [01m[K/home/dxf/wheeltec_lebai_humble_2024_7_17/src/grab_demo/include/grab_demo/hand_eye.hpp:9:10:[m[K [01;31m[Kfatal error: [m[Kopencv4/opencv2/aruco/charuco.hpp: 没有那个文件或目录
[7.447s]     9 | #include [01;31m[K<opencv4/opencv2/aruco/charuco.hpp>[m[K
[7.447s]       |          [01;31m[K^~~~~~~~~~~~~~~~~~~~~~~~~~~~~~~~~~~[m[K
[7.447s] compilation terminated.
[7.462s] gmake[2]: *** [CMakeFiles/hand_eye.dir/build.make:76：CMakeFiles/hand_eye.dir/src/hand_eye.cpp.o] 错误 1
[7.462s] gmake[1]: *** [CMakeFiles/Makefile2:632：CMakeFiles/hand_eye.dir/all] 错误 2
[7.801s] [ 19%] [32m[1mLinking C shared library libgrab_demo__rosidl_generator_c.so[0m
[7.912s] [ 19%] Built target grab_demo__rosidl_generator_c
[19.975s] [ 21%] [32m[1mLinking CXX executable camera_info_node[0m
[20.357s] [ 21%] Built target camera_info_node
[54.842s] [ 23%] [32m[1mLinking CXX executable hsv_range[0m
[55.358s] /usr/bin/ld: warning: libopencv_imgproc.so.413, needed by /home/dxf/WHEELTEC_S300Pro_mini_ros2_arm_src_2025_9_15/install/cv_bridge/lib/libcv_bridge.so, may conflict with libopencv_imgproc.so.410
[55.359s] /usr/bin/ld: warning: libopencv_core.so.413, needed by /home/dxf/WHEELTEC_S300Pro_mini_ros2_arm_src_2025_9_15/install/cv_bridge/lib/libcv_bridge.so, may conflict with libopencv_core.so.410
[55.404s] /usr/bin/ld: warning: libopencv_imgproc.so.4.5d, needed by /lib/aarch64-linux-gnu/libopencv_imgcodecs.so.413, may conflict with libopencv_imgproc.so.410
[55.436s] /usr/bin/ld: warning: libopencv_core.so.4.5d, needed by /lib/aarch64-linux-gnu/libopencv_imgcodecs.so.413, may conflict with libopencv_core.so.410
[56.559s] /usr/bin/ld: /home/dxf/WHEELTEC_S300Pro_mini_ros2_arm_src_2025_9_15/install/cv_bridge/lib/libcv_bridge.so: undefined reference to `cv::cvtColor(cv::_InputArray const&, cv::_OutputArray const&, int, int, cv::AlgorithmHint)'
[56.600s] collect2: error: ld returned 1 exit status
[56.607s] gmake[2]: *** [CMakeFiles/hsv_range.dir/build.make:264：hsv_range] 错误 1
[56.608s] gmake[1]: *** [CMakeFiles/Makefile2:658：CMakeFiles/hsv_range.dir/all] 错误 2
[56.612s] gmake: *** [Makefile:146：all] 错误 2
[56.647s] Invoked command in '/home/dxf/wheeltec_lebai_humble_2024_7_17/build/grab_demo' returned '2': CMAKE_PREFIX_PATH=${CMAKE_PREFIX_PATH}:/home/dxf/wheeltec_lebai_humble_2024_7_17/install/lebai_driver:/home/dxf/WHEELTEC_S300Pro_mini/install/wheeltec_robot_keyboard:/home/dxf/WHEELTEC_S300Pro_mini/install/simple_follower_ros2:/home/dxf/WHEELTEC_S300Pro_mini/install/ollama_ros_chat:/home/dxf/WHEELTEC_S300Pro_mini/install/nav2_waypoint_cycle:/home/dxf/WHEELTEC_S300Pro_mini/install/auto_recharge_ros2:/opt/ros/humble /usr/bin/cmake --build /home/dxf/wheeltec_lebai_humble_2024_7_17/build/grab_demo -- -j6 -l6
