/home/dxf/wheeltec_lebai_humble_2024_7_17/install/lebai_driver/lib/python3.10/site-packages/lebai_driver/param_utils.py
/home/dxf/wheeltec_lebai_humble_2024_7_17/install/lebai_driver/lib/python3.10/site-packages/lebai_driver/__init__.py
/home/dxf/wheeltec_lebai_humble_2024_7_17/install/lebai_driver/lib/python3.10/site-packages/lebai_driver/urdf_helper.py
/home/dxf/wheeltec_lebai_humble_2024_7_17/install/lebai_driver/lib/python3.10/site-packages/lebai_driver/motion/motion_service_interface.py
/home/dxf/wheeltec_lebai_humble_2024_7_17/install/lebai_driver/lib/python3.10/site-packages/lebai_driver/motion/__init__.py
/home/dxf/wheeltec_lebai_humble_2024_7_17/install/lebai_driver/lib/python3.10/site-packages/lebai_driver/motion/trajectory_action_server.py
/home/dxf/wheeltec_lebai_humble_2024_7_17/install/lebai_driver/lib/python3.10/site-packages/lebai_driver/motion/motion_node.py
/home/dxf/wheeltec_lebai_humble_2024_7_17/install/lebai_driver/lib/python3.10/site-packages/lebai_driver/motion/tp_trajectory_handler.py
/home/dxf/wheeltec_lebai_humble_2024_7_17/install/lebai_driver/lib/python3.10/site-packages/lebai_driver/io_service/__init__.py
/home/dxf/wheeltec_lebai_humble_2024_7_17/install/lebai_driver/lib/python3.10/site-packages/lebai_driver/io_service/io_service_node.py
/home/dxf/wheeltec_lebai_humble_2024_7_17/install/lebai_driver/lib/python3.10/site-packages/lebai_driver/io_service/io_service_interface.py
/home/dxf/wheeltec_lebai_humble_2024_7_17/install/lebai_driver/lib/python3.10/site-packages/lebai_driver/robot_state/gripper_state_handler.py
/home/dxf/wheeltec_lebai_humble_2024_7_17/install/lebai_driver/lib/python3.10/site-packages/lebai_driver/robot_state/robot_state_handler.py
/home/dxf/wheeltec_lebai_humble_2024_7_17/install/lebai_driver/lib/python3.10/site-packages/lebai_driver/robot_state/__init__.py
/home/dxf/wheeltec_lebai_humble_2024_7_17/install/lebai_driver/lib/python3.10/site-packages/lebai_driver/robot_state/io_state_handler.py
/home/dxf/wheeltec_lebai_humble_2024_7_17/install/lebai_driver/lib/python3.10/site-packages/lebai_driver/robot_state/joint_state_handler.py
/home/dxf/wheeltec_lebai_humble_2024_7_17/install/lebai_driver/lib/python3.10/site-packages/lebai_driver/robot_state/robot_state_node.py
/home/dxf/wheeltec_lebai_humble_2024_7_17/install/lebai_driver/lib/python3.10/site-packages/lebai_driver/robot_state/robot_state_interface.py
/home/dxf/wheeltec_lebai_humble_2024_7_17/install/lebai_driver/lib/python3.10/site-packages/lebai_driver/system_service/system_service_node.py
/home/dxf/wheeltec_lebai_humble_2024_7_17/install/lebai_driver/lib/python3.10/site-packages/lebai_driver/system_service/__init__.py
/home/dxf/wheeltec_lebai_humble_2024_7_17/install/lebai_driver/lib/python3.10/site-packages/lebai_driver/system_service/system_service_interface.py
/home/dxf/wheeltec_lebai_humble_2024_7_17/install/lebai_driver/lib/python3.10/site-packages/lebai_driver/__pycache__/param_utils.cpython-310.pyc
/home/dxf/wheeltec_lebai_humble_2024_7_17/install/lebai_driver/lib/python3.10/site-packages/lebai_driver/__pycache__/__init__.cpython-310.pyc
/home/dxf/wheeltec_lebai_humble_2024_7_17/install/lebai_driver/lib/python3.10/site-packages/lebai_driver/__pycache__/urdf_helper.cpython-310.pyc
/home/dxf/wheeltec_lebai_humble_2024_7_17/install/lebai_driver/lib/python3.10/site-packages/lebai_driver/motion/__pycache__/motion_service_interface.cpython-310.pyc
/home/dxf/wheeltec_lebai_humble_2024_7_17/install/lebai_driver/lib/python3.10/site-packages/lebai_driver/motion/__pycache__/__init__.cpython-310.pyc
/home/dxf/wheeltec_lebai_humble_2024_7_17/install/lebai_driver/lib/python3.10/site-packages/lebai_driver/motion/__pycache__/trajectory_action_server.cpython-310.pyc
/home/dxf/wheeltec_lebai_humble_2024_7_17/install/lebai_driver/lib/python3.10/site-packages/lebai_driver/motion/__pycache__/motion_node.cpython-310.pyc
/home/dxf/wheeltec_lebai_humble_2024_7_17/install/lebai_driver/lib/python3.10/site-packages/lebai_driver/motion/__pycache__/tp_trajectory_handler.cpython-310.pyc
/home/dxf/wheeltec_lebai_humble_2024_7_17/install/lebai_driver/lib/python3.10/site-packages/lebai_driver/io_service/__pycache__/__init__.cpython-310.pyc
/home/dxf/wheeltec_lebai_humble_2024_7_17/install/lebai_driver/lib/python3.10/site-packages/lebai_driver/io_service/__pycache__/io_service_node.cpython-310.pyc
/home/dxf/wheeltec_lebai_humble_2024_7_17/install/lebai_driver/lib/python3.10/site-packages/lebai_driver/io_service/__pycache__/io_service_interface.cpython-310.pyc
/home/dxf/wheeltec_lebai_humble_2024_7_17/install/lebai_driver/lib/python3.10/site-packages/lebai_driver/robot_state/__pycache__/gripper_state_handler.cpython-310.pyc
/home/dxf/wheeltec_lebai_humble_2024_7_17/install/lebai_driver/lib/python3.10/site-packages/lebai_driver/robot_state/__pycache__/robot_state_handler.cpython-310.pyc
/home/dxf/wheeltec_lebai_humble_2024_7_17/install/lebai_driver/lib/python3.10/site-packages/lebai_driver/robot_state/__pycache__/__init__.cpython-310.pyc
/home/dxf/wheeltec_lebai_humble_2024_7_17/install/lebai_driver/lib/python3.10/site-packages/lebai_driver/robot_state/__pycache__/io_state_handler.cpython-310.pyc
/home/dxf/wheeltec_lebai_humble_2024_7_17/install/lebai_driver/lib/python3.10/site-packages/lebai_driver/robot_state/__pycache__/joint_state_handler.cpython-310.pyc
/home/dxf/wheeltec_lebai_humble_2024_7_17/install/lebai_driver/lib/python3.10/site-packages/lebai_driver/robot_state/__pycache__/robot_state_node.cpython-310.pyc
/home/dxf/wheeltec_lebai_humble_2024_7_17/install/lebai_driver/lib/python3.10/site-packages/lebai_driver/robot_state/__pycache__/robot_state_interface.cpython-310.pyc
/home/dxf/wheeltec_lebai_humble_2024_7_17/install/lebai_driver/lib/python3.10/site-packages/lebai_driver/system_service/__pycache__/system_service_node.cpython-310.pyc
/home/dxf/wheeltec_lebai_humble_2024_7_17/install/lebai_driver/lib/python3.10/site-packages/lebai_driver/system_service/__pycache__/__init__.cpython-310.pyc
/home/dxf/wheeltec_lebai_humble_2024_7_17/install/lebai_driver/lib/python3.10/site-packages/lebai_driver/system_service/__pycache__/system_service_interface.cpython-310.pyc
/home/dxf/wheeltec_lebai_humble_2024_7_17/install/lebai_driver/share/ament_index/resource_index/packages/lebai_driver
/home/dxf/wheeltec_lebai_humble_2024_7_17/install/lebai_driver/share/lebai_driver/package.xml
/home/dxf/wheeltec_lebai_humble_2024_7_17/install/lebai_driver/share/lebai_driver/launch/system_service.launch.py
/home/dxf/wheeltec_lebai_humble_2024_7_17/install/lebai_driver/share/lebai_driver/launch/robot_interface.launch.py
/home/dxf/wheeltec_lebai_humble_2024_7_17/install/lebai_driver/share/lebai_driver/launch/io_service.launch.py
/home/dxf/wheeltec_lebai_humble_2024_7_17/install/lebai_driver/share/lebai_driver/launch/robot_state.launch.py
/home/dxf/wheeltec_lebai_humble_2024_7_17/install/lebai_driver/share/lebai_driver/launch/motion.launch.py
/home/dxf/wheeltec_lebai_humble_2024_7_17/install/lebai_driver/share/lebai_driver/config/joint_names_two_lm3.yaml
/home/dxf/wheeltec_lebai_humble_2024_7_17/install/lebai_driver/share/lebai_driver/config/joint_names_lm3 copy.yaml
/home/dxf/wheeltec_lebai_humble_2024_7_17/install/lebai_driver/share/lebai_driver/config/joint_names_lm3.yaml
/home/dxf/wheeltec_lebai_humble_2024_7_17/install/lebai_driver/share/lebai_driver/config/joint_names_gripper.yaml
/home/dxf/wheeltec_lebai_humble_2024_7_17/install/lebai_driver/lib/python3.10/site-packages/lebai_driver-0.0.1-py3.10.egg-info/dependency_links.txt
/home/dxf/wheeltec_lebai_humble_2024_7_17/install/lebai_driver/lib/python3.10/site-packages/lebai_driver-0.0.1-py3.10.egg-info/entry_points.txt
/home/dxf/wheeltec_lebai_humble_2024_7_17/install/lebai_driver/lib/python3.10/site-packages/lebai_driver-0.0.1-py3.10.egg-info/PKG-INFO
/home/dxf/wheeltec_lebai_humble_2024_7_17/install/lebai_driver/lib/python3.10/site-packages/lebai_driver-0.0.1-py3.10.egg-info/top_level.txt
/home/dxf/wheeltec_lebai_humble_2024_7_17/install/lebai_driver/lib/python3.10/site-packages/lebai_driver-0.0.1-py3.10.egg-info/SOURCES.txt
/home/dxf/wheeltec_lebai_humble_2024_7_17/install/lebai_driver/lib/python3.10/site-packages/lebai_driver-0.0.1-py3.10.egg-info/zip-safe
/home/dxf/wheeltec_lebai_humble_2024_7_17/install/lebai_driver/lib/lebai_driver/io_service
/home/dxf/wheeltec_lebai_humble_2024_7_17/install/lebai_driver/lib/lebai_driver/motion
/home/dxf/wheeltec_lebai_humble_2024_7_17/install/lebai_driver/lib/lebai_driver/robot_state
/home/dxf/wheeltec_lebai_humble_2024_7_17/install/lebai_driver/lib/lebai_driver/system_service
