[0.473s] DEBUG:colcon:Command line arguments: ['/usr/bin/colcon', 'build', '--packages-select', 'grab_demo']
[0.474s] DEBUG:colcon:Parsed command line arguments: Namespace(log_base=None, log_level=None, verb_name='build', build_base='build', install_base='install', merge_install=False, symlink_install=False, test_result_base=None, continue_on_error=False, executor='parallel', parallel_workers=6, event_handlers=None, ignore_user_meta=False, metas=['./colcon.meta'], base_paths=['.'], packages_ignore=None, packages_ignore_regex=None, paths=None, packages_up_to=None, packages_up_to_regex=None, packages_above=None, packages_above_and_dependencies=None, packages_above_depth=None, packages_select_by_dep=None, packages_skip_by_dep=None, packages_skip_up_to=None, packages_select_build_failed=False, packages_skip_build_finished=False, packages_select_test_failures=False, packages_skip_test_passed=False, packages_select=['grab_demo'], packages_skip=None, packages_select_regex=None, packages_skip_regex=None, packages_start=None, packages_end=None, allow_overriding=[], cmake_args=None, cmake_target=None, cmake_target_skip_unavailable=False, cmake_clean_cache=False, cmake_clean_first=False, cmake_force_configure=False, ament_cmake_args=None, catkin_cmake_args=None, catkin_skip_building_tests=False, verb_parser=<colcon_defaults.argument_parser.defaults.DefaultArgumentsDecorator object at 0xffffa4b43010>, verb_extension=<colcon_core.verb.build.BuildVerb object at 0xffffa4b42b00>, main=<bound method BuildVerb.main of <colcon_core.verb.build.BuildVerb object at 0xffffa4b42b00>>)
[1.022s] Level 1:colcon.colcon_core.package_discovery:discover_packages(colcon_meta) check parameters
[1.022s] Level 1:colcon.colcon_core.package_discovery:discover_packages(recursive) check parameters
[1.022s] Level 1:colcon.colcon_core.package_discovery:discover_packages(ignore) check parameters
[1.022s] Level 1:colcon.colcon_core.package_discovery:discover_packages(path) check parameters
[1.023s] Level 1:colcon.colcon_core.package_discovery:discover_packages(colcon_meta) discover
[1.023s] Level 1:colcon.colcon_core.package_discovery:discover_packages(recursive) discover
[1.023s] INFO:colcon.colcon_core.package_discovery:Crawling recursively for packages in '/home/dxf/wheeltec_lebai_humble_2024_7_17'
[1.023s] Level 1:colcon.colcon_core.package_identification:_identify(.) by extensions ['ignore', 'ignore_ament_install']
[1.023s] Level 1:colcon.colcon_core.package_identification:_identify(.) by extension 'ignore'
[1.023s] Level 1:colcon.colcon_core.package_identification:_identify(.) by extension 'ignore_ament_install'
[1.024s] Level 1:colcon.colcon_core.package_identification:_identify(.) by extensions ['colcon_pkg']
[1.024s] Level 1:colcon.colcon_core.package_identification:_identify(.) by extension 'colcon_pkg'
[1.024s] Level 1:colcon.colcon_core.package_identification:_identify(.) by extensions ['colcon_meta']
[1.024s] Level 1:colcon.colcon_core.package_identification:_identify(.) by extension 'colcon_meta'
[1.024s] Level 1:colcon.colcon_core.package_identification:_identify(.) by extensions ['ros']
[1.024s] Level 1:colcon.colcon_core.package_identification:_identify(.) by extension 'ros'
[1.052s] Level 1:colcon.colcon_core.package_identification:_identify(.) by extensions ['cmake', 'python']
[1.052s] Level 1:colcon.colcon_core.package_identification:_identify(.) by extension 'cmake'
[1.052s] Level 1:colcon.colcon_core.package_identification:_identify(.) by extension 'python'
[1.052s] Level 1:colcon.colcon_core.package_identification:_identify(.) by extensions ['python_setup_py']
[1.053s] Level 1:colcon.colcon_core.package_identification:_identify(.) by extension 'python_setup_py'
[1.053s] Level 1:colcon.colcon_core.package_identification:_identify(build) by extensions ['ignore', 'ignore_ament_install']
[1.053s] Level 1:colcon.colcon_core.package_identification:_identify(build) by extension 'ignore'
[1.053s] Level 1:colcon.colcon_core.package_identification:_identify(build) ignored
[1.054s] Level 1:colcon.colcon_core.package_identification:_identify(install) by extensions ['ignore', 'ignore_ament_install']
[1.054s] Level 1:colcon.colcon_core.package_identification:_identify(install) by extension 'ignore'
[1.054s] Level 1:colcon.colcon_core.package_identification:_identify(install) ignored
[1.054s] Level 1:colcon.colcon_core.package_identification:_identify(log) by extensions ['ignore', 'ignore_ament_install']
[1.054s] Level 1:colcon.colcon_core.package_identification:_identify(log) by extension 'ignore'
[1.054s] Level 1:colcon.colcon_core.package_identification:_identify(log) ignored
[1.055s] Level 1:colcon.colcon_core.package_identification:_identify(src) by extensions ['ignore', 'ignore_ament_install']
[1.055s] Level 1:colcon.colcon_core.package_identification:_identify(src) by extension 'ignore'
[1.055s] Level 1:colcon.colcon_core.package_identification:_identify(src) by extension 'ignore_ament_install'
[1.055s] Level 1:colcon.colcon_core.package_identification:_identify(src) by extensions ['colcon_pkg']
[1.055s] Level 1:colcon.colcon_core.package_identification:_identify(src) by extension 'colcon_pkg'
[1.055s] Level 1:colcon.colcon_core.package_identification:_identify(src) by extensions ['colcon_meta']
[1.055s] Level 1:colcon.colcon_core.package_identification:_identify(src) by extension 'colcon_meta'
[1.055s] Level 1:colcon.colcon_core.package_identification:_identify(src) by extensions ['ros']
[1.056s] Level 1:colcon.colcon_core.package_identification:_identify(src) by extension 'ros'
[1.056s] Level 1:colcon.colcon_core.package_identification:_identify(src) by extensions ['cmake', 'python']
[1.056s] Level 1:colcon.colcon_core.package_identification:_identify(src) by extension 'cmake'
[1.056s] Level 1:colcon.colcon_core.package_identification:_identify(src) by extension 'python'
[1.056s] Level 1:colcon.colcon_core.package_identification:_identify(src) by extensions ['python_setup_py']
[1.056s] Level 1:colcon.colcon_core.package_identification:_identify(src) by extension 'python_setup_py'
[1.056s] Level 1:colcon.colcon_core.package_identification:_identify(src/arm_demo) by extensions ['ignore', 'ignore_ament_install']
[1.057s] Level 1:colcon.colcon_core.package_identification:_identify(src/arm_demo) by extension 'ignore'
[1.057s] Level 1:colcon.colcon_core.package_identification:_identify(src/arm_demo) by extension 'ignore_ament_install'
[1.057s] Level 1:colcon.colcon_core.package_identification:_identify(src/arm_demo) by extensions ['colcon_pkg']
[1.057s] Level 1:colcon.colcon_core.package_identification:_identify(src/arm_demo) by extension 'colcon_pkg'
[1.057s] Level 1:colcon.colcon_core.package_identification:_identify(src/arm_demo) by extensions ['colcon_meta']
[1.057s] Level 1:colcon.colcon_core.package_identification:_identify(src/arm_demo) by extension 'colcon_meta'
[1.057s] Level 1:colcon.colcon_core.package_identification:_identify(src/arm_demo) by extensions ['ros']
[1.057s] Level 1:colcon.colcon_core.package_identification:_identify(src/arm_demo) by extension 'ros'
[1.064s] DEBUG:colcon.colcon_core.package_identification:Package 'src/arm_demo' with type 'ros.ament_cmake' and name 'arm_demo'
[1.064s] Level 1:colcon.colcon_core.package_identification:_identify(src/grab_demo) by extensions ['ignore', 'ignore_ament_install']
[1.064s] Level 1:colcon.colcon_core.package_identification:_identify(src/grab_demo) by extension 'ignore'
[1.065s] Level 1:colcon.colcon_core.package_identification:_identify(src/grab_demo) by extension 'ignore_ament_install'
[1.065s] Level 1:colcon.colcon_core.package_identification:_identify(src/grab_demo) by extensions ['colcon_pkg']
[1.065s] Level 1:colcon.colcon_core.package_identification:_identify(src/grab_demo) by extension 'colcon_pkg'
[1.065s] Level 1:colcon.colcon_core.package_identification:_identify(src/grab_demo) by extensions ['colcon_meta']
[1.065s] Level 1:colcon.colcon_core.package_identification:_identify(src/grab_demo) by extension 'colcon_meta'
[1.065s] Level 1:colcon.colcon_core.package_identification:_identify(src/grab_demo) by extensions ['ros']
[1.065s] Level 1:colcon.colcon_core.package_identification:_identify(src/grab_demo) by extension 'ros'
[1.067s] DEBUG:colcon.colcon_core.package_identification:Package 'src/grab_demo' with type 'ros.ament_cmake' and name 'grab_demo'
[1.067s] Level 1:colcon.colcon_core.package_identification:_identify(src/lebai-ros-sdk-humble-dev) by extensions ['ignore', 'ignore_ament_install']
[1.067s] Level 1:colcon.colcon_core.package_identification:_identify(src/lebai-ros-sdk-humble-dev) by extension 'ignore'
[1.067s] Level 1:colcon.colcon_core.package_identification:_identify(src/lebai-ros-sdk-humble-dev) by extension 'ignore_ament_install'
[1.068s] Level 1:colcon.colcon_core.package_identification:_identify(src/lebai-ros-sdk-humble-dev) by extensions ['colcon_pkg']
[1.068s] Level 1:colcon.colcon_core.package_identification:_identify(src/lebai-ros-sdk-humble-dev) by extension 'colcon_pkg'
[1.068s] Level 1:colcon.colcon_core.package_identification:_identify(src/lebai-ros-sdk-humble-dev) by extensions ['colcon_meta']
[1.068s] Level 1:colcon.colcon_core.package_identification:_identify(src/lebai-ros-sdk-humble-dev) by extension 'colcon_meta'
[1.068s] Level 1:colcon.colcon_core.package_identification:_identify(src/lebai-ros-sdk-humble-dev) by extensions ['ros']
[1.068s] Level 1:colcon.colcon_core.package_identification:_identify(src/lebai-ros-sdk-humble-dev) by extension 'ros'
[1.068s] Level 1:colcon.colcon_core.package_identification:_identify(src/lebai-ros-sdk-humble-dev) by extensions ['cmake', 'python']
[1.068s] Level 1:colcon.colcon_core.package_identification:_identify(src/lebai-ros-sdk-humble-dev) by extension 'cmake'
[1.068s] Level 1:colcon.colcon_core.package_identification:_identify(src/lebai-ros-sdk-humble-dev) by extension 'python'
[1.069s] Level 1:colcon.colcon_core.package_identification:_identify(src/lebai-ros-sdk-humble-dev) by extensions ['python_setup_py']
[1.069s] Level 1:colcon.colcon_core.package_identification:_identify(src/lebai-ros-sdk-humble-dev) by extension 'python_setup_py'
[1.069s] Level 1:colcon.colcon_core.package_identification:_identify(src/lebai-ros-sdk-humble-dev/lebai_driver) by extensions ['ignore', 'ignore_ament_install']
[1.069s] Level 1:colcon.colcon_core.package_identification:_identify(src/lebai-ros-sdk-humble-dev/lebai_driver) by extension 'ignore'
[1.069s] Level 1:colcon.colcon_core.package_identification:_identify(src/lebai-ros-sdk-humble-dev/lebai_driver) by extension 'ignore_ament_install'
[1.070s] Level 1:colcon.colcon_core.package_identification:_identify(src/lebai-ros-sdk-humble-dev/lebai_driver) by extensions ['colcon_pkg']
[1.070s] Level 1:colcon.colcon_core.package_identification:_identify(src/lebai-ros-sdk-humble-dev/lebai_driver) by extension 'colcon_pkg'
[1.070s] Level 1:colcon.colcon_core.package_identification:_identify(src/lebai-ros-sdk-humble-dev/lebai_driver) by extensions ['colcon_meta']
[1.070s] Level 1:colcon.colcon_core.package_identification:_identify(src/lebai-ros-sdk-humble-dev/lebai_driver) by extension 'colcon_meta'
[1.070s] Level 1:colcon.colcon_core.package_identification:_identify(src/lebai-ros-sdk-humble-dev/lebai_driver) by extensions ['ros']
[1.070s] Level 1:colcon.colcon_core.package_identification:_identify(src/lebai-ros-sdk-humble-dev/lebai_driver) by extension 'ros'
[1.071s] DEBUG:colcon.colcon_core.package_identification:Package 'src/lebai-ros-sdk-humble-dev/lebai_driver' with type 'ros.ament_python' and name 'lebai_driver'
[1.072s] Level 1:colcon.colcon_core.package_identification:_identify(src/lebai-ros-sdk-humble-dev/lebai_interfaces) by extensions ['ignore', 'ignore_ament_install']
[1.072s] Level 1:colcon.colcon_core.package_identification:_identify(src/lebai-ros-sdk-humble-dev/lebai_interfaces) by extension 'ignore'
[1.072s] Level 1:colcon.colcon_core.package_identification:_identify(src/lebai-ros-sdk-humble-dev/lebai_interfaces) by extension 'ignore_ament_install'
[1.072s] Level 1:colcon.colcon_core.package_identification:_identify(src/lebai-ros-sdk-humble-dev/lebai_interfaces) by extensions ['colcon_pkg']
[1.072s] Level 1:colcon.colcon_core.package_identification:_identify(src/lebai-ros-sdk-humble-dev/lebai_interfaces) by extension 'colcon_pkg'
[1.072s] Level 1:colcon.colcon_core.package_identification:_identify(src/lebai-ros-sdk-humble-dev/lebai_interfaces) by extensions ['colcon_meta']
[1.073s] Level 1:colcon.colcon_core.package_identification:_identify(src/lebai-ros-sdk-humble-dev/lebai_interfaces) by extension 'colcon_meta'
[1.073s] Level 1:colcon.colcon_core.package_identification:_identify(src/lebai-ros-sdk-humble-dev/lebai_interfaces) by extensions ['ros']
[1.073s] Level 1:colcon.colcon_core.package_identification:_identify(src/lebai-ros-sdk-humble-dev/lebai_interfaces) by extension 'ros'
[1.074s] DEBUG:colcon.colcon_core.package_identification:Package 'src/lebai-ros-sdk-humble-dev/lebai_interfaces' with type 'ros.ament_cmake' and name 'lebai_interfaces'
[1.075s] Level 1:colcon.colcon_core.package_identification:_identify(src/lebai-ros-sdk-humble-dev/lebai_lm3_moveit_config) by extensions ['ignore', 'ignore_ament_install']
[1.075s] Level 1:colcon.colcon_core.package_identification:_identify(src/lebai-ros-sdk-humble-dev/lebai_lm3_moveit_config) by extension 'ignore'
[1.075s] Level 1:colcon.colcon_core.package_identification:_identify(src/lebai-ros-sdk-humble-dev/lebai_lm3_moveit_config) by extension 'ignore_ament_install'
[1.075s] Level 1:colcon.colcon_core.package_identification:_identify(src/lebai-ros-sdk-humble-dev/lebai_lm3_moveit_config) by extensions ['colcon_pkg']
[1.075s] Level 1:colcon.colcon_core.package_identification:_identify(src/lebai-ros-sdk-humble-dev/lebai_lm3_moveit_config) by extension 'colcon_pkg'
[1.076s] Level 1:colcon.colcon_core.package_identification:_identify(src/lebai-ros-sdk-humble-dev/lebai_lm3_moveit_config) by extensions ['colcon_meta']
[1.076s] Level 1:colcon.colcon_core.package_identification:_identify(src/lebai-ros-sdk-humble-dev/lebai_lm3_moveit_config) by extension 'colcon_meta'
[1.076s] Level 1:colcon.colcon_core.package_identification:_identify(src/lebai-ros-sdk-humble-dev/lebai_lm3_moveit_config) by extensions ['ros']
[1.076s] Level 1:colcon.colcon_core.package_identification:_identify(src/lebai-ros-sdk-humble-dev/lebai_lm3_moveit_config) by extension 'ros'
[1.077s] DEBUG:colcon.colcon_core.package_identification:Package 'src/lebai-ros-sdk-humble-dev/lebai_lm3_moveit_config' with type 'ros.ament_cmake' and name 'lebai_lm3_moveit_config'
[1.078s] Level 1:colcon.colcon_core.package_identification:_identify(src/lebai-ros-sdk-humble-dev/lebai_lm3_support) by extensions ['ignore', 'ignore_ament_install']
[1.078s] Level 1:colcon.colcon_core.package_identification:_identify(src/lebai-ros-sdk-humble-dev/lebai_lm3_support) by extension 'ignore'
[1.078s] Level 1:colcon.colcon_core.package_identification:_identify(src/lebai-ros-sdk-humble-dev/lebai_lm3_support) by extension 'ignore_ament_install'
[1.078s] Level 1:colcon.colcon_core.package_identification:_identify(src/lebai-ros-sdk-humble-dev/lebai_lm3_support) by extensions ['colcon_pkg']
[1.078s] Level 1:colcon.colcon_core.package_identification:_identify(src/lebai-ros-sdk-humble-dev/lebai_lm3_support) by extension 'colcon_pkg'
[1.079s] Level 1:colcon.colcon_core.package_identification:_identify(src/lebai-ros-sdk-humble-dev/lebai_lm3_support) by extensions ['colcon_meta']
[1.079s] Level 1:colcon.colcon_core.package_identification:_identify(src/lebai-ros-sdk-humble-dev/lebai_lm3_support) by extension 'colcon_meta'
[1.079s] Level 1:colcon.colcon_core.package_identification:_identify(src/lebai-ros-sdk-humble-dev/lebai_lm3_support) by extensions ['ros']
[1.079s] Level 1:colcon.colcon_core.package_identification:_identify(src/lebai-ros-sdk-humble-dev/lebai_lm3_support) by extension 'ros'
[1.080s] DEBUG:colcon.colcon_core.package_identification:Package 'src/lebai-ros-sdk-humble-dev/lebai_lm3_support' with type 'ros.ament_cmake' and name 'lebai_lm3_support'
[1.080s] Level 1:colcon.colcon_core.package_identification:_identify(src/lebai-ros-sdk-humble-dev/lebai_resources) by extensions ['ignore', 'ignore_ament_install']
[1.081s] Level 1:colcon.colcon_core.package_identification:_identify(src/lebai-ros-sdk-humble-dev/lebai_resources) by extension 'ignore'
[1.081s] Level 1:colcon.colcon_core.package_identification:_identify(src/lebai-ros-sdk-humble-dev/lebai_resources) by extension 'ignore_ament_install'
[1.081s] Level 1:colcon.colcon_core.package_identification:_identify(src/lebai-ros-sdk-humble-dev/lebai_resources) by extensions ['colcon_pkg']
[1.081s] Level 1:colcon.colcon_core.package_identification:_identify(src/lebai-ros-sdk-humble-dev/lebai_resources) by extension 'colcon_pkg'
[1.081s] Level 1:colcon.colcon_core.package_identification:_identify(src/lebai-ros-sdk-humble-dev/lebai_resources) by extensions ['colcon_meta']
[1.081s] Level 1:colcon.colcon_core.package_identification:_identify(src/lebai-ros-sdk-humble-dev/lebai_resources) by extension 'colcon_meta'
[1.081s] Level 1:colcon.colcon_core.package_identification:_identify(src/lebai-ros-sdk-humble-dev/lebai_resources) by extensions ['ros']
[1.081s] Level 1:colcon.colcon_core.package_identification:_identify(src/lebai-ros-sdk-humble-dev/lebai_resources) by extension 'ros'
[1.082s] DEBUG:colcon.colcon_core.package_identification:Package 'src/lebai-ros-sdk-humble-dev/lebai_resources' with type 'ros.ament_cmake' and name 'lebai_resources'
[1.083s] Level 1:colcon.colcon_core.package_identification:_identify(src/lebai-ros-sdk-humble-dev/lebai_tutorials) by extensions ['ignore', 'ignore_ament_install']
[1.083s] Level 1:colcon.colcon_core.package_identification:_identify(src/lebai-ros-sdk-humble-dev/lebai_tutorials) by extension 'ignore'
[1.083s] Level 1:colcon.colcon_core.package_identification:_identify(src/lebai-ros-sdk-humble-dev/lebai_tutorials) by extension 'ignore_ament_install'
[1.083s] Level 1:colcon.colcon_core.package_identification:_identify(src/lebai-ros-sdk-humble-dev/lebai_tutorials) by extensions ['colcon_pkg']
[1.083s] Level 1:colcon.colcon_core.package_identification:_identify(src/lebai-ros-sdk-humble-dev/lebai_tutorials) by extension 'colcon_pkg'
[1.083s] Level 1:colcon.colcon_core.package_identification:_identify(src/lebai-ros-sdk-humble-dev/lebai_tutorials) by extensions ['colcon_meta']
[1.084s] Level 1:colcon.colcon_core.package_identification:_identify(src/lebai-ros-sdk-humble-dev/lebai_tutorials) by extension 'colcon_meta'
[1.084s] Level 1:colcon.colcon_core.package_identification:_identify(src/lebai-ros-sdk-humble-dev/lebai_tutorials) by extensions ['ros']
[1.084s] Level 1:colcon.colcon_core.package_identification:_identify(src/lebai-ros-sdk-humble-dev/lebai_tutorials) by extension 'ros'
[1.085s] DEBUG:colcon.colcon_core.package_identification:Package 'src/lebai-ros-sdk-humble-dev/lebai_tutorials' with type 'ros.ament_cmake' and name 'lebai_tutorials'
[1.085s] Level 1:colcon.colcon_core.package_discovery:discover_packages(recursive) using defaults
[1.086s] Level 1:colcon.colcon_core.package_discovery:discover_packages(ignore) discover
[1.086s] Level 1:colcon.colcon_core.package_discovery:discover_packages(ignore) using defaults
[1.086s] Level 1:colcon.colcon_core.package_discovery:discover_packages(path) discover
[1.086s] Level 1:colcon.colcon_core.package_discovery:discover_packages(path) using defaults
[1.177s] INFO:colcon.colcon_core.package_selection:Skipping not selected package 'arm_demo' in 'src/arm_demo'
[1.178s] INFO:colcon.colcon_core.package_selection:Skipping not selected package 'lebai_driver' in 'src/lebai-ros-sdk-humble-dev/lebai_driver'
[1.178s] INFO:colcon.colcon_core.package_selection:Skipping not selected package 'lebai_interfaces' in 'src/lebai-ros-sdk-humble-dev/lebai_interfaces'
[1.178s] INFO:colcon.colcon_core.package_selection:Skipping not selected package 'lebai_lm3_support' in 'src/lebai-ros-sdk-humble-dev/lebai_lm3_support'
[1.178s] INFO:colcon.colcon_core.package_selection:Skipping not selected package 'lebai_resources' in 'src/lebai-ros-sdk-humble-dev/lebai_resources'
[1.178s] INFO:colcon.colcon_core.package_selection:Skipping not selected package 'lebai_lm3_moveit_config' in 'src/lebai-ros-sdk-humble-dev/lebai_lm3_moveit_config'
[1.178s] INFO:colcon.colcon_core.package_selection:Skipping not selected package 'lebai_tutorials' in 'src/lebai-ros-sdk-humble-dev/lebai_tutorials'
[1.179s] Level 1:colcon.colcon_core.package_discovery:discover_packages(prefix_path) check parameters
[1.179s] Level 1:colcon.colcon_core.package_discovery:discover_packages(prefix_path) discover
[1.210s] DEBUG:colcon.colcon_installed_package_information.package_discovery:Found 44 installed packages in /home/dxf/WHEELTEC_S300Pro_mini/install
[1.215s] DEBUG:colcon.colcon_installed_package_information.package_discovery:Found 392 installed packages in /opt/ros/humble
[1.219s] Level 1:colcon.colcon_core.package_discovery:discover_packages(prefix_path) using defaults
[1.435s] Level 5:colcon.colcon_core.verb:set package 'grab_demo' build argument 'cmake_args' from command line to 'None'
[1.435s] Level 5:colcon.colcon_core.verb:set package 'grab_demo' build argument 'cmake_target' from command line to 'None'
[1.435s] Level 5:colcon.colcon_core.verb:set package 'grab_demo' build argument 'cmake_target_skip_unavailable' from command line to 'False'
[1.435s] Level 5:colcon.colcon_core.verb:set package 'grab_demo' build argument 'cmake_clean_cache' from command line to 'False'
[1.435s] Level 5:colcon.colcon_core.verb:set package 'grab_demo' build argument 'cmake_clean_first' from command line to 'False'
[1.435s] Level 5:colcon.colcon_core.verb:set package 'grab_demo' build argument 'cmake_force_configure' from command line to 'False'
[1.435s] Level 5:colcon.colcon_core.verb:set package 'grab_demo' build argument 'ament_cmake_args' from command line to 'None'
[1.435s] Level 5:colcon.colcon_core.verb:set package 'grab_demo' build argument 'catkin_cmake_args' from command line to 'None'
[1.435s] Level 5:colcon.colcon_core.verb:set package 'grab_demo' build argument 'catkin_skip_building_tests' from command line to 'False'
[1.436s] DEBUG:colcon.colcon_core.verb:Building package 'grab_demo' with the following arguments: {'ament_cmake_args': None, 'build_base': '/home/dxf/wheeltec_lebai_humble_2024_7_17/build/grab_demo', 'catkin_cmake_args': None, 'catkin_skip_building_tests': False, 'cmake_args': None, 'cmake_clean_cache': False, 'cmake_clean_first': False, 'cmake_force_configure': False, 'cmake_target': None, 'cmake_target_skip_unavailable': False, 'install_base': '/home/dxf/wheeltec_lebai_humble_2024_7_17/install/grab_demo', 'merge_install': False, 'path': '/home/dxf/wheeltec_lebai_humble_2024_7_17/src/grab_demo', 'symlink_install': False, 'test_result_base': None}
[1.436s] INFO:colcon.colcon_core.executor:Executing jobs using 'parallel' executor
[1.438s] DEBUG:colcon.colcon_parallel_executor.executor.parallel:run_until_complete
[1.439s] INFO:colcon.colcon_ros.task.ament_cmake.build:Building ROS package in '/home/dxf/wheeltec_lebai_humble_2024_7_17/src/grab_demo' with build type 'ament_cmake'
[1.439s] INFO:colcon.colcon_cmake.task.cmake.build:Building CMake package in '/home/dxf/wheeltec_lebai_humble_2024_7_17/src/grab_demo'
[1.447s] INFO:colcon.colcon_core.plugin_system:Skipping extension 'colcon_core.shell.bat': Not used on non-Windows systems
[1.447s] INFO:colcon.colcon_core.shell:Skip shell extension 'powershell' for command environment: Not usable outside of PowerShell
[1.447s] DEBUG:colcon.colcon_core.shell:Skip shell extension 'dsv' for command environment
[1.475s] DEBUG:colcon.colcon_core.event_handler.log_command:Invoking command in '/home/dxf/wheeltec_lebai_humble_2024_7_17/build/grab_demo': CMAKE_PREFIX_PATH=${CMAKE_PREFIX_PATH}:/home/dxf/WHEELTEC_S300Pro_mini/install/wheeltec_robot_keyboard:/home/dxf/WHEELTEC_S300Pro_mini/install/simple_follower_ros2:/home/dxf/WHEELTEC_S300Pro_mini/install/ollama_ros_chat:/home/dxf/WHEELTEC_S300Pro_mini/install/nav2_waypoint_cycle:/home/dxf/WHEELTEC_S300Pro_mini/install/auto_recharge_ros2:/opt/ros/humble /usr/bin/cmake --build /home/dxf/wheeltec_lebai_humble_2024_7_17/build/grab_demo -- -j6 -l6
[3.454s] DEBUG:colcon.colcon_core.event_handler.log_command:Invoked command in '/home/dxf/wheeltec_lebai_humble_2024_7_17/build/grab_demo' returned '2': CMAKE_PREFIX_PATH=${CMAKE_PREFIX_PATH}:/home/dxf/WHEELTEC_S300Pro_mini/install/wheeltec_robot_keyboard:/home/dxf/WHEELTEC_S300Pro_mini/install/simple_follower_ros2:/home/dxf/WHEELTEC_S300Pro_mini/install/ollama_ros_chat:/home/dxf/WHEELTEC_S300Pro_mini/install/nav2_waypoint_cycle:/home/dxf/WHEELTEC_S300Pro_mini/install/auto_recharge_ros2:/opt/ros/humble /usr/bin/cmake --build /home/dxf/wheeltec_lebai_humble_2024_7_17/build/grab_demo -- -j6 -l6
[3.456s] Level 1:colcon.colcon_core.environment:create_environment_scripts_only(grab_demo)
[3.469s] Level 1:colcon.colcon_core.environment:checking '/home/dxf/wheeltec_lebai_humble_2024_7_17/install/grab_demo' for CMake module files
[3.470s] Level 1:colcon.colcon_core.environment:checking '/home/dxf/wheeltec_lebai_humble_2024_7_17/install/grab_demo' for CMake config files
[3.472s] Level 1:colcon.colcon_core.environment:checking '/home/dxf/wheeltec_lebai_humble_2024_7_17/install/grab_demo/bin'
[3.472s] Level 1:colcon.colcon_core.environment:checking '/home/dxf/wheeltec_lebai_humble_2024_7_17/install/grab_demo/lib/pkgconfig/grab_demo.pc'
[3.473s] Level 1:colcon.colcon_core.environment:checking '/home/dxf/wheeltec_lebai_humble_2024_7_17/install/grab_demo/lib/python3.10/site-packages'
[3.474s] Level 1:colcon.colcon_core.environment:checking '/home/dxf/wheeltec_lebai_humble_2024_7_17/install/grab_demo/bin'
[3.475s] INFO:colcon.colcon_core.shell:Creating package script '/home/dxf/wheeltec_lebai_humble_2024_7_17/install/grab_demo/share/grab_demo/package.ps1'
[3.479s] INFO:colcon.colcon_core.shell:Creating package descriptor '/home/dxf/wheeltec_lebai_humble_2024_7_17/install/grab_demo/share/grab_demo/package.dsv'
[3.481s] INFO:colcon.colcon_core.shell:Creating package script '/home/dxf/wheeltec_lebai_humble_2024_7_17/install/grab_demo/share/grab_demo/package.sh'
[3.484s] INFO:colcon.colcon_core.shell:Creating package script '/home/dxf/wheeltec_lebai_humble_2024_7_17/install/grab_demo/share/grab_demo/package.bash'
[3.487s] INFO:colcon.colcon_core.shell:Creating package script '/home/dxf/wheeltec_lebai_humble_2024_7_17/install/grab_demo/share/grab_demo/package.zsh'
[3.489s] Level 1:colcon.colcon_core.environment:create_file_with_runtime_dependencies(/home/dxf/wheeltec_lebai_humble_2024_7_17/install/grab_demo/share/colcon-core/packages/grab_demo)
[3.500s] DEBUG:colcon.colcon_parallel_executor.executor.parallel:closing loop
[3.500s] DEBUG:colcon.colcon_parallel_executor.executor.parallel:loop closed
[3.501s] DEBUG:colcon.colcon_parallel_executor.executor.parallel:run_until_complete finished with '2'
[3.501s] DEBUG:colcon.colcon_core.event_reactor:joining thread
[3.522s] INFO:colcon.colcon_core.plugin_system:Skipping extension 'colcon_notification.desktop_notification.terminal_notifier': Not used on non-Darwin systems
[3.522s] INFO:colcon.colcon_core.plugin_system:Skipping extension 'colcon_notification.desktop_notification.win32': Not used on non-Windows systems
[3.523s] INFO:colcon.colcon_notification.desktop_notification:Sending desktop notification using 'notify2'
[3.553s] DEBUG:colcon.colcon_core.event_reactor:joined thread
[3.554s] INFO:colcon.colcon_core.shell:Creating prefix script '/home/dxf/wheeltec_lebai_humble_2024_7_17/install/local_setup.ps1'
[3.558s] INFO:colcon.colcon_core.shell:Creating prefix util module '/home/dxf/wheeltec_lebai_humble_2024_7_17/install/_local_setup_util_ps1.py'
[3.561s] INFO:colcon.colcon_core.shell:Creating prefix chain script '/home/dxf/wheeltec_lebai_humble_2024_7_17/install/setup.ps1'
[3.570s] INFO:colcon.colcon_core.shell:Creating prefix script '/home/dxf/wheeltec_lebai_humble_2024_7_17/install/local_setup.sh'
[3.572s] INFO:colcon.colcon_core.shell:Creating prefix util module '/home/dxf/wheeltec_lebai_humble_2024_7_17/install/_local_setup_util_sh.py'
[3.574s] INFO:colcon.colcon_core.shell:Creating prefix chain script '/home/dxf/wheeltec_lebai_humble_2024_7_17/install/setup.sh'
[3.583s] INFO:colcon.colcon_core.shell:Creating prefix script '/home/dxf/wheeltec_lebai_humble_2024_7_17/install/local_setup.bash'
[3.584s] INFO:colcon.colcon_core.shell:Creating prefix chain script '/home/dxf/wheeltec_lebai_humble_2024_7_17/install/setup.bash'
[3.593s] INFO:colcon.colcon_core.shell:Creating prefix script '/home/dxf/wheeltec_lebai_humble_2024_7_17/install/local_setup.zsh'
[3.595s] INFO:colcon.colcon_core.shell:Creating prefix chain script '/home/dxf/wheeltec_lebai_humble_2024_7_17/install/setup.zsh'
