[0.084s] Invoking command in '/home/dxf/wheeltec_lebai_humble_2024_7_17/build/grab_demo': CMAKE_PREFIX_PATH=${CMAKE_PREFIX_PATH}:/home/dxf/wheeltec_lebai_humble_2024_7_17/install/lebai_driver:/opt/ros/humble /usr/bin/cmake --build /home/dxf/wheeltec_lebai_humble_2024_7_17/build/grab_demo -- -j6 -l6
[0.394s] -- Found ament_cmake: 1.3.12 (/opt/ros/humble/share/ament_cmake/cmake)
[0.825s] -- Found rclcpp: 16.0.15 (/opt/ros/humble/share/rclcpp/cmake)
[0.940s] -- Found rosidl_generator_c: 3.1.7 (/opt/ros/humble/share/rosidl_generator_c/cmake)
[0.947s] -- Found rosidl_adapter: 3.1.7 (/opt/ros/humble/share/rosidl_adapter/cmake)
[0.973s] -- Found rosidl_generator_cpp: 3.1.7 (/opt/ros/humble/share/rosidl_generator_cpp/cmake)
[0.998s] -- Using all available rosidl_typesupport_c: rosidl_typesupport_fastrtps_c;rosidl_typesupport_introspection_c
[1.033s] -- Using all available rosidl_typesupport_cpp: rosidl_typesupport_fastrtps_cpp;rosidl_typesupport_introspection_cpp
[1.135s] -- Found rmw_implementation_cmake: 6.1.2 (/opt/ros/humble/share/rmw_implementation_cmake/cmake)
[1.143s] -- Found rmw_fastrtps_cpp: 6.2.9 (/opt/ros/humble/share/rmw_fastrtps_cpp/cmake)
[1.454s] -- Using RMW implementation 'rmw_fastrtps_cpp' as default
[1.607s] -- Found image_transport: 3.1.12 (/opt/ros/humble/share/image_transport/cmake)
[1.747s] -- Found cv_bridge: 3.2.1 (/home/dxf/WHEELTEC_S300Pro_mini_ros2_arm_src_2025_9_15/install/cv_bridge/share/cv_bridge/cmake)
[1.797s] -- Found moveit_common: 2.5.9 (/opt/ros/humble/share/moveit_common/cmake)
[1.798s] -- Found tf2_ros: 0.25.16 (/opt/ros/humble/share/tf2_ros/cmake)
[2.035s] -- Found tf2_geometry_msgs: 0.25.16 (/opt/ros/humble/share/tf2_geometry_msgs/cmake)
[2.045s] -- Found eigen3_cmake_module: 0.1.1 (/opt/ros/humble/share/eigen3_cmake_module/cmake)
[2.048s] -- Ensuring Eigen3 include directory is part of orocos-kdl CMake target
[2.052s] -- Found nav2_msgs: 1.1.19 (/opt/ros/humble/share/nav2_msgs/cmake)
[2.182s] -- Found rosidl_default_generators: 1.2.0 (/opt/ros/humble/share/rosidl_default_generators/cmake)
[2.232s] -- Found lebai_interfaces: 0.0.1 (/home/dxf/wheeltec_lebai_humble_2024_7_17/install/lebai_interfaces/share/lebai_interfaces/cmake)
[2.492s] -- Found moveit_ros_planning_interface: 2.5.9 (/opt/ros/humble/share/moveit_ros_planning_interface/cmake)
[2.530s] -- Found Boost: /usr/lib/aarch64-linux-gnu/cmake/Boost-1.74.0/BoostConfig.cmake (found version "1.74.0") found components: date_time filesystem program_options system thread 
[2.824s] -- Found Boost: /usr/lib/aarch64-linux-gnu/cmake/Boost-1.74.0/BoostConfig.cmake (found version "1.74.0") found components: chrono date_time filesystem iostreams program_options regex serialization system thread 
[2.964s] -- Found parameter_traits: 0.5.0 (/opt/ros/humble/share/parameter_traits/cmake)
[2.999s] -- Found rclcpp_lifecycle: 16.0.15 (/opt/ros/humble/share/rclcpp_lifecycle/cmake)
[3.085s] -- Found Boost: /usr/lib/aarch64-linux-gnu/cmake/Boost-1.74.0/BoostConfig.cmake (found version "1.74.0") found components: filesystem 
[3.223s] -- library: /usr/lib/aarch64-linux-gnu/libcurl.so
[3.413s] -- Found Boost: /usr/lib/aarch64-linux-gnu/cmake/Boost-1.74.0/BoostConfig.cmake (found version "1.74.0") found components: system filesystem date_time program_options thread chrono 
[3.631s] -- Found Boost: /usr/lib/aarch64-linux-gnu/cmake/Boost-1.74.0/BoostConfig.cmake (found version "1.74.0") found components: thread system filesystem regex date_time program_options 
[3.709s] -- Found Boost: /usr/lib/aarch64-linux-gnu/cmake/Boost-1.74.0/BoostConfig.cmake (found version "1.74.0") found components: system filesystem date_time program_options thread 
[4.587s] -- Found ament_cmake_ros: 0.10.0 (/opt/ros/humble/share/ament_cmake_ros/cmake)
[6.209s] -- Using all available rosidl_typesupport_c: rosidl_typesupport_fastrtps_c;rosidl_typesupport_introspection_c
[6.679s] -- Using all available rosidl_typesupport_cpp: rosidl_typesupport_fastrtps_cpp;rosidl_typesupport_introspection_cpp
[6.805s] -- Found python_cmake_module: 0.10.0 (/opt/ros/humble/share/python_cmake_module/cmake)
[6.918s] -- Using PYTHON_EXECUTABLE: /usr/bin/python3
[6.918s] -- Using PYTHON_INCLUDE_DIRS: /usr/include/python3.10
[6.918s] -- Using PYTHON_LIBRARIES: /usr/lib/aarch64-linux-gnu/libpython3.10.so
[7.036s] -- Found ament_lint_auto: 0.12.14 (/opt/ros/humble/share/ament_lint_auto/cmake)
[7.143s] -- Added test 'cppcheck' to perform static code analysis on C / C++ code
[7.146s] -- Configured cppcheck include dirs: /home/dxf/wheeltec_lebai_humble_2024_7_17/src/grab_demo/include
[7.146s] -- Configured cppcheck exclude dirs and/or files: 
[7.147s] -- Added test 'flake8' to check Python code syntax and style conventions
[7.148s] -- Added test 'lint_cmake' to check CMake code style
[7.149s] -- Added test 'pep257' to check Python code against some of the docstring style conventions in PEP 257
[7.152s] -- Added test 'uncrustify' to check C / C++ code style
[7.152s] -- Configured uncrustify additional arguments: 
[7.153s] -- Added test 'xmllint' to check XML markup files
[7.189s] -- Configuring done
[9.090s] -- Generating done
[9.480s] -- Build files have been written to: /home/dxf/wheeltec_lebai_humble_2024_7_17/build/grab_demo
[10.062s] [  2%] Built target grab_demo__cpp
[10.248s] [35m[1mConsolidate compiler generated dependencies of target hsv_range[0m
[10.589s] [  4%] [32mBuilding CXX object CMakeFiles/hsv_range.dir/src/hsv_range.cpp.o[0m
[144.881s] [  6%] [32m[1mLinking CXX executable hsv_range[0m
[147.502s] gmake[2]: *** 正在删除文件“hsv_range”
[147.518s] gmake[2]: *** [CMakeFiles/hsv_range.dir/build.make:264: hsv_range] 中断
[147.529s] gmake[1]: *** [CMakeFiles/Makefile2:658: CMakeFiles/hsv_range.dir/all] 中断
[147.537s] gmake: *** [Makefile:146: all] 中断
[147.559s] Invoked command in '/home/dxf/wheeltec_lebai_humble_2024_7_17/build/grab_demo' returned '-2': CMAKE_PREFIX_PATH=${CMAKE_PREFIX_PATH}:/home/dxf/wheeltec_lebai_humble_2024_7_17/install/lebai_driver:/opt/ros/humble /usr/bin/cmake --build /home/dxf/wheeltec_lebai_humble_2024_7_17/build/grab_demo -- -j6 -l6
