-- Install configuration: ""
-- Up-to-date: /home/dxf/wheeltec_lebai_humble_2024_7_17/install/lebai_lm3_moveit_config/share/ament_index/resource_index/package_run_dependencies/lebai_lm3_moveit_config
-- Up-to-date: /home/dxf/wheeltec_lebai_humble_2024_7_17/install/lebai_lm3_moveit_config/share/ament_index/resource_index/parent_prefix_path/lebai_lm3_moveit_config
-- Up-to-date: /home/dxf/wheeltec_lebai_humble_2024_7_17/install/lebai_lm3_moveit_config/share/lebai_lm3_moveit_config/environment/ament_prefix_path.sh
-- Up-to-date: /home/dxf/wheeltec_lebai_humble_2024_7_17/install/lebai_lm3_moveit_config/share/lebai_lm3_moveit_config/environment/ament_prefix_path.dsv
-- Up-to-date: /home/dxf/wheeltec_lebai_humble_2024_7_17/install/lebai_lm3_moveit_config/share/lebai_lm3_moveit_config/environment/path.sh
-- Up-to-date: /home/dxf/wheeltec_lebai_humble_2024_7_17/install/lebai_lm3_moveit_config/share/lebai_lm3_moveit_config/environment/path.dsv
-- Up-to-date: /home/dxf/wheeltec_lebai_humble_2024_7_17/install/lebai_lm3_moveit_config/share/lebai_lm3_moveit_config/local_setup.bash
-- Up-to-date: /home/dxf/wheeltec_lebai_humble_2024_7_17/install/lebai_lm3_moveit_config/share/lebai_lm3_moveit_config/local_setup.sh
-- Up-to-date: /home/dxf/wheeltec_lebai_humble_2024_7_17/install/lebai_lm3_moveit_config/share/lebai_lm3_moveit_config/local_setup.zsh
-- Up-to-date: /home/dxf/wheeltec_lebai_humble_2024_7_17/install/lebai_lm3_moveit_config/share/lebai_lm3_moveit_config/local_setup.dsv
-- Installing: /home/dxf/wheeltec_lebai_humble_2024_7_17/install/lebai_lm3_moveit_config/share/lebai_lm3_moveit_config/package.dsv
-- Up-to-date: /home/dxf/wheeltec_lebai_humble_2024_7_17/install/lebai_lm3_moveit_config/share/ament_index/resource_index/packages/lebai_lm3_moveit_config
-- Up-to-date: /home/dxf/wheeltec_lebai_humble_2024_7_17/install/lebai_lm3_moveit_config/share/lebai_lm3_moveit_config/cmake/lebai_lm3_moveit_configConfig.cmake
-- Up-to-date: /home/dxf/wheeltec_lebai_humble_2024_7_17/install/lebai_lm3_moveit_config/share/lebai_lm3_moveit_config/cmake/lebai_lm3_moveit_configConfig-version.cmake
-- Up-to-date: /home/dxf/wheeltec_lebai_humble_2024_7_17/install/lebai_lm3_moveit_config/share/lebai_lm3_moveit_config/package.xml
-- Up-to-date: /home/dxf/wheeltec_lebai_humble_2024_7_17/install/lebai_lm3_moveit_config/share/lebai_lm3_moveit_config/launch
-- Up-to-date: /home/dxf/wheeltec_lebai_humble_2024_7_17/install/lebai_lm3_moveit_config/share/lebai_lm3_moveit_config/launch/lm3_l1.launch.py
-- Up-to-date: /home/dxf/wheeltec_lebai_humble_2024_7_17/install/lebai_lm3_moveit_config/share/lebai_lm3_moveit_config/launch/moveit_empty.rviz
-- Up-to-date: /home/dxf/wheeltec_lebai_humble_2024_7_17/install/lebai_lm3_moveit_config/share/lebai_lm3_moveit_config/launch/demo.launch.py
-- Up-to-date: /home/dxf/wheeltec_lebai_humble_2024_7_17/install/lebai_lm3_moveit_config/share/lebai_lm3_moveit_config/launch/moveit.rviz
-- Up-to-date: /home/dxf/wheeltec_lebai_humble_2024_7_17/install/lebai_lm3_moveit_config/share/lebai_lm3_moveit_config/launch/rviz.launch.py
-- Installing: /home/dxf/wheeltec_lebai_humble_2024_7_17/install/lebai_lm3_moveit_config/share/lebai_lm3_moveit_config/launch/lm3.launch.py
-- Up-to-date: /home/dxf/wheeltec_lebai_humble_2024_7_17/install/lebai_lm3_moveit_config/share/lebai_lm3_moveit_config/config
-- Up-to-date: /home/dxf/wheeltec_lebai_humble_2024_7_17/install/lebai_lm3_moveit_config/share/lebai_lm3_moveit_config/config/ompl_planning.yaml
-- Up-to-date: /home/dxf/wheeltec_lebai_humble_2024_7_17/install/lebai_lm3_moveit_config/share/lebai_lm3_moveit_config/config/lebai_lm3.srdf
-- Up-to-date: /home/dxf/wheeltec_lebai_humble_2024_7_17/install/lebai_lm3_moveit_config/share/lebai_lm3_moveit_config/config/sensors_3d.yaml
-- Up-to-date: /home/dxf/wheeltec_lebai_humble_2024_7_17/install/lebai_lm3_moveit_config/share/lebai_lm3_moveit_config/config/joint_limits.yaml
-- Up-to-date: /home/dxf/wheeltec_lebai_humble_2024_7_17/install/lebai_lm3_moveit_config/share/lebai_lm3_moveit_config/config/chomp_planning.yaml
-- Up-to-date: /home/dxf/wheeltec_lebai_humble_2024_7_17/install/lebai_lm3_moveit_config/share/lebai_lm3_moveit_config/config/cartesian_limits.yaml
-- Up-to-date: /home/dxf/wheeltec_lebai_humble_2024_7_17/install/lebai_lm3_moveit_config/share/lebai_lm3_moveit_config/config/fake_controllers.yaml
-- Up-to-date: /home/dxf/wheeltec_lebai_humble_2024_7_17/install/lebai_lm3_moveit_config/share/lebai_lm3_moveit_config/config/lebai_lm3_l1.srdf
-- Up-to-date: /home/dxf/wheeltec_lebai_humble_2024_7_17/install/lebai_lm3_moveit_config/share/lebai_lm3_moveit_config/config/lm3_controllers.yaml
-- Up-to-date: /home/dxf/wheeltec_lebai_humble_2024_7_17/install/lebai_lm3_moveit_config/share/lebai_lm3_moveit_config/config/kinematics.yaml
-- Up-to-date: /home/dxf/wheeltec_lebai_humble_2024_7_17/install/lebai_lm3_moveit_config/share/lebai_lm3_moveit_config/config/ros_controllers.yaml
-- Up-to-date: /home/dxf/wheeltec_lebai_humble_2024_7_17/install/lebai_lm3_moveit_config/share/lebai_lm3_moveit_config/.setup_assistant
