[0.028s] Invoking command in '/home/dxf/wheeltec_lebai_humble_2024_7_17/build/lebai_lm3_moveit_config': CMAKE_PREFIX_PATH=/home/dxf/wheeltec_lebai_humble_2024_7_17/install/lebai_lm3_support:/home/dxf/wheeltec_lebai_humble_2024_7_17/install/lebai_tutorials:/home/dxf/wheeltec_lebai_humble_2024_7_17/install/lebai_resources:/home/dxf/wheeltec_lebai_humble_2024_7_17/install/lebai_lm3_moveit_config:/home/dxf/wheeltec_lebai_humble_2024_7_17/install/lebai_interfaces:/home/dxf/wheeltec_lebai_humble_2024_7_17/install/grab_demo:/home/dxf/wheeltec_lebai_humble_2024_7_17/install/arm_demo:/usr/local/opencv410:/usr/local/opencv410:/home/dxf/wheeltec_lebai_humble_2024_7_17/install/lebai_driver:/opt/ros/humble /usr/bin/cmake --build /home/dxf/wheeltec_lebai_humble_2024_7_17/build/lebai_lm3_moveit_config -- -j6 -l6
[0.203s] Invoked command in '/home/dxf/wheeltec_lebai_humble_2024_7_17/build/lebai_lm3_moveit_config' returned '0': CMAKE_PREFIX_PATH=/home/dxf/wheeltec_lebai_humble_2024_7_17/install/lebai_lm3_support:/home/dxf/wheeltec_lebai_humble_2024_7_17/install/lebai_tutorials:/home/dxf/wheeltec_lebai_humble_2024_7_17/install/lebai_resources:/home/dxf/wheeltec_lebai_humble_2024_7_17/install/lebai_lm3_moveit_config:/home/dxf/wheeltec_lebai_humble_2024_7_17/install/lebai_interfaces:/home/dxf/wheeltec_lebai_humble_2024_7_17/install/grab_demo:/home/dxf/wheeltec_lebai_humble_2024_7_17/install/arm_demo:/usr/local/opencv410:/usr/local/opencv410:/home/dxf/wheeltec_lebai_humble_2024_7_17/install/lebai_driver:/opt/ros/humble /usr/bin/cmake --build /home/dxf/wheeltec_lebai_humble_2024_7_17/build/lebai_lm3_moveit_config -- -j6 -l6
[0.231s] Invoking command in '/home/dxf/wheeltec_lebai_humble_2024_7_17/build/lebai_lm3_moveit_config': CMAKE_PREFIX_PATH=/home/dxf/wheeltec_lebai_humble_2024_7_17/install/lebai_lm3_support:/home/dxf/wheeltec_lebai_humble_2024_7_17/install/lebai_tutorials:/home/dxf/wheeltec_lebai_humble_2024_7_17/install/lebai_resources:/home/dxf/wheeltec_lebai_humble_2024_7_17/install/lebai_lm3_moveit_config:/home/dxf/wheeltec_lebai_humble_2024_7_17/install/lebai_interfaces:/home/dxf/wheeltec_lebai_humble_2024_7_17/install/grab_demo:/home/dxf/wheeltec_lebai_humble_2024_7_17/install/arm_demo:/usr/local/opencv410:/usr/local/opencv410:/home/dxf/wheeltec_lebai_humble_2024_7_17/install/lebai_driver:/opt/ros/humble /usr/bin/cmake --install /home/dxf/wheeltec_lebai_humble_2024_7_17/build/lebai_lm3_moveit_config
[0.251s] -- Install configuration: ""
[0.252s] -- Up-to-date: /home/dxf/wheeltec_lebai_humble_2024_7_17/install/lebai_lm3_moveit_config/share/ament_index/resource_index/package_run_dependencies/lebai_lm3_moveit_config
[0.252s] -- Up-to-date: /home/dxf/wheeltec_lebai_humble_2024_7_17/install/lebai_lm3_moveit_config/share/ament_index/resource_index/parent_prefix_path/lebai_lm3_moveit_config
[0.252s] -- Up-to-date: /home/dxf/wheeltec_lebai_humble_2024_7_17/install/lebai_lm3_moveit_config/share/lebai_lm3_moveit_config/environment/ament_prefix_path.sh
[0.252s] -- Up-to-date: /home/dxf/wheeltec_lebai_humble_2024_7_17/install/lebai_lm3_moveit_config/share/lebai_lm3_moveit_config/environment/ament_prefix_path.dsv
[0.253s] -- Up-to-date: /home/dxf/wheeltec_lebai_humble_2024_7_17/install/lebai_lm3_moveit_config/share/lebai_lm3_moveit_config/environment/path.sh
[0.253s] -- Up-to-date: /home/dxf/wheeltec_lebai_humble_2024_7_17/install/lebai_lm3_moveit_config/share/lebai_lm3_moveit_config/environment/path.dsv
[0.253s] -- Up-to-date: /home/dxf/wheeltec_lebai_humble_2024_7_17/install/lebai_lm3_moveit_config/share/lebai_lm3_moveit_config/local_setup.bash
[0.253s] -- Up-to-date: /home/dxf/wheeltec_lebai_humble_2024_7_17/install/lebai_lm3_moveit_config/share/lebai_lm3_moveit_config/local_setup.sh
[0.253s] -- Up-to-date: /home/dxf/wheeltec_lebai_humble_2024_7_17/install/lebai_lm3_moveit_config/share/lebai_lm3_moveit_config/local_setup.zsh
[0.253s] -- Up-to-date: /home/dxf/wheeltec_lebai_humble_2024_7_17/install/lebai_lm3_moveit_config/share/lebai_lm3_moveit_config/local_setup.dsv
[0.254s] -- Installing: /home/dxf/wheeltec_lebai_humble_2024_7_17/install/lebai_lm3_moveit_config/share/lebai_lm3_moveit_config/package.dsv
[0.254s] -- Up-to-date: /home/dxf/wheeltec_lebai_humble_2024_7_17/install/lebai_lm3_moveit_config/share/ament_index/resource_index/packages/lebai_lm3_moveit_config
[0.254s] -- Up-to-date: /home/dxf/wheeltec_lebai_humble_2024_7_17/install/lebai_lm3_moveit_config/share/lebai_lm3_moveit_config/cmake/lebai_lm3_moveit_configConfig.cmake
[0.254s] -- Up-to-date: /home/dxf/wheeltec_lebai_humble_2024_7_17/install/lebai_lm3_moveit_config/share/lebai_lm3_moveit_config/cmake/lebai_lm3_moveit_configConfig-version.cmake
[0.254s] -- Up-to-date: /home/dxf/wheeltec_lebai_humble_2024_7_17/install/lebai_lm3_moveit_config/share/lebai_lm3_moveit_config/package.xml
[0.254s] -- Up-to-date: /home/dxf/wheeltec_lebai_humble_2024_7_17/install/lebai_lm3_moveit_config/share/lebai_lm3_moveit_config/launch
[0.255s] -- Up-to-date: /home/dxf/wheeltec_lebai_humble_2024_7_17/install/lebai_lm3_moveit_config/share/lebai_lm3_moveit_config/launch/lm3_l1.launch.py
[0.255s] -- Up-to-date: /home/dxf/wheeltec_lebai_humble_2024_7_17/install/lebai_lm3_moveit_config/share/lebai_lm3_moveit_config/launch/moveit_empty.rviz
[0.255s] -- Up-to-date: /home/dxf/wheeltec_lebai_humble_2024_7_17/install/lebai_lm3_moveit_config/share/lebai_lm3_moveit_config/launch/demo.launch.py
[0.255s] -- Up-to-date: /home/dxf/wheeltec_lebai_humble_2024_7_17/install/lebai_lm3_moveit_config/share/lebai_lm3_moveit_config/launch/moveit.rviz
[0.255s] -- Up-to-date: /home/dxf/wheeltec_lebai_humble_2024_7_17/install/lebai_lm3_moveit_config/share/lebai_lm3_moveit_config/launch/rviz.launch.py
[0.255s] -- Installing: /home/dxf/wheeltec_lebai_humble_2024_7_17/install/lebai_lm3_moveit_config/share/lebai_lm3_moveit_config/launch/lm3.launch.py
[0.256s] -- Up-to-date: /home/dxf/wheeltec_lebai_humble_2024_7_17/install/lebai_lm3_moveit_config/share/lebai_lm3_moveit_config/config
[0.256s] -- Up-to-date: /home/dxf/wheeltec_lebai_humble_2024_7_17/install/lebai_lm3_moveit_config/share/lebai_lm3_moveit_config/config/ompl_planning.yaml
[0.256s] -- Up-to-date: /home/dxf/wheeltec_lebai_humble_2024_7_17/install/lebai_lm3_moveit_config/share/lebai_lm3_moveit_config/config/lebai_lm3.srdf
[0.256s] -- Up-to-date: /home/dxf/wheeltec_lebai_humble_2024_7_17/install/lebai_lm3_moveit_config/share/lebai_lm3_moveit_config/config/sensors_3d.yaml
[0.256s] -- Up-to-date: /home/dxf/wheeltec_lebai_humble_2024_7_17/install/lebai_lm3_moveit_config/share/lebai_lm3_moveit_config/config/joint_limits.yaml
[0.256s] -- Up-to-date: /home/dxf/wheeltec_lebai_humble_2024_7_17/install/lebai_lm3_moveit_config/share/lebai_lm3_moveit_config/config/chomp_planning.yaml
[0.256s] -- Up-to-date: /home/dxf/wheeltec_lebai_humble_2024_7_17/install/lebai_lm3_moveit_config/share/lebai_lm3_moveit_config/config/cartesian_limits.yaml
[0.256s] -- Up-to-date: /home/dxf/wheeltec_lebai_humble_2024_7_17/install/lebai_lm3_moveit_config/share/lebai_lm3_moveit_config/config/fake_controllers.yaml
[0.257s] -- Up-to-date: /home/dxf/wheeltec_lebai_humble_2024_7_17/install/lebai_lm3_moveit_config/share/lebai_lm3_moveit_config/config/lebai_lm3_l1.srdf
[0.257s] -- Up-to-date: /home/dxf/wheeltec_lebai_humble_2024_7_17/install/lebai_lm3_moveit_config/share/lebai_lm3_moveit_config/config/lm3_controllers.yaml
[0.257s] -- Up-to-date: /home/dxf/wheeltec_lebai_humble_2024_7_17/install/lebai_lm3_moveit_config/share/lebai_lm3_moveit_config/config/kinematics.yaml
[0.257s] -- Up-to-date: /home/dxf/wheeltec_lebai_humble_2024_7_17/install/lebai_lm3_moveit_config/share/lebai_lm3_moveit_config/config/ros_controllers.yaml
[0.257s] -- Up-to-date: /home/dxf/wheeltec_lebai_humble_2024_7_17/install/lebai_lm3_moveit_config/share/lebai_lm3_moveit_config/.setup_assistant
[0.261s] Invoked command in '/home/dxf/wheeltec_lebai_humble_2024_7_17/build/lebai_lm3_moveit_config' returned '0': CMAKE_PREFIX_PATH=/home/dxf/wheeltec_lebai_humble_2024_7_17/install/lebai_lm3_support:/home/dxf/wheeltec_lebai_humble_2024_7_17/install/lebai_tutorials:/home/dxf/wheeltec_lebai_humble_2024_7_17/install/lebai_resources:/home/dxf/wheeltec_lebai_humble_2024_7_17/install/lebai_lm3_moveit_config:/home/dxf/wheeltec_lebai_humble_2024_7_17/install/lebai_interfaces:/home/dxf/wheeltec_lebai_humble_2024_7_17/install/grab_demo:/home/dxf/wheeltec_lebai_humble_2024_7_17/install/arm_demo:/usr/local/opencv410:/usr/local/opencv410:/home/dxf/wheeltec_lebai_humble_2024_7_17/install/lebai_driver:/opt/ros/humble /usr/bin/cmake --install /home/dxf/wheeltec_lebai_humble_2024_7_17/build/lebai_lm3_moveit_config
