-- Install configuration: ""
-- Up-to-date: /home/dxf/wheeltec_lebai_humble_2024_7_17/install/lebai_lm3_support/share/lebai_lm3_support/launch
-- Up-to-date: /home/dxf/wheeltec_lebai_humble_2024_7_17/install/lebai_lm3_support/share/lebai_lm3_support/launch/standalone_lm3.launch.py
-- Up-to-date: /home/dxf/wheeltec_lebai_humble_2024_7_17/install/lebai_lm3_support/share/lebai_lm3_support/launch/robot_interface_lm3_l1.launch.py
-- Up-to-date: /home/dxf/wheeltec_lebai_humble_2024_7_17/install/lebai_lm3_support/share/lebai_lm3_support/launch/display_lm3_with_gripper.launch.py
-- Up-to-date: /home/dxf/wheeltec_lebai_humble_2024_7_17/install/lebai_lm3_support/share/lebai_lm3_support/launch/display_lm3_l1.launch.py
-- Up-to-date: /home/dxf/wheeltec_lebai_humble_2024_7_17/install/lebai_lm3_support/share/lebai_lm3_support/launch/robot_interface_lm3.launch.py
-- Up-to-date: /home/dxf/wheeltec_lebai_humble_2024_7_17/install/lebai_lm3_support/share/lebai_lm3_support/launch/display_lm3.launch.py
-- Up-to-date: /home/dxf/wheeltec_lebai_humble_2024_7_17/install/lebai_lm3_support/share/lebai_lm3_support/launch/display_lm3_l1_with_gripper.launch.py
-- Up-to-date: /home/dxf/wheeltec_lebai_humble_2024_7_17/install/lebai_lm3_support/share/lebai_lm3_support/meshes
-- Up-to-date: /home/dxf/wheeltec_lebai_humble_2024_7_17/install/lebai_lm3_support/share/lebai_lm3_support/meshes/lm3
-- Up-to-date: /home/dxf/wheeltec_lebai_humble_2024_7_17/install/lebai_lm3_support/share/lebai_lm3_support/meshes/lm3/visual
-- Up-to-date: /home/dxf/wheeltec_lebai_humble_2024_7_17/install/lebai_lm3_support/share/lebai_lm3_support/meshes/lm3/visual/link2.stl
-- Up-to-date: /home/dxf/wheeltec_lebai_humble_2024_7_17/install/lebai_lm3_support/share/lebai_lm3_support/meshes/lm3/visual/link6.stl
-- Up-to-date: /home/dxf/wheeltec_lebai_humble_2024_7_17/install/lebai_lm3_support/share/lebai_lm3_support/meshes/lm3/visual/link4.stl
-- Up-to-date: /home/dxf/wheeltec_lebai_humble_2024_7_17/install/lebai_lm3_support/share/lebai_lm3_support/meshes/lm3/visual/link3.stl
-- Up-to-date: /home/dxf/wheeltec_lebai_humble_2024_7_17/install/lebai_lm3_support/share/lebai_lm3_support/meshes/lm3/visual/base_link.stl
-- Up-to-date: /home/dxf/wheeltec_lebai_humble_2024_7_17/install/lebai_lm3_support/share/lebai_lm3_support/meshes/lm3/visual/link5.stl
-- Up-to-date: /home/dxf/wheeltec_lebai_humble_2024_7_17/install/lebai_lm3_support/share/lebai_lm3_support/meshes/lm3/visual/link1.stl
-- Up-to-date: /home/dxf/wheeltec_lebai_humble_2024_7_17/install/lebai_lm3_support/share/lebai_lm3_support/meshes/lm3/visual/s300_car_base_link.stl
-- Up-to-date: /home/dxf/wheeltec_lebai_humble_2024_7_17/install/lebai_lm3_support/share/lebai_lm3_support/meshes/lm3/visual/s300_mini_car_base_link.stl
-- Up-to-date: /home/dxf/wheeltec_lebai_humble_2024_7_17/install/lebai_lm3_support/share/lebai_lm3_support/meshes/lm3/collision
-- Up-to-date: /home/dxf/wheeltec_lebai_humble_2024_7_17/install/lebai_lm3_support/share/lebai_lm3_support/meshes/lm3/collision/link2.stl
-- Up-to-date: /home/dxf/wheeltec_lebai_humble_2024_7_17/install/lebai_lm3_support/share/lebai_lm3_support/meshes/lm3/collision/link6.stl
-- Up-to-date: /home/dxf/wheeltec_lebai_humble_2024_7_17/install/lebai_lm3_support/share/lebai_lm3_support/meshes/lm3/collision/link4.stl
-- Up-to-date: /home/dxf/wheeltec_lebai_humble_2024_7_17/install/lebai_lm3_support/share/lebai_lm3_support/meshes/lm3/collision/link3.stl
-- Up-to-date: /home/dxf/wheeltec_lebai_humble_2024_7_17/install/lebai_lm3_support/share/lebai_lm3_support/meshes/lm3/collision/base_link.stl
-- Up-to-date: /home/dxf/wheeltec_lebai_humble_2024_7_17/install/lebai_lm3_support/share/lebai_lm3_support/meshes/lm3/collision/link5.stl
-- Up-to-date: /home/dxf/wheeltec_lebai_humble_2024_7_17/install/lebai_lm3_support/share/lebai_lm3_support/meshes/lm3/collision/link1.stl
-- Up-to-date: /home/dxf/wheeltec_lebai_humble_2024_7_17/install/lebai_lm3_support/share/lebai_lm3_support/meshes/lm3/collision/s300_car_base_link.stl
-- Up-to-date: /home/dxf/wheeltec_lebai_humble_2024_7_17/install/lebai_lm3_support/share/lebai_lm3_support/meshes/lm3/collision/s300_mini_car_base_link.stl
-- Up-to-date: /home/dxf/wheeltec_lebai_humble_2024_7_17/install/lebai_lm3_support/share/lebai_lm3_support/meshes/gripper
-- Up-to-date: /home/dxf/wheeltec_lebai_humble_2024_7_17/install/lebai_lm3_support/share/lebai_lm3_support/meshes/gripper/visual
-- Up-to-date: /home/dxf/wheeltec_lebai_humble_2024_7_17/install/lebai_lm3_support/share/lebai_lm3_support/meshes/gripper/visual/gripper_base.stl
-- Up-to-date: /home/dxf/wheeltec_lebai_humble_2024_7_17/install/lebai_lm3_support/share/lebai_lm3_support/meshes/gripper/visual/gripper_link2.stl
-- Up-to-date: /home/dxf/wheeltec_lebai_humble_2024_7_17/install/lebai_lm3_support/share/lebai_lm3_support/meshes/gripper/visual/gripper_link1.stl
-- Up-to-date: /home/dxf/wheeltec_lebai_humble_2024_7_17/install/lebai_lm3_support/share/lebai_lm3_support/meshes/gripper/visual/gripper_link_finger.stl
-- Up-to-date: /home/dxf/wheeltec_lebai_humble_2024_7_17/install/lebai_lm3_support/share/lebai_lm3_support/meshes/gripper/collision
-- Up-to-date: /home/dxf/wheeltec_lebai_humble_2024_7_17/install/lebai_lm3_support/share/lebai_lm3_support/meshes/gripper/collision/gripper_base.stl
-- Up-to-date: /home/dxf/wheeltec_lebai_humble_2024_7_17/install/lebai_lm3_support/share/lebai_lm3_support/meshes/gripper/collision/gripper_link2.stl
-- Up-to-date: /home/dxf/wheeltec_lebai_humble_2024_7_17/install/lebai_lm3_support/share/lebai_lm3_support/meshes/gripper/collision/gripper_link1.stl
-- Up-to-date: /home/dxf/wheeltec_lebai_humble_2024_7_17/install/lebai_lm3_support/share/lebai_lm3_support/meshes/gripper/collision/gripper_link_finger.stl
-- Up-to-date: /home/dxf/wheeltec_lebai_humble_2024_7_17/install/lebai_lm3_support/share/lebai_lm3_support/meshes/lm3_l1
-- Up-to-date: /home/dxf/wheeltec_lebai_humble_2024_7_17/install/lebai_lm3_support/share/lebai_lm3_support/meshes/lm3_l1/visual
-- Up-to-date: /home/dxf/wheeltec_lebai_humble_2024_7_17/install/lebai_lm3_support/share/lebai_lm3_support/meshes/lm3_l1/visual/link2.stl
-- Up-to-date: /home/dxf/wheeltec_lebai_humble_2024_7_17/install/lebai_lm3_support/share/lebai_lm3_support/meshes/lm3_l1/visual/link6.stl
-- Up-to-date: /home/dxf/wheeltec_lebai_humble_2024_7_17/install/lebai_lm3_support/share/lebai_lm3_support/meshes/lm3_l1/visual/link4.stl
-- Up-to-date: /home/dxf/wheeltec_lebai_humble_2024_7_17/install/lebai_lm3_support/share/lebai_lm3_support/meshes/lm3_l1/visual/link3.stl
-- Up-to-date: /home/dxf/wheeltec_lebai_humble_2024_7_17/install/lebai_lm3_support/share/lebai_lm3_support/meshes/lm3_l1/visual/base_link.stl
-- Up-to-date: /home/dxf/wheeltec_lebai_humble_2024_7_17/install/lebai_lm3_support/share/lebai_lm3_support/meshes/lm3_l1/visual/link5.stl
-- Up-to-date: /home/dxf/wheeltec_lebai_humble_2024_7_17/install/lebai_lm3_support/share/lebai_lm3_support/meshes/lm3_l1/visual/link1.stl
-- Up-to-date: /home/dxf/wheeltec_lebai_humble_2024_7_17/install/lebai_lm3_support/share/lebai_lm3_support/meshes/lm3_l1/collision
-- Up-to-date: /home/dxf/wheeltec_lebai_humble_2024_7_17/install/lebai_lm3_support/share/lebai_lm3_support/meshes/lm3_l1/collision/link2.stl
-- Up-to-date: /home/dxf/wheeltec_lebai_humble_2024_7_17/install/lebai_lm3_support/share/lebai_lm3_support/meshes/lm3_l1/collision/link6.stl
-- Up-to-date: /home/dxf/wheeltec_lebai_humble_2024_7_17/install/lebai_lm3_support/share/lebai_lm3_support/meshes/lm3_l1/collision/link4.stl
-- Up-to-date: /home/dxf/wheeltec_lebai_humble_2024_7_17/install/lebai_lm3_support/share/lebai_lm3_support/meshes/lm3_l1/collision/link3.stl
-- Up-to-date: /home/dxf/wheeltec_lebai_humble_2024_7_17/install/lebai_lm3_support/share/lebai_lm3_support/meshes/lm3_l1/collision/base_link.stl
-- Up-to-date: /home/dxf/wheeltec_lebai_humble_2024_7_17/install/lebai_lm3_support/share/lebai_lm3_support/meshes/lm3_l1/collision/link5.stl
-- Up-to-date: /home/dxf/wheeltec_lebai_humble_2024_7_17/install/lebai_lm3_support/share/lebai_lm3_support/meshes/lm3_l1/collision/link1.stl
-- Up-to-date: /home/dxf/wheeltec_lebai_humble_2024_7_17/install/lebai_lm3_support/share/lebai_lm3_support/config
-- Up-to-date: /home/dxf/wheeltec_lebai_humble_2024_7_17/install/lebai_lm3_support/share/lebai_lm3_support/config/joint_names_two_lm3.yaml
-- Up-to-date: /home/dxf/wheeltec_lebai_humble_2024_7_17/install/lebai_lm3_support/share/lebai_lm3_support/config/joint_names_lm3.yaml
-- Up-to-date: /home/dxf/wheeltec_lebai_humble_2024_7_17/install/lebai_lm3_support/share/lebai_lm3_support/config/joint_names_gripper.yaml
-- Up-to-date: /home/dxf/wheeltec_lebai_humble_2024_7_17/install/lebai_lm3_support/share/lebai_lm3_support/rviz
-- Up-to-date: /home/dxf/wheeltec_lebai_humble_2024_7_17/install/lebai_lm3_support/share/lebai_lm3_support/rviz/view.rviz
-- Up-to-date: /home/dxf/wheeltec_lebai_humble_2024_7_17/install/lebai_lm3_support/share/lebai_lm3_support/urdf
-- Up-to-date: /home/dxf/wheeltec_lebai_humble_2024_7_17/install/lebai_lm3_support/share/lebai_lm3_support/urdf/lm3_with_gripper.xacro
-- Up-to-date: /home/dxf/wheeltec_lebai_humble_2024_7_17/install/lebai_lm3_support/share/lebai_lm3_support/urdf/lm3_l1_macro.xacro
-- Up-to-date: /home/dxf/wheeltec_lebai_humble_2024_7_17/install/lebai_lm3_support/share/lebai_lm3_support/urdf/lm3_l1.xacro
-- Up-to-date: /home/dxf/wheeltec_lebai_humble_2024_7_17/install/lebai_lm3_support/share/lebai_lm3_support/urdf/lm3_macro.xacro
-- Up-to-date: /home/dxf/wheeltec_lebai_humble_2024_7_17/install/lebai_lm3_support/share/lebai_lm3_support/urdf/lm3.urdf
-- Up-to-date: /home/dxf/wheeltec_lebai_humble_2024_7_17/install/lebai_lm3_support/share/lebai_lm3_support/urdf/gripper_macro.xacro
-- Up-to-date: /home/dxf/wheeltec_lebai_humble_2024_7_17/install/lebai_lm3_support/share/lebai_lm3_support/urdf/two_lm3.xacro
-- Up-to-date: /home/dxf/wheeltec_lebai_humble_2024_7_17/install/lebai_lm3_support/share/lebai_lm3_support/urdf/lm3.xacro
-- Up-to-date: /home/dxf/wheeltec_lebai_humble_2024_7_17/install/lebai_lm3_support/share/lebai_lm3_support/urdf/gripper.xacro
-- Up-to-date: /home/dxf/wheeltec_lebai_humble_2024_7_17/install/lebai_lm3_support/share/lebai_lm3_support/urdf/lm3_l1_with_gripper.xacro
-- Up-to-date: /home/dxf/wheeltec_lebai_humble_2024_7_17/install/lebai_lm3_support/share/ament_index/resource_index/package_run_dependencies/lebai_lm3_support
-- Up-to-date: /home/dxf/wheeltec_lebai_humble_2024_7_17/install/lebai_lm3_support/share/ament_index/resource_index/parent_prefix_path/lebai_lm3_support
-- Up-to-date: /home/dxf/wheeltec_lebai_humble_2024_7_17/install/lebai_lm3_support/share/lebai_lm3_support/environment/ament_prefix_path.sh
-- Up-to-date: /home/dxf/wheeltec_lebai_humble_2024_7_17/install/lebai_lm3_support/share/lebai_lm3_support/environment/ament_prefix_path.dsv
-- Up-to-date: /home/dxf/wheeltec_lebai_humble_2024_7_17/install/lebai_lm3_support/share/lebai_lm3_support/environment/path.sh
-- Up-to-date: /home/dxf/wheeltec_lebai_humble_2024_7_17/install/lebai_lm3_support/share/lebai_lm3_support/environment/path.dsv
-- Up-to-date: /home/dxf/wheeltec_lebai_humble_2024_7_17/install/lebai_lm3_support/share/lebai_lm3_support/local_setup.bash
-- Up-to-date: /home/dxf/wheeltec_lebai_humble_2024_7_17/install/lebai_lm3_support/share/lebai_lm3_support/local_setup.sh
-- Up-to-date: /home/dxf/wheeltec_lebai_humble_2024_7_17/install/lebai_lm3_support/share/lebai_lm3_support/local_setup.zsh
-- Up-to-date: /home/dxf/wheeltec_lebai_humble_2024_7_17/install/lebai_lm3_support/share/lebai_lm3_support/local_setup.dsv
-- Installing: /home/dxf/wheeltec_lebai_humble_2024_7_17/install/lebai_lm3_support/share/lebai_lm3_support/package.dsv
-- Up-to-date: /home/dxf/wheeltec_lebai_humble_2024_7_17/install/lebai_lm3_support/share/ament_index/resource_index/packages/lebai_lm3_support
-- Up-to-date: /home/dxf/wheeltec_lebai_humble_2024_7_17/install/lebai_lm3_support/share/lebai_lm3_support/cmake/lebai_lm3_supportConfig.cmake
-- Up-to-date: /home/dxf/wheeltec_lebai_humble_2024_7_17/install/lebai_lm3_support/share/lebai_lm3_support/cmake/lebai_lm3_supportConfig-version.cmake
-- Up-to-date: /home/dxf/wheeltec_lebai_humble_2024_7_17/install/lebai_lm3_support/share/lebai_lm3_support/package.xml
