-- Install configuration: ""
-- Up-to-date: /home/dxf/wheeltec_lebai_humble_2024_7_17/install/lebai_resources/share/lebai_resources/urdf
-- Up-to-date: /home/dxf/wheeltec_lebai_humble_2024_7_17/install/lebai_resources/share/lebai_resources/urdf/common_constants.xacro
-- Up-to-date: /home/dxf/wheeltec_lebai_humble_2024_7_17/install/lebai_resources/share/lebai_resources/urdf/common_materials.xacro
-- Up-to-date: /home/dxf/wheeltec_lebai_humble_2024_7_17/install/lebai_resources/share/lebai_resources/urdf/common_colours.xacro
-- Up-to-date: /home/dxf/wheeltec_lebai_humble_2024_7_17/install/lebai_resources/share/ament_index/resource_index/package_run_dependencies/lebai_resources
-- Up-to-date: /home/dxf/wheeltec_lebai_humble_2024_7_17/install/lebai_resources/share/ament_index/resource_index/parent_prefix_path/lebai_resources
-- Up-to-date: /home/dxf/wheeltec_lebai_humble_2024_7_17/install/lebai_resources/share/lebai_resources/environment/ament_prefix_path.sh
-- Up-to-date: /home/dxf/wheeltec_lebai_humble_2024_7_17/install/lebai_resources/share/lebai_resources/environment/ament_prefix_path.dsv
-- Up-to-date: /home/dxf/wheeltec_lebai_humble_2024_7_17/install/lebai_resources/share/lebai_resources/environment/path.sh
-- Up-to-date: /home/dxf/wheeltec_lebai_humble_2024_7_17/install/lebai_resources/share/lebai_resources/environment/path.dsv
-- Up-to-date: /home/dxf/wheeltec_lebai_humble_2024_7_17/install/lebai_resources/share/lebai_resources/local_setup.bash
-- Up-to-date: /home/dxf/wheeltec_lebai_humble_2024_7_17/install/lebai_resources/share/lebai_resources/local_setup.sh
-- Up-to-date: /home/dxf/wheeltec_lebai_humble_2024_7_17/install/lebai_resources/share/lebai_resources/local_setup.zsh
-- Up-to-date: /home/dxf/wheeltec_lebai_humble_2024_7_17/install/lebai_resources/share/lebai_resources/local_setup.dsv
-- Up-to-date: /home/dxf/wheeltec_lebai_humble_2024_7_17/install/lebai_resources/share/lebai_resources/package.dsv
-- Up-to-date: /home/dxf/wheeltec_lebai_humble_2024_7_17/install/lebai_resources/share/ament_index/resource_index/packages/lebai_resources
-- Up-to-date: /home/dxf/wheeltec_lebai_humble_2024_7_17/install/lebai_resources/share/lebai_resources/cmake/lebai_resourcesConfig.cmake
-- Up-to-date: /home/dxf/wheeltec_lebai_humble_2024_7_17/install/lebai_resources/share/lebai_resources/cmake/lebai_resourcesConfig-version.cmake
-- Up-to-date: /home/dxf/wheeltec_lebai_humble_2024_7_17/install/lebai_resources/share/lebai_resources/package.xml
