[2.017s] Invoking command in '/home/dxf/wheeltec_lebai_humble_2024_7_17/build/lebai_resources': CMAKE_PREFIX_PATH=${CMAKE_PREFIX_PATH}:/home/dxf/WHEELTEC_S300Pro_mini/install/wheeltec_robot_keyboard:/home/dxf/WHEELTEC_S300Pro_mini/install/simple_follower_ros2:/home/dxf/WHEELTEC_S300Pro_mini/install/ollama_ros_chat:/home/dxf/WHEELTEC_S300Pro_mini/install/nav2_waypoint_cycle:/home/dxf/WHEELTEC_S300Pro_mini/install/auto_recharge_ros2:/opt/ros/humble PS1=\n(TraeAI-5) \w [$?] $ __trae_PS1=\n(TraeAI-5) \w [$?] $ /usr/bin/cmake --build /home/dxf/wheeltec_lebai_humble_2024_7_17/build/lebai_resources -- -j6 -l6
[2.621s] Invoked command in '/home/dxf/wheeltec_lebai_humble_2024_7_17/build/lebai_resources' returned '0': CMAKE_PREFIX_PATH=${CMAKE_PREFIX_PATH}:/home/dxf/WHEELTEC_S300Pro_mini/install/wheeltec_robot_keyboard:/home/dxf/WHEELTEC_S300Pro_mini/install/simple_follower_ros2:/home/dxf/WHEELTEC_S300Pro_mini/install/ollama_ros_chat:/home/dxf/WHEELTEC_S300Pro_mini/install/nav2_waypoint_cycle:/home/dxf/WHEELTEC_S300Pro_mini/install/auto_recharge_ros2:/opt/ros/humble PS1=\n(TraeAI-5) \w [$?] $ __trae_PS1=\n(TraeAI-5) \w [$?] $ /usr/bin/cmake --build /home/dxf/wheeltec_lebai_humble_2024_7_17/build/lebai_resources -- -j6 -l6
[2.646s] Invoking command in '/home/dxf/wheeltec_lebai_humble_2024_7_17/build/lebai_resources': CMAKE_PREFIX_PATH=${CMAKE_PREFIX_PATH}:/home/dxf/WHEELTEC_S300Pro_mini/install/wheeltec_robot_keyboard:/home/dxf/WHEELTEC_S300Pro_mini/install/simple_follower_ros2:/home/dxf/WHEELTEC_S300Pro_mini/install/ollama_ros_chat:/home/dxf/WHEELTEC_S300Pro_mini/install/nav2_waypoint_cycle:/home/dxf/WHEELTEC_S300Pro_mini/install/auto_recharge_ros2:/opt/ros/humble PS1=\n(TraeAI-5) \w [$?] $ __trae_PS1=\n(TraeAI-5) \w [$?] $ /usr/bin/cmake --install /home/dxf/wheeltec_lebai_humble_2024_7_17/build/lebai_resources
[2.814s] -- Install configuration: ""
[2.814s] -- Up-to-date: /home/dxf/wheeltec_lebai_humble_2024_7_17/install/lebai_resources/share/lebai_resources/urdf
[2.827s] -- Up-to-date: /home/dxf/wheeltec_lebai_humble_2024_7_17/install/lebai_resources/share/lebai_resources/urdf/common_constants.xacro
[2.828s] -- Up-to-date: /home/dxf/wheeltec_lebai_humble_2024_7_17/install/lebai_resources/share/lebai_resources/urdf/common_materials.xacro
[2.828s] -- Up-to-date: /home/dxf/wheeltec_lebai_humble_2024_7_17/install/lebai_resources/share/lebai_resources/urdf/common_colours.xacro
[2.828s] -- Up-to-date: /home/dxf/wheeltec_lebai_humble_2024_7_17/install/lebai_resources/share/ament_index/resource_index/package_run_dependencies/lebai_resources
[2.828s] -- Up-to-date: /home/dxf/wheeltec_lebai_humble_2024_7_17/install/lebai_resources/share/ament_index/resource_index/parent_prefix_path/lebai_resources
[2.828s] -- Up-to-date: /home/dxf/wheeltec_lebai_humble_2024_7_17/install/lebai_resources/share/lebai_resources/environment/ament_prefix_path.sh
[2.828s] -- Up-to-date: /home/dxf/wheeltec_lebai_humble_2024_7_17/install/lebai_resources/share/lebai_resources/environment/ament_prefix_path.dsv
[2.828s] -- Up-to-date: /home/dxf/wheeltec_lebai_humble_2024_7_17/install/lebai_resources/share/lebai_resources/environment/path.sh
[2.829s] -- Up-to-date: /home/dxf/wheeltec_lebai_humble_2024_7_17/install/lebai_resources/share/lebai_resources/environment/path.dsv
[2.829s] -- Up-to-date: /home/dxf/wheeltec_lebai_humble_2024_7_17/install/lebai_resources/share/lebai_resources/local_setup.bash
[2.829s] -- Up-to-date: /home/dxf/wheeltec_lebai_humble_2024_7_17/install/lebai_resources/share/lebai_resources/local_setup.sh
[2.829s] -- Up-to-date: /home/dxf/wheeltec_lebai_humble_2024_7_17/install/lebai_resources/share/lebai_resources/local_setup.zsh
[2.829s] -- Up-to-date: /home/dxf/wheeltec_lebai_humble_2024_7_17/install/lebai_resources/share/lebai_resources/local_setup.dsv
[2.829s] -- Up-to-date: /home/dxf/wheeltec_lebai_humble_2024_7_17/install/lebai_resources/share/lebai_resources/package.dsv
[2.829s] -- Up-to-date: /home/dxf/wheeltec_lebai_humble_2024_7_17/install/lebai_resources/share/ament_index/resource_index/packages/lebai_resources
[2.830s] -- Up-to-date: /home/dxf/wheeltec_lebai_humble_2024_7_17/install/lebai_resources/share/lebai_resources/cmake/lebai_resourcesConfig.cmake
[2.831s] -- Up-to-date: /home/dxf/wheeltec_lebai_humble_2024_7_17/install/lebai_resources/share/lebai_resources/cmake/lebai_resourcesConfig-version.cmake
[2.831s] -- Up-to-date: /home/dxf/wheeltec_lebai_humble_2024_7_17/install/lebai_resources/share/lebai_resources/package.xml
[2.850s] Invoked command in '/home/dxf/wheeltec_lebai_humble_2024_7_17/build/lebai_resources' returned '0': CMAKE_PREFIX_PATH=${CMAKE_PREFIX_PATH}:/home/dxf/WHEELTEC_S300Pro_mini/install/wheeltec_robot_keyboard:/home/dxf/WHEELTEC_S300Pro_mini/install/simple_follower_ros2:/home/dxf/WHEELTEC_S300Pro_mini/install/ollama_ros_chat:/home/dxf/WHEELTEC_S300Pro_mini/install/nav2_waypoint_cycle:/home/dxf/WHEELTEC_S300Pro_mini/install/auto_recharge_ros2:/opt/ros/humble PS1=\n(TraeAI-5) \w [$?] $ __trae_PS1=\n(TraeAI-5) \w [$?] $ /usr/bin/cmake --install /home/dxf/wheeltec_lebai_humble_2024_7_17/build/lebai_resources
