[0.000000] (-) TimerEvent: {}
[0.000278] (-) JobUnselected: {'identifier': 'arm_demo'}
[0.000578] (-) JobUnselected: {'identifier': 'lebai_driver'}
[0.001063] (-) JobUnselected: {'identifier': 'lebai_interfaces'}
[0.001346] (-) JobUnselected: {'identifier': 'lebai_lm3_moveit_config'}
[0.001617] (-) JobUnselected: {'identifier': 'lebai_lm3_support'}
[0.001713] (-) JobUnselected: {'identifier': 'lebai_resources'}
[0.001783] (-) JobUnselected: {'identifier': 'lebai_tutorials'}
[0.001853] (grab_demo) JobQueued: {'identifier': 'grab_demo', 'dependencies': OrderedDict()}
[0.001926] (grab_demo) JobStarted: {'identifier': 'grab_demo'}
[0.026447] (grab_demo) JobProgress: {'identifier': 'grab_demo', 'progress': 'cmake'}
[0.027984] (grab_demo) JobProgress: {'identifier': 'grab_demo', 'progress': 'build'}
[0.029550] (grab_demo) Command: {'cmd': ['/usr/bin/cmake', '--build', '/home/dxf/wheeltec_lebai_humble_2024_7_17/build/grab_demo', '--', '-j6', '-l6'], 'cwd': '/home/dxf/wheeltec_lebai_humble_2024_7_17/build/grab_demo', 'env': OrderedDict([('LESSOPEN', '| /usr/bin/lesspipe %s'), ('VSCODE_CWD', '/home/dxf'), ('VSCODE_ESM_ENTRYPOINT', 'vs/workbench/api/node/extensionHostProcess'), ('LANGUAGE', 'zh_CN:en_US:en'), ('USER', 'dxf'), ('SSH_CLIENT', '192.168.0.66 55755 22'), ('LC_TIME', 'zh_CN.UTF-8'), ('VSCODE_NLS_CONFIG', '{"userLocale":"zh-cn","osLocale":"zh-cn","resolvedLanguage":"zh-cn","defaultMessagesFile":"/home/dxf/.cursor-server/bin/5c17eb2968a37f66bc6662f48d6356a100b67be0/out/nls.messages.json","languagePack":{"translationsConfigFile":"/home/dxf/.cursor-server/data/clp/6fe284ae87274d9cb2cdffc89b193492.zh-cn/tcf.json","messagesFile":"/home/dxf/.cursor-server/data/clp/6fe284ae87274d9cb2cdffc89b193492.zh-cn/5c17eb2968a37f66bc6662f48d6356a100b67be0/nls.messages.json","corruptMarkerFile":"/home/dxf/.cursor-server/data/clp/6fe284ae87274d9cb2cdffc89b193492.zh-cn/corrupted.info"},"locale":"zh-cn","availableLanguages":{"*":"zh-cn"},"_languagePackId":"6fe284ae87274d9cb2cdffc89b193492.zh-cn","_languagePackSupport":true,"_translationsConfigFile":"/home/dxf/.cursor-server/data/clp/6fe284ae87274d9cb2cdffc89b193492.zh-cn/tcf.json","_cacheRoot":"/home/dxf/.cursor-server/data/clp/6fe284ae87274d9cb2cdffc89b193492.zh-cn","_resolvedLanguagePackCoreLocation":"/home/dxf/.cursor-server/data/clp/6fe284ae87274d9cb2cdffc89b193492.zh-cn/5c17eb2968a37f66bc6662f48d6356a100b67be0","_corruptedFile":"/home/dxf/.cursor-server/data/clp/6fe284ae87274d9cb2cdffc89b193492.zh-cn/corrupted.info"}'), ('VSCODE_HANDLES_UNCAUGHT_ERRORS', 'true'), ('XDG_SESSION_TYPE', 'tty'), ('SHLVL', '0'), ('LD_LIBRARY_PATH', '/usr/local/opencv410/lib:/usr/local/lib:/usr/local/cuda-12.6/lib64:/usr/local/opencv410/lib:/usr/local/lib:/home/dxf/WHEELTEC_S300Pro_mini/install/yesense_interface/lib:/home/dxf/WHEELTEC_S300Pro_mini/install/wheeltec_rrt_msg/lib:/home/dxf/WHEELTEC_S300Pro_mini/install/wheeltec_robot_rrt/lib:/home/dxf/WHEELTEC_S300Pro_mini/install/wheeltec_mic_msg/lib:/home/dxf/WHEELTEC_S300Pro_mini/install/usb_cam/lib:/home/dxf/WHEELTEC_S300Pro_mini/install/turn_on_wheeltec_robot/lib:/home/dxf/WHEELTEC_S300Pro_mini/install/serial/lib:/home/dxf/WHEELTEC_S300Pro_mini/install/robot_interfaces/lib:/home/dxf/WHEELTEC_S300Pro_mini/install/orb_slam2_ros/lib:/home/dxf/WHEELTEC_S300Pro_mini/install/openslam_gmapping/lib:/home/dxf/WHEELTEC_S300Pro_mini/install/ollama_ros_msgs/lib:/home/dxf/WHEELTEC_S300Pro_mini/install/lslidar_msgs/lib:/home/dxf/WHEELTEC_S300Pro_mini/install/bodyreader_msg/lib:/home/dxf/WHEELTEC_S300Pro_mini/install/astra_camera/lib:/home/dxf/WHEELTEC_S300Pro_mini/install/astra_camera_msgs/lib:/home/dxf/WHEELTEC_S300Pro_mini/install/aruco_ros/lib:/home/dxf/WHEELTEC_S300Pro_mini/install/aruco_msgs/lib:/home/dxf/WHEELTEC_S300Pro_mini/install/aruco/lib:/opt/ros/humble/opt/rviz_ogre_vendor/lib:/opt/ros/humble/lib/aarch64-linux-gnu:/opt/ros/humble/lib:/usr/local/cuda-12.6/lib64:'), ('BROWSER', '/home/dxf/.cursor-server/bin/5c17eb2968a37f66bc6662f48d6356a100b67be0/bin/helpers/browser.sh'), ('MOTD_SHOWN', 'pam'), ('HOME', '/home/dxf'), ('OLDPWD', '/home/dxf/wheeltec_lebai_humble_2024_7_17'), ('VSCODE_IPC_HOOK_CLI', '/run/user/1000/vscode-ipc-540e1153-c3c9-4bd3-a392-a29dd083c6e4.sock'), ('ROS_PYTHON_VERSION', '3'), ('LC_MONETARY', 'zh_CN.UTF-8'), ('NO_COLOR', '1'), ('DBUS_SESSION_BUS_ADDRESS', 'unix:path=/run/user/1000/bus'), ('VSCODE_L10N_BUNDLE_LOCATION', 'vscode-local:/Users/liquanyan/.cursor/extensions/ms-ceintl.vscode-language-pack-zh-hans-1.99.0-universal/translations/extensions/vscode.json-language-features.i18n.json'), ('COLCON_PREFIX_PATH', '/home/dxf/WHEELTEC_S300Pro_mini/install'), ('ROS_DISTRO', 'humble'), ('LOGNAME', 'dxf'), ('FORCE_COLOR', '0'), ('VSCODE_HANDLES_SIGPIPE', 'true'), ('_', '/usr/bin/colcon'), ('ROS_VERSION', '2'), ('PKG_CONFIG_PATH', '/usr/local/opencv410/lib/pkgconfig:/usr/local/opencv410/lib/pkgconfig:'), ('XDG_SESSION_CLASS', 'user'), ('TERM', 'dumb'), ('XDG_SESSION_ID', '7'), ('ROS_LOCALHOST_ONLY', '0'), ('COMPOSER_NO_INTERACTION', '1'), ('PATH', '/usr/local/cuda-12.6/bin:/home/dxf/.cursor-server/bin/5c17eb2968a37f66bc6662f48d6356a100b67be0/bin/remote-cli:/opt/ros/humble/bin:/usr/local/cuda-12.6/bin:/home/dxf/.cursor-server/bin/5c17eb2968a37f66bc6662f48d6356a100b67be0/bin/remote-cli:/usr/local/sbin:/usr/local/bin:/usr/sbin:/usr/bin:/sbin:/bin:/usr/games:/usr/local/games:/snap/bin'), ('VSCODE_AGENT_FOLDER', '/home/dxf/.cursor-server'), ('PAPERSIZE', 'a4'), ('LC_ADDRESS', 'zh_CN.UTF-8'), ('XDG_RUNTIME_DIR', '/run/user/1000'), ('CURSOR_AGENT', '1'), ('DISPLAY', 'localhost:11.0'), ('LANG', 'zh_CN.UTF-8'), ('LC_TELEPHONE', 'zh_CN.UTF-8'), ('LS_COLORS', ''), ('AMENT_PREFIX_PATH', '/home/dxf/WHEELTEC_S300Pro_mini/install/yesense_std_ros2:/home/dxf/WHEELTEC_S300Pro_mini/install/yesense_interface:/home/dxf/WHEELTEC_S300Pro_mini/install/wheeltec_ultrasonic:/home/dxf/WHEELTEC_S300Pro_mini/install/wheeltec_slam_toolbox:/home/dxf/WHEELTEC_S300Pro_mini/install/wheeltec_rviz2:/home/dxf/WHEELTEC_S300Pro_mini/install/wheeltec_rrt_msg:/home/dxf/WHEELTEC_S300Pro_mini/install/wheeltec_robot_rtab:/home/dxf/WHEELTEC_S300Pro_mini/install/wheeltec_robot_rrt:/home/dxf/WHEELTEC_S300Pro_mini/install/wheeltec_robot_keyboard:/home/dxf/WHEELTEC_S300Pro_mini/install/wheeltec_robot_kcf:/home/dxf/WHEELTEC_S300Pro_mini/install/wheeltec_path_follow:/home/dxf/WHEELTEC_S300Pro_mini/install/wheeltec_nav2:/home/dxf/WHEELTEC_S300Pro_mini/install/wheeltec_mic_ros2:/home/dxf/WHEELTEC_S300Pro_mini/install/wheeltec_mic_msg:/home/dxf/WHEELTEC_S300Pro_mini/install/wheeltec_joy:/home/dxf/WHEELTEC_S300Pro_mini/install/wheeltec_cartographer:/home/dxf/WHEELTEC_S300Pro_mini/install/web_video_server:/home/dxf/WHEELTEC_S300Pro_mini/install/usb_cam:/home/dxf/WHEELTEC_S300Pro_mini/install/simple_follower_ros2:/home/dxf/WHEELTEC_S300Pro_mini/install/turn_on_wheeltec_robot:/home/dxf/WHEELTEC_S300Pro_mini/install/slam_gmapping:/home/dxf/WHEELTEC_S300Pro_mini/install/bodyreader:/home/dxf/WHEELTEC_S300Pro_mini/install/serial:/home/dxf/WHEELTEC_S300Pro_mini/install/robot_interfaces:/home/dxf/WHEELTEC_S300Pro_mini/install/rm_description:/home/dxf/WHEELTEC_S300Pro_mini/install/qt_ros_test:/home/dxf/WHEELTEC_S300Pro_mini/install/orb_slam2_ros:/home/dxf/WHEELTEC_S300Pro_mini/install/openslam_gmapping:/home/dxf/WHEELTEC_S300Pro_mini/install/ollama_ros_chat:/home/dxf/WHEELTEC_S300Pro_mini/install/ollama_ros_msgs:/home/dxf/WHEELTEC_S300Pro_mini/install/nav2_waypoint_cycle:/home/dxf/WHEELTEC_S300Pro_mini/install/lslidar_driver:/home/dxf/WHEELTEC_S300Pro_mini/install/lslidar_msgs:/home/dxf/WHEELTEC_S300Pro_mini/install/ldlidar_stl_ros2:/home/dxf/WHEELTEC_S300Pro_mini/install/ldlidar_sl_ros2:/home/dxf/WHEELTEC_S300Pro_mini/install/double_lidar_fusion:/home/dxf/WHEELTEC_S300Pro_mini/install/bodyreader_msg:/home/dxf/WHEELTEC_S300Pro_mini/install/auto_recharge_ros2:/home/dxf/WHEELTEC_S300Pro_mini/install/astra_camera:/home/dxf/WHEELTEC_S300Pro_mini/install/astra_camera_msgs:/home/dxf/WHEELTEC_S300Pro_mini/install/aruco_ros:/home/dxf/WHEELTEC_S300Pro_mini/install/aruco_msgs:/home/dxf/WHEELTEC_S300Pro_mini/install/aruco:/opt/ros/humble'), ('SHELL', '/bin/bash'), ('LC_NAME', 'zh_CN.UTF-8'), ('VSCODE_SERVER_SHUTDOWN_TIMEOUT', '300'), ('LESSCLOSE', '/usr/bin/lesspipe %s %s'), ('LC_MEASUREMENT', 'zh_CN.UTF-8'), ('OpenCV_DIR', '/usr/local/opencv410/lib/cmake/opencv4'), ('LC_IDENTIFICATION', 'zh_CN.UTF-8'), ('PWD', '/home/dxf/wheeltec_lebai_humble_2024_7_17/build/grab_demo'), ('SSH_CONNECTION', '192.168.0.66 55755 192.168.0.100 22'), ('XDG_DATA_DIRS', '/usr/share/gnome:/usr/local/share:/usr/share:/var/lib/snapd/desktop'), ('PYTHONPATH', '/home/dxf/WHEELTEC_S300Pro_mini/install/yesense_interface/local/lib/python3.10/dist-packages:/home/dxf/WHEELTEC_S300Pro_mini/install/wheeltec_rrt_msg/local/lib/python3.10/dist-packages:/home/dxf/WHEELTEC_S300Pro_mini/install/wheeltec_robot_keyboard/lib/python3.10/site-packages:/home/dxf/WHEELTEC_S300Pro_mini/install/wheeltec_mic_msg/local/lib/python3.10/dist-packages:/home/dxf/WHEELTEC_S300Pro_mini/install/simple_follower_ros2/lib/python3.10/site-packages:/home/dxf/WHEELTEC_S300Pro_mini/install/turn_on_wheeltec_robot/local/lib/python3.10/dist-packages:/home/dxf/WHEELTEC_S300Pro_mini/install/robot_interfaces/local/lib/python3.10/dist-packages:/home/dxf/WHEELTEC_S300Pro_mini/install/orb_slam2_ros/local/lib/python3.10/dist-packages:/home/dxf/WHEELTEC_S300Pro_mini/install/ollama_ros_chat/lib/python3.10/site-packages:/home/dxf/WHEELTEC_S300Pro_mini/install/ollama_ros_msgs/local/lib/python3.10/dist-packages:/home/dxf/WHEELTEC_S300Pro_mini/install/nav2_waypoint_cycle/lib/python3.10/site-packages:/home/dxf/WHEELTEC_S300Pro_mini/install/lslidar_msgs/local/lib/python3.10/dist-packages:/home/dxf/WHEELTEC_S300Pro_mini/install/bodyreader_msg/local/lib/python3.10/dist-packages:/home/dxf/WHEELTEC_S300Pro_mini/install/auto_recharge_ros2/lib/python3.10/site-packages:/home/dxf/WHEELTEC_S300Pro_mini/install/astra_camera_msgs/local/lib/python3.10/dist-packages:/home/dxf/WHEELTEC_S300Pro_mini/install/aruco_msgs/local/lib/python3.10/dist-packages:/opt/ros/humble/lib/python3.10/site-packages:/opt/ros/humble/local/lib/python3.10/dist-packages'), ('LC_NUMERIC', 'zh_CN.UTF-8'), ('LC_PAPER', 'zh_CN.UTF-8'), ('COLCON', '1'), ('CMAKE_PREFIX_PATH', '/usr/local/opencv410:/usr/local/opencv410:/home/dxf/WHEELTEC_S300Pro_mini/install/yesense_std_ros2:/home/dxf/WHEELTEC_S300Pro_mini/install/yesense_interface:/home/dxf/WHEELTEC_S300Pro_mini/install/wheeltec_ultrasonic:/home/dxf/WHEELTEC_S300Pro_mini/install/wheeltec_slam_toolbox:/home/dxf/WHEELTEC_S300Pro_mini/install/wheeltec_rviz2:/home/dxf/WHEELTEC_S300Pro_mini/install/wheeltec_rrt_msg:/home/dxf/WHEELTEC_S300Pro_mini/install/wheeltec_robot_rtab:/home/dxf/WHEELTEC_S300Pro_mini/install/wheeltec_robot_rrt:/home/dxf/WHEELTEC_S300Pro_mini/install/wheeltec_robot_kcf:/home/dxf/WHEELTEC_S300Pro_mini/install/wheeltec_path_follow:/home/dxf/WHEELTEC_S300Pro_mini/install/wheeltec_nav2:/home/dxf/WHEELTEC_S300Pro_mini/install/wheeltec_mic_ros2:/home/dxf/WHEELTEC_S300Pro_mini/install/wheeltec_mic_msg:/home/dxf/WHEELTEC_S300Pro_mini/install/wheeltec_joy:/home/dxf/WHEELTEC_S300Pro_mini/install/wheeltec_cartographer:/home/dxf/WHEELTEC_S300Pro_mini/install/web_video_server:/home/dxf/WHEELTEC_S300Pro_mini/install/usb_cam:/home/dxf/WHEELTEC_S300Pro_mini/install/turn_on_wheeltec_robot:/home/dxf/WHEELTEC_S300Pro_mini/install/slam_gmapping:/home/dxf/WHEELTEC_S300Pro_mini/install/bodyreader:/home/dxf/WHEELTEC_S300Pro_mini/install/serial:/home/dxf/WHEELTEC_S300Pro_mini/install/robot_interfaces:/home/dxf/WHEELTEC_S300Pro_mini/install/rm_description:/home/dxf/WHEELTEC_S300Pro_mini/install/qt_ros_test:/home/dxf/WHEELTEC_S300Pro_mini/install/orb_slam2_ros:/home/dxf/WHEELTEC_S300Pro_mini/install/openslam_gmapping:/home/dxf/WHEELTEC_S300Pro_mini/install/ollama_ros_msgs:/home/dxf/WHEELTEC_S300Pro_mini/install/lslidar_driver:/home/dxf/WHEELTEC_S300Pro_mini/install/lslidar_msgs:/home/dxf/WHEELTEC_S300Pro_mini/install/ldlidar_stl_ros2:/home/dxf/WHEELTEC_S300Pro_mini/install/ldlidar_sl_ros2:/home/dxf/WHEELTEC_S300Pro_mini/install/double_lidar_fusion:/home/dxf/WHEELTEC_S300Pro_mini/install/bodyreader_msg:/home/dxf/WHEELTEC_S300Pro_mini/install/astra_camera:/home/dxf/WHEELTEC_S300Pro_mini/install/astra_camera_msgs:/home/dxf/WHEELTEC_S300Pro_mini/install/aruco_ros:/home/dxf/WHEELTEC_S300Pro_mini/install/aruco_msgs:/home/dxf/WHEELTEC_S300Pro_mini/install/aruco:/home/dxf/WHEELTEC_S300Pro_mini/install/wheeltec_robot_keyboard:/home/dxf/WHEELTEC_S300Pro_mini/install/simple_follower_ros2:/home/dxf/WHEELTEC_S300Pro_mini/install/ollama_ros_chat:/home/dxf/WHEELTEC_S300Pro_mini/install/nav2_waypoint_cycle:/home/dxf/WHEELTEC_S300Pro_mini/install/auto_recharge_ros2:/opt/ros/humble')]), 'shell': False}
[0.099362] (-) TimerEvent: {}
[0.194627] (grab_demo) StdoutLine: {'line': b'[  2%] Built target grab_demo__cpp\n'}
[0.199525] (-) TimerEvent: {}
[0.210394] (grab_demo) StdoutLine: {'line': b'[  8%] Built target grab_demo__rosidl_generator_c\n'}
[0.214037] (grab_demo) StdoutLine: {'line': b'[ 12%] Built target hsv_range\n'}
[0.216727] (grab_demo) StdoutLine: {'line': b'[ 14%] Building CXX object CMakeFiles/charuco_dectet_node.dir/src/charuco_dectet_node.cpp.o\n'}
[0.233551] (grab_demo) StdoutLine: {'line': b'[ 19%] Built target hand_eye\n'}
[0.236693] (grab_demo) StdoutLine: {'line': b'[ 19%] Built target ament_cmake_python_copy_grab_demo\n'}
[0.274479] (grab_demo) StdoutLine: {'line': b'[ 21%] Building CXX object CMakeFiles/aruco_dectet.dir/src/aruco_dectet.cpp.o\n'}
[0.293467] (grab_demo) StdoutLine: {'line': b'[ 25%] Built target camera_info_node\n'}
[0.294973] (grab_demo) StdoutLine: {'line': b'[ 31%] Built target grab_demo__rosidl_typesupport_cpp\n'}
[0.299642] (-) TimerEvent: {}
[0.310355] (grab_demo) StdoutLine: {'line': b'[ 38%] Built target grab_demo__rosidl_typesupport_fastrtps_c\n'}
[0.313248] (grab_demo) StdoutLine: {'line': b'[ 44%] Built target grab_demo__rosidl_typesupport_fastrtps_cpp\n'}
[0.354929] (grab_demo) StdoutLine: {'line': b'[ 51%] Built target grab_demo__rosidl_typesupport_introspection_c\n'}
[0.362767] (grab_demo) StdoutLine: {'line': b'[ 57%] Built target grab_demo__rosidl_typesupport_c\n'}
[0.379256] (grab_demo) StdoutLine: {'line': b'[ 63%] Built target grab_demo__rosidl_typesupport_introspection_cpp\n'}
[0.399826] (-) TimerEvent: {}
[0.460646] (grab_demo) StdoutLine: {'line': b'[ 72%] Built target grab_service_node\n'}
[0.461077] (grab_demo) StdoutLine: {'line': b'[ 72%] Built target nav_grab\n'}
[0.490280] (grab_demo) StdoutLine: {'line': b'[ 76%] Built target start_grab\n'}
[0.499978] (-) TimerEvent: {}
[0.513791] (grab_demo) StdoutLine: {'line': b'[ 76%] Built target grab_demo\n'}
[0.571450] (grab_demo) StdoutLine: {'line': b'[ 78%] Built target grab_demo__py\n'}
[0.600143] (-) TimerEvent: {}
[0.630194] (grab_demo) StdoutLine: {'line': b'[ 82%] Built target grab_demo__rosidl_generator_py\n'}
[0.699293] (grab_demo) StdoutLine: {'line': b'[ 87%] Built target grab_demo__rosidl_typesupport_fastrtps_c__pyext\n'}
[0.700231] (-) TimerEvent: {}
[0.700789] (grab_demo) StdoutLine: {'line': b'[ 91%] Built target grab_demo__rosidl_typesupport_introspection_c__pyext\n'}
[0.713575] (grab_demo) StdoutLine: {'line': b'[ 95%] Built target grab_demo__rosidl_typesupport_c__pyext\n'}
[0.800420] (-) TimerEvent: {}
[0.900827] (-) TimerEvent: {}
[0.957483] (grab_demo) StdoutLine: {'line': b'running egg_info\n'}
[0.959115] (grab_demo) StdoutLine: {'line': b'writing grab_demo.egg-info/PKG-INFO\n'}
[0.959677] (grab_demo) StdoutLine: {'line': b'writing dependency_links to grab_demo.egg-info/dependency_links.txt\n'}
[0.960118] (grab_demo) StdoutLine: {'line': b'writing top-level names to grab_demo.egg-info/top_level.txt\n'}
[0.965690] (grab_demo) StdoutLine: {'line': b"reading manifest file 'grab_demo.egg-info/SOURCES.txt'\n"}
[0.966984] (grab_demo) StdoutLine: {'line': b"writing manifest file 'grab_demo.egg-info/SOURCES.txt'\n"}
[1.000998] (-) TimerEvent: {}
[1.011923] (grab_demo) StderrLine: {'line': b'/home/dxf/wheeltec_lebai_humble_2024_7_17/src/grab_demo/src/aruco_dectet.cpp:9:10: fatal error: opencv4/opencv2/objdetect/aruco_detector.hpp: \xe6\xb2\xa1\xe6\x9c\x89\xe9\x82\xa3\xe4\xb8\xaa\xe6\x96\x87\xe4\xbb\xb6\xe6\x88\x96\xe7\x9b\xae\xe5\xbd\x95\n'}
[1.012407] (grab_demo) StderrLine: {'line': b'    9 | #include <opencv4/opencv2/objdetect/aruco_detector.hpp>\n'}
[1.012574] (grab_demo) StderrLine: {'line': b'      |          ^~~~~~~~~~~~~~~~~~~~~~~~~~~~~~~~~~~~~~~~~~~~~~\n'}
[1.012737] (grab_demo) StderrLine: {'line': b'compilation terminated.\n'}
[1.025510] (grab_demo) StderrLine: {'line': b'gmake[2]: *** [CMakeFiles/aruco_dectet.dir/build.make:76\xef\xbc\x9aCMakeFiles/aruco_dectet.dir/src/aruco_dectet.cpp.o] \xe9\x94\x99\xe8\xaf\xaf 1\n'}
[1.026217] (grab_demo) StderrLine: {'line': b'gmake[1]: *** [CMakeFiles/Makefile2:684\xef\xbc\x9aCMakeFiles/aruco_dectet.dir/all] \xe9\x94\x99\xe8\xaf\xaf 2\n'}
[1.026391] (grab_demo) StderrLine: {'line': b'gmake[1]: *** \xe6\xad\xa3\xe5\x9c\xa8\xe7\xad\x89\xe5\xbe\x85\xe6\x9c\xaa\xe5\xae\x8c\xe6\x88\x90\xe7\x9a\x84\xe4\xbb\xbb\xe5\x8a\xa1....\n'}
[1.061022] (grab_demo) StdoutLine: {'line': b'[ 95%] Built target ament_cmake_python_build_grab_demo_egg\n'}
[1.101171] (-) TimerEvent: {}
[1.201588] (-) TimerEvent: {}
[1.302011] (-) TimerEvent: {}
[1.402447] (-) TimerEvent: {}
[1.502942] (-) TimerEvent: {}
[1.513374] (grab_demo) StderrLine: {'line': b'/home/dxf/wheeltec_lebai_humble_2024_7_17/src/grab_demo/src/charuco_dectet_node.cpp:3:10: fatal error: opencv4/opencv2/objdetect/charuco_detector.hpp: \xe6\xb2\xa1\xe6\x9c\x89\xe9\x82\xa3\xe4\xb8\xaa\xe6\x96\x87\xe4\xbb\xb6\xe6\x88\x96\xe7\x9b\xae\xe5\xbd\x95\n'}
[1.513974] (grab_demo) StderrLine: {'line': b'    3 | #include <opencv4/opencv2/objdetect/charuco_detector.hpp>\n'}
[1.514271] (grab_demo) StderrLine: {'line': b'      |          ^~~~~~~~~~~~~~~~~~~~~~~~~~~~~~~~~~~~~~~~~~~~~~~~\n'}
[1.514527] (grab_demo) StderrLine: {'line': b'compilation terminated.\n'}
[1.529717] (grab_demo) StderrLine: {'line': b'gmake[2]: *** [CMakeFiles/charuco_dectet_node.dir/build.make:76\xef\xbc\x9aCMakeFiles/charuco_dectet_node.dir/src/charuco_dectet_node.cpp.o] \xe9\x94\x99\xe8\xaf\xaf 1\n'}
[1.530629] (grab_demo) StderrLine: {'line': b'gmake[1]: *** [CMakeFiles/Makefile2:606\xef\xbc\x9aCMakeFiles/charuco_dectet_node.dir/all] \xe9\x94\x99\xe8\xaf\xaf 2\n'}
[1.532029] (grab_demo) StderrLine: {'line': b'gmake: *** [Makefile:146\xef\xbc\x9aall] \xe9\x94\x99\xe8\xaf\xaf 2\n'}
[1.536981] (grab_demo) CommandEnded: {'returncode': 2}
[1.567420] (grab_demo) JobEnded: {'identifier': 'grab_demo', 'rc': 2}
[1.578498] (-) EventReactorShutdown: {}
