[0.868s] Invoking command in '/home/dxf/wheeltec_lebai_humble_2024_7_17/build/lebai_resources': CMAKE_PREFIX_PATH=${CMAKE_PREFIX_PATH}:/home/dxf/WHEELTEC_S300Pro_mini_ros2_arm_src_2025_9_15/install/opencv_tests:/home/dxf/WHEELTEC_S300Pro_mini/install/wheeltec_robot_keyboard:/home/dxf/WHEELTEC_S300Pro_mini/install/simple_follower_ros2:/home/dxf/WHEELTEC_S300Pro_mini/install/ollama_ros_chat:/home/dxf/WHEELTEC_S300Pro_mini/install/nav2_waypoint_cycle:/home/dxf/WHEELTEC_S300Pro_mini/install/auto_recharge_ros2:/opt/ros/humble /usr/bin/cmake /home/dxf/wheeltec_lebai_humble_2024_7_17/src/lebai-ros-sdk-humble-dev/lebai_resources -DCMAKE_INSTALL_PREFIX=/home/dxf/wheeltec_lebai_humble_2024_7_17/install/lebai_resources
[1.059s] -- The C compiler identification is GNU 11.4.0
[1.267s] -- The CXX compiler identification is GNU 11.4.0
[1.304s] -- Detecting C compiler ABI info
[1.574s] -- Detecting C compiler ABI info - done
[1.593s] -- Check for working C compiler: /usr/bin/cc - skipped
[1.594s] -- Detecting C compile features
[1.594s] -- Detecting C compile features - done
[1.600s] -- Detecting CXX compiler ABI info
[1.859s] -- Detecting CXX compiler ABI info - done
[1.875s] -- Check for working CXX compiler: /usr/bin/c++ - skipped
[1.876s] -- Detecting CXX compile features
[1.877s] -- Detecting CXX compile features - done
[1.899s] -- Found ament_cmake: 1.3.12 (/opt/ros/humble/share/ament_cmake/cmake)
[2.438s] -- Found Python3: /usr/bin/python3 (found version "3.10.12") found components: Interpreter 
[3.078s] -- Configuring done
[3.086s] -- Generating done
[3.091s] -- Build files have been written to: /home/dxf/wheeltec_lebai_humble_2024_7_17/build/lebai_resources
[3.106s] Invoked command in '/home/dxf/wheeltec_lebai_humble_2024_7_17/build/lebai_resources' returned '0': CMAKE_PREFIX_PATH=${CMAKE_PREFIX_PATH}:/home/dxf/WHEELTEC_S300Pro_mini_ros2_arm_src_2025_9_15/install/opencv_tests:/home/dxf/WHEELTEC_S300Pro_mini/install/wheeltec_robot_keyboard:/home/dxf/WHEELTEC_S300Pro_mini/install/simple_follower_ros2:/home/dxf/WHEELTEC_S300Pro_mini/install/ollama_ros_chat:/home/dxf/WHEELTEC_S300Pro_mini/install/nav2_waypoint_cycle:/home/dxf/WHEELTEC_S300Pro_mini/install/auto_recharge_ros2:/opt/ros/humble /usr/bin/cmake /home/dxf/wheeltec_lebai_humble_2024_7_17/src/lebai-ros-sdk-humble-dev/lebai_resources -DCMAKE_INSTALL_PREFIX=/home/dxf/wheeltec_lebai_humble_2024_7_17/install/lebai_resources
[3.108s] Invoking command in '/home/dxf/wheeltec_lebai_humble_2024_7_17/build/lebai_resources': CMAKE_PREFIX_PATH=${CMAKE_PREFIX_PATH}:/home/dxf/WHEELTEC_S300Pro_mini_ros2_arm_src_2025_9_15/install/opencv_tests:/home/dxf/WHEELTEC_S300Pro_mini/install/wheeltec_robot_keyboard:/home/dxf/WHEELTEC_S300Pro_mini/install/simple_follower_ros2:/home/dxf/WHEELTEC_S300Pro_mini/install/ollama_ros_chat:/home/dxf/WHEELTEC_S300Pro_mini/install/nav2_waypoint_cycle:/home/dxf/WHEELTEC_S300Pro_mini/install/auto_recharge_ros2:/opt/ros/humble /usr/bin/cmake --build /home/dxf/wheeltec_lebai_humble_2024_7_17/build/lebai_resources -- -j6 -l6
[3.251s] Invoked command in '/home/dxf/wheeltec_lebai_humble_2024_7_17/build/lebai_resources' returned '0': CMAKE_PREFIX_PATH=${CMAKE_PREFIX_PATH}:/home/dxf/WHEELTEC_S300Pro_mini_ros2_arm_src_2025_9_15/install/opencv_tests:/home/dxf/WHEELTEC_S300Pro_mini/install/wheeltec_robot_keyboard:/home/dxf/WHEELTEC_S300Pro_mini/install/simple_follower_ros2:/home/dxf/WHEELTEC_S300Pro_mini/install/ollama_ros_chat:/home/dxf/WHEELTEC_S300Pro_mini/install/nav2_waypoint_cycle:/home/dxf/WHEELTEC_S300Pro_mini/install/auto_recharge_ros2:/opt/ros/humble /usr/bin/cmake --build /home/dxf/wheeltec_lebai_humble_2024_7_17/build/lebai_resources -- -j6 -l6
[3.252s] Invoking command in '/home/dxf/wheeltec_lebai_humble_2024_7_17/build/lebai_resources': CMAKE_PREFIX_PATH=${CMAKE_PREFIX_PATH}:/home/dxf/WHEELTEC_S300Pro_mini_ros2_arm_src_2025_9_15/install/opencv_tests:/home/dxf/WHEELTEC_S300Pro_mini/install/wheeltec_robot_keyboard:/home/dxf/WHEELTEC_S300Pro_mini/install/simple_follower_ros2:/home/dxf/WHEELTEC_S300Pro_mini/install/ollama_ros_chat:/home/dxf/WHEELTEC_S300Pro_mini/install/nav2_waypoint_cycle:/home/dxf/WHEELTEC_S300Pro_mini/install/auto_recharge_ros2:/opt/ros/humble /usr/bin/cmake --install /home/dxf/wheeltec_lebai_humble_2024_7_17/build/lebai_resources
[3.274s] -- Install configuration: ""
[3.275s] -- Installing: /home/dxf/wheeltec_lebai_humble_2024_7_17/install/lebai_resources/share/lebai_resources/urdf
[3.275s] -- Installing: /home/dxf/wheeltec_lebai_humble_2024_7_17/install/lebai_resources/share/lebai_resources/urdf/common_constants.xacro
[3.275s] -- Installing: /home/dxf/wheeltec_lebai_humble_2024_7_17/install/lebai_resources/share/lebai_resources/urdf/common_materials.xacro
[3.276s] -- Installing: /home/dxf/wheeltec_lebai_humble_2024_7_17/install/lebai_resources/share/lebai_resources/urdf/common_colours.xacro
[3.276s] -- Installing: /home/dxf/wheeltec_lebai_humble_2024_7_17/install/lebai_resources/share/ament_index/resource_index/package_run_dependencies/lebai_resources
[3.276s] -- Installing: /home/dxf/wheeltec_lebai_humble_2024_7_17/install/lebai_resources/share/ament_index/resource_index/parent_prefix_path/lebai_resources
[3.276s] -- Installing: /home/dxf/wheeltec_lebai_humble_2024_7_17/install/lebai_resources/share/lebai_resources/environment/ament_prefix_path.sh
[3.277s] -- Installing: /home/dxf/wheeltec_lebai_humble_2024_7_17/install/lebai_resources/share/lebai_resources/environment/ament_prefix_path.dsv
[3.277s] -- Installing: /home/dxf/wheeltec_lebai_humble_2024_7_17/install/lebai_resources/share/lebai_resources/environment/path.sh
[3.277s] -- Installing: /home/dxf/wheeltec_lebai_humble_2024_7_17/install/lebai_resources/share/lebai_resources/environment/path.dsv
[3.277s] -- Installing: /home/dxf/wheeltec_lebai_humble_2024_7_17/install/lebai_resources/share/lebai_resources/local_setup.bash
[3.278s] -- Installing: /home/dxf/wheeltec_lebai_humble_2024_7_17/install/lebai_resources/share/lebai_resources/local_setup.sh
[3.278s] -- Installing: /home/dxf/wheeltec_lebai_humble_2024_7_17/install/lebai_resources/share/lebai_resources/local_setup.zsh
[3.278s] -- Installing: /home/dxf/wheeltec_lebai_humble_2024_7_17/install/lebai_resources/share/lebai_resources/local_setup.dsv
[3.279s] -- Installing: /home/dxf/wheeltec_lebai_humble_2024_7_17/install/lebai_resources/share/lebai_resources/package.dsv
[3.279s] -- Installing: /home/dxf/wheeltec_lebai_humble_2024_7_17/install/lebai_resources/share/ament_index/resource_index/packages/lebai_resources
[3.279s] -- Installing: /home/dxf/wheeltec_lebai_humble_2024_7_17/install/lebai_resources/share/lebai_resources/cmake/lebai_resourcesConfig.cmake
[3.279s] -- Installing: /home/dxf/wheeltec_lebai_humble_2024_7_17/install/lebai_resources/share/lebai_resources/cmake/lebai_resourcesConfig-version.cmake
[3.280s] -- Installing: /home/dxf/wheeltec_lebai_humble_2024_7_17/install/lebai_resources/share/lebai_resources/package.xml
[3.286s] Invoked command in '/home/dxf/wheeltec_lebai_humble_2024_7_17/build/lebai_resources' returned '0': CMAKE_PREFIX_PATH=${CMAKE_PREFIX_PATH}:/home/dxf/WHEELTEC_S300Pro_mini_ros2_arm_src_2025_9_15/install/opencv_tests:/home/dxf/WHEELTEC_S300Pro_mini/install/wheeltec_robot_keyboard:/home/dxf/WHEELTEC_S300Pro_mini/install/simple_follower_ros2:/home/dxf/WHEELTEC_S300Pro_mini/install/ollama_ros_chat:/home/dxf/WHEELTEC_S300Pro_mini/install/nav2_waypoint_cycle:/home/dxf/WHEELTEC_S300Pro_mini/install/auto_recharge_ros2:/opt/ros/humble /usr/bin/cmake --install /home/dxf/wheeltec_lebai_humble_2024_7_17/build/lebai_resources
