[0.028s] Invoking command in '/home/dxf/wheeltec_lebai_humble_2024_7_17/build/lebai_interfaces': CMAKE_PREFIX_PATH=${CMAKE_PREFIX_PATH}:/home/dxf/WHEELTEC_S300Pro_mini/install/wheeltec_robot_keyboard:/home/dxf/WHEELTEC_S300Pro_mini/install/simple_follower_ros2:/home/dxf/WHEELTEC_S300Pro_mini/install/ollama_ros_chat:/home/dxf/WHEELTEC_S300Pro_mini/install/nav2_waypoint_cycle:/home/dxf/WHEELTEC_S300Pro_mini/install/auto_recharge_ros2:/opt/ros/humble /usr/bin/cmake --build /home/dxf/wheeltec_lebai_humble_2024_7_17/build/lebai_interfaces -- -j6 -l6
[0.176s] [35m[1mConsolidate compiler generated dependencies of target lebai_interfaces__rosidl_generator_c[0m
[0.189s] [  0%] Built target lebai_interfaces__cpp
[0.235s] [  0%] Built target ament_cmake_python_copy_lebai_interfaces
[0.238s] [ 12%] Built target lebai_interfaces__rosidl_generator_c
[0.239s] [35m[1mConsolidate compiler generated dependencies of target lebai_interfaces__rosidl_typesupport_introspection_cpp[0m
[0.242s] [35m[1mConsolidate compiler generated dependencies of target lebai_interfaces__rosidl_typesupport_fastrtps_cpp[0m
[0.251s] [35m[1mConsolidate compiler generated dependencies of target lebai_interfaces__rosidl_typesupport_cpp[0m
[0.292s] [35m[1mConsolidate compiler generated dependencies of target lebai_interfaces__rosidl_typesupport_introspection_c[0m
[0.318s] [35m[1mConsolidate compiler generated dependencies of target lebai_interfaces__rosidl_typesupport_fastrtps_c[0m
[0.324s] [35m[1mConsolidate compiler generated dependencies of target lebai_interfaces__rosidl_typesupport_c[0m
[0.329s] [ 25%] Built target lebai_interfaces__rosidl_typesupport_introspection_cpp
[0.350s] [ 37%] Built target lebai_interfaces__rosidl_typesupport_cpp
[0.359s] [ 49%] Built target lebai_interfaces__rosidl_typesupport_fastrtps_cpp
[0.362s] [ 61%] Built target lebai_interfaces__rosidl_typesupport_introspection_c
[0.384s] [ 73%] Built target lebai_interfaces__rosidl_typesupport_c
[0.413s] [ 85%] Built target lebai_interfaces__rosidl_typesupport_fastrtps_c
[0.476s] [ 85%] Built target lebai_interfaces
[0.547s] [ 86%] Built target lebai_interfaces__py
[0.588s] [35m[1mConsolidate compiler generated dependencies of target lebai_interfaces__rosidl_generator_py[0m
[0.666s] [ 97%] Built target lebai_interfaces__rosidl_generator_py
[0.696s] [35m[1mConsolidate compiler generated dependencies of target lebai_interfaces__rosidl_typesupport_c__pyext[0m
[0.696s] [35m[1mConsolidate compiler generated dependencies of target lebai_interfaces__rosidl_typesupport_fastrtps_c__pyext[0m
[0.700s] [35m[1mConsolidate compiler generated dependencies of target lebai_interfaces__rosidl_typesupport_introspection_c__pyext[0m
[0.733s] [ 98%] Built target lebai_interfaces__rosidl_typesupport_fastrtps_c__pyext
[0.737s] [ 99%] Built target lebai_interfaces__rosidl_typesupport_c__pyext
[0.737s] [100%] Built target lebai_interfaces__rosidl_typesupport_introspection_c__pyext
[0.932s] running egg_info
[0.933s] writing lebai_interfaces.egg-info/PKG-INFO
[0.934s] writing dependency_links to lebai_interfaces.egg-info/dependency_links.txt
[0.935s] writing top-level names to lebai_interfaces.egg-info/top_level.txt
[0.940s] reading manifest file 'lebai_interfaces.egg-info/SOURCES.txt'
[0.942s] writing manifest file 'lebai_interfaces.egg-info/SOURCES.txt'
[1.023s] [100%] Built target ament_cmake_python_build_lebai_interfaces_egg
[1.058s] Invoked command in '/home/dxf/wheeltec_lebai_humble_2024_7_17/build/lebai_interfaces' returned '0': CMAKE_PREFIX_PATH=${CMAKE_PREFIX_PATH}:/home/dxf/WHEELTEC_S300Pro_mini/install/wheeltec_robot_keyboard:/home/dxf/WHEELTEC_S300Pro_mini/install/simple_follower_ros2:/home/dxf/WHEELTEC_S300Pro_mini/install/ollama_ros_chat:/home/dxf/WHEELTEC_S300Pro_mini/install/nav2_waypoint_cycle:/home/dxf/WHEELTEC_S300Pro_mini/install/auto_recharge_ros2:/opt/ros/humble /usr/bin/cmake --build /home/dxf/wheeltec_lebai_humble_2024_7_17/build/lebai_interfaces -- -j6 -l6
[1.086s] Invoking command in '/home/dxf/wheeltec_lebai_humble_2024_7_17/build/lebai_interfaces': CMAKE_PREFIX_PATH=${CMAKE_PREFIX_PATH}:/home/dxf/WHEELTEC_S300Pro_mini/install/wheeltec_robot_keyboard:/home/dxf/WHEELTEC_S300Pro_mini/install/simple_follower_ros2:/home/dxf/WHEELTEC_S300Pro_mini/install/ollama_ros_chat:/home/dxf/WHEELTEC_S300Pro_mini/install/nav2_waypoint_cycle:/home/dxf/WHEELTEC_S300Pro_mini/install/auto_recharge_ros2:/opt/ros/humble /usr/bin/cmake --install /home/dxf/wheeltec_lebai_humble_2024_7_17/build/lebai_interfaces
[1.111s] -- Install configuration: ""
[1.111s] -- Up-to-date: /home/dxf/wheeltec_lebai_humble_2024_7_17/install/lebai_interfaces/share/ament_index/resource_index/rosidl_interfaces/lebai_interfaces
[1.112s] -- Up-to-date: /home/dxf/wheeltec_lebai_humble_2024_7_17/install/lebai_interfaces/include/lebai_interfaces/lebai_interfaces
[1.112s] -- Up-to-date: /home/dxf/wheeltec_lebai_humble_2024_7_17/install/lebai_interfaces/include/lebai_interfaces/lebai_interfaces/msg
[1.112s] -- Up-to-date: /home/dxf/wheeltec_lebai_humble_2024_7_17/install/lebai_interfaces/include/lebai_interfaces/lebai_interfaces/msg/until_info.h
[1.113s] -- Up-to-date: /home/dxf/wheeltec_lebai_humble_2024_7_17/install/lebai_interfaces/include/lebai_interfaces/lebai_interfaces/msg/io_conditional_express.h
[1.113s] -- Up-to-date: /home/dxf/wheeltec_lebai_humble_2024_7_17/install/lebai_interfaces/include/lebai_interfaces/lebai_interfaces/msg/move_common.h
[1.113s] -- Up-to-date: /home/dxf/wheeltec_lebai_humble_2024_7_17/install/lebai_interfaces/include/lebai_interfaces/lebai_interfaces/msg/io_status.h
[1.114s] -- Up-to-date: /home/dxf/wheeltec_lebai_humble_2024_7_17/install/lebai_interfaces/include/lebai_interfaces/lebai_interfaces/msg/robot_mode.h
[1.114s] -- Up-to-date: /home/dxf/wheeltec_lebai_humble_2024_7_17/install/lebai_interfaces/include/lebai_interfaces/lebai_interfaces/msg/gripper_status.h
[1.114s] -- Up-to-date: /home/dxf/wheeltec_lebai_humble_2024_7_17/install/lebai_interfaces/include/lebai_interfaces/lebai_interfaces/msg/rosidl_generator_c__visibility_control.h
[1.114s] -- Up-to-date: /home/dxf/wheeltec_lebai_humble_2024_7_17/install/lebai_interfaces/include/lebai_interfaces/lebai_interfaces/msg/device_info.h
[1.115s] -- Up-to-date: /home/dxf/wheeltec_lebai_humble_2024_7_17/install/lebai_interfaces/include/lebai_interfaces/lebai_interfaces/msg/trajectory_move_circle.h
[1.115s] -- Up-to-date: /home/dxf/wheeltec_lebai_humble_2024_7_17/install/lebai_interfaces/include/lebai_interfaces/lebai_interfaces/msg/detail
[1.115s] -- Up-to-date: /home/dxf/wheeltec_lebai_humble_2024_7_17/install/lebai_interfaces/include/lebai_interfaces/lebai_interfaces/msg/detail/until_info__functions.h
[1.115s] -- Up-to-date: /home/dxf/wheeltec_lebai_humble_2024_7_17/install/lebai_interfaces/include/lebai_interfaces/lebai_interfaces/msg/detail/trajectory_move_line__struct.h
[1.116s] -- Up-to-date: /home/dxf/wheeltec_lebai_humble_2024_7_17/install/lebai_interfaces/include/lebai_interfaces/lebai_interfaces/msg/detail/move_common__type_support.h
[1.116s] -- Up-to-date: /home/dxf/wheeltec_lebai_humble_2024_7_17/install/lebai_interfaces/include/lebai_interfaces/lebai_interfaces/msg/detail/gripper_status__type_support.h
[1.116s] -- Up-to-date: /home/dxf/wheeltec_lebai_humble_2024_7_17/install/lebai_interfaces/include/lebai_interfaces/lebai_interfaces/msg/detail/trajectory_move_circle__functions.h
[1.116s] -- Up-to-date: /home/dxf/wheeltec_lebai_humble_2024_7_17/install/lebai_interfaces/include/lebai_interfaces/lebai_interfaces/msg/detail/device_info__type_support.h
[1.117s] -- Up-to-date: /home/dxf/wheeltec_lebai_humble_2024_7_17/install/lebai_interfaces/include/lebai_interfaces/lebai_interfaces/msg/detail/trajectory_move_line__functions.c
[1.117s] -- Up-to-date: /home/dxf/wheeltec_lebai_humble_2024_7_17/install/lebai_interfaces/include/lebai_interfaces/lebai_interfaces/msg/detail/trajectory_move_circle__functions.c
[1.117s] -- Up-to-date: /home/dxf/wheeltec_lebai_humble_2024_7_17/install/lebai_interfaces/include/lebai_interfaces/lebai_interfaces/msg/detail/gripper_status__struct.h
[1.117s] -- Up-to-date: /home/dxf/wheeltec_lebai_humble_2024_7_17/install/lebai_interfaces/include/lebai_interfaces/lebai_interfaces/msg/detail/trajectory_move_joint__type_support.h
[1.118s] -- Up-to-date: /home/dxf/wheeltec_lebai_humble_2024_7_17/install/lebai_interfaces/include/lebai_interfaces/lebai_interfaces/msg/detail/trajectory_move_circle__type_support.h
[1.118s] -- Up-to-date: /home/dxf/wheeltec_lebai_humble_2024_7_17/install/lebai_interfaces/include/lebai_interfaces/lebai_interfaces/msg/detail/io_conditional_express__functions.c
[1.118s] -- Up-to-date: /home/dxf/wheeltec_lebai_humble_2024_7_17/install/lebai_interfaces/include/lebai_interfaces/lebai_interfaces/msg/detail/until_info__type_support.h
[1.118s] -- Up-to-date: /home/dxf/wheeltec_lebai_humble_2024_7_17/install/lebai_interfaces/include/lebai_interfaces/lebai_interfaces/msg/detail/debug_level__functions.h
[1.118s] -- Up-to-date: /home/dxf/wheeltec_lebai_humble_2024_7_17/install/lebai_interfaces/include/lebai_interfaces/lebai_interfaces/msg/detail/tri_state__functions.h
[1.118s] -- Up-to-date: /home/dxf/wheeltec_lebai_humble_2024_7_17/install/lebai_interfaces/include/lebai_interfaces/lebai_interfaces/msg/detail/tri_state__type_support.h
[1.119s] -- Up-to-date: /home/dxf/wheeltec_lebai_humble_2024_7_17/install/lebai_interfaces/include/lebai_interfaces/lebai_interfaces/msg/detail/io_status__type_support.h
[1.119s] -- Up-to-date: /home/dxf/wheeltec_lebai_humble_2024_7_17/install/lebai_interfaces/include/lebai_interfaces/lebai_interfaces/msg/detail/until_info__struct.h
[1.119s] -- Up-to-date: /home/dxf/wheeltec_lebai_humble_2024_7_17/install/lebai_interfaces/include/lebai_interfaces/lebai_interfaces/msg/detail/io_status__functions.c
[1.119s] -- Up-to-date: /home/dxf/wheeltec_lebai_humble_2024_7_17/install/lebai_interfaces/include/lebai_interfaces/lebai_interfaces/msg/detail/debug_level__struct.h
[1.119s] -- Up-to-date: /home/dxf/wheeltec_lebai_humble_2024_7_17/install/lebai_interfaces/include/lebai_interfaces/lebai_interfaces/msg/detail/io_conditional_express__struct.h
[1.119s] -- Up-to-date: /home/dxf/wheeltec_lebai_humble_2024_7_17/install/lebai_interfaces/include/lebai_interfaces/lebai_interfaces/msg/detail/gripper_status__functions.c
[1.119s] -- Up-to-date: /home/dxf/wheeltec_lebai_humble_2024_7_17/install/lebai_interfaces/include/lebai_interfaces/lebai_interfaces/msg/detail/robot_status__functions.c
[1.120s] -- Up-to-date: /home/dxf/wheeltec_lebai_humble_2024_7_17/install/lebai_interfaces/include/lebai_interfaces/lebai_interfaces/msg/detail/robot_mode__functions.h
[1.120s] -- Up-to-date: /home/dxf/wheeltec_lebai_humble_2024_7_17/install/lebai_interfaces/include/lebai_interfaces/lebai_interfaces/msg/detail/trajectory_move_line__functions.h
[1.120s] -- Up-to-date: /home/dxf/wheeltec_lebai_humble_2024_7_17/install/lebai_interfaces/include/lebai_interfaces/lebai_interfaces/msg/detail/trajectory_move_joint__functions.c
[1.120s] -- Up-to-date: /home/dxf/wheeltec_lebai_humble_2024_7_17/install/lebai_interfaces/include/lebai_interfaces/lebai_interfaces/msg/detail/trajectory_move_line__type_support.h
[1.120s] -- Up-to-date: /home/dxf/wheeltec_lebai_humble_2024_7_17/install/lebai_interfaces/include/lebai_interfaces/lebai_interfaces/msg/detail/device_info__functions.c
[1.121s] -- Up-to-date: /home/dxf/wheeltec_lebai_humble_2024_7_17/install/lebai_interfaces/include/lebai_interfaces/lebai_interfaces/msg/detail/robot_status__functions.h
[1.121s] -- Up-to-date: /home/dxf/wheeltec_lebai_humble_2024_7_17/install/lebai_interfaces/include/lebai_interfaces/lebai_interfaces/msg/detail/robot_mode__type_support.h
[1.121s] -- Up-to-date: /home/dxf/wheeltec_lebai_humble_2024_7_17/install/lebai_interfaces/include/lebai_interfaces/lebai_interfaces/msg/detail/move_common__functions.c
[1.121s] -- Up-to-date: /home/dxf/wheeltec_lebai_humble_2024_7_17/install/lebai_interfaces/include/lebai_interfaces/lebai_interfaces/msg/detail/trajectory_move_circle__struct.h
[1.121s] -- Up-to-date: /home/dxf/wheeltec_lebai_humble_2024_7_17/install/lebai_interfaces/include/lebai_interfaces/lebai_interfaces/msg/detail/io_conditional_express__functions.h
[1.122s] -- Up-to-date: /home/dxf/wheeltec_lebai_humble_2024_7_17/install/lebai_interfaces/include/lebai_interfaces/lebai_interfaces/msg/detail/tri_state__functions.c
[1.122s] -- Up-to-date: /home/dxf/wheeltec_lebai_humble_2024_7_17/install/lebai_interfaces/include/lebai_interfaces/lebai_interfaces/msg/detail/debug_level__functions.c
[1.122s] -- Up-to-date: /home/dxf/wheeltec_lebai_humble_2024_7_17/install/lebai_interfaces/include/lebai_interfaces/lebai_interfaces/msg/detail/robot_mode__struct.h
[1.122s] -- Up-to-date: /home/dxf/wheeltec_lebai_humble_2024_7_17/install/lebai_interfaces/include/lebai_interfaces/lebai_interfaces/msg/detail/device_info__struct.h
[1.122s] -- Up-to-date: /home/dxf/wheeltec_lebai_humble_2024_7_17/install/lebai_interfaces/include/lebai_interfaces/lebai_interfaces/msg/detail/move_common__struct.h
[1.122s] -- Up-to-date: /home/dxf/wheeltec_lebai_humble_2024_7_17/install/lebai_interfaces/include/lebai_interfaces/lebai_interfaces/msg/detail/device_info__functions.h
[1.123s] -- Up-to-date: /home/dxf/wheeltec_lebai_humble_2024_7_17/install/lebai_interfaces/include/lebai_interfaces/lebai_interfaces/msg/detail/robot_status__struct.h
[1.123s] -- Up-to-date: /home/dxf/wheeltec_lebai_humble_2024_7_17/install/lebai_interfaces/include/lebai_interfaces/lebai_interfaces/msg/detail/move_common__functions.h
[1.123s] -- Up-to-date: /home/dxf/wheeltec_lebai_humble_2024_7_17/install/lebai_interfaces/include/lebai_interfaces/lebai_interfaces/msg/detail/gripper_status__functions.h
[1.123s] -- Up-to-date: /home/dxf/wheeltec_lebai_humble_2024_7_17/install/lebai_interfaces/include/lebai_interfaces/lebai_interfaces/msg/detail/io_status__struct.h
[1.123s] -- Up-to-date: /home/dxf/wheeltec_lebai_humble_2024_7_17/install/lebai_interfaces/include/lebai_interfaces/lebai_interfaces/msg/detail/robot_mode__functions.c
[1.124s] -- Up-to-date: /home/dxf/wheeltec_lebai_humble_2024_7_17/install/lebai_interfaces/include/lebai_interfaces/lebai_interfaces/msg/detail/robot_status__type_support.h
[1.124s] -- Up-to-date: /home/dxf/wheeltec_lebai_humble_2024_7_17/install/lebai_interfaces/include/lebai_interfaces/lebai_interfaces/msg/detail/until_info__functions.c
[1.124s] -- Up-to-date: /home/dxf/wheeltec_lebai_humble_2024_7_17/install/lebai_interfaces/include/lebai_interfaces/lebai_interfaces/msg/detail/debug_level__type_support.h
[1.124s] -- Up-to-date: /home/dxf/wheeltec_lebai_humble_2024_7_17/install/lebai_interfaces/include/lebai_interfaces/lebai_interfaces/msg/detail/io_conditional_express__type_support.h
[1.125s] -- Up-to-date: /home/dxf/wheeltec_lebai_humble_2024_7_17/install/lebai_interfaces/include/lebai_interfaces/lebai_interfaces/msg/detail/io_status__functions.h
[1.125s] -- Up-to-date: /home/dxf/wheeltec_lebai_humble_2024_7_17/install/lebai_interfaces/include/lebai_interfaces/lebai_interfaces/msg/detail/trajectory_move_joint__struct.h
[1.125s] -- Up-to-date: /home/dxf/wheeltec_lebai_humble_2024_7_17/install/lebai_interfaces/include/lebai_interfaces/lebai_interfaces/msg/detail/tri_state__struct.h
[1.126s] -- Up-to-date: /home/dxf/wheeltec_lebai_humble_2024_7_17/install/lebai_interfaces/include/lebai_interfaces/lebai_interfaces/msg/detail/trajectory_move_joint__functions.h
[1.126s] -- Up-to-date: /home/dxf/wheeltec_lebai_humble_2024_7_17/install/lebai_interfaces/include/lebai_interfaces/lebai_interfaces/msg/trajectory_move_line.h
[1.126s] -- Up-to-date: /home/dxf/wheeltec_lebai_humble_2024_7_17/install/lebai_interfaces/include/lebai_interfaces/lebai_interfaces/msg/tri_state.h
[1.126s] -- Up-to-date: /home/dxf/wheeltec_lebai_humble_2024_7_17/install/lebai_interfaces/include/lebai_interfaces/lebai_interfaces/msg/robot_status.h
[1.127s] -- Up-to-date: /home/dxf/wheeltec_lebai_humble_2024_7_17/install/lebai_interfaces/include/lebai_interfaces/lebai_interfaces/msg/debug_level.h
[1.127s] -- Up-to-date: /home/dxf/wheeltec_lebai_humble_2024_7_17/install/lebai_interfaces/include/lebai_interfaces/lebai_interfaces/msg/trajectory_move_joint.h
[1.127s] -- Up-to-date: /home/dxf/wheeltec_lebai_humble_2024_7_17/install/lebai_interfaces/include/lebai_interfaces/lebai_interfaces/srv
[1.127s] -- Up-to-date: /home/dxf/wheeltec_lebai_humble_2024_7_17/install/lebai_interfaces/include/lebai_interfaces/lebai_interfaces/srv/move_joint.h
[1.128s] -- Up-to-date: /home/dxf/wheeltec_lebai_humble_2024_7_17/install/lebai_interfaces/include/lebai_interfaces/lebai_interfaces/srv/move_line.h
[1.128s] -- Up-to-date: /home/dxf/wheeltec_lebai_humble_2024_7_17/install/lebai_interfaces/include/lebai_interfaces/lebai_interfaces/srv/move_circle.h
[1.128s] -- Up-to-date: /home/dxf/wheeltec_lebai_humble_2024_7_17/install/lebai_interfaces/include/lebai_interfaces/lebai_interfaces/srv/set_ao.h
[1.128s] -- Up-to-date: /home/dxf/wheeltec_lebai_humble_2024_7_17/install/lebai_interfaces/include/lebai_interfaces/lebai_interfaces/srv/detail
[1.129s] -- Up-to-date: /home/dxf/wheeltec_lebai_humble_2024_7_17/install/lebai_interfaces/include/lebai_interfaces/lebai_interfaces/srv/detail/move_line__type_support.h
[1.129s] -- Up-to-date: /home/dxf/wheeltec_lebai_humble_2024_7_17/install/lebai_interfaces/include/lebai_interfaces/lebai_interfaces/srv/detail/set_ao__functions.h
[1.129s] -- Up-to-date: /home/dxf/wheeltec_lebai_humble_2024_7_17/install/lebai_interfaces/include/lebai_interfaces/lebai_interfaces/srv/detail/move_joint__functions.h
[1.129s] -- Up-to-date: /home/dxf/wheeltec_lebai_humble_2024_7_17/install/lebai_interfaces/include/lebai_interfaces/lebai_interfaces/srv/detail/set_do__struct.h
[1.130s] -- Up-to-date: /home/dxf/wheeltec_lebai_humble_2024_7_17/install/lebai_interfaces/include/lebai_interfaces/lebai_interfaces/srv/detail/set_do__type_support.h
[1.130s] -- Up-to-date: /home/dxf/wheeltec_lebai_humble_2024_7_17/install/lebai_interfaces/include/lebai_interfaces/lebai_interfaces/srv/detail/set_a_mode__functions.h
[1.130s] -- Up-to-date: /home/dxf/wheeltec_lebai_humble_2024_7_17/install/lebai_interfaces/include/lebai_interfaces/lebai_interfaces/srv/detail/set_a_mode__type_support.h
[1.130s] -- Up-to-date: /home/dxf/wheeltec_lebai_humble_2024_7_17/install/lebai_interfaces/include/lebai_interfaces/lebai_interfaces/srv/detail/set_gripper__functions.c
[1.130s] -- Up-to-date: /home/dxf/wheeltec_lebai_humble_2024_7_17/install/lebai_interfaces/include/lebai_interfaces/lebai_interfaces/srv/detail/set_do__functions.h
[1.131s] -- Up-to-date: /home/dxf/wheeltec_lebai_humble_2024_7_17/install/lebai_interfaces/include/lebai_interfaces/lebai_interfaces/srv/detail/set_a_mode__struct.h
[1.131s] -- Up-to-date: /home/dxf/wheeltec_lebai_humble_2024_7_17/install/lebai_interfaces/include/lebai_interfaces/lebai_interfaces/srv/detail/move_circle__functions.h
[1.131s] -- Up-to-date: /home/dxf/wheeltec_lebai_humble_2024_7_17/install/lebai_interfaces/include/lebai_interfaces/lebai_interfaces/srv/detail/move_line__functions.c
[1.131s] -- Up-to-date: /home/dxf/wheeltec_lebai_humble_2024_7_17/install/lebai_interfaces/include/lebai_interfaces/lebai_interfaces/srv/detail/set_ao__type_support.h
[1.131s] -- Up-to-date: /home/dxf/wheeltec_lebai_humble_2024_7_17/install/lebai_interfaces/include/lebai_interfaces/lebai_interfaces/srv/detail/set_gripper__type_support.h
[1.131s] -- Up-to-date: /home/dxf/wheeltec_lebai_humble_2024_7_17/install/lebai_interfaces/include/lebai_interfaces/lebai_interfaces/srv/detail/set_gripper__struct.h
[1.132s] -- Up-to-date: /home/dxf/wheeltec_lebai_humble_2024_7_17/install/lebai_interfaces/include/lebai_interfaces/lebai_interfaces/srv/detail/set_do__functions.c
[1.132s] -- Up-to-date: /home/dxf/wheeltec_lebai_humble_2024_7_17/install/lebai_interfaces/include/lebai_interfaces/lebai_interfaces/srv/detail/move_line__struct.h
[1.132s] -- Up-to-date: /home/dxf/wheeltec_lebai_humble_2024_7_17/install/lebai_interfaces/include/lebai_interfaces/lebai_interfaces/srv/detail/move_joint__functions.c
[1.132s] -- Up-to-date: /home/dxf/wheeltec_lebai_humble_2024_7_17/install/lebai_interfaces/include/lebai_interfaces/lebai_interfaces/srv/detail/move_circle__type_support.h
[1.132s] -- Up-to-date: /home/dxf/wheeltec_lebai_humble_2024_7_17/install/lebai_interfaces/include/lebai_interfaces/lebai_interfaces/srv/detail/move_line__functions.h
[1.132s] -- Up-to-date: /home/dxf/wheeltec_lebai_humble_2024_7_17/install/lebai_interfaces/include/lebai_interfaces/lebai_interfaces/srv/detail/move_circle__functions.c
[1.133s] -- Up-to-date: /home/dxf/wheeltec_lebai_humble_2024_7_17/install/lebai_interfaces/include/lebai_interfaces/lebai_interfaces/srv/detail/move_joint__struct.h
[1.133s] -- Up-to-date: /home/dxf/wheeltec_lebai_humble_2024_7_17/install/lebai_interfaces/include/lebai_interfaces/lebai_interfaces/srv/detail/set_gripper__functions.h
[1.133s] -- Up-to-date: /home/dxf/wheeltec_lebai_humble_2024_7_17/install/lebai_interfaces/include/lebai_interfaces/lebai_interfaces/srv/detail/set_a_mode__functions.c
[1.133s] -- Up-to-date: /home/dxf/wheeltec_lebai_humble_2024_7_17/install/lebai_interfaces/include/lebai_interfaces/lebai_interfaces/srv/detail/set_ao__struct.h
[1.133s] -- Up-to-date: /home/dxf/wheeltec_lebai_humble_2024_7_17/install/lebai_interfaces/include/lebai_interfaces/lebai_interfaces/srv/detail/set_ao__functions.c
[1.134s] -- Up-to-date: /home/dxf/wheeltec_lebai_humble_2024_7_17/install/lebai_interfaces/include/lebai_interfaces/lebai_interfaces/srv/detail/move_joint__type_support.h
[1.134s] -- Up-to-date: /home/dxf/wheeltec_lebai_humble_2024_7_17/install/lebai_interfaces/include/lebai_interfaces/lebai_interfaces/srv/detail/move_circle__struct.h
[1.134s] -- Up-to-date: /home/dxf/wheeltec_lebai_humble_2024_7_17/install/lebai_interfaces/include/lebai_interfaces/lebai_interfaces/srv/set_do.h
[1.134s] -- Up-to-date: /home/dxf/wheeltec_lebai_humble_2024_7_17/install/lebai_interfaces/include/lebai_interfaces/lebai_interfaces/srv/set_gripper.h
[1.135s] -- Up-to-date: /home/dxf/wheeltec_lebai_humble_2024_7_17/install/lebai_interfaces/include/lebai_interfaces/lebai_interfaces/srv/set_a_mode.h
[1.135s] -- Up-to-date: /home/dxf/wheeltec_lebai_humble_2024_7_17/install/lebai_interfaces/share/lebai_interfaces/environment/library_path.sh
[1.135s] -- Up-to-date: /home/dxf/wheeltec_lebai_humble_2024_7_17/install/lebai_interfaces/share/lebai_interfaces/environment/library_path.dsv
[1.135s] -- Up-to-date: /home/dxf/wheeltec_lebai_humble_2024_7_17/install/lebai_interfaces/lib/liblebai_interfaces__rosidl_generator_c.so
[1.135s] -- Up-to-date: /home/dxf/wheeltec_lebai_humble_2024_7_17/install/lebai_interfaces/include/lebai_interfaces/lebai_interfaces
[1.136s] -- Up-to-date: /home/dxf/wheeltec_lebai_humble_2024_7_17/install/lebai_interfaces/include/lebai_interfaces/lebai_interfaces/msg
[1.136s] -- Up-to-date: /home/dxf/wheeltec_lebai_humble_2024_7_17/install/lebai_interfaces/include/lebai_interfaces/lebai_interfaces/msg/rosidl_typesupport_fastrtps_c__visibility_control.h
[1.136s] -- Up-to-date: /home/dxf/wheeltec_lebai_humble_2024_7_17/install/lebai_interfaces/include/lebai_interfaces/lebai_interfaces/msg/detail
[1.136s] -- Up-to-date: /home/dxf/wheeltec_lebai_humble_2024_7_17/install/lebai_interfaces/include/lebai_interfaces/lebai_interfaces/msg/detail/trajectory_move_line__rosidl_typesupport_fastrtps_c.h
[1.136s] -- Up-to-date: /home/dxf/wheeltec_lebai_humble_2024_7_17/install/lebai_interfaces/include/lebai_interfaces/lebai_interfaces/msg/detail/io_status__rosidl_typesupport_fastrtps_c.h
[1.136s] -- Up-to-date: /home/dxf/wheeltec_lebai_humble_2024_7_17/install/lebai_interfaces/include/lebai_interfaces/lebai_interfaces/msg/detail/gripper_status__rosidl_typesupport_fastrtps_c.h
[1.136s] -- Up-to-date: /home/dxf/wheeltec_lebai_humble_2024_7_17/install/lebai_interfaces/include/lebai_interfaces/lebai_interfaces/msg/detail/debug_level__rosidl_typesupport_fastrtps_c.h
[1.137s] -- Up-to-date: /home/dxf/wheeltec_lebai_humble_2024_7_17/install/lebai_interfaces/include/lebai_interfaces/lebai_interfaces/msg/detail/io_conditional_express__rosidl_typesupport_fastrtps_c.h
[1.137s] -- Up-to-date: /home/dxf/wheeltec_lebai_humble_2024_7_17/install/lebai_interfaces/include/lebai_interfaces/lebai_interfaces/msg/detail/trajectory_move_circle__rosidl_typesupport_fastrtps_c.h
[1.137s] -- Up-to-date: /home/dxf/wheeltec_lebai_humble_2024_7_17/install/lebai_interfaces/include/lebai_interfaces/lebai_interfaces/msg/detail/device_info__rosidl_typesupport_fastrtps_c.h
[1.137s] -- Up-to-date: /home/dxf/wheeltec_lebai_humble_2024_7_17/install/lebai_interfaces/include/lebai_interfaces/lebai_interfaces/msg/detail/robot_mode__rosidl_typesupport_fastrtps_c.h
[1.137s] -- Up-to-date: /home/dxf/wheeltec_lebai_humble_2024_7_17/install/lebai_interfaces/include/lebai_interfaces/lebai_interfaces/msg/detail/move_common__rosidl_typesupport_fastrtps_c.h
[1.137s] -- Up-to-date: /home/dxf/wheeltec_lebai_humble_2024_7_17/install/lebai_interfaces/include/lebai_interfaces/lebai_interfaces/msg/detail/robot_status__rosidl_typesupport_fastrtps_c.h
[1.137s] -- Up-to-date: /home/dxf/wheeltec_lebai_humble_2024_7_17/install/lebai_interfaces/include/lebai_interfaces/lebai_interfaces/msg/detail/trajectory_move_joint__rosidl_typesupport_fastrtps_c.h
[1.138s] -- Up-to-date: /home/dxf/wheeltec_lebai_humble_2024_7_17/install/lebai_interfaces/include/lebai_interfaces/lebai_interfaces/msg/detail/until_info__rosidl_typesupport_fastrtps_c.h
[1.138s] -- Up-to-date: /home/dxf/wheeltec_lebai_humble_2024_7_17/install/lebai_interfaces/include/lebai_interfaces/lebai_interfaces/msg/detail/tri_state__rosidl_typesupport_fastrtps_c.h
[1.138s] -- Up-to-date: /home/dxf/wheeltec_lebai_humble_2024_7_17/install/lebai_interfaces/include/lebai_interfaces/lebai_interfaces/srv
[1.138s] -- Up-to-date: /home/dxf/wheeltec_lebai_humble_2024_7_17/install/lebai_interfaces/include/lebai_interfaces/lebai_interfaces/srv/detail
[1.139s] -- Up-to-date: /home/dxf/wheeltec_lebai_humble_2024_7_17/install/lebai_interfaces/include/lebai_interfaces/lebai_interfaces/srv/detail/set_a_mode__rosidl_typesupport_fastrtps_c.h
[1.139s] -- Up-to-date: /home/dxf/wheeltec_lebai_humble_2024_7_17/install/lebai_interfaces/include/lebai_interfaces/lebai_interfaces/srv/detail/move_circle__rosidl_typesupport_fastrtps_c.h
[1.139s] -- Up-to-date: /home/dxf/wheeltec_lebai_humble_2024_7_17/install/lebai_interfaces/include/lebai_interfaces/lebai_interfaces/srv/detail/set_gripper__rosidl_typesupport_fastrtps_c.h
[1.139s] -- Up-to-date: /home/dxf/wheeltec_lebai_humble_2024_7_17/install/lebai_interfaces/include/lebai_interfaces/lebai_interfaces/srv/detail/set_ao__rosidl_typesupport_fastrtps_c.h
[1.139s] -- Up-to-date: /home/dxf/wheeltec_lebai_humble_2024_7_17/install/lebai_interfaces/include/lebai_interfaces/lebai_interfaces/srv/detail/move_joint__rosidl_typesupport_fastrtps_c.h
[1.140s] -- Up-to-date: /home/dxf/wheeltec_lebai_humble_2024_7_17/install/lebai_interfaces/include/lebai_interfaces/lebai_interfaces/srv/detail/set_do__rosidl_typesupport_fastrtps_c.h
[1.140s] -- Up-to-date: /home/dxf/wheeltec_lebai_humble_2024_7_17/install/lebai_interfaces/include/lebai_interfaces/lebai_interfaces/srv/detail/move_line__rosidl_typesupport_fastrtps_c.h
[1.140s] -- Up-to-date: /home/dxf/wheeltec_lebai_humble_2024_7_17/install/lebai_interfaces/lib/liblebai_interfaces__rosidl_typesupport_fastrtps_c.so
[1.140s] -- Up-to-date: /home/dxf/wheeltec_lebai_humble_2024_7_17/install/lebai_interfaces/include/lebai_interfaces/lebai_interfaces
[1.141s] -- Up-to-date: /home/dxf/wheeltec_lebai_humble_2024_7_17/install/lebai_interfaces/include/lebai_interfaces/lebai_interfaces/msg
[1.141s] -- Up-to-date: /home/dxf/wheeltec_lebai_humble_2024_7_17/install/lebai_interfaces/include/lebai_interfaces/lebai_interfaces/msg/trajectory_move_joint.hpp
[1.141s] -- Up-to-date: /home/dxf/wheeltec_lebai_humble_2024_7_17/install/lebai_interfaces/include/lebai_interfaces/lebai_interfaces/msg/rosidl_generator_cpp__visibility_control.hpp
[1.141s] -- Up-to-date: /home/dxf/wheeltec_lebai_humble_2024_7_17/install/lebai_interfaces/include/lebai_interfaces/lebai_interfaces/msg/gripper_status.hpp
[1.141s] -- Up-to-date: /home/dxf/wheeltec_lebai_humble_2024_7_17/install/lebai_interfaces/include/lebai_interfaces/lebai_interfaces/msg/tri_state.hpp
[1.141s] -- Up-to-date: /home/dxf/wheeltec_lebai_humble_2024_7_17/install/lebai_interfaces/include/lebai_interfaces/lebai_interfaces/msg/move_common.hpp
[1.141s] -- Up-to-date: /home/dxf/wheeltec_lebai_humble_2024_7_17/install/lebai_interfaces/include/lebai_interfaces/lebai_interfaces/msg/until_info.hpp
[1.142s] -- Up-to-date: /home/dxf/wheeltec_lebai_humble_2024_7_17/install/lebai_interfaces/include/lebai_interfaces/lebai_interfaces/msg/trajectory_move_circle.hpp
[1.142s] -- Up-to-date: /home/dxf/wheeltec_lebai_humble_2024_7_17/install/lebai_interfaces/include/lebai_interfaces/lebai_interfaces/msg/detail
[1.142s] -- Up-to-date: /home/dxf/wheeltec_lebai_humble_2024_7_17/install/lebai_interfaces/include/lebai_interfaces/lebai_interfaces/msg/detail/io_status__builder.hpp
[1.142s] -- Up-to-date: /home/dxf/wheeltec_lebai_humble_2024_7_17/install/lebai_interfaces/include/lebai_interfaces/lebai_interfaces/msg/detail/device_info__traits.hpp
[1.142s] -- Up-to-date: /home/dxf/wheeltec_lebai_humble_2024_7_17/install/lebai_interfaces/include/lebai_interfaces/lebai_interfaces/msg/detail/trajectory_move_joint__type_support.hpp
[1.142s] -- Up-to-date: /home/dxf/wheeltec_lebai_humble_2024_7_17/install/lebai_interfaces/include/lebai_interfaces/lebai_interfaces/msg/detail/move_common__builder.hpp
[1.142s] -- Up-to-date: /home/dxf/wheeltec_lebai_humble_2024_7_17/install/lebai_interfaces/include/lebai_interfaces/lebai_interfaces/msg/detail/device_info__builder.hpp
[1.142s] -- Up-to-date: /home/dxf/wheeltec_lebai_humble_2024_7_17/install/lebai_interfaces/include/lebai_interfaces/lebai_interfaces/msg/detail/tri_state__builder.hpp
[1.143s] -- Up-to-date: /home/dxf/wheeltec_lebai_humble_2024_7_17/install/lebai_interfaces/include/lebai_interfaces/lebai_interfaces/msg/detail/io_conditional_express__type_support.hpp
[1.143s] -- Up-to-date: /home/dxf/wheeltec_lebai_humble_2024_7_17/install/lebai_interfaces/include/lebai_interfaces/lebai_interfaces/msg/detail/until_info__builder.hpp
[1.143s] -- Up-to-date: /home/dxf/wheeltec_lebai_humble_2024_7_17/install/lebai_interfaces/include/lebai_interfaces/lebai_interfaces/msg/detail/trajectory_move_circle__builder.hpp
[1.143s] -- Up-to-date: /home/dxf/wheeltec_lebai_humble_2024_7_17/install/lebai_interfaces/include/lebai_interfaces/lebai_interfaces/msg/detail/until_info__type_support.hpp
[1.143s] -- Up-to-date: /home/dxf/wheeltec_lebai_humble_2024_7_17/install/lebai_interfaces/include/lebai_interfaces/lebai_interfaces/msg/detail/debug_level__struct.hpp
[1.143s] -- Up-to-date: /home/dxf/wheeltec_lebai_humble_2024_7_17/install/lebai_interfaces/include/lebai_interfaces/lebai_interfaces/msg/detail/until_info__traits.hpp
[1.144s] -- Up-to-date: /home/dxf/wheeltec_lebai_humble_2024_7_17/install/lebai_interfaces/include/lebai_interfaces/lebai_interfaces/msg/detail/io_conditional_express__builder.hpp
[1.144s] -- Up-to-date: /home/dxf/wheeltec_lebai_humble_2024_7_17/install/lebai_interfaces/include/lebai_interfaces/lebai_interfaces/msg/detail/tri_state__type_support.hpp
[1.144s] -- Up-to-date: /home/dxf/wheeltec_lebai_humble_2024_7_17/install/lebai_interfaces/include/lebai_interfaces/lebai_interfaces/msg/detail/trajectory_move_joint__struct.hpp
[1.144s] -- Up-to-date: /home/dxf/wheeltec_lebai_humble_2024_7_17/install/lebai_interfaces/include/lebai_interfaces/lebai_interfaces/msg/detail/debug_level__traits.hpp
[1.144s] -- Up-to-date: /home/dxf/wheeltec_lebai_humble_2024_7_17/install/lebai_interfaces/include/lebai_interfaces/lebai_interfaces/msg/detail/device_info__type_support.hpp
[1.144s] -- Up-to-date: /home/dxf/wheeltec_lebai_humble_2024_7_17/install/lebai_interfaces/include/lebai_interfaces/lebai_interfaces/msg/detail/trajectory_move_line__struct.hpp
[1.145s] -- Up-to-date: /home/dxf/wheeltec_lebai_humble_2024_7_17/install/lebai_interfaces/include/lebai_interfaces/lebai_interfaces/msg/detail/trajectory_move_circle__struct.hpp
[1.145s] -- Up-to-date: /home/dxf/wheeltec_lebai_humble_2024_7_17/install/lebai_interfaces/include/lebai_interfaces/lebai_interfaces/msg/detail/trajectory_move_circle__traits.hpp
[1.145s] -- Up-to-date: /home/dxf/wheeltec_lebai_humble_2024_7_17/install/lebai_interfaces/include/lebai_interfaces/lebai_interfaces/msg/detail/io_status__type_support.hpp
[1.145s] -- Up-to-date: /home/dxf/wheeltec_lebai_humble_2024_7_17/install/lebai_interfaces/include/lebai_interfaces/lebai_interfaces/msg/detail/tri_state__struct.hpp
[1.145s] -- Up-to-date: /home/dxf/wheeltec_lebai_humble_2024_7_17/install/lebai_interfaces/include/lebai_interfaces/lebai_interfaces/msg/detail/device_info__struct.hpp
[1.146s] -- Up-to-date: /home/dxf/wheeltec_lebai_humble_2024_7_17/install/lebai_interfaces/include/lebai_interfaces/lebai_interfaces/msg/detail/io_status__traits.hpp
[1.146s] -- Up-to-date: /home/dxf/wheeltec_lebai_humble_2024_7_17/install/lebai_interfaces/include/lebai_interfaces/lebai_interfaces/msg/detail/move_common__type_support.hpp
[1.146s] -- Up-to-date: /home/dxf/wheeltec_lebai_humble_2024_7_17/install/lebai_interfaces/include/lebai_interfaces/lebai_interfaces/msg/detail/debug_level__builder.hpp
[1.146s] -- Up-to-date: /home/dxf/wheeltec_lebai_humble_2024_7_17/install/lebai_interfaces/include/lebai_interfaces/lebai_interfaces/msg/detail/trajectory_move_circle__type_support.hpp
[1.146s] -- Up-to-date: /home/dxf/wheeltec_lebai_humble_2024_7_17/install/lebai_interfaces/include/lebai_interfaces/lebai_interfaces/msg/detail/io_conditional_express__struct.hpp
[1.147s] -- Up-to-date: /home/dxf/wheeltec_lebai_humble_2024_7_17/install/lebai_interfaces/include/lebai_interfaces/lebai_interfaces/msg/detail/robot_status__type_support.hpp
[1.147s] -- Up-to-date: /home/dxf/wheeltec_lebai_humble_2024_7_17/install/lebai_interfaces/include/lebai_interfaces/lebai_interfaces/msg/detail/robot_status__builder.hpp
[1.147s] -- Up-to-date: /home/dxf/wheeltec_lebai_humble_2024_7_17/install/lebai_interfaces/include/lebai_interfaces/lebai_interfaces/msg/detail/trajectory_move_joint__builder.hpp
[1.147s] -- Up-to-date: /home/dxf/wheeltec_lebai_humble_2024_7_17/install/lebai_interfaces/include/lebai_interfaces/lebai_interfaces/msg/detail/robot_mode__struct.hpp
[1.148s] -- Up-to-date: /home/dxf/wheeltec_lebai_humble_2024_7_17/install/lebai_interfaces/include/lebai_interfaces/lebai_interfaces/msg/detail/debug_level__type_support.hpp
[1.148s] -- Up-to-date: /home/dxf/wheeltec_lebai_humble_2024_7_17/install/lebai_interfaces/include/lebai_interfaces/lebai_interfaces/msg/detail/tri_state__traits.hpp
[1.148s] -- Up-to-date: /home/dxf/wheeltec_lebai_humble_2024_7_17/install/lebai_interfaces/include/lebai_interfaces/lebai_interfaces/msg/detail/gripper_status__builder.hpp
[1.148s] -- Up-to-date: /home/dxf/wheeltec_lebai_humble_2024_7_17/install/lebai_interfaces/include/lebai_interfaces/lebai_interfaces/msg/detail/robot_mode__traits.hpp
[1.148s] -- Up-to-date: /home/dxf/wheeltec_lebai_humble_2024_7_17/install/lebai_interfaces/include/lebai_interfaces/lebai_interfaces/msg/detail/move_common__traits.hpp
[1.148s] -- Up-to-date: /home/dxf/wheeltec_lebai_humble_2024_7_17/install/lebai_interfaces/include/lebai_interfaces/lebai_interfaces/msg/detail/move_common__struct.hpp
[1.148s] -- Up-to-date: /home/dxf/wheeltec_lebai_humble_2024_7_17/install/lebai_interfaces/include/lebai_interfaces/lebai_interfaces/msg/detail/robot_status__struct.hpp
[1.149s] -- Up-to-date: /home/dxf/wheeltec_lebai_humble_2024_7_17/install/lebai_interfaces/include/lebai_interfaces/lebai_interfaces/msg/detail/robot_mode__type_support.hpp
[1.149s] -- Up-to-date: /home/dxf/wheeltec_lebai_humble_2024_7_17/install/lebai_interfaces/include/lebai_interfaces/lebai_interfaces/msg/detail/robot_mode__builder.hpp
[1.149s] -- Up-to-date: /home/dxf/wheeltec_lebai_humble_2024_7_17/install/lebai_interfaces/include/lebai_interfaces/lebai_interfaces/msg/detail/gripper_status__struct.hpp
[1.149s] -- Up-to-date: /home/dxf/wheeltec_lebai_humble_2024_7_17/install/lebai_interfaces/include/lebai_interfaces/lebai_interfaces/msg/detail/trajectory_move_joint__traits.hpp
[1.149s] -- Up-to-date: /home/dxf/wheeltec_lebai_humble_2024_7_17/install/lebai_interfaces/include/lebai_interfaces/lebai_interfaces/msg/detail/gripper_status__type_support.hpp
[1.149s] -- Up-to-date: /home/dxf/wheeltec_lebai_humble_2024_7_17/install/lebai_interfaces/include/lebai_interfaces/lebai_interfaces/msg/detail/trajectory_move_line__traits.hpp
[1.149s] -- Up-to-date: /home/dxf/wheeltec_lebai_humble_2024_7_17/install/lebai_interfaces/include/lebai_interfaces/lebai_interfaces/msg/detail/gripper_status__traits.hpp
[1.150s] -- Up-to-date: /home/dxf/wheeltec_lebai_humble_2024_7_17/install/lebai_interfaces/include/lebai_interfaces/lebai_interfaces/msg/detail/trajectory_move_line__type_support.hpp
[1.150s] -- Up-to-date: /home/dxf/wheeltec_lebai_humble_2024_7_17/install/lebai_interfaces/include/lebai_interfaces/lebai_interfaces/msg/detail/robot_status__traits.hpp
[1.150s] -- Up-to-date: /home/dxf/wheeltec_lebai_humble_2024_7_17/install/lebai_interfaces/include/lebai_interfaces/lebai_interfaces/msg/detail/trajectory_move_line__builder.hpp
[1.150s] -- Up-to-date: /home/dxf/wheeltec_lebai_humble_2024_7_17/install/lebai_interfaces/include/lebai_interfaces/lebai_interfaces/msg/detail/io_conditional_express__traits.hpp
[1.150s] -- Up-to-date: /home/dxf/wheeltec_lebai_humble_2024_7_17/install/lebai_interfaces/include/lebai_interfaces/lebai_interfaces/msg/detail/io_status__struct.hpp
[1.150s] -- Up-to-date: /home/dxf/wheeltec_lebai_humble_2024_7_17/install/lebai_interfaces/include/lebai_interfaces/lebai_interfaces/msg/detail/until_info__struct.hpp
[1.150s] -- Up-to-date: /home/dxf/wheeltec_lebai_humble_2024_7_17/install/lebai_interfaces/include/lebai_interfaces/lebai_interfaces/msg/io_conditional_express.hpp
[1.151s] -- Up-to-date: /home/dxf/wheeltec_lebai_humble_2024_7_17/install/lebai_interfaces/include/lebai_interfaces/lebai_interfaces/msg/device_info.hpp
[1.151s] -- Up-to-date: /home/dxf/wheeltec_lebai_humble_2024_7_17/install/lebai_interfaces/include/lebai_interfaces/lebai_interfaces/msg/debug_level.hpp
[1.151s] -- Up-to-date: /home/dxf/wheeltec_lebai_humble_2024_7_17/install/lebai_interfaces/include/lebai_interfaces/lebai_interfaces/msg/robot_status.hpp
[1.151s] -- Up-to-date: /home/dxf/wheeltec_lebai_humble_2024_7_17/install/lebai_interfaces/include/lebai_interfaces/lebai_interfaces/msg/io_status.hpp
[1.151s] -- Up-to-date: /home/dxf/wheeltec_lebai_humble_2024_7_17/install/lebai_interfaces/include/lebai_interfaces/lebai_interfaces/msg/trajectory_move_line.hpp
[1.151s] -- Up-to-date: /home/dxf/wheeltec_lebai_humble_2024_7_17/install/lebai_interfaces/include/lebai_interfaces/lebai_interfaces/msg/robot_mode.hpp
[1.151s] -- Up-to-date: /home/dxf/wheeltec_lebai_humble_2024_7_17/install/lebai_interfaces/include/lebai_interfaces/lebai_interfaces/srv
[1.151s] -- Up-to-date: /home/dxf/wheeltec_lebai_humble_2024_7_17/install/lebai_interfaces/include/lebai_interfaces/lebai_interfaces/srv/set_do.hpp
[1.152s] -- Up-to-date: /home/dxf/wheeltec_lebai_humble_2024_7_17/install/lebai_interfaces/include/lebai_interfaces/lebai_interfaces/srv/set_ao.hpp
[1.152s] -- Up-to-date: /home/dxf/wheeltec_lebai_humble_2024_7_17/install/lebai_interfaces/include/lebai_interfaces/lebai_interfaces/srv/move_joint.hpp
[1.152s] -- Up-to-date: /home/dxf/wheeltec_lebai_humble_2024_7_17/install/lebai_interfaces/include/lebai_interfaces/lebai_interfaces/srv/set_gripper.hpp
[1.152s] -- Up-to-date: /home/dxf/wheeltec_lebai_humble_2024_7_17/install/lebai_interfaces/include/lebai_interfaces/lebai_interfaces/srv/detail
[1.152s] -- Up-to-date: /home/dxf/wheeltec_lebai_humble_2024_7_17/install/lebai_interfaces/include/lebai_interfaces/lebai_interfaces/srv/detail/move_circle__type_support.hpp
[1.152s] -- Up-to-date: /home/dxf/wheeltec_lebai_humble_2024_7_17/install/lebai_interfaces/include/lebai_interfaces/lebai_interfaces/srv/detail/set_a_mode__builder.hpp
[1.152s] -- Up-to-date: /home/dxf/wheeltec_lebai_humble_2024_7_17/install/lebai_interfaces/include/lebai_interfaces/lebai_interfaces/srv/detail/set_ao__traits.hpp
[1.153s] -- Up-to-date: /home/dxf/wheeltec_lebai_humble_2024_7_17/install/lebai_interfaces/include/lebai_interfaces/lebai_interfaces/srv/detail/move_circle__traits.hpp
[1.153s] -- Up-to-date: /home/dxf/wheeltec_lebai_humble_2024_7_17/install/lebai_interfaces/include/lebai_interfaces/lebai_interfaces/srv/detail/set_do__traits.hpp
[1.153s] -- Up-to-date: /home/dxf/wheeltec_lebai_humble_2024_7_17/install/lebai_interfaces/include/lebai_interfaces/lebai_interfaces/srv/detail/set_gripper__traits.hpp
[1.153s] -- Up-to-date: /home/dxf/wheeltec_lebai_humble_2024_7_17/install/lebai_interfaces/include/lebai_interfaces/lebai_interfaces/srv/detail/set_ao__type_support.hpp
[1.153s] -- Up-to-date: /home/dxf/wheeltec_lebai_humble_2024_7_17/install/lebai_interfaces/include/lebai_interfaces/lebai_interfaces/srv/detail/move_joint__struct.hpp
[1.153s] -- Up-to-date: /home/dxf/wheeltec_lebai_humble_2024_7_17/install/lebai_interfaces/include/lebai_interfaces/lebai_interfaces/srv/detail/move_joint__traits.hpp
[1.153s] -- Up-to-date: /home/dxf/wheeltec_lebai_humble_2024_7_17/install/lebai_interfaces/include/lebai_interfaces/lebai_interfaces/srv/detail/set_gripper__builder.hpp
[1.154s] -- Up-to-date: /home/dxf/wheeltec_lebai_humble_2024_7_17/install/lebai_interfaces/include/lebai_interfaces/lebai_interfaces/srv/detail/move_line__struct.hpp
[1.154s] -- Up-to-date: /home/dxf/wheeltec_lebai_humble_2024_7_17/install/lebai_interfaces/include/lebai_interfaces/lebai_interfaces/srv/detail/move_circle__struct.hpp
[1.154s] -- Up-to-date: /home/dxf/wheeltec_lebai_humble_2024_7_17/install/lebai_interfaces/include/lebai_interfaces/lebai_interfaces/srv/detail/set_do__builder.hpp
[1.154s] -- Up-to-date: /home/dxf/wheeltec_lebai_humble_2024_7_17/install/lebai_interfaces/include/lebai_interfaces/lebai_interfaces/srv/detail/move_line__builder.hpp
[1.154s] -- Up-to-date: /home/dxf/wheeltec_lebai_humble_2024_7_17/install/lebai_interfaces/include/lebai_interfaces/lebai_interfaces/srv/detail/set_ao__builder.hpp
[1.154s] -- Up-to-date: /home/dxf/wheeltec_lebai_humble_2024_7_17/install/lebai_interfaces/include/lebai_interfaces/lebai_interfaces/srv/detail/move_joint__type_support.hpp
[1.154s] -- Up-to-date: /home/dxf/wheeltec_lebai_humble_2024_7_17/install/lebai_interfaces/include/lebai_interfaces/lebai_interfaces/srv/detail/set_do__struct.hpp
[1.155s] -- Up-to-date: /home/dxf/wheeltec_lebai_humble_2024_7_17/install/lebai_interfaces/include/lebai_interfaces/lebai_interfaces/srv/detail/set_a_mode__traits.hpp
[1.155s] -- Up-to-date: /home/dxf/wheeltec_lebai_humble_2024_7_17/install/lebai_interfaces/include/lebai_interfaces/lebai_interfaces/srv/detail/set_do__type_support.hpp
[1.155s] -- Up-to-date: /home/dxf/wheeltec_lebai_humble_2024_7_17/install/lebai_interfaces/include/lebai_interfaces/lebai_interfaces/srv/detail/move_line__traits.hpp
[1.155s] -- Up-to-date: /home/dxf/wheeltec_lebai_humble_2024_7_17/install/lebai_interfaces/include/lebai_interfaces/lebai_interfaces/srv/detail/set_gripper__type_support.hpp
[1.155s] -- Up-to-date: /home/dxf/wheeltec_lebai_humble_2024_7_17/install/lebai_interfaces/include/lebai_interfaces/lebai_interfaces/srv/detail/set_gripper__struct.hpp
[1.155s] -- Up-to-date: /home/dxf/wheeltec_lebai_humble_2024_7_17/install/lebai_interfaces/include/lebai_interfaces/lebai_interfaces/srv/detail/move_joint__builder.hpp
[1.155s] -- Up-to-date: /home/dxf/wheeltec_lebai_humble_2024_7_17/install/lebai_interfaces/include/lebai_interfaces/lebai_interfaces/srv/detail/set_a_mode__type_support.hpp
[1.155s] -- Up-to-date: /home/dxf/wheeltec_lebai_humble_2024_7_17/install/lebai_interfaces/include/lebai_interfaces/lebai_interfaces/srv/detail/move_line__type_support.hpp
[1.156s] -- Up-to-date: /home/dxf/wheeltec_lebai_humble_2024_7_17/install/lebai_interfaces/include/lebai_interfaces/lebai_interfaces/srv/detail/set_a_mode__struct.hpp
[1.156s] -- Up-to-date: /home/dxf/wheeltec_lebai_humble_2024_7_17/install/lebai_interfaces/include/lebai_interfaces/lebai_interfaces/srv/detail/set_ao__struct.hpp
[1.156s] -- Up-to-date: /home/dxf/wheeltec_lebai_humble_2024_7_17/install/lebai_interfaces/include/lebai_interfaces/lebai_interfaces/srv/detail/move_circle__builder.hpp
[1.156s] -- Up-to-date: /home/dxf/wheeltec_lebai_humble_2024_7_17/install/lebai_interfaces/include/lebai_interfaces/lebai_interfaces/srv/move_line.hpp
[1.156s] -- Up-to-date: /home/dxf/wheeltec_lebai_humble_2024_7_17/install/lebai_interfaces/include/lebai_interfaces/lebai_interfaces/srv/set_a_mode.hpp
[1.156s] -- Up-to-date: /home/dxf/wheeltec_lebai_humble_2024_7_17/install/lebai_interfaces/include/lebai_interfaces/lebai_interfaces/srv/move_circle.hpp
[1.156s] -- Up-to-date: /home/dxf/wheeltec_lebai_humble_2024_7_17/install/lebai_interfaces/include/lebai_interfaces/lebai_interfaces
[1.157s] -- Up-to-date: /home/dxf/wheeltec_lebai_humble_2024_7_17/install/lebai_interfaces/include/lebai_interfaces/lebai_interfaces/msg
[1.157s] -- Up-to-date: /home/dxf/wheeltec_lebai_humble_2024_7_17/install/lebai_interfaces/include/lebai_interfaces/lebai_interfaces/msg/rosidl_typesupport_fastrtps_cpp__visibility_control.h
[1.157s] -- Up-to-date: /home/dxf/wheeltec_lebai_humble_2024_7_17/install/lebai_interfaces/include/lebai_interfaces/lebai_interfaces/msg/detail
[1.157s] -- Up-to-date: /home/dxf/wheeltec_lebai_humble_2024_7_17/install/lebai_interfaces/include/lebai_interfaces/lebai_interfaces/msg/detail/trajectory_move_line__rosidl_typesupport_fastrtps_cpp.hpp
[1.157s] -- Up-to-date: /home/dxf/wheeltec_lebai_humble_2024_7_17/install/lebai_interfaces/include/lebai_interfaces/lebai_interfaces/msg/detail/dds_fastrtps
[1.157s] -- Up-to-date: /home/dxf/wheeltec_lebai_humble_2024_7_17/install/lebai_interfaces/include/lebai_interfaces/lebai_interfaces/msg/detail/move_common__rosidl_typesupport_fastrtps_cpp.hpp
[1.157s] -- Up-to-date: /home/dxf/wheeltec_lebai_humble_2024_7_17/install/lebai_interfaces/include/lebai_interfaces/lebai_interfaces/msg/detail/device_info__rosidl_typesupport_fastrtps_cpp.hpp
[1.158s] -- Up-to-date: /home/dxf/wheeltec_lebai_humble_2024_7_17/install/lebai_interfaces/include/lebai_interfaces/lebai_interfaces/msg/detail/gripper_status__rosidl_typesupport_fastrtps_cpp.hpp
[1.158s] -- Up-to-date: /home/dxf/wheeltec_lebai_humble_2024_7_17/install/lebai_interfaces/include/lebai_interfaces/lebai_interfaces/msg/detail/trajectory_move_circle__rosidl_typesupport_fastrtps_cpp.hpp
[1.158s] -- Up-to-date: /home/dxf/wheeltec_lebai_humble_2024_7_17/install/lebai_interfaces/include/lebai_interfaces/lebai_interfaces/msg/detail/robot_mode__rosidl_typesupport_fastrtps_cpp.hpp
[1.158s] -- Up-to-date: /home/dxf/wheeltec_lebai_humble_2024_7_17/install/lebai_interfaces/include/lebai_interfaces/lebai_interfaces/msg/detail/until_info__rosidl_typesupport_fastrtps_cpp.hpp
[1.158s] -- Up-to-date: /home/dxf/wheeltec_lebai_humble_2024_7_17/install/lebai_interfaces/include/lebai_interfaces/lebai_interfaces/msg/detail/tri_state__rosidl_typesupport_fastrtps_cpp.hpp
[1.158s] -- Up-to-date: /home/dxf/wheeltec_lebai_humble_2024_7_17/install/lebai_interfaces/include/lebai_interfaces/lebai_interfaces/msg/detail/debug_level__rosidl_typesupport_fastrtps_cpp.hpp
[1.158s] -- Up-to-date: /home/dxf/wheeltec_lebai_humble_2024_7_17/install/lebai_interfaces/include/lebai_interfaces/lebai_interfaces/msg/detail/io_conditional_express__rosidl_typesupport_fastrtps_cpp.hpp
[1.158s] -- Up-to-date: /home/dxf/wheeltec_lebai_humble_2024_7_17/install/lebai_interfaces/include/lebai_interfaces/lebai_interfaces/msg/detail/io_status__rosidl_typesupport_fastrtps_cpp.hpp
[1.159s] -- Up-to-date: /home/dxf/wheeltec_lebai_humble_2024_7_17/install/lebai_interfaces/include/lebai_interfaces/lebai_interfaces/msg/detail/robot_status__rosidl_typesupport_fastrtps_cpp.hpp
[1.159s] -- Up-to-date: /home/dxf/wheeltec_lebai_humble_2024_7_17/install/lebai_interfaces/include/lebai_interfaces/lebai_interfaces/msg/detail/trajectory_move_joint__rosidl_typesupport_fastrtps_cpp.hpp
[1.159s] -- Up-to-date: /home/dxf/wheeltec_lebai_humble_2024_7_17/install/lebai_interfaces/include/lebai_interfaces/lebai_interfaces/srv
[1.159s] -- Up-to-date: /home/dxf/wheeltec_lebai_humble_2024_7_17/install/lebai_interfaces/include/lebai_interfaces/lebai_interfaces/srv/detail
[1.159s] -- Up-to-date: /home/dxf/wheeltec_lebai_humble_2024_7_17/install/lebai_interfaces/include/lebai_interfaces/lebai_interfaces/srv/detail/dds_fastrtps
[1.159s] -- Up-to-date: /home/dxf/wheeltec_lebai_humble_2024_7_17/install/lebai_interfaces/include/lebai_interfaces/lebai_interfaces/srv/detail/move_circle__rosidl_typesupport_fastrtps_cpp.hpp
[1.159s] -- Up-to-date: /home/dxf/wheeltec_lebai_humble_2024_7_17/install/lebai_interfaces/include/lebai_interfaces/lebai_interfaces/srv/detail/set_a_mode__rosidl_typesupport_fastrtps_cpp.hpp
[1.159s] -- Up-to-date: /home/dxf/wheeltec_lebai_humble_2024_7_17/install/lebai_interfaces/include/lebai_interfaces/lebai_interfaces/srv/detail/set_gripper__rosidl_typesupport_fastrtps_cpp.hpp
[1.160s] -- Up-to-date: /home/dxf/wheeltec_lebai_humble_2024_7_17/install/lebai_interfaces/include/lebai_interfaces/lebai_interfaces/srv/detail/set_ao__rosidl_typesupport_fastrtps_cpp.hpp
[1.160s] -- Up-to-date: /home/dxf/wheeltec_lebai_humble_2024_7_17/install/lebai_interfaces/include/lebai_interfaces/lebai_interfaces/srv/detail/move_joint__rosidl_typesupport_fastrtps_cpp.hpp
[1.160s] -- Up-to-date: /home/dxf/wheeltec_lebai_humble_2024_7_17/install/lebai_interfaces/include/lebai_interfaces/lebai_interfaces/srv/detail/move_line__rosidl_typesupport_fastrtps_cpp.hpp
[1.160s] -- Up-to-date: /home/dxf/wheeltec_lebai_humble_2024_7_17/install/lebai_interfaces/include/lebai_interfaces/lebai_interfaces/srv/detail/set_do__rosidl_typesupport_fastrtps_cpp.hpp
[1.160s] -- Up-to-date: /home/dxf/wheeltec_lebai_humble_2024_7_17/install/lebai_interfaces/lib/liblebai_interfaces__rosidl_typesupport_fastrtps_cpp.so
[1.160s] -- Up-to-date: /home/dxf/wheeltec_lebai_humble_2024_7_17/install/lebai_interfaces/include/lebai_interfaces/lebai_interfaces
[1.160s] -- Up-to-date: /home/dxf/wheeltec_lebai_humble_2024_7_17/install/lebai_interfaces/include/lebai_interfaces/lebai_interfaces/msg
[1.161s] -- Up-to-date: /home/dxf/wheeltec_lebai_humble_2024_7_17/install/lebai_interfaces/include/lebai_interfaces/lebai_interfaces/msg/detail
[1.161s] -- Up-to-date: /home/dxf/wheeltec_lebai_humble_2024_7_17/install/lebai_interfaces/include/lebai_interfaces/lebai_interfaces/msg/detail/device_info__rosidl_typesupport_introspection_c.h
[1.161s] -- Up-to-date: /home/dxf/wheeltec_lebai_humble_2024_7_17/install/lebai_interfaces/include/lebai_interfaces/lebai_interfaces/msg/detail/io_conditional_express__type_support.c
[1.161s] -- Up-to-date: /home/dxf/wheeltec_lebai_humble_2024_7_17/install/lebai_interfaces/include/lebai_interfaces/lebai_interfaces/msg/detail/debug_level__type_support.c
[1.161s] -- Up-to-date: /home/dxf/wheeltec_lebai_humble_2024_7_17/install/lebai_interfaces/include/lebai_interfaces/lebai_interfaces/msg/detail/debug_level__rosidl_typesupport_introspection_c.h
[1.161s] -- Up-to-date: /home/dxf/wheeltec_lebai_humble_2024_7_17/install/lebai_interfaces/include/lebai_interfaces/lebai_interfaces/msg/detail/trajectory_move_joint__rosidl_typesupport_introspection_c.h
[1.162s] -- Up-to-date: /home/dxf/wheeltec_lebai_humble_2024_7_17/install/lebai_interfaces/include/lebai_interfaces/lebai_interfaces/msg/detail/robot_status__type_support.c
[1.162s] -- Up-to-date: /home/dxf/wheeltec_lebai_humble_2024_7_17/install/lebai_interfaces/include/lebai_interfaces/lebai_interfaces/msg/detail/trajectory_move_circle__type_support.c
[1.162s] -- Up-to-date: /home/dxf/wheeltec_lebai_humble_2024_7_17/install/lebai_interfaces/include/lebai_interfaces/lebai_interfaces/msg/detail/trajectory_move_joint__type_support.c
[1.162s] -- Up-to-date: /home/dxf/wheeltec_lebai_humble_2024_7_17/install/lebai_interfaces/include/lebai_interfaces/lebai_interfaces/msg/detail/tri_state__rosidl_typesupport_introspection_c.h
[1.162s] -- Up-to-date: /home/dxf/wheeltec_lebai_humble_2024_7_17/install/lebai_interfaces/include/lebai_interfaces/lebai_interfaces/msg/detail/io_status__rosidl_typesupport_introspection_c.h
[1.162s] -- Up-to-date: /home/dxf/wheeltec_lebai_humble_2024_7_17/install/lebai_interfaces/include/lebai_interfaces/lebai_interfaces/msg/detail/trajectory_move_line__rosidl_typesupport_introspection_c.h
[1.162s] -- Up-to-date: /home/dxf/wheeltec_lebai_humble_2024_7_17/install/lebai_interfaces/include/lebai_interfaces/lebai_interfaces/msg/detail/robot_mode__rosidl_typesupport_introspection_c.h
[1.162s] -- Up-to-date: /home/dxf/wheeltec_lebai_humble_2024_7_17/install/lebai_interfaces/include/lebai_interfaces/lebai_interfaces/msg/detail/tri_state__type_support.c
[1.163s] -- Up-to-date: /home/dxf/wheeltec_lebai_humble_2024_7_17/install/lebai_interfaces/include/lebai_interfaces/lebai_interfaces/msg/detail/io_conditional_express__rosidl_typesupport_introspection_c.h
[1.163s] -- Up-to-date: /home/dxf/wheeltec_lebai_humble_2024_7_17/install/lebai_interfaces/include/lebai_interfaces/lebai_interfaces/msg/detail/gripper_status__rosidl_typesupport_introspection_c.h
[1.163s] -- Up-to-date: /home/dxf/wheeltec_lebai_humble_2024_7_17/install/lebai_interfaces/include/lebai_interfaces/lebai_interfaces/msg/detail/device_info__type_support.c
[1.163s] -- Up-to-date: /home/dxf/wheeltec_lebai_humble_2024_7_17/install/lebai_interfaces/include/lebai_interfaces/lebai_interfaces/msg/detail/move_common__rosidl_typesupport_introspection_c.h
[1.163s] -- Up-to-date: /home/dxf/wheeltec_lebai_humble_2024_7_17/install/lebai_interfaces/include/lebai_interfaces/lebai_interfaces/msg/detail/robot_mode__type_support.c
[1.163s] -- Up-to-date: /home/dxf/wheeltec_lebai_humble_2024_7_17/install/lebai_interfaces/include/lebai_interfaces/lebai_interfaces/msg/detail/robot_status__rosidl_typesupport_introspection_c.h
[1.163s] -- Up-to-date: /home/dxf/wheeltec_lebai_humble_2024_7_17/install/lebai_interfaces/include/lebai_interfaces/lebai_interfaces/msg/detail/gripper_status__type_support.c
[1.163s] -- Up-to-date: /home/dxf/wheeltec_lebai_humble_2024_7_17/install/lebai_interfaces/include/lebai_interfaces/lebai_interfaces/msg/detail/trajectory_move_circle__rosidl_typesupport_introspection_c.h
[1.164s] -- Up-to-date: /home/dxf/wheeltec_lebai_humble_2024_7_17/install/lebai_interfaces/include/lebai_interfaces/lebai_interfaces/msg/detail/move_common__type_support.c
[1.164s] -- Up-to-date: /home/dxf/wheeltec_lebai_humble_2024_7_17/install/lebai_interfaces/include/lebai_interfaces/lebai_interfaces/msg/detail/trajectory_move_line__type_support.c
[1.164s] -- Up-to-date: /home/dxf/wheeltec_lebai_humble_2024_7_17/install/lebai_interfaces/include/lebai_interfaces/lebai_interfaces/msg/detail/io_status__type_support.c
[1.164s] -- Up-to-date: /home/dxf/wheeltec_lebai_humble_2024_7_17/install/lebai_interfaces/include/lebai_interfaces/lebai_interfaces/msg/detail/until_info__rosidl_typesupport_introspection_c.h
[1.164s] -- Up-to-date: /home/dxf/wheeltec_lebai_humble_2024_7_17/install/lebai_interfaces/include/lebai_interfaces/lebai_interfaces/msg/detail/until_info__type_support.c
[1.164s] -- Up-to-date: /home/dxf/wheeltec_lebai_humble_2024_7_17/install/lebai_interfaces/include/lebai_interfaces/lebai_interfaces/msg/rosidl_typesupport_introspection_c__visibility_control.h
[1.164s] -- Up-to-date: /home/dxf/wheeltec_lebai_humble_2024_7_17/install/lebai_interfaces/include/lebai_interfaces/lebai_interfaces/srv
[1.165s] -- Up-to-date: /home/dxf/wheeltec_lebai_humble_2024_7_17/install/lebai_interfaces/include/lebai_interfaces/lebai_interfaces/srv/detail
[1.165s] -- Up-to-date: /home/dxf/wheeltec_lebai_humble_2024_7_17/install/lebai_interfaces/include/lebai_interfaces/lebai_interfaces/srv/detail/set_gripper__rosidl_typesupport_introspection_c.h
[1.165s] -- Up-to-date: /home/dxf/wheeltec_lebai_humble_2024_7_17/install/lebai_interfaces/include/lebai_interfaces/lebai_interfaces/srv/detail/set_gripper__type_support.c
[1.165s] -- Up-to-date: /home/dxf/wheeltec_lebai_humble_2024_7_17/install/lebai_interfaces/include/lebai_interfaces/lebai_interfaces/srv/detail/set_ao__rosidl_typesupport_introspection_c.h
[1.165s] -- Up-to-date: /home/dxf/wheeltec_lebai_humble_2024_7_17/install/lebai_interfaces/include/lebai_interfaces/lebai_interfaces/srv/detail/set_do__type_support.c
[1.165s] -- Up-to-date: /home/dxf/wheeltec_lebai_humble_2024_7_17/install/lebai_interfaces/include/lebai_interfaces/lebai_interfaces/srv/detail/set_a_mode__type_support.c
[1.166s] -- Up-to-date: /home/dxf/wheeltec_lebai_humble_2024_7_17/install/lebai_interfaces/include/lebai_interfaces/lebai_interfaces/srv/detail/set_do__rosidl_typesupport_introspection_c.h
[1.166s] -- Up-to-date: /home/dxf/wheeltec_lebai_humble_2024_7_17/install/lebai_interfaces/include/lebai_interfaces/lebai_interfaces/srv/detail/move_line__type_support.c
[1.166s] -- Up-to-date: /home/dxf/wheeltec_lebai_humble_2024_7_17/install/lebai_interfaces/include/lebai_interfaces/lebai_interfaces/srv/detail/move_line__rosidl_typesupport_introspection_c.h
[1.166s] -- Up-to-date: /home/dxf/wheeltec_lebai_humble_2024_7_17/install/lebai_interfaces/include/lebai_interfaces/lebai_interfaces/srv/detail/move_joint__rosidl_typesupport_introspection_c.h
[1.166s] -- Up-to-date: /home/dxf/wheeltec_lebai_humble_2024_7_17/install/lebai_interfaces/include/lebai_interfaces/lebai_interfaces/srv/detail/move_circle__rosidl_typesupport_introspection_c.h
[1.166s] -- Up-to-date: /home/dxf/wheeltec_lebai_humble_2024_7_17/install/lebai_interfaces/include/lebai_interfaces/lebai_interfaces/srv/detail/set_ao__type_support.c
[1.166s] -- Up-to-date: /home/dxf/wheeltec_lebai_humble_2024_7_17/install/lebai_interfaces/include/lebai_interfaces/lebai_interfaces/srv/detail/set_a_mode__rosidl_typesupport_introspection_c.h
[1.167s] -- Up-to-date: /home/dxf/wheeltec_lebai_humble_2024_7_17/install/lebai_interfaces/include/lebai_interfaces/lebai_interfaces/srv/detail/move_joint__type_support.c
[1.167s] -- Up-to-date: /home/dxf/wheeltec_lebai_humble_2024_7_17/install/lebai_interfaces/include/lebai_interfaces/lebai_interfaces/srv/detail/move_circle__type_support.c
[1.167s] -- Up-to-date: /home/dxf/wheeltec_lebai_humble_2024_7_17/install/lebai_interfaces/lib/liblebai_interfaces__rosidl_typesupport_introspection_c.so
[1.167s] -- Up-to-date: /home/dxf/wheeltec_lebai_humble_2024_7_17/install/lebai_interfaces/lib/liblebai_interfaces__rosidl_typesupport_c.so
[1.167s] -- Up-to-date: /home/dxf/wheeltec_lebai_humble_2024_7_17/install/lebai_interfaces/include/lebai_interfaces/lebai_interfaces
[1.167s] -- Up-to-date: /home/dxf/wheeltec_lebai_humble_2024_7_17/install/lebai_interfaces/include/lebai_interfaces/lebai_interfaces/msg
[1.168s] -- Up-to-date: /home/dxf/wheeltec_lebai_humble_2024_7_17/install/lebai_interfaces/include/lebai_interfaces/lebai_interfaces/msg/detail
[1.168s] -- Up-to-date: /home/dxf/wheeltec_lebai_humble_2024_7_17/install/lebai_interfaces/include/lebai_interfaces/lebai_interfaces/msg/detail/device_info__rosidl_typesupport_introspection_cpp.hpp
[1.168s] -- Up-to-date: /home/dxf/wheeltec_lebai_humble_2024_7_17/install/lebai_interfaces/include/lebai_interfaces/lebai_interfaces/msg/detail/tri_state__type_support.cpp
[1.168s] -- Up-to-date: /home/dxf/wheeltec_lebai_humble_2024_7_17/install/lebai_interfaces/include/lebai_interfaces/lebai_interfaces/msg/detail/gripper_status__rosidl_typesupport_introspection_cpp.hpp
[1.168s] -- Up-to-date: /home/dxf/wheeltec_lebai_humble_2024_7_17/install/lebai_interfaces/include/lebai_interfaces/lebai_interfaces/msg/detail/move_common__rosidl_typesupport_introspection_cpp.hpp
[1.168s] -- Up-to-date: /home/dxf/wheeltec_lebai_humble_2024_7_17/install/lebai_interfaces/include/lebai_interfaces/lebai_interfaces/msg/detail/trajectory_move_joint__type_support.cpp
[1.168s] -- Up-to-date: /home/dxf/wheeltec_lebai_humble_2024_7_17/install/lebai_interfaces/include/lebai_interfaces/lebai_interfaces/msg/detail/trajectory_move_circle__type_support.cpp
[1.169s] -- Up-to-date: /home/dxf/wheeltec_lebai_humble_2024_7_17/install/lebai_interfaces/include/lebai_interfaces/lebai_interfaces/msg/detail/debug_level__rosidl_typesupport_introspection_cpp.hpp
[1.169s] -- Up-to-date: /home/dxf/wheeltec_lebai_humble_2024_7_17/install/lebai_interfaces/include/lebai_interfaces/lebai_interfaces/msg/detail/robot_status__rosidl_typesupport_introspection_cpp.hpp
[1.169s] -- Up-to-date: /home/dxf/wheeltec_lebai_humble_2024_7_17/install/lebai_interfaces/include/lebai_interfaces/lebai_interfaces/msg/detail/robot_mode__rosidl_typesupport_introspection_cpp.hpp
[1.169s] -- Up-to-date: /home/dxf/wheeltec_lebai_humble_2024_7_17/install/lebai_interfaces/include/lebai_interfaces/lebai_interfaces/msg/detail/io_conditional_express__rosidl_typesupport_introspection_cpp.hpp
[1.169s] -- Up-to-date: /home/dxf/wheeltec_lebai_humble_2024_7_17/install/lebai_interfaces/include/lebai_interfaces/lebai_interfaces/msg/detail/move_common__type_support.cpp
[1.169s] -- Up-to-date: /home/dxf/wheeltec_lebai_humble_2024_7_17/install/lebai_interfaces/include/lebai_interfaces/lebai_interfaces/msg/detail/io_status__type_support.cpp
[1.170s] -- Up-to-date: /home/dxf/wheeltec_lebai_humble_2024_7_17/install/lebai_interfaces/include/lebai_interfaces/lebai_interfaces/msg/detail/until_info__rosidl_typesupport_introspection_cpp.hpp
[1.170s] -- Up-to-date: /home/dxf/wheeltec_lebai_humble_2024_7_17/install/lebai_interfaces/include/lebai_interfaces/lebai_interfaces/msg/detail/robot_status__type_support.cpp
[1.170s] -- Up-to-date: /home/dxf/wheeltec_lebai_humble_2024_7_17/install/lebai_interfaces/include/lebai_interfaces/lebai_interfaces/msg/detail/trajectory_move_line__rosidl_typesupport_introspection_cpp.hpp
[1.170s] -- Up-to-date: /home/dxf/wheeltec_lebai_humble_2024_7_17/install/lebai_interfaces/include/lebai_interfaces/lebai_interfaces/msg/detail/debug_level__type_support.cpp
[1.170s] -- Up-to-date: /home/dxf/wheeltec_lebai_humble_2024_7_17/install/lebai_interfaces/include/lebai_interfaces/lebai_interfaces/msg/detail/tri_state__rosidl_typesupport_introspection_cpp.hpp
[1.170s] -- Up-to-date: /home/dxf/wheeltec_lebai_humble_2024_7_17/install/lebai_interfaces/include/lebai_interfaces/lebai_interfaces/msg/detail/io_conditional_express__type_support.cpp
[1.170s] -- Up-to-date: /home/dxf/wheeltec_lebai_humble_2024_7_17/install/lebai_interfaces/include/lebai_interfaces/lebai_interfaces/msg/detail/device_info__type_support.cpp
[1.171s] -- Up-to-date: /home/dxf/wheeltec_lebai_humble_2024_7_17/install/lebai_interfaces/include/lebai_interfaces/lebai_interfaces/msg/detail/trajectory_move_line__type_support.cpp
[1.171s] -- Up-to-date: /home/dxf/wheeltec_lebai_humble_2024_7_17/install/lebai_interfaces/include/lebai_interfaces/lebai_interfaces/msg/detail/trajectory_move_circle__rosidl_typesupport_introspection_cpp.hpp
[1.171s] -- Up-to-date: /home/dxf/wheeltec_lebai_humble_2024_7_17/install/lebai_interfaces/include/lebai_interfaces/lebai_interfaces/msg/detail/until_info__type_support.cpp
[1.171s] -- Up-to-date: /home/dxf/wheeltec_lebai_humble_2024_7_17/install/lebai_interfaces/include/lebai_interfaces/lebai_interfaces/msg/detail/gripper_status__type_support.cpp
[1.171s] -- Up-to-date: /home/dxf/wheeltec_lebai_humble_2024_7_17/install/lebai_interfaces/include/lebai_interfaces/lebai_interfaces/msg/detail/robot_mode__type_support.cpp
[1.171s] -- Up-to-date: /home/dxf/wheeltec_lebai_humble_2024_7_17/install/lebai_interfaces/include/lebai_interfaces/lebai_interfaces/msg/detail/io_status__rosidl_typesupport_introspection_cpp.hpp
[1.171s] -- Up-to-date: /home/dxf/wheeltec_lebai_humble_2024_7_17/install/lebai_interfaces/include/lebai_interfaces/lebai_interfaces/msg/detail/trajectory_move_joint__rosidl_typesupport_introspection_cpp.hpp
[1.172s] -- Up-to-date: /home/dxf/wheeltec_lebai_humble_2024_7_17/install/lebai_interfaces/include/lebai_interfaces/lebai_interfaces/srv
[1.172s] -- Up-to-date: /home/dxf/wheeltec_lebai_humble_2024_7_17/install/lebai_interfaces/include/lebai_interfaces/lebai_interfaces/srv/detail
[1.172s] -- Up-to-date: /home/dxf/wheeltec_lebai_humble_2024_7_17/install/lebai_interfaces/include/lebai_interfaces/lebai_interfaces/srv/detail/set_gripper__rosidl_typesupport_introspection_cpp.hpp
[1.172s] -- Up-to-date: /home/dxf/wheeltec_lebai_humble_2024_7_17/install/lebai_interfaces/include/lebai_interfaces/lebai_interfaces/srv/detail/move_circle__rosidl_typesupport_introspection_cpp.hpp
[1.172s] -- Up-to-date: /home/dxf/wheeltec_lebai_humble_2024_7_17/install/lebai_interfaces/include/lebai_interfaces/lebai_interfaces/srv/detail/move_line__rosidl_typesupport_introspection_cpp.hpp
[1.172s] -- Up-to-date: /home/dxf/wheeltec_lebai_humble_2024_7_17/install/lebai_interfaces/include/lebai_interfaces/lebai_interfaces/srv/detail/move_joint__rosidl_typesupport_introspection_cpp.hpp
[1.172s] -- Up-to-date: /home/dxf/wheeltec_lebai_humble_2024_7_17/install/lebai_interfaces/include/lebai_interfaces/lebai_interfaces/srv/detail/move_line__type_support.cpp
[1.173s] -- Up-to-date: /home/dxf/wheeltec_lebai_humble_2024_7_17/install/lebai_interfaces/include/lebai_interfaces/lebai_interfaces/srv/detail/set_a_mode__rosidl_typesupport_introspection_cpp.hpp
[1.173s] -- Up-to-date: /home/dxf/wheeltec_lebai_humble_2024_7_17/install/lebai_interfaces/include/lebai_interfaces/lebai_interfaces/srv/detail/set_do__type_support.cpp
[1.173s] -- Up-to-date: /home/dxf/wheeltec_lebai_humble_2024_7_17/install/lebai_interfaces/include/lebai_interfaces/lebai_interfaces/srv/detail/set_ao__rosidl_typesupport_introspection_cpp.hpp
[1.173s] -- Up-to-date: /home/dxf/wheeltec_lebai_humble_2024_7_17/install/lebai_interfaces/include/lebai_interfaces/lebai_interfaces/srv/detail/set_a_mode__type_support.cpp
[1.173s] -- Up-to-date: /home/dxf/wheeltec_lebai_humble_2024_7_17/install/lebai_interfaces/include/lebai_interfaces/lebai_interfaces/srv/detail/move_joint__type_support.cpp
[1.173s] -- Up-to-date: /home/dxf/wheeltec_lebai_humble_2024_7_17/install/lebai_interfaces/include/lebai_interfaces/lebai_interfaces/srv/detail/set_do__rosidl_typesupport_introspection_cpp.hpp
[1.173s] -- Up-to-date: /home/dxf/wheeltec_lebai_humble_2024_7_17/install/lebai_interfaces/include/lebai_interfaces/lebai_interfaces/srv/detail/move_circle__type_support.cpp
[1.174s] -- Up-to-date: /home/dxf/wheeltec_lebai_humble_2024_7_17/install/lebai_interfaces/include/lebai_interfaces/lebai_interfaces/srv/detail/set_gripper__type_support.cpp
[1.174s] -- Up-to-date: /home/dxf/wheeltec_lebai_humble_2024_7_17/install/lebai_interfaces/include/lebai_interfaces/lebai_interfaces/srv/detail/set_ao__type_support.cpp
[1.174s] -- Up-to-date: /home/dxf/wheeltec_lebai_humble_2024_7_17/install/lebai_interfaces/lib/liblebai_interfaces__rosidl_typesupport_introspection_cpp.so
[1.174s] -- Up-to-date: /home/dxf/wheeltec_lebai_humble_2024_7_17/install/lebai_interfaces/lib/liblebai_interfaces__rosidl_typesupport_cpp.so
[1.174s] -- Up-to-date: /home/dxf/wheeltec_lebai_humble_2024_7_17/install/lebai_interfaces/share/lebai_interfaces/environment/pythonpath.sh
[1.174s] -- Up-to-date: /home/dxf/wheeltec_lebai_humble_2024_7_17/install/lebai_interfaces/share/lebai_interfaces/environment/pythonpath.dsv
[1.174s] -- Up-to-date: /home/dxf/wheeltec_lebai_humble_2024_7_17/install/lebai_interfaces/local/lib/python3.10/dist-packages/lebai_interfaces-0.0.1-py3.10.egg-info
[1.175s] -- Installing: /home/dxf/wheeltec_lebai_humble_2024_7_17/install/lebai_interfaces/local/lib/python3.10/dist-packages/lebai_interfaces-0.0.1-py3.10.egg-info/dependency_links.txt
[1.175s] -- Installing: /home/dxf/wheeltec_lebai_humble_2024_7_17/install/lebai_interfaces/local/lib/python3.10/dist-packages/lebai_interfaces-0.0.1-py3.10.egg-info/PKG-INFO
[1.175s] -- Installing: /home/dxf/wheeltec_lebai_humble_2024_7_17/install/lebai_interfaces/local/lib/python3.10/dist-packages/lebai_interfaces-0.0.1-py3.10.egg-info/top_level.txt
[1.175s] -- Installing: /home/dxf/wheeltec_lebai_humble_2024_7_17/install/lebai_interfaces/local/lib/python3.10/dist-packages/lebai_interfaces-0.0.1-py3.10.egg-info/SOURCES.txt
[1.175s] -- Up-to-date: /home/dxf/wheeltec_lebai_humble_2024_7_17/install/lebai_interfaces/local/lib/python3.10/dist-packages/lebai_interfaces
[1.175s] -- Up-to-date: /home/dxf/wheeltec_lebai_humble_2024_7_17/install/lebai_interfaces/local/lib/python3.10/dist-packages/lebai_interfaces/lebai_interfaces_s__rosidl_typesupport_fastrtps_c.cpython-310-aarch64-linux-gnu.so
[1.175s] -- Up-to-date: /home/dxf/wheeltec_lebai_humble_2024_7_17/install/lebai_interfaces/local/lib/python3.10/dist-packages/lebai_interfaces/lebai_interfaces_s__rosidl_typesupport_introspection_c.cpython-310-aarch64-linux-gnu.so
[1.176s] -- Up-to-date: /home/dxf/wheeltec_lebai_humble_2024_7_17/install/lebai_interfaces/local/lib/python3.10/dist-packages/lebai_interfaces/__init__.py
[1.176s] -- Up-to-date: /home/dxf/wheeltec_lebai_humble_2024_7_17/install/lebai_interfaces/local/lib/python3.10/dist-packages/lebai_interfaces/liblebai_interfaces__rosidl_generator_py.so
[1.176s] -- Up-to-date: /home/dxf/wheeltec_lebai_humble_2024_7_17/install/lebai_interfaces/local/lib/python3.10/dist-packages/lebai_interfaces/msg
[1.176s] -- Up-to-date: /home/dxf/wheeltec_lebai_humble_2024_7_17/install/lebai_interfaces/local/lib/python3.10/dist-packages/lebai_interfaces/msg/_robot_mode.py
[1.176s] -- Up-to-date: /home/dxf/wheeltec_lebai_humble_2024_7_17/install/lebai_interfaces/local/lib/python3.10/dist-packages/lebai_interfaces/msg/_move_common.py
[1.176s] -- Up-to-date: /home/dxf/wheeltec_lebai_humble_2024_7_17/install/lebai_interfaces/local/lib/python3.10/dist-packages/lebai_interfaces/msg/_trajectory_move_line.py
[1.176s] -- Up-to-date: /home/dxf/wheeltec_lebai_humble_2024_7_17/install/lebai_interfaces/local/lib/python3.10/dist-packages/lebai_interfaces/msg/_move_common_s.c
[1.177s] -- Up-to-date: /home/dxf/wheeltec_lebai_humble_2024_7_17/install/lebai_interfaces/local/lib/python3.10/dist-packages/lebai_interfaces/msg/_io_conditional_express_s.c
[1.177s] -- Up-to-date: /home/dxf/wheeltec_lebai_humble_2024_7_17/install/lebai_interfaces/local/lib/python3.10/dist-packages/lebai_interfaces/msg/_trajectory_move_circle_s.c
[1.177s] -- Up-to-date: /home/dxf/wheeltec_lebai_humble_2024_7_17/install/lebai_interfaces/local/lib/python3.10/dist-packages/lebai_interfaces/msg/_robot_mode_s.c
[1.177s] -- Up-to-date: /home/dxf/wheeltec_lebai_humble_2024_7_17/install/lebai_interfaces/local/lib/python3.10/dist-packages/lebai_interfaces/msg/_robot_status.py
[1.177s] -- Up-to-date: /home/dxf/wheeltec_lebai_humble_2024_7_17/install/lebai_interfaces/local/lib/python3.10/dist-packages/lebai_interfaces/msg/_trajectory_move_joint.py
[1.177s] -- Up-to-date: /home/dxf/wheeltec_lebai_humble_2024_7_17/install/lebai_interfaces/local/lib/python3.10/dist-packages/lebai_interfaces/msg/_debug_level_s.c
[1.177s] -- Up-to-date: /home/dxf/wheeltec_lebai_humble_2024_7_17/install/lebai_interfaces/local/lib/python3.10/dist-packages/lebai_interfaces/msg/__init__.py
[1.178s] -- Up-to-date: /home/dxf/wheeltec_lebai_humble_2024_7_17/install/lebai_interfaces/local/lib/python3.10/dist-packages/lebai_interfaces/msg/_device_info.py
[1.178s] -- Up-to-date: /home/dxf/wheeltec_lebai_humble_2024_7_17/install/lebai_interfaces/local/lib/python3.10/dist-packages/lebai_interfaces/msg/_tri_state_s.c
[1.178s] -- Up-to-date: /home/dxf/wheeltec_lebai_humble_2024_7_17/install/lebai_interfaces/local/lib/python3.10/dist-packages/lebai_interfaces/msg/_gripper_status.py
[1.178s] -- Up-to-date: /home/dxf/wheeltec_lebai_humble_2024_7_17/install/lebai_interfaces/local/lib/python3.10/dist-packages/lebai_interfaces/msg/_trajectory_move_circle.py
[1.178s] -- Up-to-date: /home/dxf/wheeltec_lebai_humble_2024_7_17/install/lebai_interfaces/local/lib/python3.10/dist-packages/lebai_interfaces/msg/_trajectory_move_joint_s.c
[1.178s] -- Up-to-date: /home/dxf/wheeltec_lebai_humble_2024_7_17/install/lebai_interfaces/local/lib/python3.10/dist-packages/lebai_interfaces/msg/_robot_status_s.c
[1.178s] -- Up-to-date: /home/dxf/wheeltec_lebai_humble_2024_7_17/install/lebai_interfaces/local/lib/python3.10/dist-packages/lebai_interfaces/msg/_trajectory_move_line_s.c
[1.178s] -- Up-to-date: /home/dxf/wheeltec_lebai_humble_2024_7_17/install/lebai_interfaces/local/lib/python3.10/dist-packages/lebai_interfaces/msg/_device_info_s.c
[1.179s] -- Up-to-date: /home/dxf/wheeltec_lebai_humble_2024_7_17/install/lebai_interfaces/local/lib/python3.10/dist-packages/lebai_interfaces/msg/_gripper_status_s.c
[1.179s] -- Up-to-date: /home/dxf/wheeltec_lebai_humble_2024_7_17/install/lebai_interfaces/local/lib/python3.10/dist-packages/lebai_interfaces/msg/_tri_state.py
[1.179s] -- Up-to-date: /home/dxf/wheeltec_lebai_humble_2024_7_17/install/lebai_interfaces/local/lib/python3.10/dist-packages/lebai_interfaces/msg/_until_info.py
[1.179s] -- Up-to-date: /home/dxf/wheeltec_lebai_humble_2024_7_17/install/lebai_interfaces/local/lib/python3.10/dist-packages/lebai_interfaces/msg/_until_info_s.c
[1.179s] -- Up-to-date: /home/dxf/wheeltec_lebai_humble_2024_7_17/install/lebai_interfaces/local/lib/python3.10/dist-packages/lebai_interfaces/msg/_debug_level.py
[1.179s] -- Up-to-date: /home/dxf/wheeltec_lebai_humble_2024_7_17/install/lebai_interfaces/local/lib/python3.10/dist-packages/lebai_interfaces/msg/_io_status_s.c
[1.179s] -- Up-to-date: /home/dxf/wheeltec_lebai_humble_2024_7_17/install/lebai_interfaces/local/lib/python3.10/dist-packages/lebai_interfaces/msg/_io_status.py
[1.180s] -- Up-to-date: /home/dxf/wheeltec_lebai_humble_2024_7_17/install/lebai_interfaces/local/lib/python3.10/dist-packages/lebai_interfaces/msg/_io_conditional_express.py
[1.180s] -- Up-to-date: /home/dxf/wheeltec_lebai_humble_2024_7_17/install/lebai_interfaces/local/lib/python3.10/dist-packages/lebai_interfaces/_lebai_interfaces_s.ep.rosidl_typesupport_c.c
[1.180s] -- Up-to-date: /home/dxf/wheeltec_lebai_humble_2024_7_17/install/lebai_interfaces/local/lib/python3.10/dist-packages/lebai_interfaces/_lebai_interfaces_s.ep.rosidl_typesupport_introspection_c.c
[1.180s] -- Up-to-date: /home/dxf/wheeltec_lebai_humble_2024_7_17/install/lebai_interfaces/local/lib/python3.10/dist-packages/lebai_interfaces/srv
[1.180s] -- Up-to-date: /home/dxf/wheeltec_lebai_humble_2024_7_17/install/lebai_interfaces/local/lib/python3.10/dist-packages/lebai_interfaces/srv/_set_gripper_s.c
[1.180s] -- Up-to-date: /home/dxf/wheeltec_lebai_humble_2024_7_17/install/lebai_interfaces/local/lib/python3.10/dist-packages/lebai_interfaces/srv/_set_ao.py
[1.180s] -- Up-to-date: /home/dxf/wheeltec_lebai_humble_2024_7_17/install/lebai_interfaces/local/lib/python3.10/dist-packages/lebai_interfaces/srv/_move_circle.py
[1.180s] -- Up-to-date: /home/dxf/wheeltec_lebai_humble_2024_7_17/install/lebai_interfaces/local/lib/python3.10/dist-packages/lebai_interfaces/srv/__init__.py
[1.181s] -- Up-to-date: /home/dxf/wheeltec_lebai_humble_2024_7_17/install/lebai_interfaces/local/lib/python3.10/dist-packages/lebai_interfaces/srv/_move_circle_s.c
[1.181s] -- Up-to-date: /home/dxf/wheeltec_lebai_humble_2024_7_17/install/lebai_interfaces/local/lib/python3.10/dist-packages/lebai_interfaces/srv/_move_line_s.c
[1.181s] -- Up-to-date: /home/dxf/wheeltec_lebai_humble_2024_7_17/install/lebai_interfaces/local/lib/python3.10/dist-packages/lebai_interfaces/srv/_move_joint_s.c
[1.181s] -- Up-to-date: /home/dxf/wheeltec_lebai_humble_2024_7_17/install/lebai_interfaces/local/lib/python3.10/dist-packages/lebai_interfaces/srv/_move_joint.py
[1.181s] -- Up-to-date: /home/dxf/wheeltec_lebai_humble_2024_7_17/install/lebai_interfaces/local/lib/python3.10/dist-packages/lebai_interfaces/srv/_set_a_mode.py
[1.181s] -- Up-to-date: /home/dxf/wheeltec_lebai_humble_2024_7_17/install/lebai_interfaces/local/lib/python3.10/dist-packages/lebai_interfaces/srv/_set_do.py
[1.181s] -- Up-to-date: /home/dxf/wheeltec_lebai_humble_2024_7_17/install/lebai_interfaces/local/lib/python3.10/dist-packages/lebai_interfaces/srv/_set_gripper.py
[1.181s] -- Up-to-date: /home/dxf/wheeltec_lebai_humble_2024_7_17/install/lebai_interfaces/local/lib/python3.10/dist-packages/lebai_interfaces/srv/_set_ao_s.c
[1.182s] -- Up-to-date: /home/dxf/wheeltec_lebai_humble_2024_7_17/install/lebai_interfaces/local/lib/python3.10/dist-packages/lebai_interfaces/srv/_set_do_s.c
[1.182s] -- Up-to-date: /home/dxf/wheeltec_lebai_humble_2024_7_17/install/lebai_interfaces/local/lib/python3.10/dist-packages/lebai_interfaces/srv/_set_a_mode_s.c
[1.182s] -- Up-to-date: /home/dxf/wheeltec_lebai_humble_2024_7_17/install/lebai_interfaces/local/lib/python3.10/dist-packages/lebai_interfaces/srv/_move_line.py
[1.182s] -- Up-to-date: /home/dxf/wheeltec_lebai_humble_2024_7_17/install/lebai_interfaces/local/lib/python3.10/dist-packages/lebai_interfaces/lebai_interfaces_s__rosidl_typesupport_c.cpython-310-aarch64-linux-gnu.so
[1.182s] -- Up-to-date: /home/dxf/wheeltec_lebai_humble_2024_7_17/install/lebai_interfaces/local/lib/python3.10/dist-packages/lebai_interfaces/_lebai_interfaces_s.ep.rosidl_typesupport_fastrtps_c.c
[1.242s] Listing '/home/dxf/wheeltec_lebai_humble_2024_7_17/install/lebai_interfaces/local/lib/python3.10/dist-packages/lebai_interfaces'...
[1.242s] Listing '/home/dxf/wheeltec_lebai_humble_2024_7_17/install/lebai_interfaces/local/lib/python3.10/dist-packages/lebai_interfaces/msg'...
[1.242s] Listing '/home/dxf/wheeltec_lebai_humble_2024_7_17/install/lebai_interfaces/local/lib/python3.10/dist-packages/lebai_interfaces/srv'...
[1.255s] -- Up-to-date: /home/dxf/wheeltec_lebai_humble_2024_7_17/install/lebai_interfaces/local/lib/python3.10/dist-packages/lebai_interfaces/lebai_interfaces_s__rosidl_typesupport_fastrtps_c.cpython-310-aarch64-linux-gnu.so
[1.256s] -- Up-to-date: /home/dxf/wheeltec_lebai_humble_2024_7_17/install/lebai_interfaces/local/lib/python3.10/dist-packages/lebai_interfaces/lebai_interfaces_s__rosidl_typesupport_introspection_c.cpython-310-aarch64-linux-gnu.so
[1.258s] -- Up-to-date: /home/dxf/wheeltec_lebai_humble_2024_7_17/install/lebai_interfaces/local/lib/python3.10/dist-packages/lebai_interfaces/lebai_interfaces_s__rosidl_typesupport_c.cpython-310-aarch64-linux-gnu.so
[1.259s] -- Up-to-date: /home/dxf/wheeltec_lebai_humble_2024_7_17/install/lebai_interfaces/lib/liblebai_interfaces__rosidl_generator_py.so
[1.260s] -- Up-to-date: /home/dxf/wheeltec_lebai_humble_2024_7_17/install/lebai_interfaces/share/lebai_interfaces/msg/GripperStatus.idl
[1.261s] -- Up-to-date: /home/dxf/wheeltec_lebai_humble_2024_7_17/install/lebai_interfaces/share/lebai_interfaces/msg/IOConditionalExpress.idl
[1.261s] -- Up-to-date: /home/dxf/wheeltec_lebai_humble_2024_7_17/install/lebai_interfaces/share/lebai_interfaces/msg/UntilInfo.idl
[1.261s] -- Up-to-date: /home/dxf/wheeltec_lebai_humble_2024_7_17/install/lebai_interfaces/share/lebai_interfaces/msg/MoveCommon.idl
[1.262s] -- Up-to-date: /home/dxf/wheeltec_lebai_humble_2024_7_17/install/lebai_interfaces/share/lebai_interfaces/msg/TrajectoryMoveCircle.idl
[1.262s] -- Up-to-date: /home/dxf/wheeltec_lebai_humble_2024_7_17/install/lebai_interfaces/share/lebai_interfaces/msg/TrajectoryMoveJoint.idl
[1.262s] -- Up-to-date: /home/dxf/wheeltec_lebai_humble_2024_7_17/install/lebai_interfaces/share/lebai_interfaces/msg/TrajectoryMoveLine.idl
[1.262s] -- Up-to-date: /home/dxf/wheeltec_lebai_humble_2024_7_17/install/lebai_interfaces/share/lebai_interfaces/msg/IOStatus.idl
[1.262s] -- Up-to-date: /home/dxf/wheeltec_lebai_humble_2024_7_17/install/lebai_interfaces/share/lebai_interfaces/msg/DebugLevel.idl
[1.263s] -- Up-to-date: /home/dxf/wheeltec_lebai_humble_2024_7_17/install/lebai_interfaces/share/lebai_interfaces/msg/DeviceInfo.idl
[1.263s] -- Up-to-date: /home/dxf/wheeltec_lebai_humble_2024_7_17/install/lebai_interfaces/share/lebai_interfaces/msg/TriState.idl
[1.263s] -- Up-to-date: /home/dxf/wheeltec_lebai_humble_2024_7_17/install/lebai_interfaces/share/lebai_interfaces/msg/RobotStatus.idl
[1.263s] -- Up-to-date: /home/dxf/wheeltec_lebai_humble_2024_7_17/install/lebai_interfaces/share/lebai_interfaces/msg/RobotMode.idl
[1.263s] -- Up-to-date: /home/dxf/wheeltec_lebai_humble_2024_7_17/install/lebai_interfaces/share/lebai_interfaces/srv/MoveCircle.idl
[1.263s] -- Up-to-date: /home/dxf/wheeltec_lebai_humble_2024_7_17/install/lebai_interfaces/share/lebai_interfaces/srv/MoveJoint.idl
[1.264s] -- Up-to-date: /home/dxf/wheeltec_lebai_humble_2024_7_17/install/lebai_interfaces/share/lebai_interfaces/srv/MoveLine.idl
[1.264s] -- Up-to-date: /home/dxf/wheeltec_lebai_humble_2024_7_17/install/lebai_interfaces/share/lebai_interfaces/srv/SetAMode.idl
[1.264s] -- Up-to-date: /home/dxf/wheeltec_lebai_humble_2024_7_17/install/lebai_interfaces/share/lebai_interfaces/srv/SetAO.idl
[1.264s] -- Up-to-date: /home/dxf/wheeltec_lebai_humble_2024_7_17/install/lebai_interfaces/share/lebai_interfaces/srv/SetDO.idl
[1.265s] -- Up-to-date: /home/dxf/wheeltec_lebai_humble_2024_7_17/install/lebai_interfaces/share/lebai_interfaces/srv/SetGripper.idl
[1.265s] -- Up-to-date: /home/dxf/wheeltec_lebai_humble_2024_7_17/install/lebai_interfaces/share/lebai_interfaces/msg/GripperStatus.msg
[1.265s] -- Up-to-date: /home/dxf/wheeltec_lebai_humble_2024_7_17/install/lebai_interfaces/share/lebai_interfaces/msg/IOConditionalExpress.msg
[1.266s] -- Up-to-date: /home/dxf/wheeltec_lebai_humble_2024_7_17/install/lebai_interfaces/share/lebai_interfaces/msg/UntilInfo.msg
[1.266s] -- Up-to-date: /home/dxf/wheeltec_lebai_humble_2024_7_17/install/lebai_interfaces/share/lebai_interfaces/msg/MoveCommon.msg
[1.266s] -- Up-to-date: /home/dxf/wheeltec_lebai_humble_2024_7_17/install/lebai_interfaces/share/lebai_interfaces/msg/TrajectoryMoveCircle.msg
[1.267s] -- Up-to-date: /home/dxf/wheeltec_lebai_humble_2024_7_17/install/lebai_interfaces/share/lebai_interfaces/msg/TrajectoryMoveJoint.msg
[1.267s] -- Up-to-date: /home/dxf/wheeltec_lebai_humble_2024_7_17/install/lebai_interfaces/share/lebai_interfaces/msg/TrajectoryMoveLine.msg
[1.267s] -- Up-to-date: /home/dxf/wheeltec_lebai_humble_2024_7_17/install/lebai_interfaces/share/lebai_interfaces/msg/IOStatus.msg
[1.268s] -- Up-to-date: /home/dxf/wheeltec_lebai_humble_2024_7_17/install/lebai_interfaces/share/lebai_interfaces/msg/DebugLevel.msg
[1.268s] -- Up-to-date: /home/dxf/wheeltec_lebai_humble_2024_7_17/install/lebai_interfaces/share/lebai_interfaces/msg/DeviceInfo.msg
[1.268s] -- Up-to-date: /home/dxf/wheeltec_lebai_humble_2024_7_17/install/lebai_interfaces/share/lebai_interfaces/msg/TriState.msg
[1.269s] -- Up-to-date: /home/dxf/wheeltec_lebai_humble_2024_7_17/install/lebai_interfaces/share/lebai_interfaces/msg/RobotStatus.msg
[1.269s] -- Up-to-date: /home/dxf/wheeltec_lebai_humble_2024_7_17/install/lebai_interfaces/share/lebai_interfaces/msg/RobotMode.msg
[1.269s] -- Up-to-date: /home/dxf/wheeltec_lebai_humble_2024_7_17/install/lebai_interfaces/share/lebai_interfaces/srv/MoveCircle.srv
[1.270s] -- Up-to-date: /home/dxf/wheeltec_lebai_humble_2024_7_17/install/lebai_interfaces/share/lebai_interfaces/srv/MoveCircle_Request.msg
[1.270s] -- Up-to-date: /home/dxf/wheeltec_lebai_humble_2024_7_17/install/lebai_interfaces/share/lebai_interfaces/srv/MoveCircle_Response.msg
[1.270s] -- Up-to-date: /home/dxf/wheeltec_lebai_humble_2024_7_17/install/lebai_interfaces/share/lebai_interfaces/srv/MoveJoint.srv
[1.270s] -- Up-to-date: /home/dxf/wheeltec_lebai_humble_2024_7_17/install/lebai_interfaces/share/lebai_interfaces/srv/MoveJoint_Request.msg
[1.271s] -- Up-to-date: /home/dxf/wheeltec_lebai_humble_2024_7_17/install/lebai_interfaces/share/lebai_interfaces/srv/MoveJoint_Response.msg
[1.271s] -- Up-to-date: /home/dxf/wheeltec_lebai_humble_2024_7_17/install/lebai_interfaces/share/lebai_interfaces/srv/MoveLine.srv
[1.271s] -- Up-to-date: /home/dxf/wheeltec_lebai_humble_2024_7_17/install/lebai_interfaces/share/lebai_interfaces/srv/MoveLine_Request.msg
[1.272s] -- Up-to-date: /home/dxf/wheeltec_lebai_humble_2024_7_17/install/lebai_interfaces/share/lebai_interfaces/srv/MoveLine_Response.msg
[1.272s] -- Up-to-date: /home/dxf/wheeltec_lebai_humble_2024_7_17/install/lebai_interfaces/share/lebai_interfaces/srv/SetAMode.srv
[1.272s] -- Up-to-date: /home/dxf/wheeltec_lebai_humble_2024_7_17/install/lebai_interfaces/share/lebai_interfaces/srv/SetAMode_Request.msg
[1.273s] -- Up-to-date: /home/dxf/wheeltec_lebai_humble_2024_7_17/install/lebai_interfaces/share/lebai_interfaces/srv/SetAMode_Response.msg
[1.273s] -- Up-to-date: /home/dxf/wheeltec_lebai_humble_2024_7_17/install/lebai_interfaces/share/lebai_interfaces/srv/SetAO.srv
[1.273s] -- Up-to-date: /home/dxf/wheeltec_lebai_humble_2024_7_17/install/lebai_interfaces/share/lebai_interfaces/srv/SetAO_Request.msg
[1.274s] -- Up-to-date: /home/dxf/wheeltec_lebai_humble_2024_7_17/install/lebai_interfaces/share/lebai_interfaces/srv/SetAO_Response.msg
[1.274s] -- Up-to-date: /home/dxf/wheeltec_lebai_humble_2024_7_17/install/lebai_interfaces/share/lebai_interfaces/srv/SetDO.srv
[1.274s] -- Up-to-date: /home/dxf/wheeltec_lebai_humble_2024_7_17/install/lebai_interfaces/share/lebai_interfaces/srv/SetDO_Request.msg
[1.274s] -- Up-to-date: /home/dxf/wheeltec_lebai_humble_2024_7_17/install/lebai_interfaces/share/lebai_interfaces/srv/SetDO_Response.msg
[1.274s] -- Up-to-date: /home/dxf/wheeltec_lebai_humble_2024_7_17/install/lebai_interfaces/share/lebai_interfaces/srv/SetGripper.srv
[1.275s] -- Up-to-date: /home/dxf/wheeltec_lebai_humble_2024_7_17/install/lebai_interfaces/share/lebai_interfaces/srv/SetGripper_Request.msg
[1.275s] -- Up-to-date: /home/dxf/wheeltec_lebai_humble_2024_7_17/install/lebai_interfaces/share/lebai_interfaces/srv/SetGripper_Response.msg
[1.275s] -- Up-to-date: /home/dxf/wheeltec_lebai_humble_2024_7_17/install/lebai_interfaces/share/ament_index/resource_index/package_run_dependencies/lebai_interfaces
[1.275s] -- Up-to-date: /home/dxf/wheeltec_lebai_humble_2024_7_17/install/lebai_interfaces/share/ament_index/resource_index/parent_prefix_path/lebai_interfaces
[1.275s] -- Up-to-date: /home/dxf/wheeltec_lebai_humble_2024_7_17/install/lebai_interfaces/share/lebai_interfaces/environment/ament_prefix_path.sh
[1.275s] -- Up-to-date: /home/dxf/wheeltec_lebai_humble_2024_7_17/install/lebai_interfaces/share/lebai_interfaces/environment/ament_prefix_path.dsv
[1.275s] -- Up-to-date: /home/dxf/wheeltec_lebai_humble_2024_7_17/install/lebai_interfaces/share/lebai_interfaces/environment/path.sh
[1.276s] -- Up-to-date: /home/dxf/wheeltec_lebai_humble_2024_7_17/install/lebai_interfaces/share/lebai_interfaces/environment/path.dsv
[1.276s] -- Up-to-date: /home/dxf/wheeltec_lebai_humble_2024_7_17/install/lebai_interfaces/share/lebai_interfaces/local_setup.bash
[1.276s] -- Up-to-date: /home/dxf/wheeltec_lebai_humble_2024_7_17/install/lebai_interfaces/share/lebai_interfaces/local_setup.sh
[1.276s] -- Up-to-date: /home/dxf/wheeltec_lebai_humble_2024_7_17/install/lebai_interfaces/share/lebai_interfaces/local_setup.zsh
[1.277s] -- Up-to-date: /home/dxf/wheeltec_lebai_humble_2024_7_17/install/lebai_interfaces/share/lebai_interfaces/local_setup.dsv
[1.277s] -- Installing: /home/dxf/wheeltec_lebai_humble_2024_7_17/install/lebai_interfaces/share/lebai_interfaces/package.dsv
[1.277s] -- Up-to-date: /home/dxf/wheeltec_lebai_humble_2024_7_17/install/lebai_interfaces/share/ament_index/resource_index/packages/lebai_interfaces
[1.278s] -- Up-to-date: /home/dxf/wheeltec_lebai_humble_2024_7_17/install/lebai_interfaces/share/lebai_interfaces/cmake/export_lebai_interfaces__rosidl_generator_cExport.cmake
[1.278s] -- Up-to-date: /home/dxf/wheeltec_lebai_humble_2024_7_17/install/lebai_interfaces/share/lebai_interfaces/cmake/export_lebai_interfaces__rosidl_generator_cExport-noconfig.cmake
[1.278s] -- Up-to-date: /home/dxf/wheeltec_lebai_humble_2024_7_17/install/lebai_interfaces/share/lebai_interfaces/cmake/export_lebai_interfaces__rosidl_typesupport_fastrtps_cExport.cmake
[1.278s] -- Up-to-date: /home/dxf/wheeltec_lebai_humble_2024_7_17/install/lebai_interfaces/share/lebai_interfaces/cmake/export_lebai_interfaces__rosidl_typesupport_fastrtps_cExport-noconfig.cmake
[1.278s] -- Up-to-date: /home/dxf/wheeltec_lebai_humble_2024_7_17/install/lebai_interfaces/share/lebai_interfaces/cmake/export_lebai_interfaces__rosidl_generator_cppExport.cmake
[1.279s] -- Up-to-date: /home/dxf/wheeltec_lebai_humble_2024_7_17/install/lebai_interfaces/share/lebai_interfaces/cmake/export_lebai_interfaces__rosidl_typesupport_fastrtps_cppExport.cmake
[1.279s] -- Up-to-date: /home/dxf/wheeltec_lebai_humble_2024_7_17/install/lebai_interfaces/share/lebai_interfaces/cmake/export_lebai_interfaces__rosidl_typesupport_fastrtps_cppExport-noconfig.cmake
[1.280s] -- Up-to-date: /home/dxf/wheeltec_lebai_humble_2024_7_17/install/lebai_interfaces/share/lebai_interfaces/cmake/lebai_interfaces__rosidl_typesupport_introspection_cExport.cmake
[1.280s] -- Up-to-date: /home/dxf/wheeltec_lebai_humble_2024_7_17/install/lebai_interfaces/share/lebai_interfaces/cmake/lebai_interfaces__rosidl_typesupport_introspection_cExport-noconfig.cmake
[1.280s] -- Up-to-date: /home/dxf/wheeltec_lebai_humble_2024_7_17/install/lebai_interfaces/share/lebai_interfaces/cmake/lebai_interfaces__rosidl_typesupport_cExport.cmake
[1.281s] -- Up-to-date: /home/dxf/wheeltec_lebai_humble_2024_7_17/install/lebai_interfaces/share/lebai_interfaces/cmake/lebai_interfaces__rosidl_typesupport_cExport-noconfig.cmake
[1.281s] -- Up-to-date: /home/dxf/wheeltec_lebai_humble_2024_7_17/install/lebai_interfaces/share/lebai_interfaces/cmake/lebai_interfaces__rosidl_typesupport_introspection_cppExport.cmake
[1.281s] -- Up-to-date: /home/dxf/wheeltec_lebai_humble_2024_7_17/install/lebai_interfaces/share/lebai_interfaces/cmake/lebai_interfaces__rosidl_typesupport_introspection_cppExport-noconfig.cmake
[1.282s] -- Up-to-date: /home/dxf/wheeltec_lebai_humble_2024_7_17/install/lebai_interfaces/share/lebai_interfaces/cmake/lebai_interfaces__rosidl_typesupport_cppExport.cmake
[1.282s] -- Up-to-date: /home/dxf/wheeltec_lebai_humble_2024_7_17/install/lebai_interfaces/share/lebai_interfaces/cmake/lebai_interfaces__rosidl_typesupport_cppExport-noconfig.cmake
[1.282s] -- Up-to-date: /home/dxf/wheeltec_lebai_humble_2024_7_17/install/lebai_interfaces/share/lebai_interfaces/cmake/export_lebai_interfaces__rosidl_generator_pyExport.cmake
[1.283s] -- Up-to-date: /home/dxf/wheeltec_lebai_humble_2024_7_17/install/lebai_interfaces/share/lebai_interfaces/cmake/export_lebai_interfaces__rosidl_generator_pyExport-noconfig.cmake
[1.283s] -- Up-to-date: /home/dxf/wheeltec_lebai_humble_2024_7_17/install/lebai_interfaces/share/lebai_interfaces/cmake/rosidl_cmake-extras.cmake
[1.283s] -- Up-to-date: /home/dxf/wheeltec_lebai_humble_2024_7_17/install/lebai_interfaces/share/lebai_interfaces/cmake/ament_cmake_export_dependencies-extras.cmake
[1.283s] -- Up-to-date: /home/dxf/wheeltec_lebai_humble_2024_7_17/install/lebai_interfaces/share/lebai_interfaces/cmake/ament_cmake_export_include_directories-extras.cmake
[1.283s] -- Up-to-date: /home/dxf/wheeltec_lebai_humble_2024_7_17/install/lebai_interfaces/share/lebai_interfaces/cmake/ament_cmake_export_libraries-extras.cmake
[1.284s] -- Up-to-date: /home/dxf/wheeltec_lebai_humble_2024_7_17/install/lebai_interfaces/share/lebai_interfaces/cmake/ament_cmake_export_targets-extras.cmake
[1.284s] -- Up-to-date: /home/dxf/wheeltec_lebai_humble_2024_7_17/install/lebai_interfaces/share/lebai_interfaces/cmake/rosidl_cmake_export_typesupport_targets-extras.cmake
[1.284s] -- Up-to-date: /home/dxf/wheeltec_lebai_humble_2024_7_17/install/lebai_interfaces/share/lebai_interfaces/cmake/rosidl_cmake_export_typesupport_libraries-extras.cmake
[1.285s] -- Up-to-date: /home/dxf/wheeltec_lebai_humble_2024_7_17/install/lebai_interfaces/share/lebai_interfaces/cmake/lebai_interfacesConfig.cmake
[1.285s] -- Up-to-date: /home/dxf/wheeltec_lebai_humble_2024_7_17/install/lebai_interfaces/share/lebai_interfaces/cmake/lebai_interfacesConfig-version.cmake
[1.285s] -- Up-to-date: /home/dxf/wheeltec_lebai_humble_2024_7_17/install/lebai_interfaces/share/lebai_interfaces/package.xml
[1.292s] Invoked command in '/home/dxf/wheeltec_lebai_humble_2024_7_17/build/lebai_interfaces' returned '0': CMAKE_PREFIX_PATH=${CMAKE_PREFIX_PATH}:/home/dxf/WHEELTEC_S300Pro_mini/install/wheeltec_robot_keyboard:/home/dxf/WHEELTEC_S300Pro_mini/install/simple_follower_ros2:/home/dxf/WHEELTEC_S300Pro_mini/install/ollama_ros_chat:/home/dxf/WHEELTEC_S300Pro_mini/install/nav2_waypoint_cycle:/home/dxf/WHEELTEC_S300Pro_mini/install/auto_recharge_ros2:/opt/ros/humble /usr/bin/cmake --install /home/dxf/wheeltec_lebai_humble_2024_7_17/build/lebai_interfaces
