[0.039s] Invoking command in '/home/dxf/wheeltec_lebai_humble_2024_7_17/build/grab_demo': CMAKE_PREFIX_PATH=${CMAKE_PREFIX_PATH}:/home/dxf/WHEELTEC_S300Pro_mini/install/wheeltec_robot_keyboard:/home/dxf/WHEELTEC_S300Pro_mini/install/simple_follower_ros2:/home/dxf/WHEELTEC_S300Pro_mini/install/ollama_ros_chat:/home/dxf/WHEELTEC_S300Pro_mini/install/nav2_waypoint_cycle:/home/dxf/WHEELTEC_S300Pro_mini/install/auto_recharge_ros2:/opt/ros/humble /usr/bin/cmake --build /home/dxf/wheeltec_lebai_humble_2024_7_17/build/grab_demo -- -j6 -l6
[0.349s] Consolidate compiler generated dependencies of target charuco_dectet_node
[0.376s] [  2%] Built target grab_demo__cpp
[0.409s] [  8%] Built target grab_demo__rosidl_generator_c
[0.441s] [ 10%] Building CXX object CMakeFiles/charuco_dectet_node.dir/src/charuco_dectet_node.cpp.o
[0.442s] [ 14%] Built target hsv_range
[0.462s] Consolidate compiler generated dependencies of target aruco_dectet
[0.471s] [ 19%] Built target hand_eye
[0.485s] [ 19%] Built target ament_cmake_python_copy_grab_demo
[0.519s] [ 21%] Building CXX object CMakeFiles/aruco_dectet.dir/src/aruco_dectet.cpp.o
[0.566s] [ 25%] Built target camera_info_node
[0.574s] [ 31%] Built target grab_demo__rosidl_typesupport_cpp
[0.610s] [ 38%] Built target grab_demo__rosidl_typesupport_fastrtps_cpp
[0.624s] [ 44%] Built target grab_demo__rosidl_typesupport_fastrtps_c
[0.693s] [ 51%] Built target grab_demo__rosidl_typesupport_c
[0.716s] [ 57%] Built target grab_demo__rosidl_typesupport_introspection_c
[0.762s] [ 63%] Built target grab_demo__rosidl_typesupport_introspection_cpp
[0.894s] [ 68%] Built target grab_service_node
[0.924s] [ 72%] Built target start_grab
[0.969s] [ 76%] Built target nav_grab
[1.084s] [ 76%] Built target grab_demo
[1.207s] [ 78%] Built target grab_demo__py
[1.337s] running egg_info
[1.338s] [ 82%] Built target grab_demo__rosidl_generator_py
[1.341s] writing grab_demo.egg-info/PKG-INFO
[1.342s] writing dependency_links to grab_demo.egg-info/dependency_links.txt
[1.344s] writing top-level names to grab_demo.egg-info/top_level.txt
[1.351s] reading manifest file 'grab_demo.egg-info/SOURCES.txt'
[1.354s] writing manifest file 'grab_demo.egg-info/SOURCES.txt'
[1.454s] [ 87%] Built target grab_demo__rosidl_typesupport_introspection_c__pyext
[1.460s] [ 87%] Built target ament_cmake_python_build_grab_demo_egg
[1.480s] [ 91%] Built target grab_demo__rosidl_typesupport_c__pyext
[1.509s] [ 95%] Built target grab_demo__rosidl_typesupport_fastrtps_c__pyext
[12.032s] /home/dxf/wheeltec_lebai_humble_2024_7_17/src/grab_demo/src/aruco_dectet.cpp: In member function ‘void aruco_dectet::rgb_image_callback(const ConstSharedPtr&)’:
[12.037s] /home/dxf/wheeltec_lebai_humble_2024_7_17/src/grab_demo/src/aruco_dectet.cpp:128:24: error: ‘estimatePoseSingleMarkers’ is not a member of ‘cv::aruco’
[12.039s]   128 |             cv::aruco::estimatePoseSingleMarkers(marker_corners,markerLength,camera_matrix,camera_dis,rotation_matrix,pos_matrix);
[12.040s]       |                        ^~~~~~~~~~~~~~~~~~~~~~~~~
[12.321s] /home/dxf/wheeltec_lebai_humble_2024_7_17/src/grab_demo/src/charuco_dectet_node.cpp: In member function ‘void charuco_dectet::rgb_image_callback(const ConstSharedPtr&)’:
[12.322s] /home/dxf/wheeltec_lebai_humble_2024_7_17/src/grab_demo/src/charuco_dectet_node.cpp:66:20: error: ‘refineDetectedMarkers’ is not a member of ‘cv::aruco’; did you mean ‘drawDetectedMarkers’?
[12.322s]    66 |         cv::aruco::refineDetectedMarkers(image_rgb,charuco_board,marker_corners,marker_ids,rejected_markers,camera_matrix,camera_dis);
[12.322s]       |                    ^~~~~~~~~~~~~~~~~~~~~
[12.322s]       |                    drawDetectedMarkers
[12.325s] /home/dxf/wheeltec_lebai_humble_2024_7_17/src/grab_demo/src/charuco_dectet_node.cpp:70:54: error: ‘interpolateCornersCharuco’ is not a member of ‘cv::aruco’
[12.326s]    70 |                     interpolatedCorners = cv::aruco::interpolateCornersCharuco(marker_corners, marker_ids, image_rgb, charuco_board, charuco_corners, charuco_ids,
[12.326s]       |                                                      ^~~~~~~~~~~~~~~~~~~~~~~~~
[12.329s] /home/dxf/wheeltec_lebai_humble_2024_7_17/src/grab_demo/src/charuco_dectet_node.cpp:75:49: error: ‘estimatePoseCharucoBoard’ is not a member of ‘cv::aruco’
[12.329s]    75 |                         valid_pose = cv::aruco::estimatePoseCharucoBoard(charuco_corners, charuco_ids, charuco_board, camera_matrix, camera_dis,
[12.330s]       |                                                 ^~~~~~~~~~~~~~~~~~~~~~~~
[21.037s] gmake[2]: *** [CMakeFiles/aruco_dectet.dir/build.make:76：CMakeFiles/aruco_dectet.dir/src/aruco_dectet.cpp.o] 错误 1
[21.038s] gmake[1]: *** [CMakeFiles/Makefile2:684：CMakeFiles/aruco_dectet.dir/all] 错误 2
[21.039s] gmake[1]: *** 正在等待未完成的任务....
[21.695s] gmake[2]: *** [CMakeFiles/charuco_dectet_node.dir/build.make:76：CMakeFiles/charuco_dectet_node.dir/src/charuco_dectet_node.cpp.o] 错误 1
[21.697s] gmake[1]: *** [CMakeFiles/Makefile2:606：CMakeFiles/charuco_dectet_node.dir/all] 错误 2
[21.699s] gmake: *** [Makefile:146：all] 错误 2
[21.773s] Invoked command in '/home/dxf/wheeltec_lebai_humble_2024_7_17/build/grab_demo' returned '2': CMAKE_PREFIX_PATH=${CMAKE_PREFIX_PATH}:/home/dxf/WHEELTEC_S300Pro_mini/install/wheeltec_robot_keyboard:/home/dxf/WHEELTEC_S300Pro_mini/install/simple_follower_ros2:/home/dxf/WHEELTEC_S300Pro_mini/install/ollama_ros_chat:/home/dxf/WHEELTEC_S300Pro_mini/install/nav2_waypoint_cycle:/home/dxf/WHEELTEC_S300Pro_mini/install/auto_recharge_ros2:/opt/ros/humble /usr/bin/cmake --build /home/dxf/wheeltec_lebai_humble_2024_7_17/build/grab_demo -- -j6 -l6
