[0.271s] DEBUG:colcon:Command line arguments: ['/usr/bin/colcon', 'build', '--packages-select', 'lebai_driver']
[0.271s] DEBUG:colcon:Parsed command line arguments: Namespace(log_base=None, log_level=None, verb_name='build', build_base='build', install_base='install', merge_install=False, symlink_install=False, test_result_base=None, continue_on_error=False, executor='parallel', parallel_workers=6, event_handlers=None, ignore_user_meta=False, metas=['./colcon.meta'], base_paths=['.'], packages_ignore=None, packages_ignore_regex=None, paths=None, packages_up_to=None, packages_up_to_regex=None, packages_above=None, packages_above_and_dependencies=None, packages_above_depth=None, packages_select_by_dep=None, packages_skip_by_dep=None, packages_skip_up_to=None, packages_select_build_failed=False, packages_skip_build_finished=False, packages_select_test_failures=False, packages_skip_test_passed=False, packages_select=['lebai_driver'], packages_skip=None, packages_select_regex=None, packages_skip_regex=None, packages_start=None, packages_end=None, allow_overriding=[], cmake_args=None, cmake_target=None, cmake_target_skip_unavailable=False, cmake_clean_cache=False, cmake_clean_first=False, cmake_force_configure=False, ament_cmake_args=None, catkin_cmake_args=None, catkin_skip_building_tests=False, verb_parser=<colcon_defaults.argument_parser.defaults.DefaultArgumentsDecorator object at 0xffff81f7b100>, verb_extension=<colcon_core.verb.build.BuildVerb object at 0xffff81f7ac80>, main=<bound method BuildVerb.main of <colcon_core.verb.build.BuildVerb object at 0xffff81f7ac80>>)
[0.667s] Level 1:colcon.colcon_core.package_discovery:discover_packages(colcon_meta) check parameters
[0.668s] Level 1:colcon.colcon_core.package_discovery:discover_packages(recursive) check parameters
[0.668s] Level 1:colcon.colcon_core.package_discovery:discover_packages(ignore) check parameters
[0.668s] Level 1:colcon.colcon_core.package_discovery:discover_packages(path) check parameters
[0.668s] Level 1:colcon.colcon_core.package_discovery:discover_packages(colcon_meta) discover
[0.668s] Level 1:colcon.colcon_core.package_discovery:discover_packages(recursive) discover
[0.668s] INFO:colcon.colcon_core.package_discovery:Crawling recursively for packages in '/home/dxf/wheeltec_lebai_humble_2024_7_17'
[0.669s] Level 1:colcon.colcon_core.package_identification:_identify(.) by extensions ['ignore', 'ignore_ament_install']
[0.669s] Level 1:colcon.colcon_core.package_identification:_identify(.) by extension 'ignore'
[0.669s] Level 1:colcon.colcon_core.package_identification:_identify(.) by extension 'ignore_ament_install'
[0.669s] Level 1:colcon.colcon_core.package_identification:_identify(.) by extensions ['colcon_pkg']
[0.669s] Level 1:colcon.colcon_core.package_identification:_identify(.) by extension 'colcon_pkg'
[0.669s] Level 1:colcon.colcon_core.package_identification:_identify(.) by extensions ['colcon_meta']
[0.669s] Level 1:colcon.colcon_core.package_identification:_identify(.) by extension 'colcon_meta'
[0.669s] Level 1:colcon.colcon_core.package_identification:_identify(.) by extensions ['ros']
[0.670s] Level 1:colcon.colcon_core.package_identification:_identify(.) by extension 'ros'
[0.694s] Level 1:colcon.colcon_core.package_identification:_identify(.) by extensions ['cmake', 'python']
[0.694s] Level 1:colcon.colcon_core.package_identification:_identify(.) by extension 'cmake'
[0.694s] Level 1:colcon.colcon_core.package_identification:_identify(.) by extension 'python'
[0.694s] Level 1:colcon.colcon_core.package_identification:_identify(.) by extensions ['python_setup_py']
[0.694s] Level 1:colcon.colcon_core.package_identification:_identify(.) by extension 'python_setup_py'
[0.695s] Level 1:colcon.colcon_core.package_identification:_identify(build) by extensions ['ignore', 'ignore_ament_install']
[0.695s] Level 1:colcon.colcon_core.package_identification:_identify(build) by extension 'ignore'
[0.695s] Level 1:colcon.colcon_core.package_identification:_identify(build) ignored
[0.695s] Level 1:colcon.colcon_core.package_identification:_identify(install) by extensions ['ignore', 'ignore_ament_install']
[0.696s] Level 1:colcon.colcon_core.package_identification:_identify(install) by extension 'ignore'
[0.696s] Level 1:colcon.colcon_core.package_identification:_identify(install) ignored
[0.696s] Level 1:colcon.colcon_core.package_identification:_identify(log) by extensions ['ignore', 'ignore_ament_install']
[0.696s] Level 1:colcon.colcon_core.package_identification:_identify(log) by extension 'ignore'
[0.696s] Level 1:colcon.colcon_core.package_identification:_identify(log) ignored
[0.697s] Level 1:colcon.colcon_core.package_identification:_identify(src) by extensions ['ignore', 'ignore_ament_install']
[0.697s] Level 1:colcon.colcon_core.package_identification:_identify(src) by extension 'ignore'
[0.697s] Level 1:colcon.colcon_core.package_identification:_identify(src) by extension 'ignore_ament_install'
[0.697s] Level 1:colcon.colcon_core.package_identification:_identify(src) by extensions ['colcon_pkg']
[0.697s] Level 1:colcon.colcon_core.package_identification:_identify(src) by extension 'colcon_pkg'
[0.697s] Level 1:colcon.colcon_core.package_identification:_identify(src) by extensions ['colcon_meta']
[0.697s] Level 1:colcon.colcon_core.package_identification:_identify(src) by extension 'colcon_meta'
[0.697s] Level 1:colcon.colcon_core.package_identification:_identify(src) by extensions ['ros']
[0.697s] Level 1:colcon.colcon_core.package_identification:_identify(src) by extension 'ros'
[0.698s] Level 1:colcon.colcon_core.package_identification:_identify(src) by extensions ['cmake', 'python']
[0.698s] Level 1:colcon.colcon_core.package_identification:_identify(src) by extension 'cmake'
[0.698s] Level 1:colcon.colcon_core.package_identification:_identify(src) by extension 'python'
[0.698s] Level 1:colcon.colcon_core.package_identification:_identify(src) by extensions ['python_setup_py']
[0.698s] Level 1:colcon.colcon_core.package_identification:_identify(src) by extension 'python_setup_py'
[0.698s] Level 1:colcon.colcon_core.package_identification:_identify(src/arm_demo) by extensions ['ignore', 'ignore_ament_install']
[0.698s] Level 1:colcon.colcon_core.package_identification:_identify(src/arm_demo) by extension 'ignore'
[0.698s] Level 1:colcon.colcon_core.package_identification:_identify(src/arm_demo) by extension 'ignore_ament_install'
[0.699s] Level 1:colcon.colcon_core.package_identification:_identify(src/arm_demo) by extensions ['colcon_pkg']
[0.699s] Level 1:colcon.colcon_core.package_identification:_identify(src/arm_demo) by extension 'colcon_pkg'
[0.699s] Level 1:colcon.colcon_core.package_identification:_identify(src/arm_demo) by extensions ['colcon_meta']
[0.699s] Level 1:colcon.colcon_core.package_identification:_identify(src/arm_demo) by extension 'colcon_meta'
[0.699s] Level 1:colcon.colcon_core.package_identification:_identify(src/arm_demo) by extensions ['ros']
[0.699s] Level 1:colcon.colcon_core.package_identification:_identify(src/arm_demo) by extension 'ros'
[0.704s] DEBUG:colcon.colcon_core.package_identification:Package 'src/arm_demo' with type 'ros.ament_cmake' and name 'arm_demo'
[0.705s] Level 1:colcon.colcon_core.package_identification:_identify(src/grab_demo) by extensions ['ignore', 'ignore_ament_install']
[0.705s] Level 1:colcon.colcon_core.package_identification:_identify(src/grab_demo) by extension 'ignore'
[0.705s] Level 1:colcon.colcon_core.package_identification:_identify(src/grab_demo) by extension 'ignore_ament_install'
[0.705s] Level 1:colcon.colcon_core.package_identification:_identify(src/grab_demo) by extensions ['colcon_pkg']
[0.705s] Level 1:colcon.colcon_core.package_identification:_identify(src/grab_demo) by extension 'colcon_pkg'
[0.705s] Level 1:colcon.colcon_core.package_identification:_identify(src/grab_demo) by extensions ['colcon_meta']
[0.705s] Level 1:colcon.colcon_core.package_identification:_identify(src/grab_demo) by extension 'colcon_meta'
[0.706s] Level 1:colcon.colcon_core.package_identification:_identify(src/grab_demo) by extensions ['ros']
[0.706s] Level 1:colcon.colcon_core.package_identification:_identify(src/grab_demo) by extension 'ros'
[0.707s] DEBUG:colcon.colcon_core.package_identification:Package 'src/grab_demo' with type 'ros.ament_cmake' and name 'grab_demo'
[0.707s] Level 1:colcon.colcon_core.package_identification:_identify(src/lebai-ros-sdk-humble-dev) by extensions ['ignore', 'ignore_ament_install']
[0.708s] Level 1:colcon.colcon_core.package_identification:_identify(src/lebai-ros-sdk-humble-dev) by extension 'ignore'
[0.708s] Level 1:colcon.colcon_core.package_identification:_identify(src/lebai-ros-sdk-humble-dev) by extension 'ignore_ament_install'
[0.708s] Level 1:colcon.colcon_core.package_identification:_identify(src/lebai-ros-sdk-humble-dev) by extensions ['colcon_pkg']
[0.708s] Level 1:colcon.colcon_core.package_identification:_identify(src/lebai-ros-sdk-humble-dev) by extension 'colcon_pkg'
[0.708s] Level 1:colcon.colcon_core.package_identification:_identify(src/lebai-ros-sdk-humble-dev) by extensions ['colcon_meta']
[0.708s] Level 1:colcon.colcon_core.package_identification:_identify(src/lebai-ros-sdk-humble-dev) by extension 'colcon_meta'
[0.708s] Level 1:colcon.colcon_core.package_identification:_identify(src/lebai-ros-sdk-humble-dev) by extensions ['ros']
[0.708s] Level 1:colcon.colcon_core.package_identification:_identify(src/lebai-ros-sdk-humble-dev) by extension 'ros'
[0.708s] Level 1:colcon.colcon_core.package_identification:_identify(src/lebai-ros-sdk-humble-dev) by extensions ['cmake', 'python']
[0.708s] Level 1:colcon.colcon_core.package_identification:_identify(src/lebai-ros-sdk-humble-dev) by extension 'cmake'
[0.709s] Level 1:colcon.colcon_core.package_identification:_identify(src/lebai-ros-sdk-humble-dev) by extension 'python'
[0.709s] Level 1:colcon.colcon_core.package_identification:_identify(src/lebai-ros-sdk-humble-dev) by extensions ['python_setup_py']
[0.709s] Level 1:colcon.colcon_core.package_identification:_identify(src/lebai-ros-sdk-humble-dev) by extension 'python_setup_py'
[0.709s] Level 1:colcon.colcon_core.package_identification:_identify(src/lebai-ros-sdk-humble-dev/lebai_driver) by extensions ['ignore', 'ignore_ament_install']
[0.709s] Level 1:colcon.colcon_core.package_identification:_identify(src/lebai-ros-sdk-humble-dev/lebai_driver) by extension 'ignore'
[0.709s] Level 1:colcon.colcon_core.package_identification:_identify(src/lebai-ros-sdk-humble-dev/lebai_driver) by extension 'ignore_ament_install'
[0.709s] Level 1:colcon.colcon_core.package_identification:_identify(src/lebai-ros-sdk-humble-dev/lebai_driver) by extensions ['colcon_pkg']
[0.709s] Level 1:colcon.colcon_core.package_identification:_identify(src/lebai-ros-sdk-humble-dev/lebai_driver) by extension 'colcon_pkg'
[0.710s] Level 1:colcon.colcon_core.package_identification:_identify(src/lebai-ros-sdk-humble-dev/lebai_driver) by extensions ['colcon_meta']
[0.710s] Level 1:colcon.colcon_core.package_identification:_identify(src/lebai-ros-sdk-humble-dev/lebai_driver) by extension 'colcon_meta'
[0.710s] Level 1:colcon.colcon_core.package_identification:_identify(src/lebai-ros-sdk-humble-dev/lebai_driver) by extensions ['ros']
[0.710s] Level 1:colcon.colcon_core.package_identification:_identify(src/lebai-ros-sdk-humble-dev/lebai_driver) by extension 'ros'
[0.711s] DEBUG:colcon.colcon_core.package_identification:Package 'src/lebai-ros-sdk-humble-dev/lebai_driver' with type 'ros.ament_python' and name 'lebai_driver'
[0.711s] Level 1:colcon.colcon_core.package_identification:_identify(src/lebai-ros-sdk-humble-dev/lebai_interfaces) by extensions ['ignore', 'ignore_ament_install']
[0.712s] Level 1:colcon.colcon_core.package_identification:_identify(src/lebai-ros-sdk-humble-dev/lebai_interfaces) by extension 'ignore'
[0.712s] Level 1:colcon.colcon_core.package_identification:_identify(src/lebai-ros-sdk-humble-dev/lebai_interfaces) by extension 'ignore_ament_install'
[0.712s] Level 1:colcon.colcon_core.package_identification:_identify(src/lebai-ros-sdk-humble-dev/lebai_interfaces) by extensions ['colcon_pkg']
[0.712s] Level 1:colcon.colcon_core.package_identification:_identify(src/lebai-ros-sdk-humble-dev/lebai_interfaces) by extension 'colcon_pkg'
[0.712s] Level 1:colcon.colcon_core.package_identification:_identify(src/lebai-ros-sdk-humble-dev/lebai_interfaces) by extensions ['colcon_meta']
[0.712s] Level 1:colcon.colcon_core.package_identification:_identify(src/lebai-ros-sdk-humble-dev/lebai_interfaces) by extension 'colcon_meta'
[0.712s] Level 1:colcon.colcon_core.package_identification:_identify(src/lebai-ros-sdk-humble-dev/lebai_interfaces) by extensions ['ros']
[0.712s] Level 1:colcon.colcon_core.package_identification:_identify(src/lebai-ros-sdk-humble-dev/lebai_interfaces) by extension 'ros'
[0.714s] DEBUG:colcon.colcon_core.package_identification:Package 'src/lebai-ros-sdk-humble-dev/lebai_interfaces' with type 'ros.ament_cmake' and name 'lebai_interfaces'
[0.714s] Level 1:colcon.colcon_core.package_identification:_identify(src/lebai-ros-sdk-humble-dev/lebai_lm3_moveit_config) by extensions ['ignore', 'ignore_ament_install']
[0.714s] Level 1:colcon.colcon_core.package_identification:_identify(src/lebai-ros-sdk-humble-dev/lebai_lm3_moveit_config) by extension 'ignore'
[0.715s] Level 1:colcon.colcon_core.package_identification:_identify(src/lebai-ros-sdk-humble-dev/lebai_lm3_moveit_config) by extension 'ignore_ament_install'
[0.715s] Level 1:colcon.colcon_core.package_identification:_identify(src/lebai-ros-sdk-humble-dev/lebai_lm3_moveit_config) by extensions ['colcon_pkg']
[0.715s] Level 1:colcon.colcon_core.package_identification:_identify(src/lebai-ros-sdk-humble-dev/lebai_lm3_moveit_config) by extension 'colcon_pkg'
[0.715s] Level 1:colcon.colcon_core.package_identification:_identify(src/lebai-ros-sdk-humble-dev/lebai_lm3_moveit_config) by extensions ['colcon_meta']
[0.715s] Level 1:colcon.colcon_core.package_identification:_identify(src/lebai-ros-sdk-humble-dev/lebai_lm3_moveit_config) by extension 'colcon_meta'
[0.715s] Level 1:colcon.colcon_core.package_identification:_identify(src/lebai-ros-sdk-humble-dev/lebai_lm3_moveit_config) by extensions ['ros']
[0.715s] Level 1:colcon.colcon_core.package_identification:_identify(src/lebai-ros-sdk-humble-dev/lebai_lm3_moveit_config) by extension 'ros'
[0.716s] DEBUG:colcon.colcon_core.package_identification:Package 'src/lebai-ros-sdk-humble-dev/lebai_lm3_moveit_config' with type 'ros.ament_cmake' and name 'lebai_lm3_moveit_config'
[0.717s] Level 1:colcon.colcon_core.package_identification:_identify(src/lebai-ros-sdk-humble-dev/lebai_lm3_support) by extensions ['ignore', 'ignore_ament_install']
[0.717s] Level 1:colcon.colcon_core.package_identification:_identify(src/lebai-ros-sdk-humble-dev/lebai_lm3_support) by extension 'ignore'
[0.717s] Level 1:colcon.colcon_core.package_identification:_identify(src/lebai-ros-sdk-humble-dev/lebai_lm3_support) by extension 'ignore_ament_install'
[0.717s] Level 1:colcon.colcon_core.package_identification:_identify(src/lebai-ros-sdk-humble-dev/lebai_lm3_support) by extensions ['colcon_pkg']
[0.717s] Level 1:colcon.colcon_core.package_identification:_identify(src/lebai-ros-sdk-humble-dev/lebai_lm3_support) by extension 'colcon_pkg'
[0.717s] Level 1:colcon.colcon_core.package_identification:_identify(src/lebai-ros-sdk-humble-dev/lebai_lm3_support) by extensions ['colcon_meta']
[0.717s] Level 1:colcon.colcon_core.package_identification:_identify(src/lebai-ros-sdk-humble-dev/lebai_lm3_support) by extension 'colcon_meta'
[0.717s] Level 1:colcon.colcon_core.package_identification:_identify(src/lebai-ros-sdk-humble-dev/lebai_lm3_support) by extensions ['ros']
[0.718s] Level 1:colcon.colcon_core.package_identification:_identify(src/lebai-ros-sdk-humble-dev/lebai_lm3_support) by extension 'ros'
[0.718s] DEBUG:colcon.colcon_core.package_identification:Package 'src/lebai-ros-sdk-humble-dev/lebai_lm3_support' with type 'ros.ament_cmake' and name 'lebai_lm3_support'
[0.719s] Level 1:colcon.colcon_core.package_identification:_identify(src/lebai-ros-sdk-humble-dev/lebai_resources) by extensions ['ignore', 'ignore_ament_install']
[0.719s] Level 1:colcon.colcon_core.package_identification:_identify(src/lebai-ros-sdk-humble-dev/lebai_resources) by extension 'ignore'
[0.719s] Level 1:colcon.colcon_core.package_identification:_identify(src/lebai-ros-sdk-humble-dev/lebai_resources) by extension 'ignore_ament_install'
[0.719s] Level 1:colcon.colcon_core.package_identification:_identify(src/lebai-ros-sdk-humble-dev/lebai_resources) by extensions ['colcon_pkg']
[0.719s] Level 1:colcon.colcon_core.package_identification:_identify(src/lebai-ros-sdk-humble-dev/lebai_resources) by extension 'colcon_pkg'
[0.719s] Level 1:colcon.colcon_core.package_identification:_identify(src/lebai-ros-sdk-humble-dev/lebai_resources) by extensions ['colcon_meta']
[0.719s] Level 1:colcon.colcon_core.package_identification:_identify(src/lebai-ros-sdk-humble-dev/lebai_resources) by extension 'colcon_meta'
[0.720s] Level 1:colcon.colcon_core.package_identification:_identify(src/lebai-ros-sdk-humble-dev/lebai_resources) by extensions ['ros']
[0.720s] Level 1:colcon.colcon_core.package_identification:_identify(src/lebai-ros-sdk-humble-dev/lebai_resources) by extension 'ros'
[0.720s] DEBUG:colcon.colcon_core.package_identification:Package 'src/lebai-ros-sdk-humble-dev/lebai_resources' with type 'ros.ament_cmake' and name 'lebai_resources'
[0.721s] Level 1:colcon.colcon_core.package_identification:_identify(src/lebai-ros-sdk-humble-dev/lebai_tutorials) by extensions ['ignore', 'ignore_ament_install']
[0.721s] Level 1:colcon.colcon_core.package_identification:_identify(src/lebai-ros-sdk-humble-dev/lebai_tutorials) by extension 'ignore'
[0.721s] Level 1:colcon.colcon_core.package_identification:_identify(src/lebai-ros-sdk-humble-dev/lebai_tutorials) by extension 'ignore_ament_install'
[0.721s] Level 1:colcon.colcon_core.package_identification:_identify(src/lebai-ros-sdk-humble-dev/lebai_tutorials) by extensions ['colcon_pkg']
[0.721s] Level 1:colcon.colcon_core.package_identification:_identify(src/lebai-ros-sdk-humble-dev/lebai_tutorials) by extension 'colcon_pkg'
[0.721s] Level 1:colcon.colcon_core.package_identification:_identify(src/lebai-ros-sdk-humble-dev/lebai_tutorials) by extensions ['colcon_meta']
[0.721s] Level 1:colcon.colcon_core.package_identification:_identify(src/lebai-ros-sdk-humble-dev/lebai_tutorials) by extension 'colcon_meta'
[0.722s] Level 1:colcon.colcon_core.package_identification:_identify(src/lebai-ros-sdk-humble-dev/lebai_tutorials) by extensions ['ros']
[0.722s] Level 1:colcon.colcon_core.package_identification:_identify(src/lebai-ros-sdk-humble-dev/lebai_tutorials) by extension 'ros'
[0.723s] DEBUG:colcon.colcon_core.package_identification:Package 'src/lebai-ros-sdk-humble-dev/lebai_tutorials' with type 'ros.ament_cmake' and name 'lebai_tutorials'
[0.723s] Level 1:colcon.colcon_core.package_discovery:discover_packages(recursive) using defaults
[0.723s] Level 1:colcon.colcon_core.package_discovery:discover_packages(ignore) discover
[0.723s] Level 1:colcon.colcon_core.package_discovery:discover_packages(ignore) using defaults
[0.723s] Level 1:colcon.colcon_core.package_discovery:discover_packages(path) discover
[0.723s] Level 1:colcon.colcon_core.package_discovery:discover_packages(path) using defaults
[0.802s] INFO:colcon.colcon_core.package_selection:Skipping not selected package 'arm_demo' in 'src/arm_demo'
[0.802s] INFO:colcon.colcon_core.package_selection:Skipping not selected package 'grab_demo' in 'src/grab_demo'
[0.802s] INFO:colcon.colcon_core.package_selection:Skipping not selected package 'lebai_interfaces' in 'src/lebai-ros-sdk-humble-dev/lebai_interfaces'
[0.802s] INFO:colcon.colcon_core.package_selection:Skipping not selected package 'lebai_lm3_support' in 'src/lebai-ros-sdk-humble-dev/lebai_lm3_support'
[0.803s] INFO:colcon.colcon_core.package_selection:Skipping not selected package 'lebai_resources' in 'src/lebai-ros-sdk-humble-dev/lebai_resources'
[0.803s] INFO:colcon.colcon_core.package_selection:Skipping not selected package 'lebai_lm3_moveit_config' in 'src/lebai-ros-sdk-humble-dev/lebai_lm3_moveit_config'
[0.803s] INFO:colcon.colcon_core.package_selection:Skipping not selected package 'lebai_tutorials' in 'src/lebai-ros-sdk-humble-dev/lebai_tutorials'
[0.804s] Level 1:colcon.colcon_core.package_discovery:discover_packages(prefix_path) check parameters
[0.804s] Level 1:colcon.colcon_core.package_discovery:discover_packages(prefix_path) discover
[0.812s] DEBUG:colcon.colcon_installed_package_information.package_discovery:Found 8 installed packages in /home/dxf/wheeltec_lebai_humble_2024_7_17/install
[0.816s] DEBUG:colcon.colcon_installed_package_information.package_discovery:Found 44 installed packages in /home/dxf/WHEELTEC_S300Pro_mini/install
[0.819s] DEBUG:colcon.colcon_installed_package_information.package_discovery:Found 413 installed packages in /opt/ros/humble
[0.823s] Level 1:colcon.colcon_core.package_discovery:discover_packages(prefix_path) using defaults
[0.934s] Level 5:colcon.colcon_core.verb:set package 'lebai_driver' build argument 'cmake_args' from command line to 'None'
[0.935s] Level 5:colcon.colcon_core.verb:set package 'lebai_driver' build argument 'cmake_target' from command line to 'None'
[0.935s] Level 5:colcon.colcon_core.verb:set package 'lebai_driver' build argument 'cmake_target_skip_unavailable' from command line to 'False'
[0.935s] Level 5:colcon.colcon_core.verb:set package 'lebai_driver' build argument 'cmake_clean_cache' from command line to 'False'
[0.935s] Level 5:colcon.colcon_core.verb:set package 'lebai_driver' build argument 'cmake_clean_first' from command line to 'False'
[0.935s] Level 5:colcon.colcon_core.verb:set package 'lebai_driver' build argument 'cmake_force_configure' from command line to 'False'
[0.935s] Level 5:colcon.colcon_core.verb:set package 'lebai_driver' build argument 'ament_cmake_args' from command line to 'None'
[0.935s] Level 5:colcon.colcon_core.verb:set package 'lebai_driver' build argument 'catkin_cmake_args' from command line to 'None'
[0.935s] Level 5:colcon.colcon_core.verb:set package 'lebai_driver' build argument 'catkin_skip_building_tests' from command line to 'False'
[0.935s] DEBUG:colcon.colcon_core.verb:Building package 'lebai_driver' with the following arguments: {'ament_cmake_args': None, 'build_base': '/home/dxf/wheeltec_lebai_humble_2024_7_17/build/lebai_driver', 'catkin_cmake_args': None, 'catkin_skip_building_tests': False, 'cmake_args': None, 'cmake_clean_cache': False, 'cmake_clean_first': False, 'cmake_force_configure': False, 'cmake_target': None, 'cmake_target_skip_unavailable': False, 'install_base': '/home/dxf/wheeltec_lebai_humble_2024_7_17/install/lebai_driver', 'merge_install': False, 'path': '/home/dxf/wheeltec_lebai_humble_2024_7_17/src/lebai-ros-sdk-humble-dev/lebai_driver', 'symlink_install': False, 'test_result_base': None}
[0.935s] INFO:colcon.colcon_core.executor:Executing jobs using 'parallel' executor
[0.938s] DEBUG:colcon.colcon_parallel_executor.executor.parallel:run_until_complete
[0.938s] INFO:colcon.colcon_ros.task.ament_python.build:Building ROS package in '/home/dxf/wheeltec_lebai_humble_2024_7_17/src/lebai-ros-sdk-humble-dev/lebai_driver' with build type 'ament_python'
[0.939s] Level 1:colcon.colcon_core.shell:create_environment_hook('lebai_driver', 'ament_prefix_path')
[0.944s] INFO:colcon.colcon_core.plugin_system:Skipping extension 'colcon_core.shell.bat': Not used on non-Windows systems
[0.945s] INFO:colcon.colcon_core.shell:Creating environment hook '/home/dxf/wheeltec_lebai_humble_2024_7_17/install/lebai_driver/share/lebai_driver/hook/ament_prefix_path.ps1'
[0.946s] INFO:colcon.colcon_core.shell:Creating environment descriptor '/home/dxf/wheeltec_lebai_humble_2024_7_17/install/lebai_driver/share/lebai_driver/hook/ament_prefix_path.dsv'
[0.947s] INFO:colcon.colcon_core.shell:Creating environment hook '/home/dxf/wheeltec_lebai_humble_2024_7_17/install/lebai_driver/share/lebai_driver/hook/ament_prefix_path.sh'
[0.949s] INFO:colcon.colcon_core.shell:Skip shell extension 'powershell' for command environment: Not usable outside of PowerShell
[0.949s] DEBUG:colcon.colcon_core.shell:Skip shell extension 'dsv' for command environment
[1.593s] INFO:colcon.colcon_core.task.python.build:Building Python package in '/home/dxf/wheeltec_lebai_humble_2024_7_17/src/lebai-ros-sdk-humble-dev/lebai_driver'
[1.594s] INFO:colcon.colcon_core.shell:Skip shell extension 'powershell' for command environment: Not usable outside of PowerShell
[1.594s] DEBUG:colcon.colcon_core.shell:Skip shell extension 'dsv' for command environment
[2.475s] DEBUG:colcon.colcon_core.event_handler.log_command:Invoking command in '/home/dxf/wheeltec_lebai_humble_2024_7_17/src/lebai-ros-sdk-humble-dev/lebai_driver': PYTHONPATH=/home/dxf/wheeltec_lebai_humble_2024_7_17/build/lebai_driver/prefix_override:/usr/lib/python3/dist-packages/colcon_core/task/python/colcon_distutils_commands:/home/dxf/wheeltec_lebai_humble_2024_7_17/install/lebai_driver/lib/python3.10/site-packages:${PYTHONPATH} /usr/bin/python3 -W ignore:setup.py install is deprecated -W ignore:easy_install command is deprecated setup.py egg_info --egg-base ../../../build/lebai_driver build --build-base /home/dxf/wheeltec_lebai_humble_2024_7_17/build/lebai_driver/build install --record /home/dxf/wheeltec_lebai_humble_2024_7_17/build/lebai_driver/install.log --single-version-externally-managed install_data
[3.193s] DEBUG:colcon.colcon_core.event_handler.log_command:Invoked command in '/home/dxf/wheeltec_lebai_humble_2024_7_17/src/lebai-ros-sdk-humble-dev/lebai_driver' returned '0': PYTHONPATH=/home/dxf/wheeltec_lebai_humble_2024_7_17/build/lebai_driver/prefix_override:/usr/lib/python3/dist-packages/colcon_core/task/python/colcon_distutils_commands:/home/dxf/wheeltec_lebai_humble_2024_7_17/install/lebai_driver/lib/python3.10/site-packages:${PYTHONPATH} /usr/bin/python3 -W ignore:setup.py install is deprecated -W ignore:easy_install command is deprecated setup.py egg_info --egg-base ../../../build/lebai_driver build --build-base /home/dxf/wheeltec_lebai_humble_2024_7_17/build/lebai_driver/build install --record /home/dxf/wheeltec_lebai_humble_2024_7_17/build/lebai_driver/install.log --single-version-externally-managed install_data
[3.201s] Level 1:colcon.colcon_core.environment:checking '/home/dxf/wheeltec_lebai_humble_2024_7_17/install/lebai_driver' for CMake module files
[3.202s] Level 1:colcon.colcon_core.environment:checking '/home/dxf/wheeltec_lebai_humble_2024_7_17/install/lebai_driver' for CMake config files
[3.204s] Level 1:colcon.colcon_core.environment:checking '/home/dxf/wheeltec_lebai_humble_2024_7_17/install/lebai_driver/lib'
[3.205s] Level 1:colcon.colcon_core.environment:checking '/home/dxf/wheeltec_lebai_humble_2024_7_17/install/lebai_driver/bin'
[3.205s] Level 1:colcon.colcon_core.environment:checking '/home/dxf/wheeltec_lebai_humble_2024_7_17/install/lebai_driver/lib/pkgconfig/lebai_driver.pc'
[3.206s] Level 1:colcon.colcon_core.environment:checking '/home/dxf/wheeltec_lebai_humble_2024_7_17/install/lebai_driver/lib/python3.10/site-packages'
[3.206s] Level 1:colcon.colcon_core.shell:create_environment_hook('lebai_driver', 'pythonpath')
[3.207s] INFO:colcon.colcon_core.shell:Creating environment hook '/home/dxf/wheeltec_lebai_humble_2024_7_17/install/lebai_driver/share/lebai_driver/hook/pythonpath.ps1'
[3.209s] INFO:colcon.colcon_core.shell:Creating environment descriptor '/home/dxf/wheeltec_lebai_humble_2024_7_17/install/lebai_driver/share/lebai_driver/hook/pythonpath.dsv'
[3.211s] INFO:colcon.colcon_core.shell:Creating environment hook '/home/dxf/wheeltec_lebai_humble_2024_7_17/install/lebai_driver/share/lebai_driver/hook/pythonpath.sh'
[3.213s] Level 1:colcon.colcon_core.environment:checking '/home/dxf/wheeltec_lebai_humble_2024_7_17/install/lebai_driver/bin'
[3.213s] Level 1:colcon.colcon_core.environment:create_environment_scripts_only(lebai_driver)
[3.214s] INFO:colcon.colcon_core.shell:Creating package script '/home/dxf/wheeltec_lebai_humble_2024_7_17/install/lebai_driver/share/lebai_driver/package.ps1'
[3.216s] INFO:colcon.colcon_core.shell:Creating package descriptor '/home/dxf/wheeltec_lebai_humble_2024_7_17/install/lebai_driver/share/lebai_driver/package.dsv'
[3.218s] INFO:colcon.colcon_core.shell:Creating package script '/home/dxf/wheeltec_lebai_humble_2024_7_17/install/lebai_driver/share/lebai_driver/package.sh'
[3.220s] INFO:colcon.colcon_core.shell:Creating package script '/home/dxf/wheeltec_lebai_humble_2024_7_17/install/lebai_driver/share/lebai_driver/package.bash'
[3.221s] INFO:colcon.colcon_core.shell:Creating package script '/home/dxf/wheeltec_lebai_humble_2024_7_17/install/lebai_driver/share/lebai_driver/package.zsh'
[3.223s] Level 1:colcon.colcon_core.environment:create_file_with_runtime_dependencies(/home/dxf/wheeltec_lebai_humble_2024_7_17/install/lebai_driver/share/colcon-core/packages/lebai_driver)
[3.225s] DEBUG:colcon.colcon_parallel_executor.executor.parallel:closing loop
[3.226s] DEBUG:colcon.colcon_parallel_executor.executor.parallel:loop closed
[3.226s] DEBUG:colcon.colcon_parallel_executor.executor.parallel:run_until_complete finished with '0'
[3.226s] DEBUG:colcon.colcon_core.event_reactor:joining thread
[3.247s] INFO:colcon.colcon_core.plugin_system:Skipping extension 'colcon_notification.desktop_notification.terminal_notifier': Not used on non-Darwin systems
[3.248s] INFO:colcon.colcon_core.plugin_system:Skipping extension 'colcon_notification.desktop_notification.win32': Not used on non-Windows systems
[3.248s] INFO:colcon.colcon_notification.desktop_notification:Sending desktop notification using 'notify2'
[3.281s] DEBUG:colcon.colcon_core.event_reactor:joined thread
[3.282s] INFO:colcon.colcon_core.shell:Creating prefix script '/home/dxf/wheeltec_lebai_humble_2024_7_17/install/local_setup.ps1'
[3.285s] INFO:colcon.colcon_core.shell:Creating prefix util module '/home/dxf/wheeltec_lebai_humble_2024_7_17/install/_local_setup_util_ps1.py'
[3.290s] INFO:colcon.colcon_core.shell:Creating prefix chain script '/home/dxf/wheeltec_lebai_humble_2024_7_17/install/setup.ps1'
[3.302s] INFO:colcon.colcon_core.shell:Creating prefix script '/home/dxf/wheeltec_lebai_humble_2024_7_17/install/local_setup.sh'
[3.303s] INFO:colcon.colcon_core.shell:Creating prefix util module '/home/dxf/wheeltec_lebai_humble_2024_7_17/install/_local_setup_util_sh.py'
[3.305s] INFO:colcon.colcon_core.shell:Creating prefix chain script '/home/dxf/wheeltec_lebai_humble_2024_7_17/install/setup.sh'
[3.317s] INFO:colcon.colcon_core.shell:Creating prefix script '/home/dxf/wheeltec_lebai_humble_2024_7_17/install/local_setup.bash'
[3.318s] INFO:colcon.colcon_core.shell:Creating prefix chain script '/home/dxf/wheeltec_lebai_humble_2024_7_17/install/setup.bash'
[3.327s] INFO:colcon.colcon_core.shell:Creating prefix script '/home/dxf/wheeltec_lebai_humble_2024_7_17/install/local_setup.zsh'
[3.328s] INFO:colcon.colcon_core.shell:Creating prefix chain script '/home/dxf/wheeltec_lebai_humble_2024_7_17/install/setup.zsh'
